Archive member included to satisfy reference by file (symbol)

c:/altera/15.0/nios2eds/bin/gnu/h-x86_64-mingw32/bin/../lib/gcc/nios2-elf/4.9.1/mno-hw-mul\libgcc.a(lib2-mul.o)
                              obj/default/main.o (__mulsi3)
c:/altera/15.0/nios2eds/bin/gnu/h-x86_64-mingw32/bin/../lib/gcc/nios2-elf/4.9.1/../../../../../H-x86_64-mingw32/nios2-elf/lib/mno-hw-mul\libsmallc.a(lib_a-printf.o)
                              obj/default/main.o (printf)
c:/altera/15.0/nios2eds/bin/gnu/h-x86_64-mingw32/bin/../lib/gcc/nios2-elf/4.9.1/../../../../../H-x86_64-mingw32/nios2-elf/lib/mno-hw-mul\libsmallc.a(lib_a-vfprintf.o)
                              c:/altera/15.0/nios2eds/bin/gnu/h-x86_64-mingw32/bin/../lib/gcc/nios2-elf/4.9.1/../../../../../H-x86_64-mingw32/nios2-elf/lib/mno-hw-mul\libsmallc.a(lib_a-printf.o) (___vfprintf_internal_r)
c:/altera/15.0/nios2eds/bin/gnu/h-x86_64-mingw32/bin/../lib/gcc/nios2-elf/4.9.1/../../../../../H-x86_64-mingw32/nios2-elf/lib/mno-hw-mul\libsmallc.a(lib_a-fvwrite_small_dev.o)
                              c:/altera/15.0/nios2eds/bin/gnu/h-x86_64-mingw32/bin/../lib/gcc/nios2-elf/4.9.1/../../../../../H-x86_64-mingw32/nios2-elf/lib/mno-hw-mul\libsmallc.a(lib_a-printf.o) (__sfvwrite_small_dev)
c:/altera/15.0/nios2eds/bin/gnu/h-x86_64-mingw32/bin/../lib/gcc/nios2-elf/4.9.1/../../../../../H-x86_64-mingw32/nios2-elf/lib/mno-hw-mul\libsmallc.a(lib_a-impure.o)
                              c:/altera/15.0/nios2eds/bin/gnu/h-x86_64-mingw32/bin/../lib/gcc/nios2-elf/4.9.1/../../../../../H-x86_64-mingw32/nios2-elf/lib/mno-hw-mul\libsmallc.a(lib_a-printf.o) (_impure_ptr)
c:/altera/15.0/nios2eds/bin/gnu/h-x86_64-mingw32/bin/../lib/gcc/nios2-elf/4.9.1/../../../../../H-x86_64-mingw32/nios2-elf/lib/mno-hw-mul\libsmallc.a(lib_a-strlen.o)
                              c:/altera/15.0/nios2eds/bin/gnu/h-x86_64-mingw32/bin/../lib/gcc/nios2-elf/4.9.1/../../../../../H-x86_64-mingw32/nios2-elf/lib/mno-hw-mul\libsmallc.a(lib_a-vfprintf.o) (strlen)
c:/altera/15.0/nios2eds/bin/gnu/h-x86_64-mingw32/bin/../lib/gcc/nios2-elf/4.9.1/../../../../../H-x86_64-mingw32/nios2-elf/lib/mno-hw-mul\libsmallc.a(lib_a-writer.o)
                              c:/altera/15.0/nios2eds/bin/gnu/h-x86_64-mingw32/bin/../lib/gcc/nios2-elf/4.9.1/../../../../../H-x86_64-mingw32/nios2-elf/lib/mno-hw-mul\libsmallc.a(lib_a-fvwrite_small_dev.o) (_write_r)
c:/altera/15.0/nios2eds/bin/gnu/h-x86_64-mingw32/bin/../lib/gcc/nios2-elf/4.9.1/../../../../../H-x86_64-mingw32/nios2-elf/lib/mno-hw-mul\libsmallc.a(lib_a-int_errno.o)
                              c:/altera/15.0/nios2eds/bin/gnu/h-x86_64-mingw32/bin/../lib/gcc/nios2-elf/4.9.1/../../../../../H-x86_64-mingw32/nios2-elf/lib/mno-hw-mul\libsmallc.a(lib_a-writer.o) (errno)
c:/altera/15.0/nios2eds/bin/gnu/h-x86_64-mingw32/bin/../lib/gcc/nios2-elf/4.9.1/mno-hw-mul\libgcc.a(lib2-divmod.o)
                              c:/altera/15.0/nios2eds/bin/gnu/h-x86_64-mingw32/bin/../lib/gcc/nios2-elf/4.9.1/../../../../../H-x86_64-mingw32/nios2-elf/lib/mno-hw-mul\libsmallc.a(lib_a-vfprintf.o) (__udivsi3)
../License_not_Found_bsp/\libhal_bsp.a(alt_load.o)
                              ../License_not_Found_bsp//obj/HAL/src/crt0.o (alt_load)
../License_not_Found_bsp/\libhal_bsp.a(alt_main.o)
                              ../License_not_Found_bsp//obj/HAL/src/crt0.o (alt_main)
../License_not_Found_bsp/\libhal_bsp.a(alt_usleep.o)
                              obj/default/main.o (usleep)
../License_not_Found_bsp/\libhal_bsp.a(alt_write.o)
                              c:/altera/15.0/nios2eds/bin/gnu/h-x86_64-mingw32/bin/../lib/gcc/nios2-elf/4.9.1/../../../../../H-x86_64-mingw32/nios2-elf/lib/mno-hw-mul\libsmallc.a(lib_a-writer.o) (write)
../License_not_Found_bsp/\libhal_bsp.a(alt_sys_init.o)
                              ../License_not_Found_bsp/\libhal_bsp.a(alt_main.o) (alt_irq_init)
../License_not_Found_bsp/\libhal_bsp.a(altera_avalon_jtag_uart_fd.o)
                              ../License_not_Found_bsp/\libhal_bsp.a(alt_sys_init.o) (altera_avalon_jtag_uart_read_fd)
../License_not_Found_bsp/\libhal_bsp.a(altera_avalon_jtag_uart_read.o)
                              ../License_not_Found_bsp/\libhal_bsp.a(altera_avalon_jtag_uart_fd.o) (altera_avalon_jtag_uart_read)
../License_not_Found_bsp/\libhal_bsp.a(altera_avalon_jtag_uart_write.o)
                              ../License_not_Found_bsp/\libhal_bsp.a(altera_avalon_jtag_uart_fd.o) (altera_avalon_jtag_uart_write)
../License_not_Found_bsp/\libhal_bsp.a(altera_avalon_timer_vars.o)
                              ../License_not_Found_bsp/\libhal_bsp.a(alt_sys_init.o) (altera_avalon_timer_ts_base)
../License_not_Found_bsp/\libhal_bsp.a(alt_busy_sleep.o)
                              ../License_not_Found_bsp/\libhal_bsp.a(alt_usleep.o) (alt_busy_sleep)
../License_not_Found_bsp/\libhal_bsp.a(alt_close.o)
                              ../License_not_Found_bsp/\libhal_bsp.a(alt_main.o) (close)
../License_not_Found_bsp/\libhal_bsp.a(alt_dcache_flush_all.o)
                              ../License_not_Found_bsp/\libhal_bsp.a(alt_load.o) (alt_dcache_flush_all)
../License_not_Found_bsp/\libhal_bsp.a(alt_dev.o)
                              ../License_not_Found_bsp/\libhal_bsp.a(alt_sys_init.o) (alt_dev_list)
../License_not_Found_bsp/\libhal_bsp.a(alt_dev_llist_insert.o)
                              ../License_not_Found_bsp/\libhal_bsp.a(alt_sys_init.o) (alt_dev_llist_insert)
../License_not_Found_bsp/\libhal_bsp.a(alt_do_ctors.o)
                              ../License_not_Found_bsp/\libhal_bsp.a(alt_main.o) (_do_ctors)
../License_not_Found_bsp/\libhal_bsp.a(alt_do_dtors.o)
                              ../License_not_Found_bsp/\libhal_bsp.a(alt_main.o) (_do_dtors)
../License_not_Found_bsp/\libhal_bsp.a(alt_errno.o)
                              ../License_not_Found_bsp/\libhal_bsp.a(alt_write.o) (alt_errno)
../License_not_Found_bsp/\libhal_bsp.a(alt_icache_flush_all.o)
                              ../License_not_Found_bsp/\libhal_bsp.a(alt_load.o) (alt_icache_flush_all)
../License_not_Found_bsp/\libhal_bsp.a(alt_io_redirect.o)
                              ../License_not_Found_bsp/\libhal_bsp.a(alt_main.o) (alt_io_redirect)
../License_not_Found_bsp/\libhal_bsp.a(alt_open.o)
                              ../License_not_Found_bsp/\libhal_bsp.a(alt_io_redirect.o) (open)
../License_not_Found_bsp/\libhal_bsp.a(alt_release_fd.o)
                              ../License_not_Found_bsp/\libhal_bsp.a(alt_close.o) (alt_release_fd)
../License_not_Found_bsp/\libhal_bsp.a(altera_nios2_gen2_irq.o)
                              ../License_not_Found_bsp/\libhal_bsp.a(alt_sys_init.o) (altera_nios2_gen2_irq_init)
../License_not_Found_bsp/\libhal_bsp.a(alt_find_dev.o)
                              ../License_not_Found_bsp/\libhal_bsp.a(alt_open.o) (alt_find_dev)
../License_not_Found_bsp/\libhal_bsp.a(alt_find_file.o)
                              ../License_not_Found_bsp/\libhal_bsp.a(alt_open.o) (alt_find_file)
../License_not_Found_bsp/\libhal_bsp.a(alt_get_fd.o)
                              ../License_not_Found_bsp/\libhal_bsp.a(alt_open.o) (alt_get_fd)
c:/altera/15.0/nios2eds/bin/gnu/h-x86_64-mingw32/bin/../lib/gcc/nios2-elf/4.9.1/../../../../../H-x86_64-mingw32/nios2-elf/lib/mno-hw-mul\libsmallc.a(lib_a-atexit.o)
                              ../License_not_Found_bsp/\libhal_bsp.a(alt_main.o) (atexit)
c:/altera/15.0/nios2eds/bin/gnu/h-x86_64-mingw32/bin/../lib/gcc/nios2-elf/4.9.1/../../../../../H-x86_64-mingw32/nios2-elf/lib/mno-hw-mul\libsmallc.a(lib_a-exit.o)
                              ../License_not_Found_bsp/\libhal_bsp.a(alt_main.o) (exit)
c:/altera/15.0/nios2eds/bin/gnu/h-x86_64-mingw32/bin/../lib/gcc/nios2-elf/4.9.1/../../../../../H-x86_64-mingw32/nios2-elf/lib/mno-hw-mul\libsmallc.a(lib_a-memcmp.o)
                              ../License_not_Found_bsp/\libhal_bsp.a(alt_find_dev.o) (memcmp)
c:/altera/15.0/nios2eds/bin/gnu/h-x86_64-mingw32/bin/../lib/gcc/nios2-elf/4.9.1/../../../../../H-x86_64-mingw32/nios2-elf/lib/mno-hw-mul\libsmallc.a(lib_a-__atexit.o)
                              c:/altera/15.0/nios2eds/bin/gnu/h-x86_64-mingw32/bin/../lib/gcc/nios2-elf/4.9.1/../../../../../H-x86_64-mingw32/nios2-elf/lib/mno-hw-mul\libsmallc.a(lib_a-atexit.o) (__register_exitproc)
c:/altera/15.0/nios2eds/bin/gnu/h-x86_64-mingw32/bin/../lib/gcc/nios2-elf/4.9.1/../../../../../H-x86_64-mingw32/nios2-elf/lib/mno-hw-mul\libsmallc.a(lib_a-__call_atexit.o)
                              c:/altera/15.0/nios2eds/bin/gnu/h-x86_64-mingw32/bin/../lib/gcc/nios2-elf/4.9.1/../../../../../H-x86_64-mingw32/nios2-elf/lib/mno-hw-mul\libsmallc.a(lib_a-exit.o) (__call_exitprocs)
../License_not_Found_bsp/\libhal_bsp.a(alt_exit.o)
                              c:/altera/15.0/nios2eds/bin/gnu/h-x86_64-mingw32/bin/../lib/gcc/nios2-elf/4.9.1/../../../../../H-x86_64-mingw32/nios2-elf/lib/mno-hw-mul\libsmallc.a(lib_a-exit.o) (_exit)

Allocating common symbols
Common symbol       size              file

errno               0x4               c:/altera/15.0/nios2eds/bin/gnu/h-x86_64-mingw32/bin/../lib/gcc/nios2-elf/4.9.1/../../../../../H-x86_64-mingw32/nios2-elf/lib/mno-hw-mul\libsmallc.a(lib_a-int_errno.o)

Memory Configuration

Name             Origin             Length             Attributes
reset            0x0000000000008000 0x0000000000000020
onchip_mem       0x0000000000008020 0x0000000000004e00
*default*        0x0000000000000000 0xffffffffffffffff

Linker script and memory map

LOAD ../License_not_Found_bsp//obj/HAL/src/crt0.o
LOAD obj/default/main.o
LOAD c:/altera/15.0/nios2eds/bin/gnu/h-x86_64-mingw32/bin/../lib/gcc/nios2-elf/4.9.1/../../../../../H-x86_64-mingw32/nios2-elf/lib/mno-hw-mul\libstdc++.a
LOAD c:/altera/15.0/nios2eds/bin/gnu/h-x86_64-mingw32/bin/../lib/gcc/nios2-elf/4.9.1/../../../../../H-x86_64-mingw32/nios2-elf/lib/mno-hw-mul\libm.a
LOAD c:/altera/15.0/nios2eds/bin/gnu/h-x86_64-mingw32/bin/../lib/gcc/nios2-elf/4.9.1/mno-hw-mul\libgcc.a
START GROUP
LOAD c:/altera/15.0/nios2eds/bin/gnu/h-x86_64-mingw32/bin/../lib/gcc/nios2-elf/4.9.1/../../../../../H-x86_64-mingw32/nios2-elf/lib/mno-hw-mul\libsmallc.a
LOAD c:/altera/15.0/nios2eds/bin/gnu/h-x86_64-mingw32/bin/../lib/gcc/nios2-elf/4.9.1/mno-hw-mul\libgcc.a
LOAD ../License_not_Found_bsp/\libhal_bsp.a
LOAD c:/altera/15.0/nios2eds/bin/gnu/h-x86_64-mingw32/bin/../lib/gcc/nios2-elf/4.9.1/../../../../../H-x86_64-mingw32/nios2-elf/lib/mno-hw-mul\libm.a
END GROUP
LOAD c:/altera/15.0/nios2eds/bin/gnu/h-x86_64-mingw32/bin/../lib/gcc/nios2-elf/4.9.1/mno-hw-mul\libgcc.a
                0x0000000000008000                __alt_mem_onchip_mem = 0x8000

.entry          0x0000000000008000       0x20
 *(.entry)
 .entry         0x0000000000008000       0x20 ../License_not_Found_bsp//obj/HAL/src/crt0.o
                0x0000000000008000                __reset

.exceptions     0x0000000000008020        0x0
                0x0000000000008020                PROVIDE (__ram_exceptions_start, ABSOLUTE (.))
                0x0000000000008020                . = ALIGN (0x20)
 *(.irq)
 *(.exceptions.entry.label)
 *(.exceptions.entry.user)
 *(.exceptions.entry.ecc_fatal)
 *(.exceptions.entry)
 *(.exceptions.irqtest.user)
 *(.exceptions.irqtest)
 *(.exceptions.irqhandler.user)
 *(.exceptions.irqhandler)
 *(.exceptions.irqreturn.user)
 *(.exceptions.irqreturn)
 *(.exceptions.notirq.label)
 *(.exceptions.notirq.user)
 *(.exceptions.notirq)
 *(.exceptions.soft.user)
 *(.exceptions.soft)
 *(.exceptions.unknown.user)
 *(.exceptions.unknown)
 *(.exceptions.exit.label)
 *(.exceptions.exit.user)
 *(.exceptions.exit)
 *(.exceptions)
                0x0000000000008020                PROVIDE (__ram_exceptions_end, ABSOLUTE (.))
                0x0000000000008020                PROVIDE (__flash_exceptions_start, LOADADDR (.exceptions))

.text           0x0000000000008020     0x25e4
                0x0000000000008020                PROVIDE (stext, ABSOLUTE (.))
 *(.interp)
 *(.hash)
 *(.dynsym)
 *(.dynstr)
 *(.gnu.version)
 *(.gnu.version_d)
 *(.gnu.version_r)
 *(.rel.init)
 *(.rela.init)
 *(.rel.text .rel.text.* .rel.gnu.linkonce.t.*)
 *(.rela.text .rela.text.* .rela.gnu.linkonce.t.*)
 *(.rel.fini)
 *(.rela.fini)
 *(.rel.rodata .rel.rodata.* .rel.gnu.linkonce.r.*)
 *(.rela.rodata .rela.rodata.* .rela.gnu.linkonce.r.*)
 *(.rel.data .rel.data.* .rel.gnu.linkonce.d.*)
 *(.rela.data .rela.data.* .rela.gnu.linkonce.d.*)
 *(.rel.tdata .rel.tdata.* .rel.gnu.linkonce.td.*)
 *(.rela.tdata .rela.tdata.* .rela.gnu.linkonce.td.*)
 *(.rel.tbss .rel.tbss.* .rel.gnu.linkonce.tb.*)
 *(.rela.tbss .rela.tbss.* .rela.gnu.linkonce.tb.*)
 *(.rel.ctors)
 *(.rela.ctors)
 *(.rel.dtors)
 *(.rela.dtors)
 *(.rel.got)
 *(.rela.got)
 *(.rel.sdata .rel.sdata.* .rel.gnu.linkonce.s.*)
 *(.rela.sdata .rela.sdata.* .rela.gnu.linkonce.s.*)
 *(.rel.sbss .rel.sbss.* .rel.gnu.linkonce.sb.*)
 *(.rela.sbss .rela.sbss.* .rela.gnu.linkonce.sb.*)
 *(.rel.sdata2 .rel.sdata2.* .rel.gnu.linkonce.s2.*)
 *(.rela.sdata2 .rela.sdata2.* .rela.gnu.linkonce.s2.*)
 *(.rel.sbss2 .rel.sbss2.* .rel.gnu.linkonce.sb2.*)
 *(.rela.sbss2 .rela.sbss2.* .rela.gnu.linkonce.sb2.*)
 *(.rel.bss .rel.bss.* .rel.gnu.linkonce.b.*)
 *(.rela.bss .rela.bss.* .rela.gnu.linkonce.b.*)
 *(.rel.plt)
 *(.rela.plt)
 *(.rel.dyn)
 *(.init)
 *(.plt)
 *(.text .stub .text.* .gnu.linkonce.t.*)
 .text          0x0000000000008020       0x3c ../License_not_Found_bsp//obj/HAL/src/crt0.o
                0x0000000000008020                _start
 .text          0x000000000000805c      0x7b8 obj/default/main.o
                0x000000000000805c                main
                0x0000000000008674                mvmt
 .text          0x0000000000008814       0x28 c:/altera/15.0/nios2eds/bin/gnu/h-x86_64-mingw32/bin/../lib/gcc/nios2-elf/4.9.1/mno-hw-mul\libgcc.a(lib2-mul.o)
                0x0000000000008814                __mulsi3
 .text          0x000000000000883c       0x88 c:/altera/15.0/nios2eds/bin/gnu/h-x86_64-mingw32/bin/../lib/gcc/nios2-elf/4.9.1/../../../../../H-x86_64-mingw32/nios2-elf/lib/mno-hw-mul\libsmallc.a(lib_a-printf.o)
                0x000000000000883c                _printf_r
                0x0000000000008878                printf
 .text          0x00000000000088c4      0x5fc c:/altera/15.0/nios2eds/bin/gnu/h-x86_64-mingw32/bin/../lib/gcc/nios2-elf/4.9.1/../../../../../H-x86_64-mingw32/nios2-elf/lib/mno-hw-mul\libsmallc.a(lib_a-vfprintf.o)
                0x0000000000008930                ___vfprintf_internal_r
                0x0000000000008e9c                __vfprintf_internal
 .text          0x0000000000008ec0       0xac c:/altera/15.0/nios2eds/bin/gnu/h-x86_64-mingw32/bin/../lib/gcc/nios2-elf/4.9.1/../../../../../H-x86_64-mingw32/nios2-elf/lib/mno-hw-mul\libsmallc.a(lib_a-fvwrite_small_dev.o)
                0x0000000000008ec0                __sfvwrite_small_dev
 .text          0x0000000000008f6c        0x0 c:/altera/15.0/nios2eds/bin/gnu/h-x86_64-mingw32/bin/../lib/gcc/nios2-elf/4.9.1/../../../../../H-x86_64-mingw32/nios2-elf/lib/mno-hw-mul\libsmallc.a(lib_a-impure.o)
 .text          0x0000000000008f6c       0x1c c:/altera/15.0/nios2eds/bin/gnu/h-x86_64-mingw32/bin/../lib/gcc/nios2-elf/4.9.1/../../../../../H-x86_64-mingw32/nios2-elf/lib/mno-hw-mul\libsmallc.a(lib_a-strlen.o)
                0x0000000000008f6c                strlen
 .text          0x0000000000008f88       0x58 c:/altera/15.0/nios2eds/bin/gnu/h-x86_64-mingw32/bin/../lib/gcc/nios2-elf/4.9.1/../../../../../H-x86_64-mingw32/nios2-elf/lib/mno-hw-mul\libsmallc.a(lib_a-writer.o)
                0x0000000000008f88                _write_r
 .text          0x0000000000008fe0        0x0 c:/altera/15.0/nios2eds/bin/gnu/h-x86_64-mingw32/bin/../lib/gcc/nios2-elf/4.9.1/../../../../../H-x86_64-mingw32/nios2-elf/lib/mno-hw-mul\libsmallc.a(lib_a-int_errno.o)
 .text          0x0000000000008fe0      0x12c c:/altera/15.0/nios2eds/bin/gnu/h-x86_64-mingw32/bin/../lib/gcc/nios2-elf/4.9.1/mno-hw-mul\libgcc.a(lib2-divmod.o)
                0x000000000000904c                __divsi3
                0x00000000000090a0                __modsi3
                0x00000000000090fc                __udivsi3
                0x0000000000009104                __umodsi3
 .text          0x000000000000910c       0xe4 ../License_not_Found_bsp/\libhal_bsp.a(alt_load.o)
                0x0000000000009170                alt_load
 .text          0x00000000000091f0       0x78 ../License_not_Found_bsp/\libhal_bsp.a(alt_main.o)
                0x00000000000091f0                alt_main
 .text          0x0000000000009268       0x30 ../License_not_Found_bsp/\libhal_bsp.a(alt_usleep.o)
                0x0000000000009268                usleep
 .text          0x0000000000009298      0x150 ../License_not_Found_bsp/\libhal_bsp.a(alt_write.o)
                0x00000000000092e8                write
 .text          0x00000000000093e8       0xc8 ../License_not_Found_bsp/\libhal_bsp.a(alt_sys_init.o)
                0x0000000000009420                alt_irq_init
                0x0000000000009454                alt_sys_init
 .text          0x00000000000094b0       0xc0 ../License_not_Found_bsp/\libhal_bsp.a(altera_avalon_jtag_uart_fd.o)
                0x00000000000094b0                altera_avalon_jtag_uart_read_fd
                0x0000000000009510                altera_avalon_jtag_uart_write_fd
 .text          0x0000000000009570       0xe4 ../License_not_Found_bsp/\libhal_bsp.a(altera_avalon_jtag_uart_read.o)
                0x0000000000009570                altera_avalon_jtag_uart_read
 .text          0x0000000000009654       0x94 ../License_not_Found_bsp/\libhal_bsp.a(altera_avalon_jtag_uart_write.o)
                0x0000000000009654                altera_avalon_jtag_uart_write
 .text          0x00000000000096e8        0x0 ../License_not_Found_bsp/\libhal_bsp.a(altera_avalon_timer_vars.o)
 .text          0x00000000000096e8      0x158 ../License_not_Found_bsp/\libhal_bsp.a(alt_busy_sleep.o)
                0x00000000000096e8                alt_busy_sleep
 .text          0x0000000000009840      0x128 ../License_not_Found_bsp/\libhal_bsp.a(alt_close.o)
                0x0000000000009890                close
 .text          0x0000000000009968       0x1c ../License_not_Found_bsp/\libhal_bsp.a(alt_dcache_flush_all.o)
                0x0000000000009968                alt_dcache_flush_all
 .text          0x0000000000009984       0x2c ../License_not_Found_bsp/\libhal_bsp.a(alt_dev.o)
 .text          0x00000000000099b0       0xf4 ../License_not_Found_bsp/\libhal_bsp.a(alt_dev_llist_insert.o)
                0x0000000000009a00                alt_dev_llist_insert
 .text          0x0000000000009aa4       0x5c ../License_not_Found_bsp/\libhal_bsp.a(alt_do_ctors.o)
                0x0000000000009aa4                _do_ctors
 .text          0x0000000000009b00       0x5c ../License_not_Found_bsp/\libhal_bsp.a(alt_do_dtors.o)
                0x0000000000009b00                _do_dtors
 .text          0x0000000000009b5c        0x0 ../License_not_Found_bsp/\libhal_bsp.a(alt_errno.o)
 .text          0x0000000000009b5c       0x1c ../License_not_Found_bsp/\libhal_bsp.a(alt_icache_flush_all.o)
                0x0000000000009b5c                alt_icache_flush_all
 .text          0x0000000000009b78      0x158 ../License_not_Found_bsp/\libhal_bsp.a(alt_io_redirect.o)
                0x0000000000009c58                alt_io_redirect
 .text          0x0000000000009cd0      0x2a4 ../License_not_Found_bsp/\libhal_bsp.a(alt_open.o)
                0x0000000000009e14                open
 .text          0x0000000000009f74       0x80 ../License_not_Found_bsp/\libhal_bsp.a(alt_release_fd.o)
                0x0000000000009f74                alt_release_fd
 .text          0x0000000000009ff4       0x20 ../License_not_Found_bsp/\libhal_bsp.a(altera_nios2_gen2_irq.o)
                0x0000000000009ff4                altera_nios2_gen2_irq_init
 .text          0x000000000000a014       0x90 ../License_not_Found_bsp/\libhal_bsp.a(alt_find_dev.o)
                0x000000000000a014                alt_find_dev
 .text          0x000000000000a0a4      0x114 ../License_not_Found_bsp/\libhal_bsp.a(alt_find_file.o)
                0x000000000000a0a4                alt_find_file
 .text          0x000000000000a1b8       0xd4 ../License_not_Found_bsp/\libhal_bsp.a(alt_get_fd.o)
                0x000000000000a1b8                alt_get_fd
 .text          0x000000000000a28c       0x14 c:/altera/15.0/nios2eds/bin/gnu/h-x86_64-mingw32/bin/../lib/gcc/nios2-elf/4.9.1/../../../../../H-x86_64-mingw32/nios2-elf/lib/mno-hw-mul\libsmallc.a(lib_a-atexit.o)
                0x000000000000a28c                atexit
 .text          0x000000000000a2a0       0x20 c:/altera/15.0/nios2eds/bin/gnu/h-x86_64-mingw32/bin/../lib/gcc/nios2-elf/4.9.1/../../../../../H-x86_64-mingw32/nios2-elf/lib/mno-hw-mul\libsmallc.a(lib_a-exit.o)
                0x000000000000a2a0                exit
 .text          0x000000000000a2c0       0x30 c:/altera/15.0/nios2eds/bin/gnu/h-x86_64-mingw32/bin/../lib/gcc/nios2-elf/4.9.1/../../../../../H-x86_64-mingw32/nios2-elf/lib/mno-hw-mul\libsmallc.a(lib_a-memcmp.o)
                0x000000000000a2c0                memcmp
 .text          0x000000000000a2f0      0x144 c:/altera/15.0/nios2eds/bin/gnu/h-x86_64-mingw32/bin/../lib/gcc/nios2-elf/4.9.1/../../../../../H-x86_64-mingw32/nios2-elf/lib/mno-hw-mul\libsmallc.a(lib_a-__atexit.o)
                0x000000000000a2f0                __register_exitproc
 .text          0x000000000000a434      0x19c c:/altera/15.0/nios2eds/bin/gnu/h-x86_64-mingw32/bin/../lib/gcc/nios2-elf/4.9.1/../../../../../H-x86_64-mingw32/nios2-elf/lib/mno-hw-mul\libsmallc.a(lib_a-__call_atexit.o)
                0x000000000000a434                __call_exitprocs
 .text          0x000000000000a5d0       0x34 ../License_not_Found_bsp/\libhal_bsp.a(alt_exit.o)
                0x000000000000a5d0                _exit
 *(.gnu.warning.*)
 *(.fini)
                0x000000000000a604                PROVIDE (__etext, ABSOLUTE (.))
                0x000000000000a604                PROVIDE (_etext, ABSOLUTE (.))
                0x000000000000a604                PROVIDE (etext, ABSOLUTE (.))
 *(.eh_frame_hdr)
                0x000000000000a604                . = ALIGN (0x4)
                0x000000000000a604                PROVIDE (__preinit_array_start, ABSOLUTE (.))
 *(.preinit_array)
                0x000000000000a604                PROVIDE (__preinit_array_end, ABSOLUTE (.))
                0x000000000000a604                PROVIDE (__init_array_start, ABSOLUTE (.))
 *(.init_array)
                0x000000000000a604                PROVIDE (__init_array_end, ABSOLUTE (.))
                0x000000000000a604                PROVIDE (__fini_array_start, ABSOLUTE (.))
 *(.fini_array)
                0x000000000000a604                PROVIDE (__fini_array_end, ABSOLUTE (.))
 *(.eh_frame)
 *(.gcc_except_table .gcc_except_table.*)
 *(.dynamic)
                0x000000000000a604                PROVIDE (__CTOR_LIST__, ABSOLUTE (.))
 *(.ctors)
 *(SORT(.ctors.*))
                0x000000000000a604                PROVIDE (__CTOR_END__, ABSOLUTE (.))
                0x000000000000a604                PROVIDE (__DTOR_LIST__, ABSOLUTE (.))
 *(.dtors)
 *(SORT(.dtors.*))
                0x000000000000a604                PROVIDE (__DTOR_END__, ABSOLUTE (.))
 *(.jcr)
                0x000000000000a604                . = ALIGN (0x4)

.rodata         0x000000000000a604      0x124
                0x000000000000a604                PROVIDE (__ram_rodata_start, ABSOLUTE (.))
                0x000000000000a604                . = ALIGN (0x4)
 *(.rodata .rodata.* .gnu.linkonce.r.*)
 .rodata        0x000000000000a604       0xf0 obj/default/main.o
 .rodata        0x000000000000a6f4       0x14 ../License_not_Found_bsp/\libhal_bsp.a(alt_main.o)
 .rodata        0x000000000000a708       0x14 ../License_not_Found_bsp/\libhal_bsp.a(alt_sys_init.o)
 .rodata        0x000000000000a71c        0xc ../License_not_Found_bsp/\libhal_bsp.a(alt_dev.o)
 *(.rodata1)
                0x000000000000a728                . = ALIGN (0x4)
                0x000000000000a728                PROVIDE (__ram_rodata_end, ABSOLUTE (.))
                0x000000000000a604                PROVIDE (__flash_rodata_start, LOADADDR (.rodata))

.rwdata         0x000000000000a728      0x2f4 load address 0x000000000000aa1c
                0x000000000000a728                PROVIDE (__ram_rwdata_start, ABSOLUTE (.))
                0x000000000000a728                . = ALIGN (0x4)
 *(.got.plt)
 *(.got)
 *(.data1)
 *(.data .data.* .gnu.linkonce.d.*)
 .data          0x000000000000a728        0x0 ../License_not_Found_bsp//obj/HAL/src/crt0.o
 .data          0x000000000000a728       0x1c obj/default/main.o
                0x000000000000a728                rows
 .data          0x000000000000a744        0x0 c:/altera/15.0/nios2eds/bin/gnu/h-x86_64-mingw32/bin/../lib/gcc/nios2-elf/4.9.1/mno-hw-mul\libgcc.a(lib2-mul.o)
 .data          0x000000000000a744        0x0 c:/altera/15.0/nios2eds/bin/gnu/h-x86_64-mingw32/bin/../lib/gcc/nios2-elf/4.9.1/../../../../../H-x86_64-mingw32/nios2-elf/lib/mno-hw-mul\libsmallc.a(lib_a-printf.o)
 .data          0x000000000000a744        0x0 c:/altera/15.0/nios2eds/bin/gnu/h-x86_64-mingw32/bin/../lib/gcc/nios2-elf/4.9.1/../../../../../H-x86_64-mingw32/nios2-elf/lib/mno-hw-mul\libsmallc.a(lib_a-vfprintf.o)
 .data          0x000000000000a744        0x0 c:/altera/15.0/nios2eds/bin/gnu/h-x86_64-mingw32/bin/../lib/gcc/nios2-elf/4.9.1/../../../../../H-x86_64-mingw32/nios2-elf/lib/mno-hw-mul\libsmallc.a(lib_a-fvwrite_small_dev.o)
 .data          0x000000000000a744       0xe0 c:/altera/15.0/nios2eds/bin/gnu/h-x86_64-mingw32/bin/../lib/gcc/nios2-elf/4.9.1/../../../../../H-x86_64-mingw32/nios2-elf/lib/mno-hw-mul\libsmallc.a(lib_a-impure.o)
 .data          0x000000000000a824        0x0 c:/altera/15.0/nios2eds/bin/gnu/h-x86_64-mingw32/bin/../lib/gcc/nios2-elf/4.9.1/../../../../../H-x86_64-mingw32/nios2-elf/lib/mno-hw-mul\libsmallc.a(lib_a-strlen.o)
 .data          0x000000000000a824        0x0 c:/altera/15.0/nios2eds/bin/gnu/h-x86_64-mingw32/bin/../lib/gcc/nios2-elf/4.9.1/../../../../../H-x86_64-mingw32/nios2-elf/lib/mno-hw-mul\libsmallc.a(lib_a-writer.o)
 .data          0x000000000000a824        0x0 c:/altera/15.0/nios2eds/bin/gnu/h-x86_64-mingw32/bin/../lib/gcc/nios2-elf/4.9.1/../../../../../H-x86_64-mingw32/nios2-elf/lib/mno-hw-mul\libsmallc.a(lib_a-int_errno.o)
 .data          0x000000000000a824        0x0 c:/altera/15.0/nios2eds/bin/gnu/h-x86_64-mingw32/bin/../lib/gcc/nios2-elf/4.9.1/mno-hw-mul\libgcc.a(lib2-divmod.o)
 .data          0x000000000000a824        0x0 ../License_not_Found_bsp/\libhal_bsp.a(alt_load.o)
 .data          0x000000000000a824        0x0 ../License_not_Found_bsp/\libhal_bsp.a(alt_main.o)
 .data          0x000000000000a824        0x0 ../License_not_Found_bsp/\libhal_bsp.a(alt_usleep.o)
 .data          0x000000000000a824        0x0 ../License_not_Found_bsp/\libhal_bsp.a(alt_write.o)
 .data          0x000000000000a824       0x2c ../License_not_Found_bsp/\libhal_bsp.a(alt_sys_init.o)
 .data          0x000000000000a850        0x0 ../License_not_Found_bsp/\libhal_bsp.a(altera_avalon_jtag_uart_fd.o)
 .data          0x000000000000a850        0x0 ../License_not_Found_bsp/\libhal_bsp.a(altera_avalon_jtag_uart_read.o)
 .data          0x000000000000a850        0x0 ../License_not_Found_bsp/\libhal_bsp.a(altera_avalon_jtag_uart_write.o)
 .data          0x000000000000a850        0x0 ../License_not_Found_bsp/\libhal_bsp.a(altera_avalon_timer_vars.o)
 .data          0x000000000000a850        0x0 ../License_not_Found_bsp/\libhal_bsp.a(alt_busy_sleep.o)
 .data          0x000000000000a850        0x0 ../License_not_Found_bsp/\libhal_bsp.a(alt_close.o)
 .data          0x000000000000a850        0x0 ../License_not_Found_bsp/\libhal_bsp.a(alt_dcache_flush_all.o)
 .data          0x000000000000a850      0x1a8 ../License_not_Found_bsp/\libhal_bsp.a(alt_dev.o)
                0x000000000000a850                alt_dev_null
                0x000000000000a878                alt_fd_list
 .data          0x000000000000a9f8        0x0 ../License_not_Found_bsp/\libhal_bsp.a(alt_dev_llist_insert.o)
 .data          0x000000000000a9f8        0x0 ../License_not_Found_bsp/\libhal_bsp.a(alt_do_ctors.o)
 .data          0x000000000000a9f8        0x0 ../License_not_Found_bsp/\libhal_bsp.a(alt_do_dtors.o)
 .data          0x000000000000a9f8        0x0 ../License_not_Found_bsp/\libhal_bsp.a(alt_errno.o)
 .data          0x000000000000a9f8        0x0 ../License_not_Found_bsp/\libhal_bsp.a(alt_icache_flush_all.o)
 .data          0x000000000000a9f8        0x0 ../License_not_Found_bsp/\libhal_bsp.a(alt_io_redirect.o)
 .data          0x000000000000a9f8        0x0 ../License_not_Found_bsp/\libhal_bsp.a(alt_open.o)
 .data          0x000000000000a9f8        0x0 ../License_not_Found_bsp/\libhal_bsp.a(alt_release_fd.o)
 .data          0x000000000000a9f8        0x0 ../License_not_Found_bsp/\libhal_bsp.a(altera_nios2_gen2_irq.o)
 .data          0x000000000000a9f8        0x0 ../License_not_Found_bsp/\libhal_bsp.a(alt_find_dev.o)
 .data          0x000000000000a9f8        0x0 ../License_not_Found_bsp/\libhal_bsp.a(alt_find_file.o)
 .data          0x000000000000a9f8        0x0 ../License_not_Found_bsp/\libhal_bsp.a(alt_get_fd.o)
 .data          0x000000000000a9f8        0x0 c:/altera/15.0/nios2eds/bin/gnu/h-x86_64-mingw32/bin/../lib/gcc/nios2-elf/4.9.1/../../../../../H-x86_64-mingw32/nios2-elf/lib/mno-hw-mul\libsmallc.a(lib_a-atexit.o)
 .data          0x000000000000a9f8        0x0 c:/altera/15.0/nios2eds/bin/gnu/h-x86_64-mingw32/bin/../lib/gcc/nios2-elf/4.9.1/../../../../../H-x86_64-mingw32/nios2-elf/lib/mno-hw-mul\libsmallc.a(lib_a-exit.o)
 .data          0x000000000000a9f8        0x0 c:/altera/15.0/nios2eds/bin/gnu/h-x86_64-mingw32/bin/../lib/gcc/nios2-elf/4.9.1/../../../../../H-x86_64-mingw32/nios2-elf/lib/mno-hw-mul\libsmallc.a(lib_a-memcmp.o)
 .data          0x000000000000a9f8        0x0 c:/altera/15.0/nios2eds/bin/gnu/h-x86_64-mingw32/bin/../lib/gcc/nios2-elf/4.9.1/../../../../../H-x86_64-mingw32/nios2-elf/lib/mno-hw-mul\libsmallc.a(lib_a-__atexit.o)
 .data          0x000000000000a9f8        0x0 c:/altera/15.0/nios2eds/bin/gnu/h-x86_64-mingw32/bin/../lib/gcc/nios2-elf/4.9.1/../../../../../H-x86_64-mingw32/nios2-elf/lib/mno-hw-mul\libsmallc.a(lib_a-__call_atexit.o)
 .data          0x000000000000a9f8        0x0 ../License_not_Found_bsp/\libhal_bsp.a(alt_exit.o)
                0x00000000000129f8                _gp = ABSOLUTE ((. + 0x8000))
                0x00000000000129f8                PROVIDE (gp, _gp)
 *(.rwdata .rwdata.*)
 *(.sdata .sdata.* .gnu.linkonce.s.*)
 .sdata         0x000000000000a9f8        0x4 obj/default/main.o
                0x000000000000a9f8                r_size
 .sdata         0x000000000000a9fc        0x8 c:/altera/15.0/nios2eds/bin/gnu/h-x86_64-mingw32/bin/../lib/gcc/nios2-elf/4.9.1/../../../../../H-x86_64-mingw32/nios2-elf/lib/mno-hw-mul\libsmallc.a(lib_a-impure.o)
                0x000000000000a9fc                _global_impure_ptr
                0x000000000000aa00                _impure_ptr
 .sdata         0x000000000000aa04       0x14 ../License_not_Found_bsp/\libhal_bsp.a(alt_dev.o)
                0x000000000000aa04                alt_fs_list
                0x000000000000aa0c                alt_dev_list
                0x000000000000aa14                alt_max_fd
 .sdata         0x000000000000aa18        0x4 ../License_not_Found_bsp/\libhal_bsp.a(alt_errno.o)
                0x000000000000aa18                alt_errno
 *(.sdata2 .sdata2.* .gnu.linkonce.s2.*)
                0x000000000000aa1c                . = ALIGN (0x4)
                0x000000000000aa1c                _edata = ABSOLUTE (.)
                0x000000000000aa1c                PROVIDE (edata, ABSOLUTE (.))
                0x000000000000aa1c                PROVIDE (__ram_rwdata_end, ABSOLUTE (.))
                0x000000000000aa1c                PROVIDE (__flash_rwdata_start, LOADADDR (.rwdata))

.bss            0x000000000000ad10       0x18
                0x000000000000ad10                __bss_start = ABSOLUTE (.)
                0x000000000000ad10                PROVIDE (__sbss_start, ABSOLUTE (.))
                0x000000000000ad10                PROVIDE (___sbss_start, ABSOLUTE (.))
 *(.dynsbss)
 *(.sbss .sbss.* .gnu.linkonce.sb.*)
 .sbss          0x000000000000ad10        0x4 c:/altera/15.0/nios2eds/bin/gnu/h-x86_64-mingw32/bin/../lib/gcc/nios2-elf/4.9.1/../../../../../H-x86_64-mingw32/nios2-elf/lib/mno-hw-mul\libsmallc.a(lib_a-int_errno.o)
                0x000000000000ad10                errno
 .sbss          0x000000000000ad14        0xc ../License_not_Found_bsp/\libhal_bsp.a(alt_main.o)
                0x000000000000ad14                alt_argc
                0x000000000000ad18                alt_argv
                0x000000000000ad1c                alt_envp
 .sbss          0x000000000000ad20        0x8 ../License_not_Found_bsp/\libhal_bsp.a(altera_avalon_timer_vars.o)
                0x000000000000ad20                altera_avalon_timer_ts_base
                0x000000000000ad24                altera_avalon_timer_ts_freq
 *(.sbss2 .sbss2.* .gnu.linkonce.sb2.*)
 *(.scommon)
                0x000000000000ad28                PROVIDE (__sbss_end, ABSOLUTE (.))
                0x000000000000ad28                PROVIDE (___sbss_end, ABSOLUTE (.))
 *(.dynbss)
 *(.bss .bss.* .gnu.linkonce.b.*)
 .bss           0x000000000000ad28        0x0 ../License_not_Found_bsp//obj/HAL/src/crt0.o
 .bss           0x000000000000ad28        0x0 obj/default/main.o
 .bss           0x000000000000ad28        0x0 c:/altera/15.0/nios2eds/bin/gnu/h-x86_64-mingw32/bin/../lib/gcc/nios2-elf/4.9.1/mno-hw-mul\libgcc.a(lib2-mul.o)
 .bss           0x000000000000ad28        0x0 c:/altera/15.0/nios2eds/bin/gnu/h-x86_64-mingw32/bin/../lib/gcc/nios2-elf/4.9.1/../../../../../H-x86_64-mingw32/nios2-elf/lib/mno-hw-mul\libsmallc.a(lib_a-printf.o)
 .bss           0x000000000000ad28        0x0 c:/altera/15.0/nios2eds/bin/gnu/h-x86_64-mingw32/bin/../lib/gcc/nios2-elf/4.9.1/../../../../../H-x86_64-mingw32/nios2-elf/lib/mno-hw-mul\libsmallc.a(lib_a-vfprintf.o)
 .bss           0x000000000000ad28        0x0 c:/altera/15.0/nios2eds/bin/gnu/h-x86_64-mingw32/bin/../lib/gcc/nios2-elf/4.9.1/../../../../../H-x86_64-mingw32/nios2-elf/lib/mno-hw-mul\libsmallc.a(lib_a-fvwrite_small_dev.o)
 .bss           0x000000000000ad28        0x0 c:/altera/15.0/nios2eds/bin/gnu/h-x86_64-mingw32/bin/../lib/gcc/nios2-elf/4.9.1/../../../../../H-x86_64-mingw32/nios2-elf/lib/mno-hw-mul\libsmallc.a(lib_a-impure.o)
 .bss           0x000000000000ad28        0x0 c:/altera/15.0/nios2eds/bin/gnu/h-x86_64-mingw32/bin/../lib/gcc/nios2-elf/4.9.1/../../../../../H-x86_64-mingw32/nios2-elf/lib/mno-hw-mul\libsmallc.a(lib_a-strlen.o)
 .bss           0x000000000000ad28        0x0 c:/altera/15.0/nios2eds/bin/gnu/h-x86_64-mingw32/bin/../lib/gcc/nios2-elf/4.9.1/../../../../../H-x86_64-mingw32/nios2-elf/lib/mno-hw-mul\libsmallc.a(lib_a-writer.o)
 .bss           0x000000000000ad28        0x0 c:/altera/15.0/nios2eds/bin/gnu/h-x86_64-mingw32/bin/../lib/gcc/nios2-elf/4.9.1/../../../../../H-x86_64-mingw32/nios2-elf/lib/mno-hw-mul\libsmallc.a(lib_a-int_errno.o)
 .bss           0x000000000000ad28        0x0 c:/altera/15.0/nios2eds/bin/gnu/h-x86_64-mingw32/bin/../lib/gcc/nios2-elf/4.9.1/mno-hw-mul\libgcc.a(lib2-divmod.o)
 .bss           0x000000000000ad28        0x0 ../License_not_Found_bsp/\libhal_bsp.a(alt_load.o)
 .bss           0x000000000000ad28        0x0 ../License_not_Found_bsp/\libhal_bsp.a(alt_main.o)
 .bss           0x000000000000ad28        0x0 ../License_not_Found_bsp/\libhal_bsp.a(alt_usleep.o)
 .bss           0x000000000000ad28        0x0 ../License_not_Found_bsp/\libhal_bsp.a(alt_write.o)
 .bss           0x000000000000ad28        0x0 ../License_not_Found_bsp/\libhal_bsp.a(alt_sys_init.o)
 .bss           0x000000000000ad28        0x0 ../License_not_Found_bsp/\libhal_bsp.a(altera_avalon_jtag_uart_fd.o)
 .bss           0x000000000000ad28        0x0 ../License_not_Found_bsp/\libhal_bsp.a(altera_avalon_jtag_uart_read.o)
 .bss           0x000000000000ad28        0x0 ../License_not_Found_bsp/\libhal_bsp.a(altera_avalon_jtag_uart_write.o)
 .bss           0x000000000000ad28        0x0 ../License_not_Found_bsp/\libhal_bsp.a(altera_avalon_timer_vars.o)
 .bss           0x000000000000ad28        0x0 ../License_not_Found_bsp/\libhal_bsp.a(alt_busy_sleep.o)
 .bss           0x000000000000ad28        0x0 ../License_not_Found_bsp/\libhal_bsp.a(alt_close.o)
 .bss           0x000000000000ad28        0x0 ../License_not_Found_bsp/\libhal_bsp.a(alt_dcache_flush_all.o)
 .bss           0x000000000000ad28        0x0 ../License_not_Found_bsp/\libhal_bsp.a(alt_dev.o)
 .bss           0x000000000000ad28        0x0 ../License_not_Found_bsp/\libhal_bsp.a(alt_dev_llist_insert.o)
 .bss           0x000000000000ad28        0x0 ../License_not_Found_bsp/\libhal_bsp.a(alt_do_ctors.o)
 .bss           0x000000000000ad28        0x0 ../License_not_Found_bsp/\libhal_bsp.a(alt_do_dtors.o)
 .bss           0x000000000000ad28        0x0 ../License_not_Found_bsp/\libhal_bsp.a(alt_errno.o)
 .bss           0x000000000000ad28        0x0 ../License_not_Found_bsp/\libhal_bsp.a(alt_icache_flush_all.o)
 .bss           0x000000000000ad28        0x0 ../License_not_Found_bsp/\libhal_bsp.a(alt_io_redirect.o)
 .bss           0x000000000000ad28        0x0 ../License_not_Found_bsp/\libhal_bsp.a(alt_open.o)
 .bss           0x000000000000ad28        0x0 ../License_not_Found_bsp/\libhal_bsp.a(alt_release_fd.o)
 .bss           0x000000000000ad28        0x0 ../License_not_Found_bsp/\libhal_bsp.a(altera_nios2_gen2_irq.o)
 .bss           0x000000000000ad28        0x0 ../License_not_Found_bsp/\libhal_bsp.a(alt_find_dev.o)
 .bss           0x000000000000ad28        0x0 ../License_not_Found_bsp/\libhal_bsp.a(alt_find_file.o)
 .bss           0x000000000000ad28        0x0 ../License_not_Found_bsp/\libhal_bsp.a(alt_get_fd.o)
 .bss           0x000000000000ad28        0x0 c:/altera/15.0/nios2eds/bin/gnu/h-x86_64-mingw32/bin/../lib/gcc/nios2-elf/4.9.1/../../../../../H-x86_64-mingw32/nios2-elf/lib/mno-hw-mul\libsmallc.a(lib_a-atexit.o)
 .bss           0x000000000000ad28        0x0 c:/altera/15.0/nios2eds/bin/gnu/h-x86_64-mingw32/bin/../lib/gcc/nios2-elf/4.9.1/../../../../../H-x86_64-mingw32/nios2-elf/lib/mno-hw-mul\libsmallc.a(lib_a-exit.o)
 .bss           0x000000000000ad28        0x0 c:/altera/15.0/nios2eds/bin/gnu/h-x86_64-mingw32/bin/../lib/gcc/nios2-elf/4.9.1/../../../../../H-x86_64-mingw32/nios2-elf/lib/mno-hw-mul\libsmallc.a(lib_a-memcmp.o)
 .bss           0x000000000000ad28        0x0 c:/altera/15.0/nios2eds/bin/gnu/h-x86_64-mingw32/bin/../lib/gcc/nios2-elf/4.9.1/../../../../../H-x86_64-mingw32/nios2-elf/lib/mno-hw-mul\libsmallc.a(lib_a-__atexit.o)
 .bss           0x000000000000ad28        0x0 c:/altera/15.0/nios2eds/bin/gnu/h-x86_64-mingw32/bin/../lib/gcc/nios2-elf/4.9.1/../../../../../H-x86_64-mingw32/nios2-elf/lib/mno-hw-mul\libsmallc.a(lib_a-__call_atexit.o)
 .bss           0x000000000000ad28        0x0 ../License_not_Found_bsp/\libhal_bsp.a(alt_exit.o)
 *(COMMON)
                0x000000000000ad28                . = ALIGN (0x4)
                0x000000000000ad28                __bss_end = ABSOLUTE (.)

.onchip_mem     0x000000000000ad28        0x0
                0x000000000000ad28                PROVIDE (_alt_partition_onchip_mem_start, ABSOLUTE (.))
 *(.onchip_mem .onchip_mem. onchip_mem.*)
                0x000000000000ad28                . = ALIGN (0x4)
                0x000000000000ad28                PROVIDE (_alt_partition_onchip_mem_end, ABSOLUTE (.))
                0x000000000000ad28                _end = ABSOLUTE (.)
                0x000000000000ad28                end = ABSOLUTE (.)
                0x000000000000ad28                __alt_stack_base = ABSOLUTE (.)
                0x000000000000ad28                PROVIDE (_alt_partition_onchip_mem_load_addr, LOADADDR (.onchip_mem))

.stab
 *(.stab)

.stabstr
 *(.stabstr)

.stab.excl
 *(.stab.excl)

.stab.exclstr
 *(.stab.exclstr)

.stab.index
 *(.stab.index)

.stab.indexstr
 *(.stab.indexstr)

.comment        0x0000000000000000       0x23
 *(.comment)
 .comment       0x0000000000000000       0x23 obj/default/main.o
                                         0x24 (size before relaxing)
 .comment       0x0000000000000000       0x24 c:/altera/15.0/nios2eds/bin/gnu/h-x86_64-mingw32/bin/../lib/gcc/nios2-elf/4.9.1/mno-hw-mul\libgcc.a(lib2-mul.o)
 .comment       0x0000000000000000       0x24 c:/altera/15.0/nios2eds/bin/gnu/h-x86_64-mingw32/bin/../lib/gcc/nios2-elf/4.9.1/../../../../../H-x86_64-mingw32/nios2-elf/lib/mno-hw-mul\libsmallc.a(lib_a-printf.o)
 .comment       0x0000000000000000       0x24 c:/altera/15.0/nios2eds/bin/gnu/h-x86_64-mingw32/bin/../lib/gcc/nios2-elf/4.9.1/../../../../../H-x86_64-mingw32/nios2-elf/lib/mno-hw-mul\libsmallc.a(lib_a-vfprintf.o)
 .comment       0x0000000000000000       0x24 c:/altera/15.0/nios2eds/bin/gnu/h-x86_64-mingw32/bin/../lib/gcc/nios2-elf/4.9.1/../../../../../H-x86_64-mingw32/nios2-elf/lib/mno-hw-mul\libsmallc.a(lib_a-fvwrite_small_dev.o)
 .comment       0x0000000000000000       0x24 c:/altera/15.0/nios2eds/bin/gnu/h-x86_64-mingw32/bin/../lib/gcc/nios2-elf/4.9.1/../../../../../H-x86_64-mingw32/nios2-elf/lib/mno-hw-mul\libsmallc.a(lib_a-impure.o)
 .comment       0x0000000000000000       0x24 c:/altera/15.0/nios2eds/bin/gnu/h-x86_64-mingw32/bin/../lib/gcc/nios2-elf/4.9.1/../../../../../H-x86_64-mingw32/nios2-elf/lib/mno-hw-mul\libsmallc.a(lib_a-strlen.o)
 .comment       0x0000000000000000       0x24 c:/altera/15.0/nios2eds/bin/gnu/h-x86_64-mingw32/bin/../lib/gcc/nios2-elf/4.9.1/../../../../../H-x86_64-mingw32/nios2-elf/lib/mno-hw-mul\libsmallc.a(lib_a-writer.o)
 .comment       0x0000000000000000       0x24 c:/altera/15.0/nios2eds/bin/gnu/h-x86_64-mingw32/bin/../lib/gcc/nios2-elf/4.9.1/../../../../../H-x86_64-mingw32/nios2-elf/lib/mno-hw-mul\libsmallc.a(lib_a-int_errno.o)
 .comment       0x0000000000000000       0x24 c:/altera/15.0/nios2eds/bin/gnu/h-x86_64-mingw32/bin/../lib/gcc/nios2-elf/4.9.1/mno-hw-mul\libgcc.a(lib2-divmod.o)
 .comment       0x0000000000000000       0x24 ../License_not_Found_bsp/\libhal_bsp.a(alt_load.o)
 .comment       0x0000000000000000       0x24 ../License_not_Found_bsp/\libhal_bsp.a(alt_main.o)
 .comment       0x0000000000000000       0x24 ../License_not_Found_bsp/\libhal_bsp.a(alt_usleep.o)
 .comment       0x0000000000000000       0x24 ../License_not_Found_bsp/\libhal_bsp.a(alt_write.o)
 .comment       0x0000000000000000       0x24 ../License_not_Found_bsp/\libhal_bsp.a(alt_sys_init.o)
 .comment       0x0000000000000000       0x24 ../License_not_Found_bsp/\libhal_bsp.a(altera_avalon_jtag_uart_fd.o)
 .comment       0x0000000000000000       0x24 ../License_not_Found_bsp/\libhal_bsp.a(altera_avalon_jtag_uart_read.o)
 .comment       0x0000000000000000       0x24 ../License_not_Found_bsp/\libhal_bsp.a(altera_avalon_jtag_uart_write.o)
 .comment       0x0000000000000000       0x24 ../License_not_Found_bsp/\libhal_bsp.a(altera_avalon_timer_vars.o)
 .comment       0x0000000000000000       0x24 ../License_not_Found_bsp/\libhal_bsp.a(alt_busy_sleep.o)
 .comment       0x0000000000000000       0x24 ../License_not_Found_bsp/\libhal_bsp.a(alt_close.o)
 .comment       0x0000000000000000       0x24 ../License_not_Found_bsp/\libhal_bsp.a(alt_dcache_flush_all.o)
 .comment       0x0000000000000000       0x24 ../License_not_Found_bsp/\libhal_bsp.a(alt_dev.o)
 .comment       0x0000000000000000       0x24 ../License_not_Found_bsp/\libhal_bsp.a(alt_dev_llist_insert.o)
 .comment       0x0000000000000000       0x24 ../License_not_Found_bsp/\libhal_bsp.a(alt_do_ctors.o)
 .comment       0x0000000000000000       0x24 ../License_not_Found_bsp/\libhal_bsp.a(alt_do_dtors.o)
 .comment       0x0000000000000000       0x24 ../License_not_Found_bsp/\libhal_bsp.a(alt_errno.o)
 .comment       0x0000000000000000       0x24 ../License_not_Found_bsp/\libhal_bsp.a(alt_icache_flush_all.o)
 .comment       0x0000000000000000       0x24 ../License_not_Found_bsp/\libhal_bsp.a(alt_io_redirect.o)
 .comment       0x0000000000000000       0x24 ../License_not_Found_bsp/\libhal_bsp.a(alt_open.o)
 .comment       0x0000000000000000       0x24 ../License_not_Found_bsp/\libhal_bsp.a(alt_release_fd.o)
 .comment       0x0000000000000000       0x24 ../License_not_Found_bsp/\libhal_bsp.a(altera_nios2_gen2_irq.o)
 .comment       0x0000000000000000       0x24 ../License_not_Found_bsp/\libhal_bsp.a(alt_find_dev.o)
 .comment       0x0000000000000000       0x24 ../License_not_Found_bsp/\libhal_bsp.a(alt_find_file.o)
 .comment       0x0000000000000000       0x24 ../License_not_Found_bsp/\libhal_bsp.a(alt_get_fd.o)
 .comment       0x0000000000000000       0x24 c:/altera/15.0/nios2eds/bin/gnu/h-x86_64-mingw32/bin/../lib/gcc/nios2-elf/4.9.1/../../../../../H-x86_64-mingw32/nios2-elf/lib/mno-hw-mul\libsmallc.a(lib_a-atexit.o)
 .comment       0x0000000000000000       0x24 c:/altera/15.0/nios2eds/bin/gnu/h-x86_64-mingw32/bin/../lib/gcc/nios2-elf/4.9.1/../../../../../H-x86_64-mingw32/nios2-elf/lib/mno-hw-mul\libsmallc.a(lib_a-exit.o)
 .comment       0x0000000000000000       0x24 c:/altera/15.0/nios2eds/bin/gnu/h-x86_64-mingw32/bin/../lib/gcc/nios2-elf/4.9.1/../../../../../H-x86_64-mingw32/nios2-elf/lib/mno-hw-mul\libsmallc.a(lib_a-memcmp.o)
 .comment       0x0000000000000000       0x24 c:/altera/15.0/nios2eds/bin/gnu/h-x86_64-mingw32/bin/../lib/gcc/nios2-elf/4.9.1/../../../../../H-x86_64-mingw32/nios2-elf/lib/mno-hw-mul\libsmallc.a(lib_a-__atexit.o)
 .comment       0x0000000000000000       0x24 c:/altera/15.0/nios2eds/bin/gnu/h-x86_64-mingw32/bin/../lib/gcc/nios2-elf/4.9.1/../../../../../H-x86_64-mingw32/nios2-elf/lib/mno-hw-mul\libsmallc.a(lib_a-__call_atexit.o)
 .comment       0x0000000000000000       0x24 ../License_not_Found_bsp/\libhal_bsp.a(alt_exit.o)

.debug
 *(.debug)

.line
 *(.line)

.debug_srcinfo
 *(.debug_srcinfo)

.debug_sfnames
 *(.debug_sfnames)

.debug_aranges  0x0000000000000000      0x528
 *(.debug_aranges)
 .debug_aranges
                0x0000000000000000       0x28 ../License_not_Found_bsp//obj/HAL/src/crt0.o
 .debug_aranges
                0x0000000000000028       0x20 obj/default/main.o
 .debug_aranges
                0x0000000000000048       0x20 c:/altera/15.0/nios2eds/bin/gnu/h-x86_64-mingw32/bin/../lib/gcc/nios2-elf/4.9.1/mno-hw-mul\libgcc.a(lib2-mul.o)
 .debug_aranges
                0x0000000000000068       0x20 c:/altera/15.0/nios2eds/bin/gnu/h-x86_64-mingw32/bin/../lib/gcc/nios2-elf/4.9.1/../../../../../H-x86_64-mingw32/nios2-elf/lib/mno-hw-mul\libsmallc.a(lib_a-printf.o)
 .debug_aranges
                0x0000000000000088       0x20 c:/altera/15.0/nios2eds/bin/gnu/h-x86_64-mingw32/bin/../lib/gcc/nios2-elf/4.9.1/../../../../../H-x86_64-mingw32/nios2-elf/lib/mno-hw-mul\libsmallc.a(lib_a-vfprintf.o)
 .debug_aranges
                0x00000000000000a8       0x20 c:/altera/15.0/nios2eds/bin/gnu/h-x86_64-mingw32/bin/../lib/gcc/nios2-elf/4.9.1/../../../../../H-x86_64-mingw32/nios2-elf/lib/mno-hw-mul\libsmallc.a(lib_a-fvwrite_small_dev.o)
 .debug_aranges
                0x00000000000000c8       0x18 c:/altera/15.0/nios2eds/bin/gnu/h-x86_64-mingw32/bin/../lib/gcc/nios2-elf/4.9.1/../../../../../H-x86_64-mingw32/nios2-elf/lib/mno-hw-mul\libsmallc.a(lib_a-impure.o)
 .debug_aranges
                0x00000000000000e0       0x20 c:/altera/15.0/nios2eds/bin/gnu/h-x86_64-mingw32/bin/../lib/gcc/nios2-elf/4.9.1/../../../../../H-x86_64-mingw32/nios2-elf/lib/mno-hw-mul\libsmallc.a(lib_a-strlen.o)
 .debug_aranges
                0x0000000000000100       0x20 c:/altera/15.0/nios2eds/bin/gnu/h-x86_64-mingw32/bin/../lib/gcc/nios2-elf/4.9.1/../../../../../H-x86_64-mingw32/nios2-elf/lib/mno-hw-mul\libsmallc.a(lib_a-writer.o)
 .debug_aranges
                0x0000000000000120       0x18 c:/altera/15.0/nios2eds/bin/gnu/h-x86_64-mingw32/bin/../lib/gcc/nios2-elf/4.9.1/../../../../../H-x86_64-mingw32/nios2-elf/lib/mno-hw-mul\libsmallc.a(lib_a-int_errno.o)
 .debug_aranges
                0x0000000000000138       0x20 c:/altera/15.0/nios2eds/bin/gnu/h-x86_64-mingw32/bin/../lib/gcc/nios2-elf/4.9.1/mno-hw-mul\libgcc.a(lib2-divmod.o)
 .debug_aranges
                0x0000000000000158       0x20 ../License_not_Found_bsp/\libhal_bsp.a(alt_load.o)
 .debug_aranges
                0x0000000000000178       0x20 ../License_not_Found_bsp/\libhal_bsp.a(alt_main.o)
 .debug_aranges
                0x0000000000000198       0x20 ../License_not_Found_bsp/\libhal_bsp.a(alt_usleep.o)
 .debug_aranges
                0x00000000000001b8       0x20 ../License_not_Found_bsp/\libhal_bsp.a(alt_write.o)
 .debug_aranges
                0x00000000000001d8       0x20 ../License_not_Found_bsp/\libhal_bsp.a(alt_sys_init.o)
 .debug_aranges
                0x00000000000001f8       0x20 ../License_not_Found_bsp/\libhal_bsp.a(altera_avalon_jtag_uart_fd.o)
 .debug_aranges
                0x0000000000000218       0x20 ../License_not_Found_bsp/\libhal_bsp.a(altera_avalon_jtag_uart_read.o)
 .debug_aranges
                0x0000000000000238       0x20 ../License_not_Found_bsp/\libhal_bsp.a(altera_avalon_jtag_uart_write.o)
 .debug_aranges
                0x0000000000000258       0x18 ../License_not_Found_bsp/\libhal_bsp.a(altera_avalon_timer_vars.o)
 .debug_aranges
                0x0000000000000270       0x20 ../License_not_Found_bsp/\libhal_bsp.a(alt_busy_sleep.o)
 .debug_aranges
                0x0000000000000290       0x20 ../License_not_Found_bsp/\libhal_bsp.a(alt_close.o)
 .debug_aranges
                0x00000000000002b0       0x20 ../License_not_Found_bsp/\libhal_bsp.a(alt_dcache_flush_all.o)
 .debug_aranges
                0x00000000000002d0       0x20 ../License_not_Found_bsp/\libhal_bsp.a(alt_dev.o)
 .debug_aranges
                0x00000000000002f0       0x20 ../License_not_Found_bsp/\libhal_bsp.a(alt_dev_llist_insert.o)
 .debug_aranges
                0x0000000000000310       0x20 ../License_not_Found_bsp/\libhal_bsp.a(alt_do_ctors.o)
 .debug_aranges
                0x0000000000000330       0x20 ../License_not_Found_bsp/\libhal_bsp.a(alt_do_dtors.o)
 .debug_aranges
                0x0000000000000350       0x18 ../License_not_Found_bsp/\libhal_bsp.a(alt_errno.o)
 .debug_aranges
                0x0000000000000368       0x20 ../License_not_Found_bsp/\libhal_bsp.a(alt_icache_flush_all.o)
 .debug_aranges
                0x0000000000000388       0x20 ../License_not_Found_bsp/\libhal_bsp.a(alt_io_redirect.o)
 .debug_aranges
                0x00000000000003a8       0x20 ../License_not_Found_bsp/\libhal_bsp.a(alt_open.o)
 .debug_aranges
                0x00000000000003c8       0x20 ../License_not_Found_bsp/\libhal_bsp.a(alt_release_fd.o)
 .debug_aranges
                0x00000000000003e8       0x20 ../License_not_Found_bsp/\libhal_bsp.a(altera_nios2_gen2_irq.o)
 .debug_aranges
                0x0000000000000408       0x20 ../License_not_Found_bsp/\libhal_bsp.a(alt_find_dev.o)
 .debug_aranges
                0x0000000000000428       0x20 ../License_not_Found_bsp/\libhal_bsp.a(alt_find_file.o)
 .debug_aranges
                0x0000000000000448       0x20 ../License_not_Found_bsp/\libhal_bsp.a(alt_get_fd.o)
 .debug_aranges
                0x0000000000000468       0x20 c:/altera/15.0/nios2eds/bin/gnu/h-x86_64-mingw32/bin/../lib/gcc/nios2-elf/4.9.1/../../../../../H-x86_64-mingw32/nios2-elf/lib/mno-hw-mul\libsmallc.a(lib_a-atexit.o)
 .debug_aranges
                0x0000000000000488       0x20 c:/altera/15.0/nios2eds/bin/gnu/h-x86_64-mingw32/bin/../lib/gcc/nios2-elf/4.9.1/../../../../../H-x86_64-mingw32/nios2-elf/lib/mno-hw-mul\libsmallc.a(lib_a-exit.o)
 .debug_aranges
                0x00000000000004a8       0x20 c:/altera/15.0/nios2eds/bin/gnu/h-x86_64-mingw32/bin/../lib/gcc/nios2-elf/4.9.1/../../../../../H-x86_64-mingw32/nios2-elf/lib/mno-hw-mul\libsmallc.a(lib_a-memcmp.o)
 .debug_aranges
                0x00000000000004c8       0x20 c:/altera/15.0/nios2eds/bin/gnu/h-x86_64-mingw32/bin/../lib/gcc/nios2-elf/4.9.1/../../../../../H-x86_64-mingw32/nios2-elf/lib/mno-hw-mul\libsmallc.a(lib_a-__atexit.o)
 .debug_aranges
                0x00000000000004e8       0x20 c:/altera/15.0/nios2eds/bin/gnu/h-x86_64-mingw32/bin/../lib/gcc/nios2-elf/4.9.1/../../../../../H-x86_64-mingw32/nios2-elf/lib/mno-hw-mul\libsmallc.a(lib_a-__call_atexit.o)
 .debug_aranges
                0x0000000000000508       0x20 ../License_not_Found_bsp/\libhal_bsp.a(alt_exit.o)

.debug_pubnames
 *(.debug_pubnames)

.debug_info     0x0000000000000000     0x7284
 *(.debug_info .gnu.linkonce.wi.*)
 .debug_info    0x0000000000000000       0x7f ../License_not_Found_bsp//obj/HAL/src/crt0.o
 .debug_info    0x000000000000007f      0x46a obj/default/main.o
 .debug_info    0x00000000000004e9       0xb4 c:/altera/15.0/nios2eds/bin/gnu/h-x86_64-mingw32/bin/../lib/gcc/nios2-elf/4.9.1/mno-hw-mul\libgcc.a(lib2-mul.o)
 .debug_info    0x000000000000059d      0x6c7 c:/altera/15.0/nios2eds/bin/gnu/h-x86_64-mingw32/bin/../lib/gcc/nios2-elf/4.9.1/../../../../../H-x86_64-mingw32/nios2-elf/lib/mno-hw-mul\libsmallc.a(lib_a-printf.o)
 .debug_info    0x0000000000000c64      0xb49 c:/altera/15.0/nios2eds/bin/gnu/h-x86_64-mingw32/bin/../lib/gcc/nios2-elf/4.9.1/../../../../../H-x86_64-mingw32/nios2-elf/lib/mno-hw-mul\libsmallc.a(lib_a-vfprintf.o)
 .debug_info    0x00000000000017ad      0x656 c:/altera/15.0/nios2eds/bin/gnu/h-x86_64-mingw32/bin/../lib/gcc/nios2-elf/4.9.1/../../../../../H-x86_64-mingw32/nios2-elf/lib/mno-hw-mul\libsmallc.a(lib_a-fvwrite_small_dev.o)
 .debug_info    0x0000000000001e03      0x5a7 c:/altera/15.0/nios2eds/bin/gnu/h-x86_64-mingw32/bin/../lib/gcc/nios2-elf/4.9.1/../../../../../H-x86_64-mingw32/nios2-elf/lib/mno-hw-mul\libsmallc.a(lib_a-impure.o)
 .debug_info    0x00000000000023aa       0xc2 c:/altera/15.0/nios2eds/bin/gnu/h-x86_64-mingw32/bin/../lib/gcc/nios2-elf/4.9.1/../../../../../H-x86_64-mingw32/nios2-elf/lib/mno-hw-mul\libsmallc.a(lib_a-strlen.o)
 .debug_info    0x000000000000246c      0x639 c:/altera/15.0/nios2eds/bin/gnu/h-x86_64-mingw32/bin/../lib/gcc/nios2-elf/4.9.1/../../../../../H-x86_64-mingw32/nios2-elf/lib/mno-hw-mul\libsmallc.a(lib_a-writer.o)
 .debug_info    0x0000000000002aa5       0x83 c:/altera/15.0/nios2eds/bin/gnu/h-x86_64-mingw32/bin/../lib/gcc/nios2-elf/4.9.1/../../../../../H-x86_64-mingw32/nios2-elf/lib/mno-hw-mul\libsmallc.a(lib_a-int_errno.o)
 .debug_info    0x0000000000002b28      0x234 c:/altera/15.0/nios2eds/bin/gnu/h-x86_64-mingw32/bin/../lib/gcc/nios2-elf/4.9.1/mno-hw-mul\libgcc.a(lib2-divmod.o)
 .debug_info    0x0000000000002d5c      0x13e ../License_not_Found_bsp/\libhal_bsp.a(alt_load.o)
 .debug_info    0x0000000000002e9a      0x12a ../License_not_Found_bsp/\libhal_bsp.a(alt_main.o)
 .debug_info    0x0000000000002fc4       0xa9 ../License_not_Found_bsp/\libhal_bsp.a(alt_usleep.o)
 .debug_info    0x000000000000306d      0x4b0 ../License_not_Found_bsp/\libhal_bsp.a(alt_write.o)
 .debug_info    0x000000000000351d      0x3d8 ../License_not_Found_bsp/\libhal_bsp.a(alt_sys_init.o)
 .debug_info    0x00000000000038f5      0x3a0 ../License_not_Found_bsp/\libhal_bsp.a(altera_avalon_jtag_uart_fd.o)
 .debug_info    0x0000000000003c95      0x1af ../License_not_Found_bsp/\libhal_bsp.a(altera_avalon_jtag_uart_read.o)
 .debug_info    0x0000000000003e44      0x18e ../License_not_Found_bsp/\libhal_bsp.a(altera_avalon_jtag_uart_write.o)
 .debug_info    0x0000000000003fd2       0xe2 ../License_not_Found_bsp/\libhal_bsp.a(altera_avalon_timer_vars.o)
 .debug_info    0x00000000000040b4       0xd0 ../License_not_Found_bsp/\libhal_bsp.a(alt_busy_sleep.o)
 .debug_info    0x0000000000004184      0x31a ../License_not_Found_bsp/\libhal_bsp.a(alt_close.o)
 .debug_info    0x000000000000449e       0x8b ../License_not_Found_bsp/\libhal_bsp.a(alt_dcache_flush_all.o)
 .debug_info    0x0000000000004529      0x495 ../License_not_Found_bsp/\libhal_bsp.a(alt_dev.o)
 .debug_info    0x00000000000049be      0x1a2 ../License_not_Found_bsp/\libhal_bsp.a(alt_dev_llist_insert.o)
 .debug_info    0x0000000000004b60       0x83 ../License_not_Found_bsp/\libhal_bsp.a(alt_do_ctors.o)
 .debug_info    0x0000000000004be3       0x83 ../License_not_Found_bsp/\libhal_bsp.a(alt_do_dtors.o)
 .debug_info    0x0000000000004c66       0x9f ../License_not_Found_bsp/\libhal_bsp.a(alt_errno.o)
 .debug_info    0x0000000000004d05       0x8b ../License_not_Found_bsp/\libhal_bsp.a(alt_icache_flush_all.o)
 .debug_info    0x0000000000004d90      0x49e ../License_not_Found_bsp/\libhal_bsp.a(alt_io_redirect.o)
 .debug_info    0x000000000000522e      0x3b4 ../License_not_Found_bsp/\libhal_bsp.a(alt_open.o)
 .debug_info    0x00000000000055e2      0x2b0 ../License_not_Found_bsp/\libhal_bsp.a(alt_release_fd.o)
 .debug_info    0x0000000000005892       0x8b ../License_not_Found_bsp/\libhal_bsp.a(altera_nios2_gen2_irq.o)
 .debug_info    0x000000000000591d      0x2e2 ../License_not_Found_bsp/\libhal_bsp.a(alt_find_dev.o)
 .debug_info    0x0000000000005bff      0x2df ../License_not_Found_bsp/\libhal_bsp.a(alt_find_file.o)
 .debug_info    0x0000000000005ede      0x309 ../License_not_Found_bsp/\libhal_bsp.a(alt_get_fd.o)
 .debug_info    0x00000000000061e7      0x10a c:/altera/15.0/nios2eds/bin/gnu/h-x86_64-mingw32/bin/../lib/gcc/nios2-elf/4.9.1/../../../../../H-x86_64-mingw32/nios2-elf/lib/mno-hw-mul\libsmallc.a(lib_a-atexit.o)
 .debug_info    0x00000000000062f1       0xed c:/altera/15.0/nios2eds/bin/gnu/h-x86_64-mingw32/bin/../lib/gcc/nios2-elf/4.9.1/../../../../../H-x86_64-mingw32/nios2-elf/lib/mno-hw-mul\libsmallc.a(lib_a-exit.o)
 .debug_info    0x00000000000063de       0xed c:/altera/15.0/nios2eds/bin/gnu/h-x86_64-mingw32/bin/../lib/gcc/nios2-elf/4.9.1/../../../../../H-x86_64-mingw32/nios2-elf/lib/mno-hw-mul\libsmallc.a(lib_a-memcmp.o)
 .debug_info    0x00000000000064cb      0x661 c:/altera/15.0/nios2eds/bin/gnu/h-x86_64-mingw32/bin/../lib/gcc/nios2-elf/4.9.1/../../../../../H-x86_64-mingw32/nios2-elf/lib/mno-hw-mul\libsmallc.a(lib_a-__atexit.o)
 .debug_info    0x0000000000006b2c      0x673 c:/altera/15.0/nios2eds/bin/gnu/h-x86_64-mingw32/bin/../lib/gcc/nios2-elf/4.9.1/../../../../../H-x86_64-mingw32/nios2-elf/lib/mno-hw-mul\libsmallc.a(lib_a-__call_atexit.o)
 .debug_info    0x000000000000719f       0xe5 ../License_not_Found_bsp/\libhal_bsp.a(alt_exit.o)

.debug_abbrev   0x0000000000000000     0x25ec
 *(.debug_abbrev)
 .debug_abbrev  0x0000000000000000       0x12 ../License_not_Found_bsp//obj/HAL/src/crt0.o
 .debug_abbrev  0x0000000000000012       0xf8 obj/default/main.o
 .debug_abbrev  0x000000000000010a       0x6f c:/altera/15.0/nios2eds/bin/gnu/h-x86_64-mingw32/bin/../lib/gcc/nios2-elf/4.9.1/mno-hw-mul\libgcc.a(lib2-mul.o)
 .debug_abbrev  0x0000000000000179      0x1fe c:/altera/15.0/nios2eds/bin/gnu/h-x86_64-mingw32/bin/../lib/gcc/nios2-elf/4.9.1/../../../../../H-x86_64-mingw32/nios2-elf/lib/mno-hw-mul\libsmallc.a(lib_a-printf.o)
 .debug_abbrev  0x0000000000000377      0x2a1 c:/altera/15.0/nios2eds/bin/gnu/h-x86_64-mingw32/bin/../lib/gcc/nios2-elf/4.9.1/../../../../../H-x86_64-mingw32/nios2-elf/lib/mno-hw-mul\libsmallc.a(lib_a-vfprintf.o)
 .debug_abbrev  0x0000000000000618      0x1c3 c:/altera/15.0/nios2eds/bin/gnu/h-x86_64-mingw32/bin/../lib/gcc/nios2-elf/4.9.1/../../../../../H-x86_64-mingw32/nios2-elf/lib/mno-hw-mul\libsmallc.a(lib_a-fvwrite_small_dev.o)
 .debug_abbrev  0x00000000000007db      0x14a c:/altera/15.0/nios2eds/bin/gnu/h-x86_64-mingw32/bin/../lib/gcc/nios2-elf/4.9.1/../../../../../H-x86_64-mingw32/nios2-elf/lib/mno-hw-mul\libsmallc.a(lib_a-impure.o)
 .debug_abbrev  0x0000000000000925       0x7f c:/altera/15.0/nios2eds/bin/gnu/h-x86_64-mingw32/bin/../lib/gcc/nios2-elf/4.9.1/../../../../../H-x86_64-mingw32/nios2-elf/lib/mno-hw-mul\libsmallc.a(lib_a-strlen.o)
 .debug_abbrev  0x00000000000009a4      0x1a8 c:/altera/15.0/nios2eds/bin/gnu/h-x86_64-mingw32/bin/../lib/gcc/nios2-elf/4.9.1/../../../../../H-x86_64-mingw32/nios2-elf/lib/mno-hw-mul\libsmallc.a(lib_a-writer.o)
 .debug_abbrev  0x0000000000000b4c       0x37 c:/altera/15.0/nios2eds/bin/gnu/h-x86_64-mingw32/bin/../lib/gcc/nios2-elf/4.9.1/../../../../../H-x86_64-mingw32/nios2-elf/lib/mno-hw-mul\libsmallc.a(lib_a-int_errno.o)
 .debug_abbrev  0x0000000000000b83       0xd9 c:/altera/15.0/nios2eds/bin/gnu/h-x86_64-mingw32/bin/../lib/gcc/nios2-elf/4.9.1/mno-hw-mul\libgcc.a(lib2-divmod.o)
 .debug_abbrev  0x0000000000000c5c       0x9f ../License_not_Found_bsp/\libhal_bsp.a(alt_load.o)
 .debug_abbrev  0x0000000000000cfb       0xba ../License_not_Found_bsp/\libhal_bsp.a(alt_main.o)
 .debug_abbrev  0x0000000000000db5       0x60 ../License_not_Found_bsp/\libhal_bsp.a(alt_usleep.o)
 .debug_abbrev  0x0000000000000e15      0x133 ../License_not_Found_bsp/\libhal_bsp.a(alt_write.o)
 .debug_abbrev  0x0000000000000f48      0x157 ../License_not_Found_bsp/\libhal_bsp.a(alt_sys_init.o)
 .debug_abbrev  0x000000000000109f       0xf7 ../License_not_Found_bsp/\libhal_bsp.a(altera_avalon_jtag_uart_fd.o)
 .debug_abbrev  0x0000000000001196       0xd7 ../License_not_Found_bsp/\libhal_bsp.a(altera_avalon_jtag_uart_read.o)
 .debug_abbrev  0x000000000000126d       0xd5 ../License_not_Found_bsp/\libhal_bsp.a(altera_avalon_jtag_uart_write.o)
 .debug_abbrev  0x0000000000001342       0x83 ../License_not_Found_bsp/\libhal_bsp.a(altera_avalon_timer_vars.o)
 .debug_abbrev  0x00000000000013c5       0x7e ../License_not_Found_bsp/\libhal_bsp.a(alt_busy_sleep.o)
 .debug_abbrev  0x0000000000001443      0x11f ../License_not_Found_bsp/\libhal_bsp.a(alt_close.o)
 .debug_abbrev  0x0000000000001562       0x42 ../License_not_Found_bsp/\libhal_bsp.a(alt_dcache_flush_all.o)
 .debug_abbrev  0x00000000000015a4       0xd9 ../License_not_Found_bsp/\libhal_bsp.a(alt_dev.o)
 .debug_abbrev  0x000000000000167d      0x114 ../License_not_Found_bsp/\libhal_bsp.a(alt_dev_llist_insert.o)
 .debug_abbrev  0x0000000000001791       0x79 ../License_not_Found_bsp/\libhal_bsp.a(alt_do_ctors.o)
 .debug_abbrev  0x000000000000180a       0x79 ../License_not_Found_bsp/\libhal_bsp.a(alt_do_dtors.o)
 .debug_abbrev  0x0000000000001883       0x5a ../License_not_Found_bsp/\libhal_bsp.a(alt_errno.o)
 .debug_abbrev  0x00000000000018dd       0x42 ../License_not_Found_bsp/\libhal_bsp.a(alt_icache_flush_all.o)
 .debug_abbrev  0x000000000000191f      0x114 ../License_not_Found_bsp/\libhal_bsp.a(alt_io_redirect.o)
 .debug_abbrev  0x0000000000001a33      0x148 ../License_not_Found_bsp/\libhal_bsp.a(alt_open.o)
 .debug_abbrev  0x0000000000001b7b       0xde ../License_not_Found_bsp/\libhal_bsp.a(alt_release_fd.o)
 .debug_abbrev  0x0000000000001c59       0x42 ../License_not_Found_bsp/\libhal_bsp.a(altera_nios2_gen2_irq.o)
 .debug_abbrev  0x0000000000001c9b       0xf0 ../License_not_Found_bsp/\libhal_bsp.a(alt_find_dev.o)
 .debug_abbrev  0x0000000000001d8b       0xf0 ../License_not_Found_bsp/\libhal_bsp.a(alt_find_file.o)
 .debug_abbrev  0x0000000000001e7b      0x10d ../License_not_Found_bsp/\libhal_bsp.a(alt_get_fd.o)
 .debug_abbrev  0x0000000000001f88       0xb8 c:/altera/15.0/nios2eds/bin/gnu/h-x86_64-mingw32/bin/../lib/gcc/nios2-elf/4.9.1/../../../../../H-x86_64-mingw32/nios2-elf/lib/mno-hw-mul\libsmallc.a(lib_a-atexit.o)
 .debug_abbrev  0x0000000000002040       0xa9 c:/altera/15.0/nios2eds/bin/gnu/h-x86_64-mingw32/bin/../lib/gcc/nios2-elf/4.9.1/../../../../../H-x86_64-mingw32/nios2-elf/lib/mno-hw-mul\libsmallc.a(lib_a-exit.o)
 .debug_abbrev  0x00000000000020e9       0x7f c:/altera/15.0/nios2eds/bin/gnu/h-x86_64-mingw32/bin/../lib/gcc/nios2-elf/4.9.1/../../../../../H-x86_64-mingw32/nios2-elf/lib/mno-hw-mul\libsmallc.a(lib_a-memcmp.o)
 .debug_abbrev  0x0000000000002168      0x1f5 c:/altera/15.0/nios2eds/bin/gnu/h-x86_64-mingw32/bin/../lib/gcc/nios2-elf/4.9.1/../../../../../H-x86_64-mingw32/nios2-elf/lib/mno-hw-mul\libsmallc.a(lib_a-__atexit.o)
 .debug_abbrev  0x000000000000235d      0x1e9 c:/altera/15.0/nios2eds/bin/gnu/h-x86_64-mingw32/bin/../lib/gcc/nios2-elf/4.9.1/../../../../../H-x86_64-mingw32/nios2-elf/lib/mno-hw-mul\libsmallc.a(lib_a-__call_atexit.o)
 .debug_abbrev  0x0000000000002546       0xa6 ../License_not_Found_bsp/\libhal_bsp.a(alt_exit.o)

.debug_line     0x0000000000000000     0x2b6f
 *(.debug_line)
 .debug_line    0x0000000000000000       0x66 ../License_not_Found_bsp//obj/HAL/src/crt0.o
 .debug_line    0x0000000000000066      0x170 obj/default/main.o
 .debug_line    0x00000000000001d6       0x80 c:/altera/15.0/nios2eds/bin/gnu/h-x86_64-mingw32/bin/../lib/gcc/nios2-elf/4.9.1/mno-hw-mul\libgcc.a(lib2-mul.o)
 .debug_line    0x0000000000000256      0x1fd c:/altera/15.0/nios2eds/bin/gnu/h-x86_64-mingw32/bin/../lib/gcc/nios2-elf/4.9.1/../../../../../H-x86_64-mingw32/nios2-elf/lib/mno-hw-mul\libsmallc.a(lib_a-printf.o)
 .debug_line    0x0000000000000453      0x34d c:/altera/15.0/nios2eds/bin/gnu/h-x86_64-mingw32/bin/../lib/gcc/nios2-elf/4.9.1/../../../../../H-x86_64-mingw32/nios2-elf/lib/mno-hw-mul\libsmallc.a(lib_a-vfprintf.o)
 .debug_line    0x00000000000007a0      0x1f5 c:/altera/15.0/nios2eds/bin/gnu/h-x86_64-mingw32/bin/../lib/gcc/nios2-elf/4.9.1/../../../../../H-x86_64-mingw32/nios2-elf/lib/mno-hw-mul\libsmallc.a(lib_a-fvwrite_small_dev.o)
 .debug_line    0x0000000000000995      0x158 c:/altera/15.0/nios2eds/bin/gnu/h-x86_64-mingw32/bin/../lib/gcc/nios2-elf/4.9.1/../../../../../H-x86_64-mingw32/nios2-elf/lib/mno-hw-mul\libsmallc.a(lib_a-impure.o)
 .debug_line    0x0000000000000aed      0x15e c:/altera/15.0/nios2eds/bin/gnu/h-x86_64-mingw32/bin/../lib/gcc/nios2-elf/4.9.1/../../../../../H-x86_64-mingw32/nios2-elf/lib/mno-hw-mul\libsmallc.a(lib_a-strlen.o)
 .debug_line    0x0000000000000c4b      0x1f0 c:/altera/15.0/nios2eds/bin/gnu/h-x86_64-mingw32/bin/../lib/gcc/nios2-elf/4.9.1/../../../../../H-x86_64-mingw32/nios2-elf/lib/mno-hw-mul\libsmallc.a(lib_a-writer.o)
 .debug_line    0x0000000000000e3b       0x60 c:/altera/15.0/nios2eds/bin/gnu/h-x86_64-mingw32/bin/../lib/gcc/nios2-elf/4.9.1/../../../../../H-x86_64-mingw32/nios2-elf/lib/mno-hw-mul\libsmallc.a(lib_a-int_errno.o)
 .debug_line    0x0000000000000e9b       0xc7 c:/altera/15.0/nios2eds/bin/gnu/h-x86_64-mingw32/bin/../lib/gcc/nios2-elf/4.9.1/mno-hw-mul\libgcc.a(lib2-divmod.o)
 .debug_line    0x0000000000000f62       0x8d ../License_not_Found_bsp/\libhal_bsp.a(alt_load.o)
 .debug_line    0x0000000000000fef       0xa4 ../License_not_Found_bsp/\libhal_bsp.a(alt_main.o)
 .debug_line    0x0000000000001093       0xa5 ../License_not_Found_bsp/\libhal_bsp.a(alt_usleep.o)
 .debug_line    0x0000000000001138      0x1cc ../License_not_Found_bsp/\libhal_bsp.a(alt_write.o)
 .debug_line    0x0000000000001304      0x143 ../License_not_Found_bsp/\libhal_bsp.a(alt_sys_init.o)
 .debug_line    0x0000000000001447      0x112 ../License_not_Found_bsp/\libhal_bsp.a(altera_avalon_jtag_uart_fd.o)
 .debug_line    0x0000000000001559       0xff ../License_not_Found_bsp/\libhal_bsp.a(altera_avalon_jtag_uart_read.o)
 .debug_line    0x0000000000001658       0xf4 ../License_not_Found_bsp/\libhal_bsp.a(altera_avalon_jtag_uart_write.o)
 .debug_line    0x000000000000174c       0x8a ../License_not_Found_bsp/\libhal_bsp.a(altera_avalon_timer_vars.o)
 .debug_line    0x00000000000017d6       0xa2 ../License_not_Found_bsp/\libhal_bsp.a(alt_busy_sleep.o)
 .debug_line    0x0000000000001878      0x15e ../License_not_Found_bsp/\libhal_bsp.a(alt_close.o)
 .debug_line    0x00000000000019d6       0x51 ../License_not_Found_bsp/\libhal_bsp.a(alt_dcache_flush_all.o)
 .debug_line    0x0000000000001a27       0xf0 ../License_not_Found_bsp/\libhal_bsp.a(alt_dev.o)
 .debug_line    0x0000000000001b17       0xd0 ../License_not_Found_bsp/\libhal_bsp.a(alt_dev_llist_insert.o)
 .debug_line    0x0000000000001be7       0x59 ../License_not_Found_bsp/\libhal_bsp.a(alt_do_ctors.o)
 .debug_line    0x0000000000001c40       0x59 ../License_not_Found_bsp/\libhal_bsp.a(alt_do_dtors.o)
 .debug_line    0x0000000000001c99       0x51 ../License_not_Found_bsp/\libhal_bsp.a(alt_errno.o)
 .debug_line    0x0000000000001cea       0x4f ../License_not_Found_bsp/\libhal_bsp.a(alt_icache_flush_all.o)
 .debug_line    0x0000000000001d39      0x12d ../License_not_Found_bsp/\libhal_bsp.a(alt_io_redirect.o)
 .debug_line    0x0000000000001e66      0x12d ../License_not_Found_bsp/\libhal_bsp.a(alt_open.o)
 .debug_line    0x0000000000001f93       0xb0 ../License_not_Found_bsp/\libhal_bsp.a(alt_release_fd.o)
 .debug_line    0x0000000000002043       0x51 ../License_not_Found_bsp/\libhal_bsp.a(altera_nios2_gen2_irq.o)
 .debug_line    0x0000000000002094       0xb5 ../License_not_Found_bsp/\libhal_bsp.a(alt_find_dev.o)
 .debug_line    0x0000000000002149       0xd1 ../License_not_Found_bsp/\libhal_bsp.a(alt_find_file.o)
 .debug_line    0x000000000000221a       0xd8 ../License_not_Found_bsp/\libhal_bsp.a(alt_get_fd.o)
 .debug_line    0x00000000000022f2       0xea c:/altera/15.0/nios2eds/bin/gnu/h-x86_64-mingw32/bin/../lib/gcc/nios2-elf/4.9.1/../../../../../H-x86_64-mingw32/nios2-elf/lib/mno-hw-mul\libsmallc.a(lib_a-atexit.o)
 .debug_line    0x00000000000023dc      0x15a c:/altera/15.0/nios2eds/bin/gnu/h-x86_64-mingw32/bin/../lib/gcc/nios2-elf/4.9.1/../../../../../H-x86_64-mingw32/nios2-elf/lib/mno-hw-mul\libsmallc.a(lib_a-exit.o)
 .debug_line    0x0000000000002536      0x162 c:/altera/15.0/nios2eds/bin/gnu/h-x86_64-mingw32/bin/../lib/gcc/nios2-elf/4.9.1/../../../../../H-x86_64-mingw32/nios2-elf/lib/mno-hw-mul\libsmallc.a(lib_a-memcmp.o)
 .debug_line    0x0000000000002698      0x214 c:/altera/15.0/nios2eds/bin/gnu/h-x86_64-mingw32/bin/../lib/gcc/nios2-elf/4.9.1/../../../../../H-x86_64-mingw32/nios2-elf/lib/mno-hw-mul\libsmallc.a(lib_a-__atexit.o)
 .debug_line    0x00000000000028ac      0x252 c:/altera/15.0/nios2eds/bin/gnu/h-x86_64-mingw32/bin/../lib/gcc/nios2-elf/4.9.1/../../../../../H-x86_64-mingw32/nios2-elf/lib/mno-hw-mul\libsmallc.a(lib_a-__call_atexit.o)
 .debug_line    0x0000000000002afe       0x71 ../License_not_Found_bsp/\libhal_bsp.a(alt_exit.o)

.debug_frame    0x0000000000000000      0xa20
 *(.debug_frame)
 .debug_frame   0x0000000000000000       0x58 obj/default/main.o
 .debug_frame   0x0000000000000058       0x20 c:/altera/15.0/nios2eds/bin/gnu/h-x86_64-mingw32/bin/../lib/gcc/nios2-elf/4.9.1/mno-hw-mul\libgcc.a(lib2-mul.o)
 .debug_frame   0x0000000000000078       0x48 c:/altera/15.0/nios2eds/bin/gnu/h-x86_64-mingw32/bin/../lib/gcc/nios2-elf/4.9.1/../../../../../H-x86_64-mingw32/nios2-elf/lib/mno-hw-mul\libsmallc.a(lib_a-printf.o)
 .debug_frame   0x00000000000000c0       0x8c c:/altera/15.0/nios2eds/bin/gnu/h-x86_64-mingw32/bin/../lib/gcc/nios2-elf/4.9.1/../../../../../H-x86_64-mingw32/nios2-elf/lib/mno-hw-mul\libsmallc.a(lib_a-vfprintf.o)
 .debug_frame   0x000000000000014c       0x40 c:/altera/15.0/nios2eds/bin/gnu/h-x86_64-mingw32/bin/../lib/gcc/nios2-elf/4.9.1/../../../../../H-x86_64-mingw32/nios2-elf/lib/mno-hw-mul\libsmallc.a(lib_a-fvwrite_small_dev.o)
 .debug_frame   0x000000000000018c       0x20 c:/altera/15.0/nios2eds/bin/gnu/h-x86_64-mingw32/bin/../lib/gcc/nios2-elf/4.9.1/../../../../../H-x86_64-mingw32/nios2-elf/lib/mno-hw-mul\libsmallc.a(lib_a-strlen.o)
 .debug_frame   0x00000000000001ac       0x38 c:/altera/15.0/nios2eds/bin/gnu/h-x86_64-mingw32/bin/../lib/gcc/nios2-elf/4.9.1/../../../../../H-x86_64-mingw32/nios2-elf/lib/mno-hw-mul\libsmallc.a(lib_a-writer.o)
 .debug_frame   0x00000000000001e4       0x8c c:/altera/15.0/nios2eds/bin/gnu/h-x86_64-mingw32/bin/../lib/gcc/nios2-elf/4.9.1/mno-hw-mul\libgcc.a(lib2-divmod.o)
 .debug_frame   0x0000000000000270       0x5c ../License_not_Found_bsp/\libhal_bsp.a(alt_load.o)
 .debug_frame   0x00000000000002cc       0x2c ../License_not_Found_bsp/\libhal_bsp.a(alt_main.o)
 .debug_frame   0x00000000000002f8       0x38 ../License_not_Found_bsp/\libhal_bsp.a(alt_usleep.o)
 .debug_frame   0x0000000000000330       0x60 ../License_not_Found_bsp/\libhal_bsp.a(alt_write.o)
 .debug_frame   0x0000000000000390       0x88 ../License_not_Found_bsp/\libhal_bsp.a(alt_sys_init.o)
 .debug_frame   0x0000000000000418       0x60 ../License_not_Found_bsp/\libhal_bsp.a(altera_avalon_jtag_uart_fd.o)
 .debug_frame   0x0000000000000478       0x34 ../License_not_Found_bsp/\libhal_bsp.a(altera_avalon_jtag_uart_read.o)
 .debug_frame   0x00000000000004ac       0x34 ../License_not_Found_bsp/\libhal_bsp.a(altera_avalon_jtag_uart_write.o)
 .debug_frame   0x00000000000004e0       0x38 ../License_not_Found_bsp/\libhal_bsp.a(alt_busy_sleep.o)
 .debug_frame   0x0000000000000518       0x60 ../License_not_Found_bsp/\libhal_bsp.a(alt_close.o)
 .debug_frame   0x0000000000000578       0x34 ../License_not_Found_bsp/\libhal_bsp.a(alt_dcache_flush_all.o)
 .debug_frame   0x00000000000005ac       0x34 ../License_not_Found_bsp/\libhal_bsp.a(alt_dev.o)
 .debug_frame   0x00000000000005e0       0x60 ../License_not_Found_bsp/\libhal_bsp.a(alt_dev_llist_insert.o)
 .debug_frame   0x0000000000000640       0x38 ../License_not_Found_bsp/\libhal_bsp.a(alt_do_ctors.o)
 .debug_frame   0x0000000000000678       0x38 ../License_not_Found_bsp/\libhal_bsp.a(alt_do_dtors.o)
 .debug_frame   0x00000000000006b0       0x34 ../License_not_Found_bsp/\libhal_bsp.a(alt_icache_flush_all.o)
 .debug_frame   0x00000000000006e4       0x64 ../License_not_Found_bsp/\libhal_bsp.a(alt_io_redirect.o)
 .debug_frame   0x0000000000000748       0x8c ../License_not_Found_bsp/\libhal_bsp.a(alt_open.o)
 .debug_frame   0x00000000000007d4       0x3c ../License_not_Found_bsp/\libhal_bsp.a(alt_release_fd.o)
 .debug_frame   0x0000000000000810       0x34 ../License_not_Found_bsp/\libhal_bsp.a(altera_nios2_gen2_irq.o)
 .debug_frame   0x0000000000000844       0x38 ../License_not_Found_bsp/\libhal_bsp.a(alt_find_dev.o)
 .debug_frame   0x000000000000087c       0x38 ../License_not_Found_bsp/\libhal_bsp.a(alt_find_file.o)
 .debug_frame   0x00000000000008b4       0x3c ../License_not_Found_bsp/\libhal_bsp.a(alt_get_fd.o)
 .debug_frame   0x00000000000008f0       0x20 c:/altera/15.0/nios2eds/bin/gnu/h-x86_64-mingw32/bin/../lib/gcc/nios2-elf/4.9.1/../../../../../H-x86_64-mingw32/nios2-elf/lib/mno-hw-mul\libsmallc.a(lib_a-atexit.o)
 .debug_frame   0x0000000000000910       0x28 c:/altera/15.0/nios2eds/bin/gnu/h-x86_64-mingw32/bin/../lib/gcc/nios2-elf/4.9.1/../../../../../H-x86_64-mingw32/nios2-elf/lib/mno-hw-mul\libsmallc.a(lib_a-exit.o)
 .debug_frame   0x0000000000000938       0x20 c:/altera/15.0/nios2eds/bin/gnu/h-x86_64-mingw32/bin/../lib/gcc/nios2-elf/4.9.1/../../../../../H-x86_64-mingw32/nios2-elf/lib/mno-hw-mul\libsmallc.a(lib_a-memcmp.o)
 .debug_frame   0x0000000000000958       0x48 c:/altera/15.0/nios2eds/bin/gnu/h-x86_64-mingw32/bin/../lib/gcc/nios2-elf/4.9.1/../../../../../H-x86_64-mingw32/nios2-elf/lib/mno-hw-mul\libsmallc.a(lib_a-__atexit.o)
 .debug_frame   0x00000000000009a0       0x54 c:/altera/15.0/nios2eds/bin/gnu/h-x86_64-mingw32/bin/../lib/gcc/nios2-elf/4.9.1/../../../../../H-x86_64-mingw32/nios2-elf/lib/mno-hw-mul\libsmallc.a(lib_a-__call_atexit.o)
 .debug_frame   0x00000000000009f4       0x2c ../License_not_Found_bsp/\libhal_bsp.a(alt_exit.o)

.debug_str      0x0000000000000000     0x1873
 *(.debug_str)
 .debug_str     0x0000000000000000      0x2a3 obj/default/main.o
                                        0x317 (size before relaxing)
 .debug_str     0x00000000000002a3      0x146 c:/altera/15.0/nios2eds/bin/gnu/h-x86_64-mingw32/bin/../lib/gcc/nios2-elf/4.9.1/mno-hw-mul\libgcc.a(lib2-mul.o)
                                        0x191 (size before relaxing)
 .debug_str     0x00000000000003e9      0x3f9 c:/altera/15.0/nios2eds/bin/gnu/h-x86_64-mingw32/bin/../lib/gcc/nios2-elf/4.9.1/../../../../../H-x86_64-mingw32/nios2-elf/lib/mno-hw-mul\libsmallc.a(lib_a-printf.o)
                                        0x4cd (size before relaxing)
 .debug_str     0x00000000000007e2      0x1db c:/altera/15.0/nios2eds/bin/gnu/h-x86_64-mingw32/bin/../lib/gcc/nios2-elf/4.9.1/../../../../../H-x86_64-mingw32/nios2-elf/lib/mno-hw-mul\libsmallc.a(lib_a-vfprintf.o)
                                        0x65b (size before relaxing)
 .debug_str     0x00000000000009bd       0x82 c:/altera/15.0/nios2eds/bin/gnu/h-x86_64-mingw32/bin/../lib/gcc/nios2-elf/4.9.1/../../../../../H-x86_64-mingw32/nios2-elf/lib/mno-hw-mul\libsmallc.a(lib_a-fvwrite_small_dev.o)
                                        0x4a8 (size before relaxing)
 .debug_str     0x0000000000000a3f       0xf0 c:/altera/15.0/nios2eds/bin/gnu/h-x86_64-mingw32/bin/../lib/gcc/nios2-elf/4.9.1/../../../../../H-x86_64-mingw32/nios2-elf/lib/mno-hw-mul\libsmallc.a(lib_a-impure.o)
                                        0x482 (size before relaxing)
 .debug_str     0x0000000000000b2f       0xd3 c:/altera/15.0/nios2eds/bin/gnu/h-x86_64-mingw32/bin/../lib/gcc/nios2-elf/4.9.1/../../../../../H-x86_64-mingw32/nios2-elf/lib/mno-hw-mul\libsmallc.a(lib_a-strlen.o)
                                        0x1a9 (size before relaxing)
 .debug_str     0x0000000000000c02       0x3d c:/altera/15.0/nios2eds/bin/gnu/h-x86_64-mingw32/bin/../lib/gcc/nios2-elf/4.9.1/../../../../../H-x86_64-mingw32/nios2-elf/lib/mno-hw-mul\libsmallc.a(lib_a-writer.o)
                                        0x47c (size before relaxing)
 .debug_str     0x0000000000000c3f       0x40 c:/altera/15.0/nios2eds/bin/gnu/h-x86_64-mingw32/bin/../lib/gcc/nios2-elf/4.9.1/../../../../../H-x86_64-mingw32/nios2-elf/lib/mno-hw-mul\libsmallc.a(lib_a-int_errno.o)
                                        0x19c (size before relaxing)
 .debug_str     0x0000000000000c7f       0x7f c:/altera/15.0/nios2eds/bin/gnu/h-x86_64-mingw32/bin/../lib/gcc/nios2-elf/4.9.1/mno-hw-mul\libgcc.a(lib2-divmod.o)
                                        0x1d0 (size before relaxing)
 .debug_str     0x0000000000000cfe      0x13c ../License_not_Found_bsp/\libhal_bsp.a(alt_load.o)
                                        0x206 (size before relaxing)
 .debug_str     0x0000000000000e3a       0x70 ../License_not_Found_bsp/\libhal_bsp.a(alt_main.o)
                                        0x191 (size before relaxing)
 .debug_str     0x0000000000000eaa       0x20 ../License_not_Found_bsp/\libhal_bsp.a(alt_usleep.o)
                                        0x13c (size before relaxing)
 .debug_str     0x0000000000000eca      0x15f ../License_not_Found_bsp/\libhal_bsp.a(alt_write.o)
                                        0x2ec (size before relaxing)
 .debug_str     0x0000000000001029      0x138 ../License_not_Found_bsp/\libhal_bsp.a(alt_sys_init.o)
                                        0x300 (size before relaxing)
 .debug_str     0x0000000000001161       0x77 ../License_not_Found_bsp/\libhal_bsp.a(altera_avalon_jtag_uart_fd.o)
                                        0x2c9 (size before relaxing)
 .debug_str     0x00000000000011d8       0x48 ../License_not_Found_bsp/\libhal_bsp.a(altera_avalon_jtag_uart_read.o)
                                        0x213 (size before relaxing)
 .debug_str     0x0000000000001220       0x4a ../License_not_Found_bsp/\libhal_bsp.a(altera_avalon_jtag_uart_write.o)
                                        0x209 (size before relaxing)
 .debug_str     0x000000000000126a       0x27 ../License_not_Found_bsp/\libhal_bsp.a(altera_avalon_timer_vars.o)
                                        0x1ad (size before relaxing)
 .debug_str     0x0000000000001291       0x42 ../License_not_Found_bsp/\libhal_bsp.a(alt_busy_sleep.o)
                                        0x15f (size before relaxing)
 .debug_str     0x00000000000012d3       0x1b ../License_not_Found_bsp/\libhal_bsp.a(alt_close.o)
                                        0x1ff (size before relaxing)
 .debug_str     0x00000000000012ee       0x34 ../License_not_Found_bsp/\libhal_bsp.a(alt_dcache_flush_all.o)
                                        0x149 (size before relaxing)
 .debug_str     0x0000000000001322       0x50 ../License_not_Found_bsp/\libhal_bsp.a(alt_dev.o)
                                        0x2f9 (size before relaxing)
 .debug_str     0x0000000000001372       0x4b ../License_not_Found_bsp/\libhal_bsp.a(alt_dev_llist_insert.o)
                                        0x1c0 (size before relaxing)
 .debug_str     0x00000000000013bd       0x48 ../License_not_Found_bsp/\libhal_bsp.a(alt_do_ctors.o)
                                         0xd0 (size before relaxing)
 .debug_str     0x0000000000001405       0x4c ../License_not_Found_bsp/\libhal_bsp.a(alt_do_dtors.o)
                                         0xcf (size before relaxing)
 .debug_str     0x0000000000001451       0x14 ../License_not_Found_bsp/\libhal_bsp.a(alt_errno.o)
                                        0x139 (size before relaxing)
 .debug_str     0x0000000000001465       0x34 ../License_not_Found_bsp/\libhal_bsp.a(alt_icache_flush_all.o)
                                        0x149 (size before relaxing)
 .debug_str     0x0000000000001499       0x56 ../License_not_Found_bsp/\libhal_bsp.a(alt_io_redirect.o)
                                        0x30a (size before relaxing)
 .debug_str     0x00000000000014ef       0x2f ../License_not_Found_bsp/\libhal_bsp.a(alt_open.o)
                                        0x23f (size before relaxing)
 .debug_str     0x000000000000151e       0x28 ../License_not_Found_bsp/\libhal_bsp.a(alt_release_fd.o)
                                        0x1d3 (size before relaxing)
 .debug_str     0x0000000000001546       0x3b ../License_not_Found_bsp/\libhal_bsp.a(altera_nios2_gen2_irq.o)
                                        0x150 (size before relaxing)
 .debug_str     0x0000000000001581       0x24 ../License_not_Found_bsp/\libhal_bsp.a(alt_find_dev.o)
                                        0x1e0 (size before relaxing)
 .debug_str     0x00000000000015a5       0x26 ../License_not_Found_bsp/\libhal_bsp.a(alt_find_file.o)
                                        0x1ee (size before relaxing)
 .debug_str     0x00000000000015cb       0x30 ../License_not_Found_bsp/\libhal_bsp.a(alt_get_fd.o)
                                        0x210 (size before relaxing)
 .debug_str     0x00000000000015fb      0x117 c:/altera/15.0/nios2eds/bin/gnu/h-x86_64-mingw32/bin/../lib/gcc/nios2-elf/4.9.1/../../../../../H-x86_64-mingw32/nios2-elf/lib/mno-hw-mul\libsmallc.a(lib_a-atexit.o)
                                        0x1e0 (size before relaxing)
 .debug_str     0x0000000000001712       0x4d c:/altera/15.0/nios2eds/bin/gnu/h-x86_64-mingw32/bin/../lib/gcc/nios2-elf/4.9.1/../../../../../H-x86_64-mingw32/nios2-elf/lib/mno-hw-mul\libsmallc.a(lib_a-exit.o)
                                        0x1b4 (size before relaxing)
 .debug_str     0x000000000000175f       0x45 c:/altera/15.0/nios2eds/bin/gnu/h-x86_64-mingw32/bin/../lib/gcc/nios2-elf/4.9.1/../../../../../H-x86_64-mingw32/nios2-elf/lib/mno-hw-mul\libsmallc.a(lib_a-memcmp.o)
                                        0x1a3 (size before relaxing)
 .debug_str     0x00000000000017a4       0x55 c:/altera/15.0/nios2eds/bin/gnu/h-x86_64-mingw32/bin/../lib/gcc/nios2-elf/4.9.1/../../../../../H-x86_64-mingw32/nios2-elf/lib/mno-hw-mul\libsmallc.a(lib_a-__atexit.o)
                                        0x4d8 (size before relaxing)
 .debug_str     0x00000000000017f9       0x50 c:/altera/15.0/nios2eds/bin/gnu/h-x86_64-mingw32/bin/../lib/gcc/nios2-elf/4.9.1/../../../../../H-x86_64-mingw32/nios2-elf/lib/mno-hw-mul\libsmallc.a(lib_a-__call_atexit.o)
                                        0x4a1 (size before relaxing)
 .debug_str     0x0000000000001849       0x2a ../License_not_Found_bsp/\libhal_bsp.a(alt_exit.o)
                                        0x145 (size before relaxing)

.debug_loc      0x0000000000000000     0x12bf
 *(.debug_loc)
 .debug_loc     0x0000000000000000       0x93 c:/altera/15.0/nios2eds/bin/gnu/h-x86_64-mingw32/bin/../lib/gcc/nios2-elf/4.9.1/mno-hw-mul\libgcc.a(lib2-mul.o)
 .debug_loc     0x0000000000000093       0xc6 c:/altera/15.0/nios2eds/bin/gnu/h-x86_64-mingw32/bin/../lib/gcc/nios2-elf/4.9.1/../../../../../H-x86_64-mingw32/nios2-elf/lib/mno-hw-mul\libsmallc.a(lib_a-printf.o)
 .debug_loc     0x0000000000000159      0xa34 c:/altera/15.0/nios2eds/bin/gnu/h-x86_64-mingw32/bin/../lib/gcc/nios2-elf/4.9.1/../../../../../H-x86_64-mingw32/nios2-elf/lib/mno-hw-mul\libsmallc.a(lib_a-vfprintf.o)
 .debug_loc     0x0000000000000b8d       0xbd c:/altera/15.0/nios2eds/bin/gnu/h-x86_64-mingw32/bin/../lib/gcc/nios2-elf/4.9.1/../../../../../H-x86_64-mingw32/nios2-elf/lib/mno-hw-mul\libsmallc.a(lib_a-fvwrite_small_dev.o)
 .debug_loc     0x0000000000000c4a       0x1e c:/altera/15.0/nios2eds/bin/gnu/h-x86_64-mingw32/bin/../lib/gcc/nios2-elf/4.9.1/../../../../../H-x86_64-mingw32/nios2-elf/lib/mno-hw-mul\libsmallc.a(lib_a-strlen.o)
 .debug_loc     0x0000000000000c68       0xa5 c:/altera/15.0/nios2eds/bin/gnu/h-x86_64-mingw32/bin/../lib/gcc/nios2-elf/4.9.1/../../../../../H-x86_64-mingw32/nios2-elf/lib/mno-hw-mul\libsmallc.a(lib_a-writer.o)
 .debug_loc     0x0000000000000d0d      0x273 c:/altera/15.0/nios2eds/bin/gnu/h-x86_64-mingw32/bin/../lib/gcc/nios2-elf/4.9.1/mno-hw-mul\libgcc.a(lib2-divmod.o)
 .debug_loc     0x0000000000000f80       0x2c c:/altera/15.0/nios2eds/bin/gnu/h-x86_64-mingw32/bin/../lib/gcc/nios2-elf/4.9.1/../../../../../H-x86_64-mingw32/nios2-elf/lib/mno-hw-mul\libsmallc.a(lib_a-atexit.o)
 .debug_loc     0x0000000000000fac       0x1e c:/altera/15.0/nios2eds/bin/gnu/h-x86_64-mingw32/bin/../lib/gcc/nios2-elf/4.9.1/../../../../../H-x86_64-mingw32/nios2-elf/lib/mno-hw-mul\libsmallc.a(lib_a-exit.o)
 .debug_loc     0x0000000000000fca       0x94 c:/altera/15.0/nios2eds/bin/gnu/h-x86_64-mingw32/bin/../lib/gcc/nios2-elf/4.9.1/../../../../../H-x86_64-mingw32/nios2-elf/lib/mno-hw-mul\libsmallc.a(lib_a-memcmp.o)
 .debug_loc     0x000000000000105e      0x15c c:/altera/15.0/nios2eds/bin/gnu/h-x86_64-mingw32/bin/../lib/gcc/nios2-elf/4.9.1/../../../../../H-x86_64-mingw32/nios2-elf/lib/mno-hw-mul\libsmallc.a(lib_a-__atexit.o)
 .debug_loc     0x00000000000011ba      0x105 c:/altera/15.0/nios2eds/bin/gnu/h-x86_64-mingw32/bin/../lib/gcc/nios2-elf/4.9.1/../../../../../H-x86_64-mingw32/nios2-elf/lib/mno-hw-mul\libsmallc.a(lib_a-__call_atexit.o)

.debug_macinfo
 *(.debug_macinfo)

.debug_weaknames
 *(.debug_weaknames)

.debug_funcnames
 *(.debug_funcnames)

.debug_typenames
 *(.debug_typenames)

.debug_varnames
 *(.debug_varnames)

.debug_alt_sim_info
                0x0000000000000000       0x40
 *(.debug_alt_sim_info)
 .debug_alt_sim_info
                0x0000000000000000       0x10 ../License_not_Found_bsp//obj/HAL/src/crt0.o
 .debug_alt_sim_info
                0x0000000000000010       0x30 ../License_not_Found_bsp/\libhal_bsp.a(alt_busy_sleep.o)
                0x000000000000ce20                __alt_data_end = 0xce20
                0x000000000000ce20                PROVIDE (__alt_stack_pointer, __alt_data_end)
                0x000000000000ad28                PROVIDE (__alt_stack_limit, __alt_stack_base)
                0x000000000000ad28                PROVIDE (__alt_heap_start, end)
                0x000000000000ce20                PROVIDE (__alt_heap_limit, 0xce20)
OUTPUT(License_not_Found.elf elf32-littlenios2)

.debug_ranges   0x0000000000000000       0xf0
 .debug_ranges  0x0000000000000000       0x20 ../License_not_Found_bsp//obj/HAL/src/crt0.o
 .debug_ranges  0x0000000000000020       0xb8 c:/altera/15.0/nios2eds/bin/gnu/h-x86_64-mingw32/bin/../lib/gcc/nios2-elf/4.9.1/../../../../../H-x86_64-mingw32/nios2-elf/lib/mno-hw-mul\libsmallc.a(lib_a-vfprintf.o)
 .debug_ranges  0x00000000000000d8       0x18 c:/altera/15.0/nios2eds/bin/gnu/h-x86_64-mingw32/bin/../lib/gcc/nios2-elf/4.9.1/../../../../../H-x86_64-mingw32/nios2-elf/lib/mno-hw-mul\libsmallc.a(lib_a-fvwrite_small_dev.o)
