------------------------------------------------------------
TimeQuest Timing Analyzer Summary
------------------------------------------------------------

Type  : Slow 1200mV 85C Model Setup 'MTL_PLL_inst|altpll_component|auto_generated|pll1|clk[0]'
Slack : -22.849
TNS   : -29286.501

Type  : Slow 1200mV 85C Model Setup 'RAM_PLL_inst|altpll_component|auto_generated|pll1|clk[0]'
Slack : -2.954
TNS   : -120.278

Type  : Slow 1200mV 85C Model Setup 'CLOCK_50'
Slack : -2.205
TNS   : -53.644

Type  : Slow 1200mV 85C Model Setup 'altera_reserved_tck'
Slack : 46.979
TNS   : 0.000

Type  : Slow 1200mV 85C Model Hold 'CLOCK_50'
Slack : 0.081
TNS   : 0.000

Type  : Slow 1200mV 85C Model Hold 'MTL_PLL_inst|altpll_component|auto_generated|pll1|clk[0]'
Slack : 0.317
TNS   : 0.000

Type  : Slow 1200mV 85C Model Hold 'RAM_PLL_inst|altpll_component|auto_generated|pll1|clk[0]'
Slack : 0.344
TNS   : 0.000

Type  : Slow 1200mV 85C Model Hold 'altera_reserved_tck'
Slack : 0.357
TNS   : 0.000

Type  : Slow 1200mV 85C Model Recovery 'MTL_PLL_inst|altpll_component|auto_generated|pll1|clk[0]'
Slack : -3.817
TNS   : -173.555

Type  : Slow 1200mV 85C Model Recovery 'RAM_PLL_inst|altpll_component|auto_generated|pll1|clk[0]'
Slack : -2.375
TNS   : -4.750

Type  : Slow 1200mV 85C Model Recovery 'CLOCK_50'
Slack : 16.529
TNS   : 0.000

Type  : Slow 1200mV 85C Model Recovery 'altera_reserved_tck'
Slack : 48.530
TNS   : 0.000

Type  : Slow 1200mV 85C Model Removal 'altera_reserved_tck'
Slack : 0.885
TNS   : 0.000

Type  : Slow 1200mV 85C Model Removal 'RAM_PLL_inst|altpll_component|auto_generated|pll1|clk[0]'
Slack : 0.895
TNS   : 0.000

Type  : Slow 1200mV 85C Model Removal 'CLOCK_50'
Slack : 2.468
TNS   : 0.000

Type  : Slow 1200mV 85C Model Removal 'MTL_PLL_inst|altpll_component|auto_generated|pll1|clk[0]'
Slack : 2.839
TNS   : 0.000

Type  : Slow 1200mV 85C Model Minimum Pulse Width 'RAM_PLL_inst|altpll_component|auto_generated|pll1|clk[0]'
Slack : 4.746
TNS   : 0.000

Type  : Slow 1200mV 85C Model Minimum Pulse Width 'CLOCK_50'
Slack : 9.481
TNS   : 0.000

Type  : Slow 1200mV 85C Model Minimum Pulse Width 'MTL_PLL_inst|altpll_component|auto_generated|pll1|clk[0]'
Slack : 14.899
TNS   : 0.000

Type  : Slow 1200mV 85C Model Minimum Pulse Width 'altera_reserved_tck'
Slack : 49.546
TNS   : 0.000

Type  : Slow 1200mV 0C Model Setup 'MTL_PLL_inst|altpll_component|auto_generated|pll1|clk[0]'
Slack : -20.280
TNS   : -25796.827

Type  : Slow 1200mV 0C Model Setup 'RAM_PLL_inst|altpll_component|auto_generated|pll1|clk[0]'
Slack : -2.648
TNS   : -107.201

Type  : Slow 1200mV 0C Model Setup 'CLOCK_50'
Slack : -1.902
TNS   : -46.812

Type  : Slow 1200mV 0C Model Setup 'altera_reserved_tck'
Slack : 47.353
TNS   : 0.000

Type  : Slow 1200mV 0C Model Hold 'CLOCK_50'
Slack : 0.106
TNS   : 0.000

Type  : Slow 1200mV 0C Model Hold 'MTL_PLL_inst|altpll_component|auto_generated|pll1|clk[0]'
Slack : 0.293
TNS   : 0.000

Type  : Slow 1200mV 0C Model Hold 'RAM_PLL_inst|altpll_component|auto_generated|pll1|clk[0]'
Slack : 0.299
TNS   : 0.000

Type  : Slow 1200mV 0C Model Hold 'altera_reserved_tck'
Slack : 0.310
TNS   : 0.000

Type  : Slow 1200mV 0C Model Recovery 'MTL_PLL_inst|altpll_component|auto_generated|pll1|clk[0]'
Slack : -3.300
TNS   : -150.010

Type  : Slow 1200mV 0C Model Recovery 'RAM_PLL_inst|altpll_component|auto_generated|pll1|clk[0]'
Slack : -2.092
TNS   : -4.184

Type  : Slow 1200mV 0C Model Recovery 'CLOCK_50'
Slack : 16.919
TNS   : 0.000

Type  : Slow 1200mV 0C Model Recovery 'altera_reserved_tck'
Slack : 48.765
TNS   : 0.000

Type  : Slow 1200mV 0C Model Removal 'altera_reserved_tck'
Slack : 0.790
TNS   : 0.000

Type  : Slow 1200mV 0C Model Removal 'RAM_PLL_inst|altpll_component|auto_generated|pll1|clk[0]'
Slack : 0.805
TNS   : 0.000

Type  : Slow 1200mV 0C Model Removal 'CLOCK_50'
Slack : 2.212
TNS   : 0.000

Type  : Slow 1200mV 0C Model Removal 'MTL_PLL_inst|altpll_component|auto_generated|pll1|clk[0]'
Slack : 2.528
TNS   : 0.000

Type  : Slow 1200mV 0C Model Minimum Pulse Width 'RAM_PLL_inst|altpll_component|auto_generated|pll1|clk[0]'
Slack : 4.742
TNS   : 0.000

Type  : Slow 1200mV 0C Model Minimum Pulse Width 'CLOCK_50'
Slack : 9.484
TNS   : 0.000

Type  : Slow 1200mV 0C Model Minimum Pulse Width 'MTL_PLL_inst|altpll_component|auto_generated|pll1|clk[0]'
Slack : 14.889
TNS   : 0.000

Type  : Slow 1200mV 0C Model Minimum Pulse Width 'altera_reserved_tck'
Slack : 49.495
TNS   : 0.000

Type  : Fast 1200mV 0C Model Setup 'MTL_PLL_inst|altpll_component|auto_generated|pll1|clk[0]'
Slack : -12.486
TNS   : -16193.598

Type  : Fast 1200mV 0C Model Setup 'RAM_PLL_inst|altpll_component|auto_generated|pll1|clk[0]'
Slack : -1.616
TNS   : -65.808

Type  : Fast 1200mV 0C Model Setup 'CLOCK_50'
Slack : -1.009
TNS   : -26.546

Type  : Fast 1200mV 0C Model Setup 'altera_reserved_tck'
Slack : 48.601
TNS   : 0.000

Type  : Fast 1200mV 0C Model Hold 'CLOCK_50'
Slack : -0.097
TNS   : -0.097

Type  : Fast 1200mV 0C Model Hold 'MTL_PLL_inst|altpll_component|auto_generated|pll1|clk[0]'
Slack : 0.162
TNS   : 0.000

Type  : Fast 1200mV 0C Model Hold 'RAM_PLL_inst|altpll_component|auto_generated|pll1|clk[0]'
Slack : 0.179
TNS   : 0.000

Type  : Fast 1200mV 0C Model Hold 'altera_reserved_tck'
Slack : 0.187
TNS   : 0.000

Type  : Fast 1200mV 0C Model Recovery 'MTL_PLL_inst|altpll_component|auto_generated|pll1|clk[0]'
Slack : -2.040
TNS   : -91.996

Type  : Fast 1200mV 0C Model Recovery 'RAM_PLL_inst|altpll_component|auto_generated|pll1|clk[0]'
Slack : -1.320
TNS   : -2.640

Type  : Fast 1200mV 0C Model Recovery 'CLOCK_50'
Slack : 17.940
TNS   : 0.000

Type  : Fast 1200mV 0C Model Recovery 'altera_reserved_tck'
Slack : 49.476
TNS   : 0.000

Type  : Fast 1200mV 0C Model Removal 'RAM_PLL_inst|altpll_component|auto_generated|pll1|clk[0]'
Slack : 0.489
TNS   : 0.000

Type  : Fast 1200mV 0C Model Removal 'altera_reserved_tck'
Slack : 0.496
TNS   : 0.000

Type  : Fast 1200mV 0C Model Removal 'CLOCK_50'
Slack : 1.446
TNS   : 0.000

Type  : Fast 1200mV 0C Model Removal 'MTL_PLL_inst|altpll_component|auto_generated|pll1|clk[0]'
Slack : 1.567
TNS   : 0.000

Type  : Fast 1200mV 0C Model Minimum Pulse Width 'RAM_PLL_inst|altpll_component|auto_generated|pll1|clk[0]'
Slack : 4.753
TNS   : 0.000

Type  : Fast 1200mV 0C Model Minimum Pulse Width 'CLOCK_50'
Slack : 9.206
TNS   : 0.000

Type  : Fast 1200mV 0C Model Minimum Pulse Width 'MTL_PLL_inst|altpll_component|auto_generated|pll1|clk[0]'
Slack : 14.932
TNS   : 0.000

Type  : Fast 1200mV 0C Model Minimum Pulse Width 'altera_reserved_tck'
Slack : 49.313
TNS   : 0.000

------------------------------------------------------------
