------------------------------------------------------------
TimeQuest Timing Analyzer Summary
------------------------------------------------------------

Type  : Slow 1200mV 85C Model Setup 'MTL_PLL_inst|altpll_component|auto_generated|pll1|clk[0]'
Slack : -6.824
TNS   : -15179.855

Type  : Slow 1200mV 85C Model Setup 'RAM_PLL_inst|altpll_component|auto_generated|pll1|clk[0]'
Slack : -2.942
TNS   : -116.966

Type  : Slow 1200mV 85C Model Setup 'CLOCK_50'
Slack : -2.433
TNS   : -45.336

Type  : Slow 1200mV 85C Model Setup 'altera_reserved_tck'
Slack : 46.307
TNS   : 0.000

Type  : Slow 1200mV 85C Model Hold 'CLOCK_50'
Slack : -0.858
TNS   : -0.858

Type  : Slow 1200mV 85C Model Hold 'RAM_PLL_inst|altpll_component|auto_generated|pll1|clk[0]'
Slack : 0.290
TNS   : 0.000

Type  : Slow 1200mV 85C Model Hold 'MTL_PLL_inst|altpll_component|auto_generated|pll1|clk[0]'
Slack : 0.342
TNS   : 0.000

Type  : Slow 1200mV 85C Model Hold 'altera_reserved_tck'
Slack : 0.358
TNS   : 0.000

Type  : Slow 1200mV 85C Model Recovery 'MTL_PLL_inst|altpll_component|auto_generated|pll1|clk[0]'
Slack : -5.183
TNS   : -234.535

Type  : Slow 1200mV 85C Model Recovery 'RAM_PLL_inst|altpll_component|auto_generated|pll1|clk[0]'
Slack : -2.256
TNS   : -4.512

Type  : Slow 1200mV 85C Model Recovery 'CLOCK_50'
Slack : 4.610
TNS   : 0.000

Type  : Slow 1200mV 85C Model Recovery 'altera_reserved_tck'
Slack : 47.679
TNS   : 0.000

Type  : Slow 1200mV 85C Model Removal 'CLOCK_50'
Slack : 0.873
TNS   : 0.000

Type  : Slow 1200mV 85C Model Removal 'altera_reserved_tck'
Slack : 1.073
TNS   : 0.000

Type  : Slow 1200mV 85C Model Removal 'RAM_PLL_inst|altpll_component|auto_generated|pll1|clk[0]'
Slack : 1.140
TNS   : 0.000

Type  : Slow 1200mV 85C Model Removal 'MTL_PLL_inst|altpll_component|auto_generated|pll1|clk[0]'
Slack : 1.184
TNS   : 0.000

Type  : Slow 1200mV 85C Model Minimum Pulse Width 'RAM_PLL_inst|altpll_component|auto_generated|pll1|clk[0]'
Slack : 4.739
TNS   : 0.000

Type  : Slow 1200mV 85C Model Minimum Pulse Width 'CLOCK_50'
Slack : 9.483
TNS   : 0.000

Type  : Slow 1200mV 85C Model Minimum Pulse Width 'MTL_PLL_inst|altpll_component|auto_generated|pll1|clk[0]'
Slack : 14.896
TNS   : 0.000

Type  : Slow 1200mV 85C Model Minimum Pulse Width 'altera_reserved_tck'
Slack : 49.541
TNS   : 0.000

Type  : Slow 1200mV 0C Model Setup 'MTL_PLL_inst|altpll_component|auto_generated|pll1|clk[0]'
Slack : -6.000
TNS   : -13369.344

Type  : Slow 1200mV 0C Model Setup 'RAM_PLL_inst|altpll_component|auto_generated|pll1|clk[0]'
Slack : -2.629
TNS   : -104.591

Type  : Slow 1200mV 0C Model Setup 'CLOCK_50'
Slack : -2.186
TNS   : -39.873

Type  : Slow 1200mV 0C Model Setup 'altera_reserved_tck'
Slack : 46.777
TNS   : 0.000

Type  : Slow 1200mV 0C Model Hold 'CLOCK_50'
Slack : -0.731
TNS   : -0.731

Type  : Slow 1200mV 0C Model Hold 'RAM_PLL_inst|altpll_component|auto_generated|pll1|clk[0]'
Slack : 0.281
TNS   : 0.000

Type  : Slow 1200mV 0C Model Hold 'MTL_PLL_inst|altpll_component|auto_generated|pll1|clk[0]'
Slack : 0.297
TNS   : 0.000

Type  : Slow 1200mV 0C Model Hold 'altera_reserved_tck'
Slack : 0.311
TNS   : 0.000

Type  : Slow 1200mV 0C Model Recovery 'MTL_PLL_inst|altpll_component|auto_generated|pll1|clk[0]'
Slack : -4.586
TNS   : -205.290

Type  : Slow 1200mV 0C Model Recovery 'RAM_PLL_inst|altpll_component|auto_generated|pll1|clk[0]'
Slack : -1.989
TNS   : -3.978

Type  : Slow 1200mV 0C Model Recovery 'CLOCK_50'
Slack : 5.124
TNS   : 0.000

Type  : Slow 1200mV 0C Model Recovery 'altera_reserved_tck'
Slack : 47.972
TNS   : 0.000

Type  : Slow 1200mV 0C Model Removal 'CLOCK_50'
Slack : 0.787
TNS   : 0.000

Type  : Slow 1200mV 0C Model Removal 'altera_reserved_tck'
Slack : 0.975
TNS   : 0.000

Type  : Slow 1200mV 0C Model Removal 'RAM_PLL_inst|altpll_component|auto_generated|pll1|clk[0]'
Slack : 1.001
TNS   : 0.000

Type  : Slow 1200mV 0C Model Removal 'MTL_PLL_inst|altpll_component|auto_generated|pll1|clk[0]'
Slack : 1.064
TNS   : 0.000

Type  : Slow 1200mV 0C Model Minimum Pulse Width 'RAM_PLL_inst|altpll_component|auto_generated|pll1|clk[0]'
Slack : 4.732
TNS   : 0.000

Type  : Slow 1200mV 0C Model Minimum Pulse Width 'CLOCK_50'
Slack : 9.485
TNS   : 0.000

Type  : Slow 1200mV 0C Model Minimum Pulse Width 'MTL_PLL_inst|altpll_component|auto_generated|pll1|clk[0]'
Slack : 14.891
TNS   : 0.000

Type  : Slow 1200mV 0C Model Minimum Pulse Width 'altera_reserved_tck'
Slack : 49.501
TNS   : 0.000

Type  : Fast 1200mV 0C Model Setup 'MTL_PLL_inst|altpll_component|auto_generated|pll1|clk[0]'
Slack : -3.630
TNS   : -8296.485

Type  : Fast 1200mV 0C Model Setup 'RAM_PLL_inst|altpll_component|auto_generated|pll1|clk[0]'
Slack : -1.636
TNS   : -63.943

Type  : Fast 1200mV 0C Model Setup 'CLOCK_50'
Slack : -1.239
TNS   : -20.770

Type  : Fast 1200mV 0C Model Setup 'altera_reserved_tck'
Slack : 48.154
TNS   : 0.000

Type  : Fast 1200mV 0C Model Hold 'CLOCK_50'
Slack : -0.585
TNS   : -0.677

Type  : Fast 1200mV 0C Model Hold 'RAM_PLL_inst|altpll_component|auto_generated|pll1|clk[0]'
Slack : 0.136
TNS   : 0.000

Type  : Fast 1200mV 0C Model Hold 'MTL_PLL_inst|altpll_component|auto_generated|pll1|clk[0]'
Slack : 0.178
TNS   : 0.000

Type  : Fast 1200mV 0C Model Hold 'altera_reserved_tck'
Slack : 0.188
TNS   : 0.000

Type  : Fast 1200mV 0C Model Recovery 'MTL_PLL_inst|altpll_component|auto_generated|pll1|clk[0]'
Slack : -2.779
TNS   : -131.126

Type  : Fast 1200mV 0C Model Recovery 'RAM_PLL_inst|altpll_component|auto_generated|pll1|clk[0]'
Slack : -1.249
TNS   : -2.498

Type  : Fast 1200mV 0C Model Recovery 'CLOCK_50'
Slack : 7.199
TNS   : 0.000

Type  : Fast 1200mV 0C Model Recovery 'altera_reserved_tck'
Slack : 48.921
TNS   : 0.000

Type  : Fast 1200mV 0C Model Removal 'CLOCK_50'
Slack : 0.476
TNS   : 0.000

Type  : Fast 1200mV 0C Model Removal 'RAM_PLL_inst|altpll_component|auto_generated|pll1|clk[0]'
Slack : 0.579
TNS   : 0.000

Type  : Fast 1200mV 0C Model Removal 'altera_reserved_tck'
Slack : 0.580
TNS   : 0.000

Type  : Fast 1200mV 0C Model Removal 'MTL_PLL_inst|altpll_component|auto_generated|pll1|clk[0]'
Slack : 0.649
TNS   : 0.000

Type  : Fast 1200mV 0C Model Minimum Pulse Width 'RAM_PLL_inst|altpll_component|auto_generated|pll1|clk[0]'
Slack : 4.749
TNS   : 0.000

Type  : Fast 1200mV 0C Model Minimum Pulse Width 'CLOCK_50'
Slack : 9.204
TNS   : 0.000

Type  : Fast 1200mV 0C Model Minimum Pulse Width 'MTL_PLL_inst|altpll_component|auto_generated|pll1|clk[0]'
Slack : 14.901
TNS   : 0.000

Type  : Fast 1200mV 0C Model Minimum Pulse Width 'altera_reserved_tck'
Slack : 49.312
TNS   : 0.000

------------------------------------------------------------
