Archive member included to satisfy reference by file (symbol)

c:/altera/15.0/nios2eds/bin/gnu/h-x86_64-mingw32/bin/../lib/gcc/nios2-elf/4.9.1/mno-hw-mul\libgcc.a(lib2-mul.o)
                              obj/default/main.o (__mulsi3)
c:/altera/15.0/nios2eds/bin/gnu/h-x86_64-mingw32/bin/../lib/gcc/nios2-elf/4.9.1/../../../../../H-x86_64-mingw32/nios2-elf/lib/mno-hw-mul\libsmallc.a(lib_a-printf.o)
                              obj/default/main.o (printf)
c:/altera/15.0/nios2eds/bin/gnu/h-x86_64-mingw32/bin/../lib/gcc/nios2-elf/4.9.1/../../../../../H-x86_64-mingw32/nios2-elf/lib/mno-hw-mul\libsmallc.a(lib_a-vfprintf.o)
                              c:/altera/15.0/nios2eds/bin/gnu/h-x86_64-mingw32/bin/../lib/gcc/nios2-elf/4.9.1/../../../../../H-x86_64-mingw32/nios2-elf/lib/mno-hw-mul\libsmallc.a(lib_a-printf.o) (___vfprintf_internal_r)
c:/altera/15.0/nios2eds/bin/gnu/h-x86_64-mingw32/bin/../lib/gcc/nios2-elf/4.9.1/../../../../../H-x86_64-mingw32/nios2-elf/lib/mno-hw-mul\libsmallc.a(lib_a-fvwrite_small_dev.o)
                              c:/altera/15.0/nios2eds/bin/gnu/h-x86_64-mingw32/bin/../lib/gcc/nios2-elf/4.9.1/../../../../../H-x86_64-mingw32/nios2-elf/lib/mno-hw-mul\libsmallc.a(lib_a-printf.o) (__sfvwrite_small_dev)
c:/altera/15.0/nios2eds/bin/gnu/h-x86_64-mingw32/bin/../lib/gcc/nios2-elf/4.9.1/../../../../../H-x86_64-mingw32/nios2-elf/lib/mno-hw-mul\libsmallc.a(lib_a-impure.o)
                              c:/altera/15.0/nios2eds/bin/gnu/h-x86_64-mingw32/bin/../lib/gcc/nios2-elf/4.9.1/../../../../../H-x86_64-mingw32/nios2-elf/lib/mno-hw-mul\libsmallc.a(lib_a-printf.o) (_impure_ptr)
c:/altera/15.0/nios2eds/bin/gnu/h-x86_64-mingw32/bin/../lib/gcc/nios2-elf/4.9.1/../../../../../H-x86_64-mingw32/nios2-elf/lib/mno-hw-mul\libsmallc.a(lib_a-strlen.o)
                              c:/altera/15.0/nios2eds/bin/gnu/h-x86_64-mingw32/bin/../lib/gcc/nios2-elf/4.9.1/../../../../../H-x86_64-mingw32/nios2-elf/lib/mno-hw-mul\libsmallc.a(lib_a-vfprintf.o) (strlen)
c:/altera/15.0/nios2eds/bin/gnu/h-x86_64-mingw32/bin/../lib/gcc/nios2-elf/4.9.1/../../../../../H-x86_64-mingw32/nios2-elf/lib/mno-hw-mul\libsmallc.a(lib_a-writer.o)
                              c:/altera/15.0/nios2eds/bin/gnu/h-x86_64-mingw32/bin/../lib/gcc/nios2-elf/4.9.1/../../../../../H-x86_64-mingw32/nios2-elf/lib/mno-hw-mul\libsmallc.a(lib_a-fvwrite_small_dev.o) (_write_r)
c:/altera/15.0/nios2eds/bin/gnu/h-x86_64-mingw32/bin/../lib/gcc/nios2-elf/4.9.1/../../../../../H-x86_64-mingw32/nios2-elf/lib/mno-hw-mul\libsmallc.a(lib_a-int_errno.o)
                              c:/altera/15.0/nios2eds/bin/gnu/h-x86_64-mingw32/bin/../lib/gcc/nios2-elf/4.9.1/../../../../../H-x86_64-mingw32/nios2-elf/lib/mno-hw-mul\libsmallc.a(lib_a-writer.o) (errno)
c:/altera/15.0/nios2eds/bin/gnu/h-x86_64-mingw32/bin/../lib/gcc/nios2-elf/4.9.1/mno-hw-mul\libgcc.a(lib2-divmod.o)
                              c:/altera/15.0/nios2eds/bin/gnu/h-x86_64-mingw32/bin/../lib/gcc/nios2-elf/4.9.1/../../../../../H-x86_64-mingw32/nios2-elf/lib/mno-hw-mul\libsmallc.a(lib_a-vfprintf.o) (__udivsi3)
../Play_Qsw_bsp/\libhal_bsp.a(alt_load.o)
                              ../Play_Qsw_bsp//obj/HAL/src/crt0.o (alt_load)
../Play_Qsw_bsp/\libhal_bsp.a(alt_main.o)
                              ../Play_Qsw_bsp//obj/HAL/src/crt0.o (alt_main)
../Play_Qsw_bsp/\libhal_bsp.a(alt_write.o)
                              c:/altera/15.0/nios2eds/bin/gnu/h-x86_64-mingw32/bin/../lib/gcc/nios2-elf/4.9.1/../../../../../H-x86_64-mingw32/nios2-elf/lib/mno-hw-mul\libsmallc.a(lib_a-writer.o) (write)
../Play_Qsw_bsp/\libhal_bsp.a(alt_sys_init.o)
                              ../Play_Qsw_bsp/\libhal_bsp.a(alt_main.o) (alt_irq_init)
../Play_Qsw_bsp/\libhal_bsp.a(altera_avalon_jtag_uart_fd.o)
                              ../Play_Qsw_bsp/\libhal_bsp.a(alt_sys_init.o) (altera_avalon_jtag_uart_read_fd)
../Play_Qsw_bsp/\libhal_bsp.a(altera_avalon_jtag_uart_read.o)
                              ../Play_Qsw_bsp/\libhal_bsp.a(altera_avalon_jtag_uart_fd.o) (altera_avalon_jtag_uart_read)
../Play_Qsw_bsp/\libhal_bsp.a(altera_avalon_jtag_uart_write.o)
                              ../Play_Qsw_bsp/\libhal_bsp.a(altera_avalon_jtag_uart_fd.o) (altera_avalon_jtag_uart_write)
../Play_Qsw_bsp/\libhal_bsp.a(altera_avalon_timer_vars.o)
                              ../Play_Qsw_bsp/\libhal_bsp.a(alt_sys_init.o) (altera_avalon_timer_ts_base)
../Play_Qsw_bsp/\libhal_bsp.a(alt_close.o)
                              ../Play_Qsw_bsp/\libhal_bsp.a(alt_main.o) (close)
../Play_Qsw_bsp/\libhal_bsp.a(alt_dcache_flush_all.o)
                              ../Play_Qsw_bsp/\libhal_bsp.a(alt_load.o) (alt_dcache_flush_all)
../Play_Qsw_bsp/\libhal_bsp.a(alt_dev.o)
                              ../Play_Qsw_bsp/\libhal_bsp.a(alt_sys_init.o) (alt_dev_list)
../Play_Qsw_bsp/\libhal_bsp.a(alt_dev_llist_insert.o)
                              ../Play_Qsw_bsp/\libhal_bsp.a(alt_sys_init.o) (alt_dev_llist_insert)
../Play_Qsw_bsp/\libhal_bsp.a(alt_do_ctors.o)
                              ../Play_Qsw_bsp/\libhal_bsp.a(alt_main.o) (_do_ctors)
../Play_Qsw_bsp/\libhal_bsp.a(alt_do_dtors.o)
                              ../Play_Qsw_bsp/\libhal_bsp.a(alt_main.o) (_do_dtors)
../Play_Qsw_bsp/\libhal_bsp.a(alt_errno.o)
                              ../Play_Qsw_bsp/\libhal_bsp.a(alt_write.o) (alt_errno)
../Play_Qsw_bsp/\libhal_bsp.a(alt_icache_flush_all.o)
                              ../Play_Qsw_bsp/\libhal_bsp.a(alt_load.o) (alt_icache_flush_all)
../Play_Qsw_bsp/\libhal_bsp.a(alt_io_redirect.o)
                              ../Play_Qsw_bsp/\libhal_bsp.a(alt_main.o) (alt_io_redirect)
../Play_Qsw_bsp/\libhal_bsp.a(alt_open.o)
                              ../Play_Qsw_bsp/\libhal_bsp.a(alt_io_redirect.o) (open)
../Play_Qsw_bsp/\libhal_bsp.a(alt_release_fd.o)
                              ../Play_Qsw_bsp/\libhal_bsp.a(alt_close.o) (alt_release_fd)
../Play_Qsw_bsp/\libhal_bsp.a(altera_nios2_gen2_irq.o)
                              ../Play_Qsw_bsp/\libhal_bsp.a(alt_sys_init.o) (altera_nios2_gen2_irq_init)
../Play_Qsw_bsp/\libhal_bsp.a(alt_find_dev.o)
                              ../Play_Qsw_bsp/\libhal_bsp.a(alt_open.o) (alt_find_dev)
../Play_Qsw_bsp/\libhal_bsp.a(alt_find_file.o)
                              ../Play_Qsw_bsp/\libhal_bsp.a(alt_open.o) (alt_find_file)
../Play_Qsw_bsp/\libhal_bsp.a(alt_get_fd.o)
                              ../Play_Qsw_bsp/\libhal_bsp.a(alt_open.o) (alt_get_fd)
c:/altera/15.0/nios2eds/bin/gnu/h-x86_64-mingw32/bin/../lib/gcc/nios2-elf/4.9.1/../../../../../H-x86_64-mingw32/nios2-elf/lib/mno-hw-mul\libsmallc.a(lib_a-atexit.o)
                              ../Play_Qsw_bsp/\libhal_bsp.a(alt_main.o) (atexit)
c:/altera/15.0/nios2eds/bin/gnu/h-x86_64-mingw32/bin/../lib/gcc/nios2-elf/4.9.1/../../../../../H-x86_64-mingw32/nios2-elf/lib/mno-hw-mul\libsmallc.a(lib_a-exit.o)
                              ../Play_Qsw_bsp/\libhal_bsp.a(alt_main.o) (exit)
c:/altera/15.0/nios2eds/bin/gnu/h-x86_64-mingw32/bin/../lib/gcc/nios2-elf/4.9.1/../../../../../H-x86_64-mingw32/nios2-elf/lib/mno-hw-mul\libsmallc.a(lib_a-memcmp.o)
                              ../Play_Qsw_bsp/\libhal_bsp.a(alt_find_dev.o) (memcmp)
c:/altera/15.0/nios2eds/bin/gnu/h-x86_64-mingw32/bin/../lib/gcc/nios2-elf/4.9.1/../../../../../H-x86_64-mingw32/nios2-elf/lib/mno-hw-mul\libsmallc.a(lib_a-__atexit.o)
                              c:/altera/15.0/nios2eds/bin/gnu/h-x86_64-mingw32/bin/../lib/gcc/nios2-elf/4.9.1/../../../../../H-x86_64-mingw32/nios2-elf/lib/mno-hw-mul\libsmallc.a(lib_a-atexit.o) (__register_exitproc)
c:/altera/15.0/nios2eds/bin/gnu/h-x86_64-mingw32/bin/../lib/gcc/nios2-elf/4.9.1/../../../../../H-x86_64-mingw32/nios2-elf/lib/mno-hw-mul\libsmallc.a(lib_a-__call_atexit.o)
                              c:/altera/15.0/nios2eds/bin/gnu/h-x86_64-mingw32/bin/../lib/gcc/nios2-elf/4.9.1/../../../../../H-x86_64-mingw32/nios2-elf/lib/mno-hw-mul\libsmallc.a(lib_a-exit.o) (__call_exitprocs)
../Play_Qsw_bsp/\libhal_bsp.a(alt_exit.o)
                              c:/altera/15.0/nios2eds/bin/gnu/h-x86_64-mingw32/bin/../lib/gcc/nios2-elf/4.9.1/../../../../../H-x86_64-mingw32/nios2-elf/lib/mno-hw-mul\libsmallc.a(lib_a-exit.o) (_exit)

Allocating common symbols
Common symbol       size              file

errno               0x4               c:/altera/15.0/nios2eds/bin/gnu/h-x86_64-mingw32/bin/../lib/gcc/nios2-elf/4.9.1/../../../../../H-x86_64-mingw32/nios2-elf/lib/mno-hw-mul\libsmallc.a(lib_a-int_errno.o)

Memory Configuration

Name             Origin             Length             Attributes
reset            0x0000000000008000 0x0000000000000020
onchip_mem       0x0000000000008020 0x0000000000004e00
*default*        0x0000000000000000 0xffffffffffffffff

Linker script and memory map

LOAD ../Play_Qsw_bsp//obj/HAL/src/crt0.o
LOAD obj/default/main.o
LOAD c:/altera/15.0/nios2eds/bin/gnu/h-x86_64-mingw32/bin/../lib/gcc/nios2-elf/4.9.1/../../../../../H-x86_64-mingw32/nios2-elf/lib/mno-hw-mul\libstdc++.a
LOAD c:/altera/15.0/nios2eds/bin/gnu/h-x86_64-mingw32/bin/../lib/gcc/nios2-elf/4.9.1/../../../../../H-x86_64-mingw32/nios2-elf/lib/mno-hw-mul\libm.a
LOAD c:/altera/15.0/nios2eds/bin/gnu/h-x86_64-mingw32/bin/../lib/gcc/nios2-elf/4.9.1/mno-hw-mul\libgcc.a
START GROUP
LOAD c:/altera/15.0/nios2eds/bin/gnu/h-x86_64-mingw32/bin/../lib/gcc/nios2-elf/4.9.1/../../../../../H-x86_64-mingw32/nios2-elf/lib/mno-hw-mul\libsmallc.a
LOAD c:/altera/15.0/nios2eds/bin/gnu/h-x86_64-mingw32/bin/../lib/gcc/nios2-elf/4.9.1/mno-hw-mul\libgcc.a
LOAD ../Play_Qsw_bsp/\libhal_bsp.a
LOAD c:/altera/15.0/nios2eds/bin/gnu/h-x86_64-mingw32/bin/../lib/gcc/nios2-elf/4.9.1/../../../../../H-x86_64-mingw32/nios2-elf/lib/mno-hw-mul\libm.a
END GROUP
LOAD c:/altera/15.0/nios2eds/bin/gnu/h-x86_64-mingw32/bin/../lib/gcc/nios2-elf/4.9.1/mno-hw-mul\libgcc.a
                0x0000000000008000                __alt_mem_onchip_mem = 0x8000

.entry          0x0000000000008000       0x20
 *(.entry)
 .entry         0x0000000000008000       0x20 ../Play_Qsw_bsp//obj/HAL/src/crt0.o
                0x0000000000008000                __reset

.exceptions     0x0000000000008020        0x0
                0x0000000000008020                PROVIDE (__ram_exceptions_start, ABSOLUTE (.))
                0x0000000000008020                . = ALIGN (0x20)
 *(.irq)
 *(.exceptions.entry.label)
 *(.exceptions.entry.user)
 *(.exceptions.entry.ecc_fatal)
 *(.exceptions.entry)
 *(.exceptions.irqtest.user)
 *(.exceptions.irqtest)
 *(.exceptions.irqhandler.user)
 *(.exceptions.irqhandler)
 *(.exceptions.irqreturn.user)
 *(.exceptions.irqreturn)
 *(.exceptions.notirq.label)
 *(.exceptions.notirq.user)
 *(.exceptions.notirq)
 *(.exceptions.soft.user)
 *(.exceptions.soft)
 *(.exceptions.unknown.user)
 *(.exceptions.unknown)
 *(.exceptions.exit.label)
 *(.exceptions.exit.user)
 *(.exceptions.exit)
 *(.exceptions)
                0x0000000000008020                PROVIDE (__ram_exceptions_end, ABSOLUTE (.))
                0x0000000000008020                PROVIDE (__flash_exceptions_start, LOADADDR (.exceptions))

.text           0x0000000000008020     0x2268
                0x0000000000008020                PROVIDE (stext, ABSOLUTE (.))
 *(.interp)
 *(.hash)
 *(.dynsym)
 *(.dynstr)
 *(.gnu.version)
 *(.gnu.version_d)
 *(.gnu.version_r)
 *(.rel.init)
 *(.rela.init)
 *(.rel.text .rel.text.* .rel.gnu.linkonce.t.*)
 *(.rela.text .rela.text.* .rela.gnu.linkonce.t.*)
 *(.rel.fini)
 *(.rela.fini)
 *(.rel.rodata .rel.rodata.* .rel.gnu.linkonce.r.*)
 *(.rela.rodata .rela.rodata.* .rela.gnu.linkonce.r.*)
 *(.rel.data .rel.data.* .rel.gnu.linkonce.d.*)
 *(.rela.data .rela.data.* .rela.gnu.linkonce.d.*)
 *(.rel.tdata .rel.tdata.* .rel.gnu.linkonce.td.*)
 *(.rela.tdata .rela.tdata.* .rela.gnu.linkonce.td.*)
 *(.rel.tbss .rel.tbss.* .rel.gnu.linkonce.tb.*)
 *(.rela.tbss .rela.tbss.* .rela.gnu.linkonce.tb.*)
 *(.rel.ctors)
 *(.rela.ctors)
 *(.rel.dtors)
 *(.rela.dtors)
 *(.rel.got)
 *(.rela.got)
 *(.rel.sdata .rel.sdata.* .rel.gnu.linkonce.s.*)
 *(.rela.sdata .rela.sdata.* .rela.gnu.linkonce.s.*)
 *(.rel.sbss .rel.sbss.* .rel.gnu.linkonce.sb.*)
 *(.rela.sbss .rela.sbss.* .rela.gnu.linkonce.sb.*)
 *(.rel.sdata2 .rel.sdata2.* .rel.gnu.linkonce.s2.*)
 *(.rela.sdata2 .rela.sdata2.* .rela.gnu.linkonce.s2.*)
 *(.rel.sbss2 .rel.sbss2.* .rel.gnu.linkonce.sb2.*)
 *(.rela.sbss2 .rela.sbss2.* .rela.gnu.linkonce.sb2.*)
 *(.rel.bss .rel.bss.* .rel.gnu.linkonce.b.*)
 *(.rela.bss .rela.bss.* .rela.gnu.linkonce.b.*)
 *(.rel.plt)
 *(.rela.plt)
 *(.rel.dyn)
 *(.init)
 *(.plt)
 *(.text .stub .text.* .gnu.linkonce.t.*)
 .text          0x0000000000008020       0x3c ../Play_Qsw_bsp//obj/HAL/src/crt0.o
                0x0000000000008020                _start
 .text          0x000000000000805c      0x5c4 obj/default/main.o
                0x000000000000805c                main
                0x00000000000084bc                mvmt
 .text          0x0000000000008620       0x28 c:/altera/15.0/nios2eds/bin/gnu/h-x86_64-mingw32/bin/../lib/gcc/nios2-elf/4.9.1/mno-hw-mul\libgcc.a(lib2-mul.o)
                0x0000000000008620                __mulsi3
 .text          0x0000000000008648       0x88 c:/altera/15.0/nios2eds/bin/gnu/h-x86_64-mingw32/bin/../lib/gcc/nios2-elf/4.9.1/../../../../../H-x86_64-mingw32/nios2-elf/lib/mno-hw-mul\libsmallc.a(lib_a-printf.o)
                0x0000000000008648                _printf_r
                0x0000000000008684                printf
 .text          0x00000000000086d0      0x5fc c:/altera/15.0/nios2eds/bin/gnu/h-x86_64-mingw32/bin/../lib/gcc/nios2-elf/4.9.1/../../../../../H-x86_64-mingw32/nios2-elf/lib/mno-hw-mul\libsmallc.a(lib_a-vfprintf.o)
                0x000000000000873c                ___vfprintf_internal_r
                0x0000000000008ca8                __vfprintf_internal
 .text          0x0000000000008ccc       0xac c:/altera/15.0/nios2eds/bin/gnu/h-x86_64-mingw32/bin/../lib/gcc/nios2-elf/4.9.1/../../../../../H-x86_64-mingw32/nios2-elf/lib/mno-hw-mul\libsmallc.a(lib_a-fvwrite_small_dev.o)
                0x0000000000008ccc                __sfvwrite_small_dev
 .text          0x0000000000008d78        0x0 c:/altera/15.0/nios2eds/bin/gnu/h-x86_64-mingw32/bin/../lib/gcc/nios2-elf/4.9.1/../../../../../H-x86_64-mingw32/nios2-elf/lib/mno-hw-mul\libsmallc.a(lib_a-impure.o)
 .text          0x0000000000008d78       0x1c c:/altera/15.0/nios2eds/bin/gnu/h-x86_64-mingw32/bin/../lib/gcc/nios2-elf/4.9.1/../../../../../H-x86_64-mingw32/nios2-elf/lib/mno-hw-mul\libsmallc.a(lib_a-strlen.o)
                0x0000000000008d78                strlen
 .text          0x0000000000008d94       0x58 c:/altera/15.0/nios2eds/bin/gnu/h-x86_64-mingw32/bin/../lib/gcc/nios2-elf/4.9.1/../../../../../H-x86_64-mingw32/nios2-elf/lib/mno-hw-mul\libsmallc.a(lib_a-writer.o)
                0x0000000000008d94                _write_r
 .text          0x0000000000008dec        0x0 c:/altera/15.0/nios2eds/bin/gnu/h-x86_64-mingw32/bin/../lib/gcc/nios2-elf/4.9.1/../../../../../H-x86_64-mingw32/nios2-elf/lib/mno-hw-mul\libsmallc.a(lib_a-int_errno.o)
 .text          0x0000000000008dec      0x12c c:/altera/15.0/nios2eds/bin/gnu/h-x86_64-mingw32/bin/../lib/gcc/nios2-elf/4.9.1/mno-hw-mul\libgcc.a(lib2-divmod.o)
                0x0000000000008e58                __divsi3
                0x0000000000008eac                __modsi3
                0x0000000000008f08                __udivsi3
                0x0000000000008f10                __umodsi3
 .text          0x0000000000008f18       0xe4 ../Play_Qsw_bsp/\libhal_bsp.a(alt_load.o)
                0x0000000000008f7c                alt_load
 .text          0x0000000000008ffc       0x78 ../Play_Qsw_bsp/\libhal_bsp.a(alt_main.o)
                0x0000000000008ffc                alt_main
 .text          0x0000000000009074      0x150 ../Play_Qsw_bsp/\libhal_bsp.a(alt_write.o)
                0x00000000000090c4                write
 .text          0x00000000000091c4       0xc8 ../Play_Qsw_bsp/\libhal_bsp.a(alt_sys_init.o)
                0x00000000000091fc                alt_irq_init
                0x0000000000009230                alt_sys_init
 .text          0x000000000000928c       0xc0 ../Play_Qsw_bsp/\libhal_bsp.a(altera_avalon_jtag_uart_fd.o)
                0x000000000000928c                altera_avalon_jtag_uart_read_fd
                0x00000000000092ec                altera_avalon_jtag_uart_write_fd
 .text          0x000000000000934c       0xe4 ../Play_Qsw_bsp/\libhal_bsp.a(altera_avalon_jtag_uart_read.o)
                0x000000000000934c                altera_avalon_jtag_uart_read
 .text          0x0000000000009430       0x94 ../Play_Qsw_bsp/\libhal_bsp.a(altera_avalon_jtag_uart_write.o)
                0x0000000000009430                altera_avalon_jtag_uart_write
 .text          0x00000000000094c4        0x0 ../Play_Qsw_bsp/\libhal_bsp.a(altera_avalon_timer_vars.o)
 .text          0x00000000000094c4      0x128 ../Play_Qsw_bsp/\libhal_bsp.a(alt_close.o)
                0x0000000000009514                close
 .text          0x00000000000095ec       0x1c ../Play_Qsw_bsp/\libhal_bsp.a(alt_dcache_flush_all.o)
                0x00000000000095ec                alt_dcache_flush_all
 .text          0x0000000000009608       0x2c ../Play_Qsw_bsp/\libhal_bsp.a(alt_dev.o)
 .text          0x0000000000009634       0xf4 ../Play_Qsw_bsp/\libhal_bsp.a(alt_dev_llist_insert.o)
                0x0000000000009684                alt_dev_llist_insert
 .text          0x0000000000009728       0x5c ../Play_Qsw_bsp/\libhal_bsp.a(alt_do_ctors.o)
                0x0000000000009728                _do_ctors
 .text          0x0000000000009784       0x5c ../Play_Qsw_bsp/\libhal_bsp.a(alt_do_dtors.o)
                0x0000000000009784                _do_dtors
 .text          0x00000000000097e0        0x0 ../Play_Qsw_bsp/\libhal_bsp.a(alt_errno.o)
 .text          0x00000000000097e0       0x1c ../Play_Qsw_bsp/\libhal_bsp.a(alt_icache_flush_all.o)
                0x00000000000097e0                alt_icache_flush_all
 .text          0x00000000000097fc      0x158 ../Play_Qsw_bsp/\libhal_bsp.a(alt_io_redirect.o)
                0x00000000000098dc                alt_io_redirect
 .text          0x0000000000009954      0x2a4 ../Play_Qsw_bsp/\libhal_bsp.a(alt_open.o)
                0x0000000000009a98                open
 .text          0x0000000000009bf8       0x80 ../Play_Qsw_bsp/\libhal_bsp.a(alt_release_fd.o)
                0x0000000000009bf8                alt_release_fd
 .text          0x0000000000009c78       0x20 ../Play_Qsw_bsp/\libhal_bsp.a(altera_nios2_gen2_irq.o)
                0x0000000000009c78                altera_nios2_gen2_irq_init
 .text          0x0000000000009c98       0x90 ../Play_Qsw_bsp/\libhal_bsp.a(alt_find_dev.o)
                0x0000000000009c98                alt_find_dev
 .text          0x0000000000009d28      0x114 ../Play_Qsw_bsp/\libhal_bsp.a(alt_find_file.o)
                0x0000000000009d28                alt_find_file
 .text          0x0000000000009e3c       0xd4 ../Play_Qsw_bsp/\libhal_bsp.a(alt_get_fd.o)
                0x0000000000009e3c                alt_get_fd
 .text          0x0000000000009f10       0x14 c:/altera/15.0/nios2eds/bin/gnu/h-x86_64-mingw32/bin/../lib/gcc/nios2-elf/4.9.1/../../../../../H-x86_64-mingw32/nios2-elf/lib/mno-hw-mul\libsmallc.a(lib_a-atexit.o)
                0x0000000000009f10                atexit
 .text          0x0000000000009f24       0x20 c:/altera/15.0/nios2eds/bin/gnu/h-x86_64-mingw32/bin/../lib/gcc/nios2-elf/4.9.1/../../../../../H-x86_64-mingw32/nios2-elf/lib/mno-hw-mul\libsmallc.a(lib_a-exit.o)
                0x0000000000009f24                exit
 .text          0x0000000000009f44       0x30 c:/altera/15.0/nios2eds/bin/gnu/h-x86_64-mingw32/bin/../lib/gcc/nios2-elf/4.9.1/../../../../../H-x86_64-mingw32/nios2-elf/lib/mno-hw-mul\libsmallc.a(lib_a-memcmp.o)
                0x0000000000009f44                memcmp
 .text          0x0000000000009f74      0x144 c:/altera/15.0/nios2eds/bin/gnu/h-x86_64-mingw32/bin/../lib/gcc/nios2-elf/4.9.1/../../../../../H-x86_64-mingw32/nios2-elf/lib/mno-hw-mul\libsmallc.a(lib_a-__atexit.o)
                0x0000000000009f74                __register_exitproc
 .text          0x000000000000a0b8      0x19c c:/altera/15.0/nios2eds/bin/gnu/h-x86_64-mingw32/bin/../lib/gcc/nios2-elf/4.9.1/../../../../../H-x86_64-mingw32/nios2-elf/lib/mno-hw-mul\libsmallc.a(lib_a-__call_atexit.o)
                0x000000000000a0b8                __call_exitprocs
 .text          0x000000000000a254       0x34 ../Play_Qsw_bsp/\libhal_bsp.a(alt_exit.o)
                0x000000000000a254                _exit
 *(.gnu.warning.*)
 *(.fini)
                0x000000000000a288                PROVIDE (__etext, ABSOLUTE (.))
                0x000000000000a288                PROVIDE (_etext, ABSOLUTE (.))
                0x000000000000a288                PROVIDE (etext, ABSOLUTE (.))
 *(.eh_frame_hdr)
                0x000000000000a288                . = ALIGN (0x4)
                0x000000000000a288                PROVIDE (__preinit_array_start, ABSOLUTE (.))
 *(.preinit_array)
                0x000000000000a288                PROVIDE (__preinit_array_end, ABSOLUTE (.))
                0x000000000000a288                PROVIDE (__init_array_start, ABSOLUTE (.))
 *(.init_array)
                0x000000000000a288                PROVIDE (__init_array_end, ABSOLUTE (.))
                0x000000000000a288                PROVIDE (__fini_array_start, ABSOLUTE (.))
 *(.fini_array)
                0x000000000000a288                PROVIDE (__fini_array_end, ABSOLUTE (.))
 *(.eh_frame)
 *(.gcc_except_table .gcc_except_table.*)
 *(.dynamic)
                0x000000000000a288                PROVIDE (__CTOR_LIST__, ABSOLUTE (.))
 *(.ctors)
 *(SORT(.ctors.*))
                0x000000000000a288                PROVIDE (__CTOR_END__, ABSOLUTE (.))
                0x000000000000a288                PROVIDE (__DTOR_LIST__, ABSOLUTE (.))
 *(.dtors)
 *(SORT(.dtors.*))
                0x000000000000a288                PROVIDE (__DTOR_END__, ABSOLUTE (.))
 *(.jcr)
                0x000000000000a288                . = ALIGN (0x4)

.rodata         0x000000000000a288       0x84
                0x000000000000a288                PROVIDE (__ram_rodata_start, ABSOLUTE (.))
                0x000000000000a288                . = ALIGN (0x4)
 *(.rodata .rodata.* .gnu.linkonce.r.*)
 .rodata        0x000000000000a288       0x50 obj/default/main.o
 .rodata        0x000000000000a2d8       0x14 ../Play_Qsw_bsp/\libhal_bsp.a(alt_main.o)
 .rodata        0x000000000000a2ec       0x14 ../Play_Qsw_bsp/\libhal_bsp.a(alt_sys_init.o)
 .rodata        0x000000000000a300        0xc ../Play_Qsw_bsp/\libhal_bsp.a(alt_dev.o)
 *(.rodata1)
                0x000000000000a30c                . = ALIGN (0x4)
                0x000000000000a30c                PROVIDE (__ram_rodata_end, ABSOLUTE (.))
                0x000000000000a288                PROVIDE (__flash_rodata_start, LOADADDR (.rodata))

.rwdata         0x000000000000a30c      0x2f4 load address 0x000000000000a600
                0x000000000000a30c                PROVIDE (__ram_rwdata_start, ABSOLUTE (.))
                0x000000000000a30c                . = ALIGN (0x4)
 *(.got.plt)
 *(.got)
 *(.data1)
 *(.data .data.* .gnu.linkonce.d.*)
 .data          0x000000000000a30c        0x0 ../Play_Qsw_bsp//obj/HAL/src/crt0.o
 .data          0x000000000000a30c       0x1c obj/default/main.o
                0x000000000000a30c                rows
 .data          0x000000000000a328        0x0 c:/altera/15.0/nios2eds/bin/gnu/h-x86_64-mingw32/bin/../lib/gcc/nios2-elf/4.9.1/mno-hw-mul\libgcc.a(lib2-mul.o)
 .data          0x000000000000a328        0x0 c:/altera/15.0/nios2eds/bin/gnu/h-x86_64-mingw32/bin/../lib/gcc/nios2-elf/4.9.1/../../../../../H-x86_64-mingw32/nios2-elf/lib/mno-hw-mul\libsmallc.a(lib_a-printf.o)
 .data          0x000000000000a328        0x0 c:/altera/15.0/nios2eds/bin/gnu/h-x86_64-mingw32/bin/../lib/gcc/nios2-elf/4.9.1/../../../../../H-x86_64-mingw32/nios2-elf/lib/mno-hw-mul\libsmallc.a(lib_a-vfprintf.o)
 .data          0x000000000000a328        0x0 c:/altera/15.0/nios2eds/bin/gnu/h-x86_64-mingw32/bin/../lib/gcc/nios2-elf/4.9.1/../../../../../H-x86_64-mingw32/nios2-elf/lib/mno-hw-mul\libsmallc.a(lib_a-fvwrite_small_dev.o)
 .data          0x000000000000a328       0xe0 c:/altera/15.0/nios2eds/bin/gnu/h-x86_64-mingw32/bin/../lib/gcc/nios2-elf/4.9.1/../../../../../H-x86_64-mingw32/nios2-elf/lib/mno-hw-mul\libsmallc.a(lib_a-impure.o)
 .data          0x000000000000a408        0x0 c:/altera/15.0/nios2eds/bin/gnu/h-x86_64-mingw32/bin/../lib/gcc/nios2-elf/4.9.1/../../../../../H-x86_64-mingw32/nios2-elf/lib/mno-hw-mul\libsmallc.a(lib_a-strlen.o)
 .data          0x000000000000a408        0x0 c:/altera/15.0/nios2eds/bin/gnu/h-x86_64-mingw32/bin/../lib/gcc/nios2-elf/4.9.1/../../../../../H-x86_64-mingw32/nios2-elf/lib/mno-hw-mul\libsmallc.a(lib_a-writer.o)
 .data          0x000000000000a408        0x0 c:/altera/15.0/nios2eds/bin/gnu/h-x86_64-mingw32/bin/../lib/gcc/nios2-elf/4.9.1/../../../../../H-x86_64-mingw32/nios2-elf/lib/mno-hw-mul\libsmallc.a(lib_a-int_errno.o)
 .data          0x000000000000a408        0x0 c:/altera/15.0/nios2eds/bin/gnu/h-x86_64-mingw32/bin/../lib/gcc/nios2-elf/4.9.1/mno-hw-mul\libgcc.a(lib2-divmod.o)
 .data          0x000000000000a408        0x0 ../Play_Qsw_bsp/\libhal_bsp.a(alt_load.o)
 .data          0x000000000000a408        0x0 ../Play_Qsw_bsp/\libhal_bsp.a(alt_main.o)
 .data          0x000000000000a408        0x0 ../Play_Qsw_bsp/\libhal_bsp.a(alt_write.o)
 .data          0x000000000000a408       0x2c ../Play_Qsw_bsp/\libhal_bsp.a(alt_sys_init.o)
 .data          0x000000000000a434        0x0 ../Play_Qsw_bsp/\libhal_bsp.a(altera_avalon_jtag_uart_fd.o)
 .data          0x000000000000a434        0x0 ../Play_Qsw_bsp/\libhal_bsp.a(altera_avalon_jtag_uart_read.o)
 .data          0x000000000000a434        0x0 ../Play_Qsw_bsp/\libhal_bsp.a(altera_avalon_jtag_uart_write.o)
 .data          0x000000000000a434        0x0 ../Play_Qsw_bsp/\libhal_bsp.a(altera_avalon_timer_vars.o)
 .data          0x000000000000a434        0x0 ../Play_Qsw_bsp/\libhal_bsp.a(alt_close.o)
 .data          0x000000000000a434        0x0 ../Play_Qsw_bsp/\libhal_bsp.a(alt_dcache_flush_all.o)
 .data          0x000000000000a434      0x1a8 ../Play_Qsw_bsp/\libhal_bsp.a(alt_dev.o)
                0x000000000000a434                alt_dev_null
                0x000000000000a45c                alt_fd_list
 .data          0x000000000000a5dc        0x0 ../Play_Qsw_bsp/\libhal_bsp.a(alt_dev_llist_insert.o)
 .data          0x000000000000a5dc        0x0 ../Play_Qsw_bsp/\libhal_bsp.a(alt_do_ctors.o)
 .data          0x000000000000a5dc        0x0 ../Play_Qsw_bsp/\libhal_bsp.a(alt_do_dtors.o)
 .data          0x000000000000a5dc        0x0 ../Play_Qsw_bsp/\libhal_bsp.a(alt_errno.o)
 .data          0x000000000000a5dc        0x0 ../Play_Qsw_bsp/\libhal_bsp.a(alt_icache_flush_all.o)
 .data          0x000000000000a5dc        0x0 ../Play_Qsw_bsp/\libhal_bsp.a(alt_io_redirect.o)
 .data          0x000000000000a5dc        0x0 ../Play_Qsw_bsp/\libhal_bsp.a(alt_open.o)
 .data          0x000000000000a5dc        0x0 ../Play_Qsw_bsp/\libhal_bsp.a(alt_release_fd.o)
 .data          0x000000000000a5dc        0x0 ../Play_Qsw_bsp/\libhal_bsp.a(altera_nios2_gen2_irq.o)
 .data          0x000000000000a5dc        0x0 ../Play_Qsw_bsp/\libhal_bsp.a(alt_find_dev.o)
 .data          0x000000000000a5dc        0x0 ../Play_Qsw_bsp/\libhal_bsp.a(alt_find_file.o)
 .data          0x000000000000a5dc        0x0 ../Play_Qsw_bsp/\libhal_bsp.a(alt_get_fd.o)
 .data          0x000000000000a5dc        0x0 c:/altera/15.0/nios2eds/bin/gnu/h-x86_64-mingw32/bin/../lib/gcc/nios2-elf/4.9.1/../../../../../H-x86_64-mingw32/nios2-elf/lib/mno-hw-mul\libsmallc.a(lib_a-atexit.o)
 .data          0x000000000000a5dc        0x0 c:/altera/15.0/nios2eds/bin/gnu/h-x86_64-mingw32/bin/../lib/gcc/nios2-elf/4.9.1/../../../../../H-x86_64-mingw32/nios2-elf/lib/mno-hw-mul\libsmallc.a(lib_a-exit.o)
 .data          0x000000000000a5dc        0x0 c:/altera/15.0/nios2eds/bin/gnu/h-x86_64-mingw32/bin/../lib/gcc/nios2-elf/4.9.1/../../../../../H-x86_64-mingw32/nios2-elf/lib/mno-hw-mul\libsmallc.a(lib_a-memcmp.o)
 .data          0x000000000000a5dc        0x0 c:/altera/15.0/nios2eds/bin/gnu/h-x86_64-mingw32/bin/../lib/gcc/nios2-elf/4.9.1/../../../../../H-x86_64-mingw32/nios2-elf/lib/mno-hw-mul\libsmallc.a(lib_a-__atexit.o)
 .data          0x000000000000a5dc        0x0 c:/altera/15.0/nios2eds/bin/gnu/h-x86_64-mingw32/bin/../lib/gcc/nios2-elf/4.9.1/../../../../../H-x86_64-mingw32/nios2-elf/lib/mno-hw-mul\libsmallc.a(lib_a-__call_atexit.o)
 .data          0x000000000000a5dc        0x0 ../Play_Qsw_bsp/\libhal_bsp.a(alt_exit.o)
                0x00000000000125dc                _gp = ABSOLUTE ((. + 0x8000))
                0x00000000000125dc                PROVIDE (gp, _gp)
 *(.rwdata .rwdata.*)
 *(.sdata .sdata.* .gnu.linkonce.s.*)
 .sdata         0x000000000000a5dc        0x4 obj/default/main.o
                0x000000000000a5dc                r_size
 .sdata         0x000000000000a5e0        0x8 c:/altera/15.0/nios2eds/bin/gnu/h-x86_64-mingw32/bin/../lib/gcc/nios2-elf/4.9.1/../../../../../H-x86_64-mingw32/nios2-elf/lib/mno-hw-mul\libsmallc.a(lib_a-impure.o)
                0x000000000000a5e0                _global_impure_ptr
                0x000000000000a5e4                _impure_ptr
 .sdata         0x000000000000a5e8       0x14 ../Play_Qsw_bsp/\libhal_bsp.a(alt_dev.o)
                0x000000000000a5e8                alt_fs_list
                0x000000000000a5f0                alt_dev_list
                0x000000000000a5f8                alt_max_fd
 .sdata         0x000000000000a5fc        0x4 ../Play_Qsw_bsp/\libhal_bsp.a(alt_errno.o)
                0x000000000000a5fc                alt_errno
 *(.sdata2 .sdata2.* .gnu.linkonce.s2.*)
                0x000000000000a600                . = ALIGN (0x4)
                0x000000000000a600                _edata = ABSOLUTE (.)
                0x000000000000a600                PROVIDE (edata, ABSOLUTE (.))
                0x000000000000a600                PROVIDE (__ram_rwdata_end, ABSOLUTE (.))
                0x000000000000a600                PROVIDE (__flash_rwdata_start, LOADADDR (.rwdata))

.bss            0x000000000000a8f4       0x18
                0x000000000000a8f4                __bss_start = ABSOLUTE (.)
                0x000000000000a8f4                PROVIDE (__sbss_start, ABSOLUTE (.))
                0x000000000000a8f4                PROVIDE (___sbss_start, ABSOLUTE (.))
 *(.dynsbss)
 *(.sbss .sbss.* .gnu.linkonce.sb.*)
 .sbss          0x000000000000a8f4        0x4 c:/altera/15.0/nios2eds/bin/gnu/h-x86_64-mingw32/bin/../lib/gcc/nios2-elf/4.9.1/../../../../../H-x86_64-mingw32/nios2-elf/lib/mno-hw-mul\libsmallc.a(lib_a-int_errno.o)
                0x000000000000a8f4                errno
 .sbss          0x000000000000a8f8        0xc ../Play_Qsw_bsp/\libhal_bsp.a(alt_main.o)
                0x000000000000a8f8                alt_argc
                0x000000000000a8fc                alt_argv
                0x000000000000a900                alt_envp
 .sbss          0x000000000000a904        0x8 ../Play_Qsw_bsp/\libhal_bsp.a(altera_avalon_timer_vars.o)
                0x000000000000a904                altera_avalon_timer_ts_base
                0x000000000000a908                altera_avalon_timer_ts_freq
 *(.sbss2 .sbss2.* .gnu.linkonce.sb2.*)
 *(.scommon)
                0x000000000000a90c                PROVIDE (__sbss_end, ABSOLUTE (.))
                0x000000000000a90c                PROVIDE (___sbss_end, ABSOLUTE (.))
 *(.dynbss)
 *(.bss .bss.* .gnu.linkonce.b.*)
 .bss           0x000000000000a90c        0x0 ../Play_Qsw_bsp//obj/HAL/src/crt0.o
 .bss           0x000000000000a90c        0x0 obj/default/main.o
 .bss           0x000000000000a90c        0x0 c:/altera/15.0/nios2eds/bin/gnu/h-x86_64-mingw32/bin/../lib/gcc/nios2-elf/4.9.1/mno-hw-mul\libgcc.a(lib2-mul.o)
 .bss           0x000000000000a90c        0x0 c:/altera/15.0/nios2eds/bin/gnu/h-x86_64-mingw32/bin/../lib/gcc/nios2-elf/4.9.1/../../../../../H-x86_64-mingw32/nios2-elf/lib/mno-hw-mul\libsmallc.a(lib_a-printf.o)
 .bss           0x000000000000a90c        0x0 c:/altera/15.0/nios2eds/bin/gnu/h-x86_64-mingw32/bin/../lib/gcc/nios2-elf/4.9.1/../../../../../H-x86_64-mingw32/nios2-elf/lib/mno-hw-mul\libsmallc.a(lib_a-vfprintf.o)
 .bss           0x000000000000a90c        0x0 c:/altera/15.0/nios2eds/bin/gnu/h-x86_64-mingw32/bin/../lib/gcc/nios2-elf/4.9.1/../../../../../H-x86_64-mingw32/nios2-elf/lib/mno-hw-mul\libsmallc.a(lib_a-fvwrite_small_dev.o)
 .bss           0x000000000000a90c        0x0 c:/altera/15.0/nios2eds/bin/gnu/h-x86_64-mingw32/bin/../lib/gcc/nios2-elf/4.9.1/../../../../../H-x86_64-mingw32/nios2-elf/lib/mno-hw-mul\libsmallc.a(lib_a-impure.o)
 .bss           0x000000000000a90c        0x0 c:/altera/15.0/nios2eds/bin/gnu/h-x86_64-mingw32/bin/../lib/gcc/nios2-elf/4.9.1/../../../../../H-x86_64-mingw32/nios2-elf/lib/mno-hw-mul\libsmallc.a(lib_a-strlen.o)
 .bss           0x000000000000a90c        0x0 c:/altera/15.0/nios2eds/bin/gnu/h-x86_64-mingw32/bin/../lib/gcc/nios2-elf/4.9.1/../../../../../H-x86_64-mingw32/nios2-elf/lib/mno-hw-mul\libsmallc.a(lib_a-writer.o)
 .bss           0x000000000000a90c        0x0 c:/altera/15.0/nios2eds/bin/gnu/h-x86_64-mingw32/bin/../lib/gcc/nios2-elf/4.9.1/../../../../../H-x86_64-mingw32/nios2-elf/lib/mno-hw-mul\libsmallc.a(lib_a-int_errno.o)
 .bss           0x000000000000a90c        0x0 c:/altera/15.0/nios2eds/bin/gnu/h-x86_64-mingw32/bin/../lib/gcc/nios2-elf/4.9.1/mno-hw-mul\libgcc.a(lib2-divmod.o)
 .bss           0x000000000000a90c        0x0 ../Play_Qsw_bsp/\libhal_bsp.a(alt_load.o)
 .bss           0x000000000000a90c        0x0 ../Play_Qsw_bsp/\libhal_bsp.a(alt_main.o)
 .bss           0x000000000000a90c        0x0 ../Play_Qsw_bsp/\libhal_bsp.a(alt_write.o)
 .bss           0x000000000000a90c        0x0 ../Play_Qsw_bsp/\libhal_bsp.a(alt_sys_init.o)
 .bss           0x000000000000a90c        0x0 ../Play_Qsw_bsp/\libhal_bsp.a(altera_avalon_jtag_uart_fd.o)
 .bss           0x000000000000a90c        0x0 ../Play_Qsw_bsp/\libhal_bsp.a(altera_avalon_jtag_uart_read.o)
 .bss           0x000000000000a90c        0x0 ../Play_Qsw_bsp/\libhal_bsp.a(altera_avalon_jtag_uart_write.o)
 .bss           0x000000000000a90c        0x0 ../Play_Qsw_bsp/\libhal_bsp.a(altera_avalon_timer_vars.o)
 .bss           0x000000000000a90c        0x0 ../Play_Qsw_bsp/\libhal_bsp.a(alt_close.o)
 .bss           0x000000000000a90c        0x0 ../Play_Qsw_bsp/\libhal_bsp.a(alt_dcache_flush_all.o)
 .bss           0x000000000000a90c        0x0 ../Play_Qsw_bsp/\libhal_bsp.a(alt_dev.o)
 .bss           0x000000000000a90c        0x0 ../Play_Qsw_bsp/\libhal_bsp.a(alt_dev_llist_insert.o)
 .bss           0x000000000000a90c        0x0 ../Play_Qsw_bsp/\libhal_bsp.a(alt_do_ctors.o)
 .bss           0x000000000000a90c        0x0 ../Play_Qsw_bsp/\libhal_bsp.a(alt_do_dtors.o)
 .bss           0x000000000000a90c        0x0 ../Play_Qsw_bsp/\libhal_bsp.a(alt_errno.o)
 .bss           0x000000000000a90c        0x0 ../Play_Qsw_bsp/\libhal_bsp.a(alt_icache_flush_all.o)
 .bss           0x000000000000a90c        0x0 ../Play_Qsw_bsp/\libhal_bsp.a(alt_io_redirect.o)
 .bss           0x000000000000a90c        0x0 ../Play_Qsw_bsp/\libhal_bsp.a(alt_open.o)
 .bss           0x000000000000a90c        0x0 ../Play_Qsw_bsp/\libhal_bsp.a(alt_release_fd.o)
 .bss           0x000000000000a90c        0x0 ../Play_Qsw_bsp/\libhal_bsp.a(altera_nios2_gen2_irq.o)
 .bss           0x000000000000a90c        0x0 ../Play_Qsw_bsp/\libhal_bsp.a(alt_find_dev.o)
 .bss           0x000000000000a90c        0x0 ../Play_Qsw_bsp/\libhal_bsp.a(alt_find_file.o)
 .bss           0x000000000000a90c        0x0 ../Play_Qsw_bsp/\libhal_bsp.a(alt_get_fd.o)
 .bss           0x000000000000a90c        0x0 c:/altera/15.0/nios2eds/bin/gnu/h-x86_64-mingw32/bin/../lib/gcc/nios2-elf/4.9.1/../../../../../H-x86_64-mingw32/nios2-elf/lib/mno-hw-mul\libsmallc.a(lib_a-atexit.o)
 .bss           0x000000000000a90c        0x0 c:/altera/15.0/nios2eds/bin/gnu/h-x86_64-mingw32/bin/../lib/gcc/nios2-elf/4.9.1/../../../../../H-x86_64-mingw32/nios2-elf/lib/mno-hw-mul\libsmallc.a(lib_a-exit.o)
 .bss           0x000000000000a90c        0x0 c:/altera/15.0/nios2eds/bin/gnu/h-x86_64-mingw32/bin/../lib/gcc/nios2-elf/4.9.1/../../../../../H-x86_64-mingw32/nios2-elf/lib/mno-hw-mul\libsmallc.a(lib_a-memcmp.o)
 .bss           0x000000000000a90c        0x0 c:/altera/15.0/nios2eds/bin/gnu/h-x86_64-mingw32/bin/../lib/gcc/nios2-elf/4.9.1/../../../../../H-x86_64-mingw32/nios2-elf/lib/mno-hw-mul\libsmallc.a(lib_a-__atexit.o)
 .bss           0x000000000000a90c        0x0 c:/altera/15.0/nios2eds/bin/gnu/h-x86_64-mingw32/bin/../lib/gcc/nios2-elf/4.9.1/../../../../../H-x86_64-mingw32/nios2-elf/lib/mno-hw-mul\libsmallc.a(lib_a-__call_atexit.o)
 .bss           0x000000000000a90c        0x0 ../Play_Qsw_bsp/\libhal_bsp.a(alt_exit.o)
 *(COMMON)
                0x000000000000a90c                . = ALIGN (0x4)
                0x000000000000a90c                __bss_end = ABSOLUTE (.)

.onchip_mem     0x000000000000a90c        0x0
                0x000000000000a90c                PROVIDE (_alt_partition_onchip_mem_start, ABSOLUTE (.))
 *(.onchip_mem .onchip_mem. onchip_mem.*)
                0x000000000000a90c                . = ALIGN (0x4)
                0x000000000000a90c                PROVIDE (_alt_partition_onchip_mem_end, ABSOLUTE (.))
                0x000000000000a90c                _end = ABSOLUTE (.)
                0x000000000000a90c                end = ABSOLUTE (.)
                0x000000000000a90c                __alt_stack_base = ABSOLUTE (.)
                0x000000000000a90c                PROVIDE (_alt_partition_onchip_mem_load_addr, LOADADDR (.onchip_mem))

.stab
 *(.stab)

.stabstr
 *(.stabstr)

.stab.excl
 *(.stab.excl)

.stab.exclstr
 *(.stab.exclstr)

.stab.index
 *(.stab.index)

.stab.indexstr
 *(.stab.indexstr)

.comment        0x0000000000000000       0x23
 *(.comment)
 .comment       0x0000000000000000       0x23 obj/default/main.o
                                         0x24 (size before relaxing)
 .comment       0x0000000000000000       0x24 c:/altera/15.0/nios2eds/bin/gnu/h-x86_64-mingw32/bin/../lib/gcc/nios2-elf/4.9.1/mno-hw-mul\libgcc.a(lib2-mul.o)
 .comment       0x0000000000000000       0x24 c:/altera/15.0/nios2eds/bin/gnu/h-x86_64-mingw32/bin/../lib/gcc/nios2-elf/4.9.1/../../../../../H-x86_64-mingw32/nios2-elf/lib/mno-hw-mul\libsmallc.a(lib_a-printf.o)
 .comment       0x0000000000000000       0x24 c:/altera/15.0/nios2eds/bin/gnu/h-x86_64-mingw32/bin/../lib/gcc/nios2-elf/4.9.1/../../../../../H-x86_64-mingw32/nios2-elf/lib/mno-hw-mul\libsmallc.a(lib_a-vfprintf.o)
 .comment       0x0000000000000000       0x24 c:/altera/15.0/nios2eds/bin/gnu/h-x86_64-mingw32/bin/../lib/gcc/nios2-elf/4.9.1/../../../../../H-x86_64-mingw32/nios2-elf/lib/mno-hw-mul\libsmallc.a(lib_a-fvwrite_small_dev.o)
 .comment       0x0000000000000000       0x24 c:/altera/15.0/nios2eds/bin/gnu/h-x86_64-mingw32/bin/../lib/gcc/nios2-elf/4.9.1/../../../../../H-x86_64-mingw32/nios2-elf/lib/mno-hw-mul\libsmallc.a(lib_a-impure.o)
 .comment       0x0000000000000000       0x24 c:/altera/15.0/nios2eds/bin/gnu/h-x86_64-mingw32/bin/../lib/gcc/nios2-elf/4.9.1/../../../../../H-x86_64-mingw32/nios2-elf/lib/mno-hw-mul\libsmallc.a(lib_a-strlen.o)
 .comment       0x0000000000000000       0x24 c:/altera/15.0/nios2eds/bin/gnu/h-x86_64-mingw32/bin/../lib/gcc/nios2-elf/4.9.1/../../../../../H-x86_64-mingw32/nios2-elf/lib/mno-hw-mul\libsmallc.a(lib_a-writer.o)
 .comment       0x0000000000000000       0x24 c:/altera/15.0/nios2eds/bin/gnu/h-x86_64-mingw32/bin/../lib/gcc/nios2-elf/4.9.1/../../../../../H-x86_64-mingw32/nios2-elf/lib/mno-hw-mul\libsmallc.a(lib_a-int_errno.o)
 .comment       0x0000000000000000       0x24 c:/altera/15.0/nios2eds/bin/gnu/h-x86_64-mingw32/bin/../lib/gcc/nios2-elf/4.9.1/mno-hw-mul\libgcc.a(lib2-divmod.o)
 .comment       0x0000000000000000       0x24 ../Play_Qsw_bsp/\libhal_bsp.a(alt_load.o)
 .comment       0x0000000000000000       0x24 ../Play_Qsw_bsp/\libhal_bsp.a(alt_main.o)
 .comment       0x0000000000000000       0x24 ../Play_Qsw_bsp/\libhal_bsp.a(alt_write.o)
 .comment       0x0000000000000000       0x24 ../Play_Qsw_bsp/\libhal_bsp.a(alt_sys_init.o)
 .comment       0x0000000000000000       0x24 ../Play_Qsw_bsp/\libhal_bsp.a(altera_avalon_jtag_uart_fd.o)
 .comment       0x0000000000000000       0x24 ../Play_Qsw_bsp/\libhal_bsp.a(altera_avalon_jtag_uart_read.o)
 .comment       0x0000000000000000       0x24 ../Play_Qsw_bsp/\libhal_bsp.a(altera_avalon_jtag_uart_write.o)
 .comment       0x0000000000000000       0x24 ../Play_Qsw_bsp/\libhal_bsp.a(altera_avalon_timer_vars.o)
 .comment       0x0000000000000000       0x24 ../Play_Qsw_bsp/\libhal_bsp.a(alt_close.o)
 .comment       0x0000000000000000       0x24 ../Play_Qsw_bsp/\libhal_bsp.a(alt_dcache_flush_all.o)
 .comment       0x0000000000000000       0x24 ../Play_Qsw_bsp/\libhal_bsp.a(alt_dev.o)
 .comment       0x0000000000000000       0x24 ../Play_Qsw_bsp/\libhal_bsp.a(alt_dev_llist_insert.o)
 .comment       0x0000000000000000       0x24 ../Play_Qsw_bsp/\libhal_bsp.a(alt_do_ctors.o)
 .comment       0x0000000000000000       0x24 ../Play_Qsw_bsp/\libhal_bsp.a(alt_do_dtors.o)
 .comment       0x0000000000000000       0x24 ../Play_Qsw_bsp/\libhal_bsp.a(alt_errno.o)
 .comment       0x0000000000000000       0x24 ../Play_Qsw_bsp/\libhal_bsp.a(alt_icache_flush_all.o)
 .comment       0x0000000000000000       0x24 ../Play_Qsw_bsp/\libhal_bsp.a(alt_io_redirect.o)
 .comment       0x0000000000000000       0x24 ../Play_Qsw_bsp/\libhal_bsp.a(alt_open.o)
 .comment       0x0000000000000000       0x24 ../Play_Qsw_bsp/\libhal_bsp.a(alt_release_fd.o)
 .comment       0x0000000000000000       0x24 ../Play_Qsw_bsp/\libhal_bsp.a(altera_nios2_gen2_irq.o)
 .comment       0x0000000000000000       0x24 ../Play_Qsw_bsp/\libhal_bsp.a(alt_find_dev.o)
 .comment       0x0000000000000000       0x24 ../Play_Qsw_bsp/\libhal_bsp.a(alt_find_file.o)
 .comment       0x0000000000000000       0x24 ../Play_Qsw_bsp/\libhal_bsp.a(alt_get_fd.o)
 .comment       0x0000000000000000       0x24 c:/altera/15.0/nios2eds/bin/gnu/h-x86_64-mingw32/bin/../lib/gcc/nios2-elf/4.9.1/../../../../../H-x86_64-mingw32/nios2-elf/lib/mno-hw-mul\libsmallc.a(lib_a-atexit.o)
 .comment       0x0000000000000000       0x24 c:/altera/15.0/nios2eds/bin/gnu/h-x86_64-mingw32/bin/../lib/gcc/nios2-elf/4.9.1/../../../../../H-x86_64-mingw32/nios2-elf/lib/mno-hw-mul\libsmallc.a(lib_a-exit.o)
 .comment       0x0000000000000000       0x24 c:/altera/15.0/nios2eds/bin/gnu/h-x86_64-mingw32/bin/../lib/gcc/nios2-elf/4.9.1/../../../../../H-x86_64-mingw32/nios2-elf/lib/mno-hw-mul\libsmallc.a(lib_a-memcmp.o)
 .comment       0x0000000000000000       0x24 c:/altera/15.0/nios2eds/bin/gnu/h-x86_64-mingw32/bin/../lib/gcc/nios2-elf/4.9.1/../../../../../H-x86_64-mingw32/nios2-elf/lib/mno-hw-mul\libsmallc.a(lib_a-__atexit.o)
 .comment       0x0000000000000000       0x24 c:/altera/15.0/nios2eds/bin/gnu/h-x86_64-mingw32/bin/../lib/gcc/nios2-elf/4.9.1/../../../../../H-x86_64-mingw32/nios2-elf/lib/mno-hw-mul\libsmallc.a(lib_a-__call_atexit.o)
 .comment       0x0000000000000000       0x24 ../Play_Qsw_bsp/\libhal_bsp.a(alt_exit.o)

.debug
 *(.debug)

.line
 *(.line)

.debug_srcinfo
 *(.debug_srcinfo)

.debug_sfnames
 *(.debug_sfnames)

.debug_aranges  0x0000000000000000      0x4e8
 *(.debug_aranges)
 .debug_aranges
                0x0000000000000000       0x28 ../Play_Qsw_bsp//obj/HAL/src/crt0.o
 .debug_aranges
                0x0000000000000028       0x20 obj/default/main.o
 .debug_aranges
                0x0000000000000048       0x20 c:/altera/15.0/nios2eds/bin/gnu/h-x86_64-mingw32/bin/../lib/gcc/nios2-elf/4.9.1/mno-hw-mul\libgcc.a(lib2-mul.o)
 .debug_aranges
                0x0000000000000068       0x20 c:/altera/15.0/nios2eds/bin/gnu/h-x86_64-mingw32/bin/../lib/gcc/nios2-elf/4.9.1/../../../../../H-x86_64-mingw32/nios2-elf/lib/mno-hw-mul\libsmallc.a(lib_a-printf.o)
 .debug_aranges
                0x0000000000000088       0x20 c:/altera/15.0/nios2eds/bin/gnu/h-x86_64-mingw32/bin/../lib/gcc/nios2-elf/4.9.1/../../../../../H-x86_64-mingw32/nios2-elf/lib/mno-hw-mul\libsmallc.a(lib_a-vfprintf.o)
 .debug_aranges
                0x00000000000000a8       0x20 c:/altera/15.0/nios2eds/bin/gnu/h-x86_64-mingw32/bin/../lib/gcc/nios2-elf/4.9.1/../../../../../H-x86_64-mingw32/nios2-elf/lib/mno-hw-mul\libsmallc.a(lib_a-fvwrite_small_dev.o)
 .debug_aranges
                0x00000000000000c8       0x18 c:/altera/15.0/nios2eds/bin/gnu/h-x86_64-mingw32/bin/../lib/gcc/nios2-elf/4.9.1/../../../../../H-x86_64-mingw32/nios2-elf/lib/mno-hw-mul\libsmallc.a(lib_a-impure.o)
 .debug_aranges
                0x00000000000000e0       0x20 c:/altera/15.0/nios2eds/bin/gnu/h-x86_64-mingw32/bin/../lib/gcc/nios2-elf/4.9.1/../../../../../H-x86_64-mingw32/nios2-elf/lib/mno-hw-mul\libsmallc.a(lib_a-strlen.o)
 .debug_aranges
                0x0000000000000100       0x20 c:/altera/15.0/nios2eds/bin/gnu/h-x86_64-mingw32/bin/../lib/gcc/nios2-elf/4.9.1/../../../../../H-x86_64-mingw32/nios2-elf/lib/mno-hw-mul\libsmallc.a(lib_a-writer.o)
 .debug_aranges
                0x0000000000000120       0x18 c:/altera/15.0/nios2eds/bin/gnu/h-x86_64-mingw32/bin/../lib/gcc/nios2-elf/4.9.1/../../../../../H-x86_64-mingw32/nios2-elf/lib/mno-hw-mul\libsmallc.a(lib_a-int_errno.o)
 .debug_aranges
                0x0000000000000138       0x20 c:/altera/15.0/nios2eds/bin/gnu/h-x86_64-mingw32/bin/../lib/gcc/nios2-elf/4.9.1/mno-hw-mul\libgcc.a(lib2-divmod.o)
 .debug_aranges
                0x0000000000000158       0x20 ../Play_Qsw_bsp/\libhal_bsp.a(alt_load.o)
 .debug_aranges
                0x0000000000000178       0x20 ../Play_Qsw_bsp/\libhal_bsp.a(alt_main.o)
 .debug_aranges
                0x0000000000000198       0x20 ../Play_Qsw_bsp/\libhal_bsp.a(alt_write.o)
 .debug_aranges
                0x00000000000001b8       0x20 ../Play_Qsw_bsp/\libhal_bsp.a(alt_sys_init.o)
 .debug_aranges
                0x00000000000001d8       0x20 ../Play_Qsw_bsp/\libhal_bsp.a(altera_avalon_jtag_uart_fd.o)
 .debug_aranges
                0x00000000000001f8       0x20 ../Play_Qsw_bsp/\libhal_bsp.a(altera_avalon_jtag_uart_read.o)
 .debug_aranges
                0x0000000000000218       0x20 ../Play_Qsw_bsp/\libhal_bsp.a(altera_avalon_jtag_uart_write.o)
 .debug_aranges
                0x0000000000000238       0x18 ../Play_Qsw_bsp/\libhal_bsp.a(altera_avalon_timer_vars.o)
 .debug_aranges
                0x0000000000000250       0x20 ../Play_Qsw_bsp/\libhal_bsp.a(alt_close.o)
 .debug_aranges
                0x0000000000000270       0x20 ../Play_Qsw_bsp/\libhal_bsp.a(alt_dcache_flush_all.o)
 .debug_aranges
                0x0000000000000290       0x20 ../Play_Qsw_bsp/\libhal_bsp.a(alt_dev.o)
 .debug_aranges
                0x00000000000002b0       0x20 ../Play_Qsw_bsp/\libhal_bsp.a(alt_dev_llist_insert.o)
 .debug_aranges
                0x00000000000002d0       0x20 ../Play_Qsw_bsp/\libhal_bsp.a(alt_do_ctors.o)
 .debug_aranges
                0x00000000000002f0       0x20 ../Play_Qsw_bsp/\libhal_bsp.a(alt_do_dtors.o)
 .debug_aranges
                0x0000000000000310       0x18 ../Play_Qsw_bsp/\libhal_bsp.a(alt_errno.o)
 .debug_aranges
                0x0000000000000328       0x20 ../Play_Qsw_bsp/\libhal_bsp.a(alt_icache_flush_all.o)
 .debug_aranges
                0x0000000000000348       0x20 ../Play_Qsw_bsp/\libhal_bsp.a(alt_io_redirect.o)
 .debug_aranges
                0x0000000000000368       0x20 ../Play_Qsw_bsp/\libhal_bsp.a(alt_open.o)
 .debug_aranges
                0x0000000000000388       0x20 ../Play_Qsw_bsp/\libhal_bsp.a(alt_release_fd.o)
 .debug_aranges
                0x00000000000003a8       0x20 ../Play_Qsw_bsp/\libhal_bsp.a(altera_nios2_gen2_irq.o)
 .debug_aranges
                0x00000000000003c8       0x20 ../Play_Qsw_bsp/\libhal_bsp.a(alt_find_dev.o)
 .debug_aranges
                0x00000000000003e8       0x20 ../Play_Qsw_bsp/\libhal_bsp.a(alt_find_file.o)
 .debug_aranges
                0x0000000000000408       0x20 ../Play_Qsw_bsp/\libhal_bsp.a(alt_get_fd.o)
 .debug_aranges
                0x0000000000000428       0x20 c:/altera/15.0/nios2eds/bin/gnu/h-x86_64-mingw32/bin/../lib/gcc/nios2-elf/4.9.1/../../../../../H-x86_64-mingw32/nios2-elf/lib/mno-hw-mul\libsmallc.a(lib_a-atexit.o)
 .debug_aranges
                0x0000000000000448       0x20 c:/altera/15.0/nios2eds/bin/gnu/h-x86_64-mingw32/bin/../lib/gcc/nios2-elf/4.9.1/../../../../../H-x86_64-mingw32/nios2-elf/lib/mno-hw-mul\libsmallc.a(lib_a-exit.o)
 .debug_aranges
                0x0000000000000468       0x20 c:/altera/15.0/nios2eds/bin/gnu/h-x86_64-mingw32/bin/../lib/gcc/nios2-elf/4.9.1/../../../../../H-x86_64-mingw32/nios2-elf/lib/mno-hw-mul\libsmallc.a(lib_a-memcmp.o)
 .debug_aranges
                0x0000000000000488       0x20 c:/altera/15.0/nios2eds/bin/gnu/h-x86_64-mingw32/bin/../lib/gcc/nios2-elf/4.9.1/../../../../../H-x86_64-mingw32/nios2-elf/lib/mno-hw-mul\libsmallc.a(lib_a-__atexit.o)
 .debug_aranges
                0x00000000000004a8       0x20 c:/altera/15.0/nios2eds/bin/gnu/h-x86_64-mingw32/bin/../lib/gcc/nios2-elf/4.9.1/../../../../../H-x86_64-mingw32/nios2-elf/lib/mno-hw-mul\libsmallc.a(lib_a-__call_atexit.o)
 .debug_aranges
                0x00000000000004c8       0x20 ../Play_Qsw_bsp/\libhal_bsp.a(alt_exit.o)

.debug_pubnames
 *(.debug_pubnames)

.debug_info     0x0000000000000000     0x701f
 *(.debug_info .gnu.linkonce.wi.*)
 .debug_info    0x0000000000000000       0x68 ../Play_Qsw_bsp//obj/HAL/src/crt0.o
 .debug_info    0x0000000000000068      0x395 obj/default/main.o
 .debug_info    0x00000000000003fd       0xb4 c:/altera/15.0/nios2eds/bin/gnu/h-x86_64-mingw32/bin/../lib/gcc/nios2-elf/4.9.1/mno-hw-mul\libgcc.a(lib2-mul.o)
 .debug_info    0x00000000000004b1      0x6c7 c:/altera/15.0/nios2eds/bin/gnu/h-x86_64-mingw32/bin/../lib/gcc/nios2-elf/4.9.1/../../../../../H-x86_64-mingw32/nios2-elf/lib/mno-hw-mul\libsmallc.a(lib_a-printf.o)
 .debug_info    0x0000000000000b78      0xb49 c:/altera/15.0/nios2eds/bin/gnu/h-x86_64-mingw32/bin/../lib/gcc/nios2-elf/4.9.1/../../../../../H-x86_64-mingw32/nios2-elf/lib/mno-hw-mul\libsmallc.a(lib_a-vfprintf.o)
 .debug_info    0x00000000000016c1      0x656 c:/altera/15.0/nios2eds/bin/gnu/h-x86_64-mingw32/bin/../lib/gcc/nios2-elf/4.9.1/../../../../../H-x86_64-mingw32/nios2-elf/lib/mno-hw-mul\libsmallc.a(lib_a-fvwrite_small_dev.o)
 .debug_info    0x0000000000001d17      0x5a7 c:/altera/15.0/nios2eds/bin/gnu/h-x86_64-mingw32/bin/../lib/gcc/nios2-elf/4.9.1/../../../../../H-x86_64-mingw32/nios2-elf/lib/mno-hw-mul\libsmallc.a(lib_a-impure.o)
 .debug_info    0x00000000000022be       0xc2 c:/altera/15.0/nios2eds/bin/gnu/h-x86_64-mingw32/bin/../lib/gcc/nios2-elf/4.9.1/../../../../../H-x86_64-mingw32/nios2-elf/lib/mno-hw-mul\libsmallc.a(lib_a-strlen.o)
 .debug_info    0x0000000000002380      0x639 c:/altera/15.0/nios2eds/bin/gnu/h-x86_64-mingw32/bin/../lib/gcc/nios2-elf/4.9.1/../../../../../H-x86_64-mingw32/nios2-elf/lib/mno-hw-mul\libsmallc.a(lib_a-writer.o)
 .debug_info    0x00000000000029b9       0x83 c:/altera/15.0/nios2eds/bin/gnu/h-x86_64-mingw32/bin/../lib/gcc/nios2-elf/4.9.1/../../../../../H-x86_64-mingw32/nios2-elf/lib/mno-hw-mul\libsmallc.a(lib_a-int_errno.o)
 .debug_info    0x0000000000002a3c      0x234 c:/altera/15.0/nios2eds/bin/gnu/h-x86_64-mingw32/bin/../lib/gcc/nios2-elf/4.9.1/mno-hw-mul\libgcc.a(lib2-divmod.o)
 .debug_info    0x0000000000002c70      0x13e ../Play_Qsw_bsp/\libhal_bsp.a(alt_load.o)
 .debug_info    0x0000000000002dae      0x12a ../Play_Qsw_bsp/\libhal_bsp.a(alt_main.o)
 .debug_info    0x0000000000002ed8      0x4b0 ../Play_Qsw_bsp/\libhal_bsp.a(alt_write.o)
 .debug_info    0x0000000000003388      0x3d8 ../Play_Qsw_bsp/\libhal_bsp.a(alt_sys_init.o)
 .debug_info    0x0000000000003760      0x3a0 ../Play_Qsw_bsp/\libhal_bsp.a(altera_avalon_jtag_uart_fd.o)
 .debug_info    0x0000000000003b00      0x1af ../Play_Qsw_bsp/\libhal_bsp.a(altera_avalon_jtag_uart_read.o)
 .debug_info    0x0000000000003caf      0x18e ../Play_Qsw_bsp/\libhal_bsp.a(altera_avalon_jtag_uart_write.o)
 .debug_info    0x0000000000003e3d       0xe2 ../Play_Qsw_bsp/\libhal_bsp.a(altera_avalon_timer_vars.o)
 .debug_info    0x0000000000003f1f      0x31a ../Play_Qsw_bsp/\libhal_bsp.a(alt_close.o)
 .debug_info    0x0000000000004239       0x8b ../Play_Qsw_bsp/\libhal_bsp.a(alt_dcache_flush_all.o)
 .debug_info    0x00000000000042c4      0x495 ../Play_Qsw_bsp/\libhal_bsp.a(alt_dev.o)
 .debug_info    0x0000000000004759      0x1a2 ../Play_Qsw_bsp/\libhal_bsp.a(alt_dev_llist_insert.o)
 .debug_info    0x00000000000048fb       0x83 ../Play_Qsw_bsp/\libhal_bsp.a(alt_do_ctors.o)
 .debug_info    0x000000000000497e       0x83 ../Play_Qsw_bsp/\libhal_bsp.a(alt_do_dtors.o)
 .debug_info    0x0000000000004a01       0x9f ../Play_Qsw_bsp/\libhal_bsp.a(alt_errno.o)
 .debug_info    0x0000000000004aa0       0x8b ../Play_Qsw_bsp/\libhal_bsp.a(alt_icache_flush_all.o)
 .debug_info    0x0000000000004b2b      0x49e ../Play_Qsw_bsp/\libhal_bsp.a(alt_io_redirect.o)
 .debug_info    0x0000000000004fc9      0x3b4 ../Play_Qsw_bsp/\libhal_bsp.a(alt_open.o)
 .debug_info    0x000000000000537d      0x2b0 ../Play_Qsw_bsp/\libhal_bsp.a(alt_release_fd.o)
 .debug_info    0x000000000000562d       0x8b ../Play_Qsw_bsp/\libhal_bsp.a(altera_nios2_gen2_irq.o)
 .debug_info    0x00000000000056b8      0x2e2 ../Play_Qsw_bsp/\libhal_bsp.a(alt_find_dev.o)
 .debug_info    0x000000000000599a      0x2df ../Play_Qsw_bsp/\libhal_bsp.a(alt_find_file.o)
 .debug_info    0x0000000000005c79      0x309 ../Play_Qsw_bsp/\libhal_bsp.a(alt_get_fd.o)
 .debug_info    0x0000000000005f82      0x10a c:/altera/15.0/nios2eds/bin/gnu/h-x86_64-mingw32/bin/../lib/gcc/nios2-elf/4.9.1/../../../../../H-x86_64-mingw32/nios2-elf/lib/mno-hw-mul\libsmallc.a(lib_a-atexit.o)
 .debug_info    0x000000000000608c       0xed c:/altera/15.0/nios2eds/bin/gnu/h-x86_64-mingw32/bin/../lib/gcc/nios2-elf/4.9.1/../../../../../H-x86_64-mingw32/nios2-elf/lib/mno-hw-mul\libsmallc.a(lib_a-exit.o)
 .debug_info    0x0000000000006179       0xed c:/altera/15.0/nios2eds/bin/gnu/h-x86_64-mingw32/bin/../lib/gcc/nios2-elf/4.9.1/../../../../../H-x86_64-mingw32/nios2-elf/lib/mno-hw-mul\libsmallc.a(lib_a-memcmp.o)
 .debug_info    0x0000000000006266      0x661 c:/altera/15.0/nios2eds/bin/gnu/h-x86_64-mingw32/bin/../lib/gcc/nios2-elf/4.9.1/../../../../../H-x86_64-mingw32/nios2-elf/lib/mno-hw-mul\libsmallc.a(lib_a-__atexit.o)
 .debug_info    0x00000000000068c7      0x673 c:/altera/15.0/nios2eds/bin/gnu/h-x86_64-mingw32/bin/../lib/gcc/nios2-elf/4.9.1/../../../../../H-x86_64-mingw32/nios2-elf/lib/mno-hw-mul\libsmallc.a(lib_a-__call_atexit.o)
 .debug_info    0x0000000000006f3a       0xe5 ../Play_Qsw_bsp/\libhal_bsp.a(alt_exit.o)

.debug_abbrev   0x0000000000000000     0x2528
 *(.debug_abbrev)
 .debug_abbrev  0x0000000000000000       0x12 ../Play_Qsw_bsp//obj/HAL/src/crt0.o
 .debug_abbrev  0x0000000000000012      0x112 obj/default/main.o
 .debug_abbrev  0x0000000000000124       0x6f c:/altera/15.0/nios2eds/bin/gnu/h-x86_64-mingw32/bin/../lib/gcc/nios2-elf/4.9.1/mno-hw-mul\libgcc.a(lib2-mul.o)
 .debug_abbrev  0x0000000000000193      0x1fe c:/altera/15.0/nios2eds/bin/gnu/h-x86_64-mingw32/bin/../lib/gcc/nios2-elf/4.9.1/../../../../../H-x86_64-mingw32/nios2-elf/lib/mno-hw-mul\libsmallc.a(lib_a-printf.o)
 .debug_abbrev  0x0000000000000391      0x2a1 c:/altera/15.0/nios2eds/bin/gnu/h-x86_64-mingw32/bin/../lib/gcc/nios2-elf/4.9.1/../../../../../H-x86_64-mingw32/nios2-elf/lib/mno-hw-mul\libsmallc.a(lib_a-vfprintf.o)
 .debug_abbrev  0x0000000000000632      0x1c3 c:/altera/15.0/nios2eds/bin/gnu/h-x86_64-mingw32/bin/../lib/gcc/nios2-elf/4.9.1/../../../../../H-x86_64-mingw32/nios2-elf/lib/mno-hw-mul\libsmallc.a(lib_a-fvwrite_small_dev.o)
 .debug_abbrev  0x00000000000007f5      0x14a c:/altera/15.0/nios2eds/bin/gnu/h-x86_64-mingw32/bin/../lib/gcc/nios2-elf/4.9.1/../../../../../H-x86_64-mingw32/nios2-elf/lib/mno-hw-mul\libsmallc.a(lib_a-impure.o)
 .debug_abbrev  0x000000000000093f       0x7f c:/altera/15.0/nios2eds/bin/gnu/h-x86_64-mingw32/bin/../lib/gcc/nios2-elf/4.9.1/../../../../../H-x86_64-mingw32/nios2-elf/lib/mno-hw-mul\libsmallc.a(lib_a-strlen.o)
 .debug_abbrev  0x00000000000009be      0x1a8 c:/altera/15.0/nios2eds/bin/gnu/h-x86_64-mingw32/bin/../lib/gcc/nios2-elf/4.9.1/../../../../../H-x86_64-mingw32/nios2-elf/lib/mno-hw-mul\libsmallc.a(lib_a-writer.o)
 .debug_abbrev  0x0000000000000b66       0x37 c:/altera/15.0/nios2eds/bin/gnu/h-x86_64-mingw32/bin/../lib/gcc/nios2-elf/4.9.1/../../../../../H-x86_64-mingw32/nios2-elf/lib/mno-hw-mul\libsmallc.a(lib_a-int_errno.o)
 .debug_abbrev  0x0000000000000b9d       0xd9 c:/altera/15.0/nios2eds/bin/gnu/h-x86_64-mingw32/bin/../lib/gcc/nios2-elf/4.9.1/mno-hw-mul\libgcc.a(lib2-divmod.o)
 .debug_abbrev  0x0000000000000c76       0x9f ../Play_Qsw_bsp/\libhal_bsp.a(alt_load.o)
 .debug_abbrev  0x0000000000000d15       0xba ../Play_Qsw_bsp/\libhal_bsp.a(alt_main.o)
 .debug_abbrev  0x0000000000000dcf      0x133 ../Play_Qsw_bsp/\libhal_bsp.a(alt_write.o)
 .debug_abbrev  0x0000000000000f02      0x157 ../Play_Qsw_bsp/\libhal_bsp.a(alt_sys_init.o)
 .debug_abbrev  0x0000000000001059       0xf7 ../Play_Qsw_bsp/\libhal_bsp.a(altera_avalon_jtag_uart_fd.o)
 .debug_abbrev  0x0000000000001150       0xd7 ../Play_Qsw_bsp/\libhal_bsp.a(altera_avalon_jtag_uart_read.o)
 .debug_abbrev  0x0000000000001227       0xd5 ../Play_Qsw_bsp/\libhal_bsp.a(altera_avalon_jtag_uart_write.o)
 .debug_abbrev  0x00000000000012fc       0x83 ../Play_Qsw_bsp/\libhal_bsp.a(altera_avalon_timer_vars.o)
 .debug_abbrev  0x000000000000137f      0x11f ../Play_Qsw_bsp/\libhal_bsp.a(alt_close.o)
 .debug_abbrev  0x000000000000149e       0x42 ../Play_Qsw_bsp/\libhal_bsp.a(alt_dcache_flush_all.o)
 .debug_abbrev  0x00000000000014e0       0xd9 ../Play_Qsw_bsp/\libhal_bsp.a(alt_dev.o)
 .debug_abbrev  0x00000000000015b9      0x114 ../Play_Qsw_bsp/\libhal_bsp.a(alt_dev_llist_insert.o)
 .debug_abbrev  0x00000000000016cd       0x79 ../Play_Qsw_bsp/\libhal_bsp.a(alt_do_ctors.o)
 .debug_abbrev  0x0000000000001746       0x79 ../Play_Qsw_bsp/\libhal_bsp.a(alt_do_dtors.o)
 .debug_abbrev  0x00000000000017bf       0x5a ../Play_Qsw_bsp/\libhal_bsp.a(alt_errno.o)
 .debug_abbrev  0x0000000000001819       0x42 ../Play_Qsw_bsp/\libhal_bsp.a(alt_icache_flush_all.o)
 .debug_abbrev  0x000000000000185b      0x114 ../Play_Qsw_bsp/\libhal_bsp.a(alt_io_redirect.o)
 .debug_abbrev  0x000000000000196f      0x148 ../Play_Qsw_bsp/\libhal_bsp.a(alt_open.o)
 .debug_abbrev  0x0000000000001ab7       0xde ../Play_Qsw_bsp/\libhal_bsp.a(alt_release_fd.o)
 .debug_abbrev  0x0000000000001b95       0x42 ../Play_Qsw_bsp/\libhal_bsp.a(altera_nios2_gen2_irq.o)
 .debug_abbrev  0x0000000000001bd7       0xf0 ../Play_Qsw_bsp/\libhal_bsp.a(alt_find_dev.o)
 .debug_abbrev  0x0000000000001cc7       0xf0 ../Play_Qsw_bsp/\libhal_bsp.a(alt_find_file.o)
 .debug_abbrev  0x0000000000001db7      0x10d ../Play_Qsw_bsp/\libhal_bsp.a(alt_get_fd.o)
 .debug_abbrev  0x0000000000001ec4       0xb8 c:/altera/15.0/nios2eds/bin/gnu/h-x86_64-mingw32/bin/../lib/gcc/nios2-elf/4.9.1/../../../../../H-x86_64-mingw32/nios2-elf/lib/mno-hw-mul\libsmallc.a(lib_a-atexit.o)
 .debug_abbrev  0x0000000000001f7c       0xa9 c:/altera/15.0/nios2eds/bin/gnu/h-x86_64-mingw32/bin/../lib/gcc/nios2-elf/4.9.1/../../../../../H-x86_64-mingw32/nios2-elf/lib/mno-hw-mul\libsmallc.a(lib_a-exit.o)
 .debug_abbrev  0x0000000000002025       0x7f c:/altera/15.0/nios2eds/bin/gnu/h-x86_64-mingw32/bin/../lib/gcc/nios2-elf/4.9.1/../../../../../H-x86_64-mingw32/nios2-elf/lib/mno-hw-mul\libsmallc.a(lib_a-memcmp.o)
 .debug_abbrev  0x00000000000020a4      0x1f5 c:/altera/15.0/nios2eds/bin/gnu/h-x86_64-mingw32/bin/../lib/gcc/nios2-elf/4.9.1/../../../../../H-x86_64-mingw32/nios2-elf/lib/mno-hw-mul\libsmallc.a(lib_a-__atexit.o)
 .debug_abbrev  0x0000000000002299      0x1e9 c:/altera/15.0/nios2eds/bin/gnu/h-x86_64-mingw32/bin/../lib/gcc/nios2-elf/4.9.1/../../../../../H-x86_64-mingw32/nios2-elf/lib/mno-hw-mul\libsmallc.a(lib_a-__call_atexit.o)
 .debug_abbrev  0x0000000000002482       0xa6 ../Play_Qsw_bsp/\libhal_bsp.a(alt_exit.o)

.debug_line     0x0000000000000000     0x29f1
 *(.debug_line)
 .debug_line    0x0000000000000000       0x66 ../Play_Qsw_bsp//obj/HAL/src/crt0.o
 .debug_line    0x0000000000000066      0x139 obj/default/main.o
 .debug_line    0x000000000000019f       0x80 c:/altera/15.0/nios2eds/bin/gnu/h-x86_64-mingw32/bin/../lib/gcc/nios2-elf/4.9.1/mno-hw-mul\libgcc.a(lib2-mul.o)
 .debug_line    0x000000000000021f      0x1fd c:/altera/15.0/nios2eds/bin/gnu/h-x86_64-mingw32/bin/../lib/gcc/nios2-elf/4.9.1/../../../../../H-x86_64-mingw32/nios2-elf/lib/mno-hw-mul\libsmallc.a(lib_a-printf.o)
 .debug_line    0x000000000000041c      0x34d c:/altera/15.0/nios2eds/bin/gnu/h-x86_64-mingw32/bin/../lib/gcc/nios2-elf/4.9.1/../../../../../H-x86_64-mingw32/nios2-elf/lib/mno-hw-mul\libsmallc.a(lib_a-vfprintf.o)
 .debug_line    0x0000000000000769      0x1f5 c:/altera/15.0/nios2eds/bin/gnu/h-x86_64-mingw32/bin/../lib/gcc/nios2-elf/4.9.1/../../../../../H-x86_64-mingw32/nios2-elf/lib/mno-hw-mul\libsmallc.a(lib_a-fvwrite_small_dev.o)
 .debug_line    0x000000000000095e      0x158 c:/altera/15.0/nios2eds/bin/gnu/h-x86_64-mingw32/bin/../lib/gcc/nios2-elf/4.9.1/../../../../../H-x86_64-mingw32/nios2-elf/lib/mno-hw-mul\libsmallc.a(lib_a-impure.o)
 .debug_line    0x0000000000000ab6      0x15e c:/altera/15.0/nios2eds/bin/gnu/h-x86_64-mingw32/bin/../lib/gcc/nios2-elf/4.9.1/../../../../../H-x86_64-mingw32/nios2-elf/lib/mno-hw-mul\libsmallc.a(lib_a-strlen.o)
 .debug_line    0x0000000000000c14      0x1f0 c:/altera/15.0/nios2eds/bin/gnu/h-x86_64-mingw32/bin/../lib/gcc/nios2-elf/4.9.1/../../../../../H-x86_64-mingw32/nios2-elf/lib/mno-hw-mul\libsmallc.a(lib_a-writer.o)
 .debug_line    0x0000000000000e04       0x60 c:/altera/15.0/nios2eds/bin/gnu/h-x86_64-mingw32/bin/../lib/gcc/nios2-elf/4.9.1/../../../../../H-x86_64-mingw32/nios2-elf/lib/mno-hw-mul\libsmallc.a(lib_a-int_errno.o)
 .debug_line    0x0000000000000e64       0xc7 c:/altera/15.0/nios2eds/bin/gnu/h-x86_64-mingw32/bin/../lib/gcc/nios2-elf/4.9.1/mno-hw-mul\libgcc.a(lib2-divmod.o)
 .debug_line    0x0000000000000f2b       0x8d ../Play_Qsw_bsp/\libhal_bsp.a(alt_load.o)
 .debug_line    0x0000000000000fb8       0xa4 ../Play_Qsw_bsp/\libhal_bsp.a(alt_main.o)
 .debug_line    0x000000000000105c      0x1cc ../Play_Qsw_bsp/\libhal_bsp.a(alt_write.o)
 .debug_line    0x0000000000001228      0x143 ../Play_Qsw_bsp/\libhal_bsp.a(alt_sys_init.o)
 .debug_line    0x000000000000136b      0x112 ../Play_Qsw_bsp/\libhal_bsp.a(altera_avalon_jtag_uart_fd.o)
 .debug_line    0x000000000000147d       0xff ../Play_Qsw_bsp/\libhal_bsp.a(altera_avalon_jtag_uart_read.o)
 .debug_line    0x000000000000157c       0xf4 ../Play_Qsw_bsp/\libhal_bsp.a(altera_avalon_jtag_uart_write.o)
 .debug_line    0x0000000000001670       0x8a ../Play_Qsw_bsp/\libhal_bsp.a(altera_avalon_timer_vars.o)
 .debug_line    0x00000000000016fa      0x15e ../Play_Qsw_bsp/\libhal_bsp.a(alt_close.o)
 .debug_line    0x0000000000001858       0x51 ../Play_Qsw_bsp/\libhal_bsp.a(alt_dcache_flush_all.o)
 .debug_line    0x00000000000018a9       0xf0 ../Play_Qsw_bsp/\libhal_bsp.a(alt_dev.o)
 .debug_line    0x0000000000001999       0xd0 ../Play_Qsw_bsp/\libhal_bsp.a(alt_dev_llist_insert.o)
 .debug_line    0x0000000000001a69       0x59 ../Play_Qsw_bsp/\libhal_bsp.a(alt_do_ctors.o)
 .debug_line    0x0000000000001ac2       0x59 ../Play_Qsw_bsp/\libhal_bsp.a(alt_do_dtors.o)
 .debug_line    0x0000000000001b1b       0x51 ../Play_Qsw_bsp/\libhal_bsp.a(alt_errno.o)
 .debug_line    0x0000000000001b6c       0x4f ../Play_Qsw_bsp/\libhal_bsp.a(alt_icache_flush_all.o)
 .debug_line    0x0000000000001bbb      0x12d ../Play_Qsw_bsp/\libhal_bsp.a(alt_io_redirect.o)
 .debug_line    0x0000000000001ce8      0x12d ../Play_Qsw_bsp/\libhal_bsp.a(alt_open.o)
 .debug_line    0x0000000000001e15       0xb0 ../Play_Qsw_bsp/\libhal_bsp.a(alt_release_fd.o)
 .debug_line    0x0000000000001ec5       0x51 ../Play_Qsw_bsp/\libhal_bsp.a(altera_nios2_gen2_irq.o)
 .debug_line    0x0000000000001f16       0xb5 ../Play_Qsw_bsp/\libhal_bsp.a(alt_find_dev.o)
 .debug_line    0x0000000000001fcb       0xd1 ../Play_Qsw_bsp/\libhal_bsp.a(alt_find_file.o)
 .debug_line    0x000000000000209c       0xd8 ../Play_Qsw_bsp/\libhal_bsp.a(alt_get_fd.o)
 .debug_line    0x0000000000002174       0xea c:/altera/15.0/nios2eds/bin/gnu/h-x86_64-mingw32/bin/../lib/gcc/nios2-elf/4.9.1/../../../../../H-x86_64-mingw32/nios2-elf/lib/mno-hw-mul\libsmallc.a(lib_a-atexit.o)
 .debug_line    0x000000000000225e      0x15a c:/altera/15.0/nios2eds/bin/gnu/h-x86_64-mingw32/bin/../lib/gcc/nios2-elf/4.9.1/../../../../../H-x86_64-mingw32/nios2-elf/lib/mno-hw-mul\libsmallc.a(lib_a-exit.o)
 .debug_line    0x00000000000023b8      0x162 c:/altera/15.0/nios2eds/bin/gnu/h-x86_64-mingw32/bin/../lib/gcc/nios2-elf/4.9.1/../../../../../H-x86_64-mingw32/nios2-elf/lib/mno-hw-mul\libsmallc.a(lib_a-memcmp.o)
 .debug_line    0x000000000000251a      0x214 c:/altera/15.0/nios2eds/bin/gnu/h-x86_64-mingw32/bin/../lib/gcc/nios2-elf/4.9.1/../../../../../H-x86_64-mingw32/nios2-elf/lib/mno-hw-mul\libsmallc.a(lib_a-__atexit.o)
 .debug_line    0x000000000000272e      0x252 c:/altera/15.0/nios2eds/bin/gnu/h-x86_64-mingw32/bin/../lib/gcc/nios2-elf/4.9.1/../../../../../H-x86_64-mingw32/nios2-elf/lib/mno-hw-mul\libsmallc.a(lib_a-__call_atexit.o)
 .debug_line    0x0000000000002980       0x71 ../Play_Qsw_bsp/\libhal_bsp.a(alt_exit.o)

.debug_frame    0x0000000000000000      0x9ac
 *(.debug_frame)
 .debug_frame   0x0000000000000000       0x54 obj/default/main.o
 .debug_frame   0x0000000000000054       0x20 c:/altera/15.0/nios2eds/bin/gnu/h-x86_64-mingw32/bin/../lib/gcc/nios2-elf/4.9.1/mno-hw-mul\libgcc.a(lib2-mul.o)
 .debug_frame   0x0000000000000074       0x48 c:/altera/15.0/nios2eds/bin/gnu/h-x86_64-mingw32/bin/../lib/gcc/nios2-elf/4.9.1/../../../../../H-x86_64-mingw32/nios2-elf/lib/mno-hw-mul\libsmallc.a(lib_a-printf.o)
 .debug_frame   0x00000000000000bc       0x8c c:/altera/15.0/nios2eds/bin/gnu/h-x86_64-mingw32/bin/../lib/gcc/nios2-elf/4.9.1/../../../../../H-x86_64-mingw32/nios2-elf/lib/mno-hw-mul\libsmallc.a(lib_a-vfprintf.o)
 .debug_frame   0x0000000000000148       0x40 c:/altera/15.0/nios2eds/bin/gnu/h-x86_64-mingw32/bin/../lib/gcc/nios2-elf/4.9.1/../../../../../H-x86_64-mingw32/nios2-elf/lib/mno-hw-mul\libsmallc.a(lib_a-fvwrite_small_dev.o)
 .debug_frame   0x0000000000000188       0x20 c:/altera/15.0/nios2eds/bin/gnu/h-x86_64-mingw32/bin/../lib/gcc/nios2-elf/4.9.1/../../../../../H-x86_64-mingw32/nios2-elf/lib/mno-hw-mul\libsmallc.a(lib_a-strlen.o)
 .debug_frame   0x00000000000001a8       0x38 c:/altera/15.0/nios2eds/bin/gnu/h-x86_64-mingw32/bin/../lib/gcc/nios2-elf/4.9.1/../../../../../H-x86_64-mingw32/nios2-elf/lib/mno-hw-mul\libsmallc.a(lib_a-writer.o)
 .debug_frame   0x00000000000001e0       0x8c c:/altera/15.0/nios2eds/bin/gnu/h-x86_64-mingw32/bin/../lib/gcc/nios2-elf/4.9.1/mno-hw-mul\libgcc.a(lib2-divmod.o)
 .debug_frame   0x000000000000026c       0x5c ../Play_Qsw_bsp/\libhal_bsp.a(alt_load.o)
 .debug_frame   0x00000000000002c8       0x2c ../Play_Qsw_bsp/\libhal_bsp.a(alt_main.o)
 .debug_frame   0x00000000000002f4       0x60 ../Play_Qsw_bsp/\libhal_bsp.a(alt_write.o)
 .debug_frame   0x0000000000000354       0x88 ../Play_Qsw_bsp/\libhal_bsp.a(alt_sys_init.o)
 .debug_frame   0x00000000000003dc       0x60 ../Play_Qsw_bsp/\libhal_bsp.a(altera_avalon_jtag_uart_fd.o)
 .debug_frame   0x000000000000043c       0x34 ../Play_Qsw_bsp/\libhal_bsp.a(altera_avalon_jtag_uart_read.o)
 .debug_frame   0x0000000000000470       0x34 ../Play_Qsw_bsp/\libhal_bsp.a(altera_avalon_jtag_uart_write.o)
 .debug_frame   0x00000000000004a4       0x60 ../Play_Qsw_bsp/\libhal_bsp.a(alt_close.o)
 .debug_frame   0x0000000000000504       0x34 ../Play_Qsw_bsp/\libhal_bsp.a(alt_dcache_flush_all.o)
 .debug_frame   0x0000000000000538       0x34 ../Play_Qsw_bsp/\libhal_bsp.a(alt_dev.o)
 .debug_frame   0x000000000000056c       0x60 ../Play_Qsw_bsp/\libhal_bsp.a(alt_dev_llist_insert.o)
 .debug_frame   0x00000000000005cc       0x38 ../Play_Qsw_bsp/\libhal_bsp.a(alt_do_ctors.o)
 .debug_frame   0x0000000000000604       0x38 ../Play_Qsw_bsp/\libhal_bsp.a(alt_do_dtors.o)
 .debug_frame   0x000000000000063c       0x34 ../Play_Qsw_bsp/\libhal_bsp.a(alt_icache_flush_all.o)
 .debug_frame   0x0000000000000670       0x64 ../Play_Qsw_bsp/\libhal_bsp.a(alt_io_redirect.o)
 .debug_frame   0x00000000000006d4       0x8c ../Play_Qsw_bsp/\libhal_bsp.a(alt_open.o)
 .debug_frame   0x0000000000000760       0x3c ../Play_Qsw_bsp/\libhal_bsp.a(alt_release_fd.o)
 .debug_frame   0x000000000000079c       0x34 ../Play_Qsw_bsp/\libhal_bsp.a(altera_nios2_gen2_irq.o)
 .debug_frame   0x00000000000007d0       0x38 ../Play_Qsw_bsp/\libhal_bsp.a(alt_find_dev.o)
 .debug_frame   0x0000000000000808       0x38 ../Play_Qsw_bsp/\libhal_bsp.a(alt_find_file.o)
 .debug_frame   0x0000000000000840       0x3c ../Play_Qsw_bsp/\libhal_bsp.a(alt_get_fd.o)
 .debug_frame   0x000000000000087c       0x20 c:/altera/15.0/nios2eds/bin/gnu/h-x86_64-mingw32/bin/../lib/gcc/nios2-elf/4.9.1/../../../../../H-x86_64-mingw32/nios2-elf/lib/mno-hw-mul\libsmallc.a(lib_a-atexit.o)
 .debug_frame   0x000000000000089c       0x28 c:/altera/15.0/nios2eds/bin/gnu/h-x86_64-mingw32/bin/../lib/gcc/nios2-elf/4.9.1/../../../../../H-x86_64-mingw32/nios2-elf/lib/mno-hw-mul\libsmallc.a(lib_a-exit.o)
 .debug_frame   0x00000000000008c4       0x20 c:/altera/15.0/nios2eds/bin/gnu/h-x86_64-mingw32/bin/../lib/gcc/nios2-elf/4.9.1/../../../../../H-x86_64-mingw32/nios2-elf/lib/mno-hw-mul\libsmallc.a(lib_a-memcmp.o)
 .debug_frame   0x00000000000008e4       0x48 c:/altera/15.0/nios2eds/bin/gnu/h-x86_64-mingw32/bin/../lib/gcc/nios2-elf/4.9.1/../../../../../H-x86_64-mingw32/nios2-elf/lib/mno-hw-mul\libsmallc.a(lib_a-__atexit.o)
 .debug_frame   0x000000000000092c       0x54 c:/altera/15.0/nios2eds/bin/gnu/h-x86_64-mingw32/bin/../lib/gcc/nios2-elf/4.9.1/../../../../../H-x86_64-mingw32/nios2-elf/lib/mno-hw-mul\libsmallc.a(lib_a-__call_atexit.o)
 .debug_frame   0x0000000000000980       0x2c ../Play_Qsw_bsp/\libhal_bsp.a(alt_exit.o)

.debug_str      0x0000000000000000     0x1765
 *(.debug_str)
 .debug_str     0x0000000000000000      0x20e obj/default/main.o
                                        0x275 (size before relaxing)
 .debug_str     0x000000000000020e      0x146 c:/altera/15.0/nios2eds/bin/gnu/h-x86_64-mingw32/bin/../lib/gcc/nios2-elf/4.9.1/mno-hw-mul\libgcc.a(lib2-mul.o)
                                        0x191 (size before relaxing)
 .debug_str     0x0000000000000354      0x3f9 c:/altera/15.0/nios2eds/bin/gnu/h-x86_64-mingw32/bin/../lib/gcc/nios2-elf/4.9.1/../../../../../H-x86_64-mingw32/nios2-elf/lib/mno-hw-mul\libsmallc.a(lib_a-printf.o)
                                        0x4cd (size before relaxing)
 .debug_str     0x000000000000074d      0x1db c:/altera/15.0/nios2eds/bin/gnu/h-x86_64-mingw32/bin/../lib/gcc/nios2-elf/4.9.1/../../../../../H-x86_64-mingw32/nios2-elf/lib/mno-hw-mul\libsmallc.a(lib_a-vfprintf.o)
                                        0x65b (size before relaxing)
 .debug_str     0x0000000000000928       0x82 c:/altera/15.0/nios2eds/bin/gnu/h-x86_64-mingw32/bin/../lib/gcc/nios2-elf/4.9.1/../../../../../H-x86_64-mingw32/nios2-elf/lib/mno-hw-mul\libsmallc.a(lib_a-fvwrite_small_dev.o)
                                        0x4a8 (size before relaxing)
 .debug_str     0x00000000000009aa       0xf0 c:/altera/15.0/nios2eds/bin/gnu/h-x86_64-mingw32/bin/../lib/gcc/nios2-elf/4.9.1/../../../../../H-x86_64-mingw32/nios2-elf/lib/mno-hw-mul\libsmallc.a(lib_a-impure.o)
                                        0x482 (size before relaxing)
 .debug_str     0x0000000000000a9a       0xd3 c:/altera/15.0/nios2eds/bin/gnu/h-x86_64-mingw32/bin/../lib/gcc/nios2-elf/4.9.1/../../../../../H-x86_64-mingw32/nios2-elf/lib/mno-hw-mul\libsmallc.a(lib_a-strlen.o)
                                        0x1a9 (size before relaxing)
 .debug_str     0x0000000000000b6d       0x3d c:/altera/15.0/nios2eds/bin/gnu/h-x86_64-mingw32/bin/../lib/gcc/nios2-elf/4.9.1/../../../../../H-x86_64-mingw32/nios2-elf/lib/mno-hw-mul\libsmallc.a(lib_a-writer.o)
                                        0x47c (size before relaxing)
 .debug_str     0x0000000000000baa       0x40 c:/altera/15.0/nios2eds/bin/gnu/h-x86_64-mingw32/bin/../lib/gcc/nios2-elf/4.9.1/../../../../../H-x86_64-mingw32/nios2-elf/lib/mno-hw-mul\libsmallc.a(lib_a-int_errno.o)
                                        0x19c (size before relaxing)
 .debug_str     0x0000000000000bea       0x7f c:/altera/15.0/nios2eds/bin/gnu/h-x86_64-mingw32/bin/../lib/gcc/nios2-elf/4.9.1/mno-hw-mul\libgcc.a(lib2-divmod.o)
                                        0x1d0 (size before relaxing)
 .debug_str     0x0000000000000c69      0x125 ../Play_Qsw_bsp/\libhal_bsp.a(alt_load.o)
                                        0x1ef (size before relaxing)
 .debug_str     0x0000000000000d8e       0x70 ../Play_Qsw_bsp/\libhal_bsp.a(alt_main.o)
                                        0x17a (size before relaxing)
 .debug_str     0x0000000000000dfe      0x15f ../Play_Qsw_bsp/\libhal_bsp.a(alt_write.o)
                                        0x2d5 (size before relaxing)
 .debug_str     0x0000000000000f5d      0x138 ../Play_Qsw_bsp/\libhal_bsp.a(alt_sys_init.o)
                                        0x2e9 (size before relaxing)
 .debug_str     0x0000000000001095       0x77 ../Play_Qsw_bsp/\libhal_bsp.a(altera_avalon_jtag_uart_fd.o)
                                        0x2b2 (size before relaxing)
 .debug_str     0x000000000000110c       0x48 ../Play_Qsw_bsp/\libhal_bsp.a(altera_avalon_jtag_uart_read.o)
                                        0x1fc (size before relaxing)
 .debug_str     0x0000000000001154       0x4a ../Play_Qsw_bsp/\libhal_bsp.a(altera_avalon_jtag_uart_write.o)
                                        0x1f2 (size before relaxing)
 .debug_str     0x000000000000119e       0x27 ../Play_Qsw_bsp/\libhal_bsp.a(altera_avalon_timer_vars.o)
                                        0x196 (size before relaxing)
 .debug_str     0x00000000000011c5       0x1b ../Play_Qsw_bsp/\libhal_bsp.a(alt_close.o)
                                        0x1e8 (size before relaxing)
 .debug_str     0x00000000000011e0       0x34 ../Play_Qsw_bsp/\libhal_bsp.a(alt_dcache_flush_all.o)
                                        0x132 (size before relaxing)
 .debug_str     0x0000000000001214       0x50 ../Play_Qsw_bsp/\libhal_bsp.a(alt_dev.o)
                                        0x2e2 (size before relaxing)
 .debug_str     0x0000000000001264       0x4b ../Play_Qsw_bsp/\libhal_bsp.a(alt_dev_llist_insert.o)
                                        0x1a9 (size before relaxing)
 .debug_str     0x00000000000012af       0x48 ../Play_Qsw_bsp/\libhal_bsp.a(alt_do_ctors.o)
                                         0xb9 (size before relaxing)
 .debug_str     0x00000000000012f7       0x4c ../Play_Qsw_bsp/\libhal_bsp.a(alt_do_dtors.o)
                                         0xb8 (size before relaxing)
 .debug_str     0x0000000000001343       0x14 ../Play_Qsw_bsp/\libhal_bsp.a(alt_errno.o)
                                        0x122 (size before relaxing)
 .debug_str     0x0000000000001357       0x34 ../Play_Qsw_bsp/\libhal_bsp.a(alt_icache_flush_all.o)
                                        0x132 (size before relaxing)
 .debug_str     0x000000000000138b       0x56 ../Play_Qsw_bsp/\libhal_bsp.a(alt_io_redirect.o)
                                        0x2f3 (size before relaxing)
 .debug_str     0x00000000000013e1       0x2f ../Play_Qsw_bsp/\libhal_bsp.a(alt_open.o)
                                        0x228 (size before relaxing)
 .debug_str     0x0000000000001410       0x28 ../Play_Qsw_bsp/\libhal_bsp.a(alt_release_fd.o)
                                        0x1bc (size before relaxing)
 .debug_str     0x0000000000001438       0x3b ../Play_Qsw_bsp/\libhal_bsp.a(altera_nios2_gen2_irq.o)
                                        0x139 (size before relaxing)
 .debug_str     0x0000000000001473       0x24 ../Play_Qsw_bsp/\libhal_bsp.a(alt_find_dev.o)
                                        0x1c9 (size before relaxing)
 .debug_str     0x0000000000001497       0x26 ../Play_Qsw_bsp/\libhal_bsp.a(alt_find_file.o)
                                        0x1d7 (size before relaxing)
 .debug_str     0x00000000000014bd       0x30 ../Play_Qsw_bsp/\libhal_bsp.a(alt_get_fd.o)
                                        0x1f9 (size before relaxing)
 .debug_str     0x00000000000014ed      0x117 c:/altera/15.0/nios2eds/bin/gnu/h-x86_64-mingw32/bin/../lib/gcc/nios2-elf/4.9.1/../../../../../H-x86_64-mingw32/nios2-elf/lib/mno-hw-mul\libsmallc.a(lib_a-atexit.o)
                                        0x1e0 (size before relaxing)
 .debug_str     0x0000000000001604       0x4d c:/altera/15.0/nios2eds/bin/gnu/h-x86_64-mingw32/bin/../lib/gcc/nios2-elf/4.9.1/../../../../../H-x86_64-mingw32/nios2-elf/lib/mno-hw-mul\libsmallc.a(lib_a-exit.o)
                                        0x1b4 (size before relaxing)
 .debug_str     0x0000000000001651       0x45 c:/altera/15.0/nios2eds/bin/gnu/h-x86_64-mingw32/bin/../lib/gcc/nios2-elf/4.9.1/../../../../../H-x86_64-mingw32/nios2-elf/lib/mno-hw-mul\libsmallc.a(lib_a-memcmp.o)
                                        0x1a3 (size before relaxing)
 .debug_str     0x0000000000001696       0x55 c:/altera/15.0/nios2eds/bin/gnu/h-x86_64-mingw32/bin/../lib/gcc/nios2-elf/4.9.1/../../../../../H-x86_64-mingw32/nios2-elf/lib/mno-hw-mul\libsmallc.a(lib_a-__atexit.o)
                                        0x4d8 (size before relaxing)
 .debug_str     0x00000000000016eb       0x50 c:/altera/15.0/nios2eds/bin/gnu/h-x86_64-mingw32/bin/../lib/gcc/nios2-elf/4.9.1/../../../../../H-x86_64-mingw32/nios2-elf/lib/mno-hw-mul\libsmallc.a(lib_a-__call_atexit.o)
                                        0x4a1 (size before relaxing)
 .debug_str     0x000000000000173b       0x2a ../Play_Qsw_bsp/\libhal_bsp.a(alt_exit.o)
                                        0x12e (size before relaxing)

.debug_loc      0x0000000000000000     0x12bf
 *(.debug_loc)
 .debug_loc     0x0000000000000000       0x93 c:/altera/15.0/nios2eds/bin/gnu/h-x86_64-mingw32/bin/../lib/gcc/nios2-elf/4.9.1/mno-hw-mul\libgcc.a(lib2-mul.o)
 .debug_loc     0x0000000000000093       0xc6 c:/altera/15.0/nios2eds/bin/gnu/h-x86_64-mingw32/bin/../lib/gcc/nios2-elf/4.9.1/../../../../../H-x86_64-mingw32/nios2-elf/lib/mno-hw-mul\libsmallc.a(lib_a-printf.o)
 .debug_loc     0x0000000000000159      0xa34 c:/altera/15.0/nios2eds/bin/gnu/h-x86_64-mingw32/bin/../lib/gcc/nios2-elf/4.9.1/../../../../../H-x86_64-mingw32/nios2-elf/lib/mno-hw-mul\libsmallc.a(lib_a-vfprintf.o)
 .debug_loc     0x0000000000000b8d       0xbd c:/altera/15.0/nios2eds/bin/gnu/h-x86_64-mingw32/bin/../lib/gcc/nios2-elf/4.9.1/../../../../../H-x86_64-mingw32/nios2-elf/lib/mno-hw-mul\libsmallc.a(lib_a-fvwrite_small_dev.o)
 .debug_loc     0x0000000000000c4a       0x1e c:/altera/15.0/nios2eds/bin/gnu/h-x86_64-mingw32/bin/../lib/gcc/nios2-elf/4.9.1/../../../../../H-x86_64-mingw32/nios2-elf/lib/mno-hw-mul\libsmallc.a(lib_a-strlen.o)
 .debug_loc     0x0000000000000c68       0xa5 c:/altera/15.0/nios2eds/bin/gnu/h-x86_64-mingw32/bin/../lib/gcc/nios2-elf/4.9.1/../../../../../H-x86_64-mingw32/nios2-elf/lib/mno-hw-mul\libsmallc.a(lib_a-writer.o)
 .debug_loc     0x0000000000000d0d      0x273 c:/altera/15.0/nios2eds/bin/gnu/h-x86_64-mingw32/bin/../lib/gcc/nios2-elf/4.9.1/mno-hw-mul\libgcc.a(lib2-divmod.o)
 .debug_loc     0x0000000000000f80       0x2c c:/altera/15.0/nios2eds/bin/gnu/h-x86_64-mingw32/bin/../lib/gcc/nios2-elf/4.9.1/../../../../../H-x86_64-mingw32/nios2-elf/lib/mno-hw-mul\libsmallc.a(lib_a-atexit.o)
 .debug_loc     0x0000000000000fac       0x1e c:/altera/15.0/nios2eds/bin/gnu/h-x86_64-mingw32/bin/../lib/gcc/nios2-elf/4.9.1/../../../../../H-x86_64-mingw32/nios2-elf/lib/mno-hw-mul\libsmallc.a(lib_a-exit.o)
 .debug_loc     0x0000000000000fca       0x94 c:/altera/15.0/nios2eds/bin/gnu/h-x86_64-mingw32/bin/../lib/gcc/nios2-elf/4.9.1/../../../../../H-x86_64-mingw32/nios2-elf/lib/mno-hw-mul\libsmallc.a(lib_a-memcmp.o)
 .debug_loc     0x000000000000105e      0x15c c:/altera/15.0/nios2eds/bin/gnu/h-x86_64-mingw32/bin/../lib/gcc/nios2-elf/4.9.1/../../../../../H-x86_64-mingw32/nios2-elf/lib/mno-hw-mul\libsmallc.a(lib_a-__atexit.o)
 .debug_loc     0x00000000000011ba      0x105 c:/altera/15.0/nios2eds/bin/gnu/h-x86_64-mingw32/bin/../lib/gcc/nios2-elf/4.9.1/../../../../../H-x86_64-mingw32/nios2-elf/lib/mno-hw-mul\libsmallc.a(lib_a-__call_atexit.o)

.debug_macinfo
 *(.debug_macinfo)

.debug_weaknames
 *(.debug_weaknames)

.debug_funcnames
 *(.debug_funcnames)

.debug_typenames
 *(.debug_typenames)

.debug_varnames
 *(.debug_varnames)

.debug_alt_sim_info
                0x0000000000000000       0x10
 *(.debug_alt_sim_info)
 .debug_alt_sim_info
                0x0000000000000000       0x10 ../Play_Qsw_bsp//obj/HAL/src/crt0.o
                0x000000000000ce20                __alt_data_end = 0xce20
                0x000000000000ce20                PROVIDE (__alt_stack_pointer, __alt_data_end)
                0x000000000000a90c                PROVIDE (__alt_stack_limit, __alt_stack_base)
                0x000000000000a90c                PROVIDE (__alt_heap_start, end)
                0x000000000000ce20                PROVIDE (__alt_heap_limit, 0xce20)
OUTPUT(Play_Qsw.elf elf32-littlenios2)

.debug_ranges   0x0000000000000000       0xf0
 .debug_ranges  0x0000000000000000       0x20 ../Play_Qsw_bsp//obj/HAL/src/crt0.o
 .debug_ranges  0x0000000000000020       0xb8 c:/altera/15.0/nios2eds/bin/gnu/h-x86_64-mingw32/bin/../lib/gcc/nios2-elf/4.9.1/../../../../../H-x86_64-mingw32/nios2-elf/lib/mno-hw-mul\libsmallc.a(lib_a-vfprintf.o)
 .debug_ranges  0x00000000000000d8       0x18 c:/altera/15.0/nios2eds/bin/gnu/h-x86_64-mingw32/bin/../lib/gcc/nios2-elf/4.9.1/../../../../../H-x86_64-mingw32/nios2-elf/lib/mno-hw-mul\libsmallc.a(lib_a-fvwrite_small_dev.o)
