Archive member included to satisfy reference by file (symbol)

c:/altera/15.0/nios2eds/bin/gnu/h-x86_64-mingw32/bin/../lib/gcc/nios2-elf/4.9.1/../../../../../H-x86_64-mingw32/nios2-elf/lib\libm.a(lib_a-w_sqrt.o)
                              obj/default/graphic_lib/geometry.o (sqrt)
c:/altera/15.0/nios2eds/bin/gnu/h-x86_64-mingw32/bin/../lib/gcc/nios2-elf/4.9.1/../../../../../H-x86_64-mingw32/nios2-elf/lib\libm.a(lib_a-e_sqrt.o)
                              c:/altera/15.0/nios2eds/bin/gnu/h-x86_64-mingw32/bin/../lib/gcc/nios2-elf/4.9.1/../../../../../H-x86_64-mingw32/nios2-elf/lib\libm.a(lib_a-w_sqrt.o) (__ieee754_sqrt)
c:/altera/15.0/nios2eds/bin/gnu/h-x86_64-mingw32/bin/../lib/gcc/nios2-elf/4.9.1/../../../../../H-x86_64-mingw32/nios2-elf/lib\libm.a(lib_a-s_fpclassify.o)
                              c:/altera/15.0/nios2eds/bin/gnu/h-x86_64-mingw32/bin/../lib/gcc/nios2-elf/4.9.1/../../../../../H-x86_64-mingw32/nios2-elf/lib\libm.a(lib_a-w_sqrt.o) (__fpclassifyd)
c:/altera/15.0/nios2eds/bin/gnu/h-x86_64-mingw32/bin/../lib/gcc/nios2-elf/4.9.1/../../../../../H-x86_64-mingw32/nios2-elf/lib\libm.a(lib_a-s_lib_ver.o)
                              c:/altera/15.0/nios2eds/bin/gnu/h-x86_64-mingw32/bin/../lib/gcc/nios2-elf/4.9.1/../../../../../H-x86_64-mingw32/nios2-elf/lib\libm.a(lib_a-w_sqrt.o) (__fdlib_version)
c:/altera/15.0/nios2eds/bin/gnu/h-x86_64-mingw32/bin/../lib/gcc/nios2-elf/4.9.1/../../../../../H-x86_64-mingw32/nios2-elf/lib\libm.a(lib_a-s_matherr.o)
                              c:/altera/15.0/nios2eds/bin/gnu/h-x86_64-mingw32/bin/../lib/gcc/nios2-elf/4.9.1/../../../../../H-x86_64-mingw32/nios2-elf/lib\libm.a(lib_a-w_sqrt.o) (matherr)
c:/altera/15.0/nios2eds/bin/gnu/h-x86_64-mingw32/bin/../lib/gcc/nios2-elf/4.9.1\libgcc.a(lib2-divmod.o)
                              obj/default/demo/gui.o (__divsi3)
c:/altera/15.0/nios2eds/bin/gnu/h-x86_64-mingw32/bin/../lib/gcc/nios2-elf/4.9.1\libgcc.a(adddf3.o)
                              c:/altera/15.0/nios2eds/bin/gnu/h-x86_64-mingw32/bin/../lib/gcc/nios2-elf/4.9.1/../../../../../H-x86_64-mingw32/nios2-elf/lib\libm.a(lib_a-e_sqrt.o) (__adddf3)
c:/altera/15.0/nios2eds/bin/gnu/h-x86_64-mingw32/bin/../lib/gcc/nios2-elf/4.9.1\libgcc.a(divdf3.o)
                              c:/altera/15.0/nios2eds/bin/gnu/h-x86_64-mingw32/bin/../lib/gcc/nios2-elf/4.9.1/../../../../../H-x86_64-mingw32/nios2-elf/lib\libm.a(lib_a-w_sqrt.o) (__divdf3)
c:/altera/15.0/nios2eds/bin/gnu/h-x86_64-mingw32/bin/../lib/gcc/nios2-elf/4.9.1\libgcc.a(ledf2.o)
                              c:/altera/15.0/nios2eds/bin/gnu/h-x86_64-mingw32/bin/../lib/gcc/nios2-elf/4.9.1/../../../../../H-x86_64-mingw32/nios2-elf/lib\libm.a(lib_a-w_sqrt.o) (__ltdf2)
c:/altera/15.0/nios2eds/bin/gnu/h-x86_64-mingw32/bin/../lib/gcc/nios2-elf/4.9.1\libgcc.a(muldf3.o)
                              c:/altera/15.0/nios2eds/bin/gnu/h-x86_64-mingw32/bin/../lib/gcc/nios2-elf/4.9.1/../../../../../H-x86_64-mingw32/nios2-elf/lib\libm.a(lib_a-e_sqrt.o) (__muldf3)
c:/altera/15.0/nios2eds/bin/gnu/h-x86_64-mingw32/bin/../lib/gcc/nios2-elf/4.9.1\libgcc.a(subdf3.o)
                              c:/altera/15.0/nios2eds/bin/gnu/h-x86_64-mingw32/bin/../lib/gcc/nios2-elf/4.9.1/../../../../../H-x86_64-mingw32/nios2-elf/lib\libm.a(lib_a-e_sqrt.o) (__subdf3)
c:/altera/15.0/nios2eds/bin/gnu/h-x86_64-mingw32/bin/../lib/gcc/nios2-elf/4.9.1\libgcc.a(fixdfsi.o)
                              obj/default/graphic_lib/geometry.o (__fixdfsi)
c:/altera/15.0/nios2eds/bin/gnu/h-x86_64-mingw32/bin/../lib/gcc/nios2-elf/4.9.1\libgcc.a(floatsidf.o)
                              obj/default/graphic_lib/geometry.o (__floatsidf)
c:/altera/15.0/nios2eds/bin/gnu/h-x86_64-mingw32/bin/../lib/gcc/nios2-elf/4.9.1\libgcc.a(_clzsi2.o)
                              c:/altera/15.0/nios2eds/bin/gnu/h-x86_64-mingw32/bin/../lib/gcc/nios2-elf/4.9.1\libgcc.a(adddf3.o) (__clzsi2)
c:/altera/15.0/nios2eds/bin/gnu/h-x86_64-mingw32/bin/../lib/gcc/nios2-elf/4.9.1\libgcc.a(_clz.o)
                              c:/altera/15.0/nios2eds/bin/gnu/h-x86_64-mingw32/bin/../lib/gcc/nios2-elf/4.9.1\libgcc.a(_clzsi2.o) (__clz_tab)
c:/altera/15.0/nios2eds/bin/gnu/h-x86_64-mingw32/bin/../lib/gcc/nios2-elf/4.9.1/../../../../../H-x86_64-mingw32/nios2-elf/lib\libc.a(lib_a-errno.o)
                              c:/altera/15.0/nios2eds/bin/gnu/h-x86_64-mingw32/bin/../lib/gcc/nios2-elf/4.9.1/../../../../../H-x86_64-mingw32/nios2-elf/lib\libm.a(lib_a-w_sqrt.o) (__errno)
c:/altera/15.0/nios2eds/bin/gnu/h-x86_64-mingw32/bin/../lib/gcc/nios2-elf/4.9.1/../../../../../H-x86_64-mingw32/nios2-elf/lib\libc.a(lib_a-impure.o)
                              c:/altera/15.0/nios2eds/bin/gnu/h-x86_64-mingw32/bin/../lib/gcc/nios2-elf/4.9.1/../../../../../H-x86_64-mingw32/nios2-elf/lib\libc.a(lib_a-errno.o) (_impure_ptr)
c:/altera/15.0/nios2eds/bin/gnu/h-x86_64-mingw32/bin/../lib/gcc/nios2-elf/4.9.1/../../../../../H-x86_64-mingw32/nios2-elf/lib\libc.a(lib_a-malloc.o)
[...]
Memory Configuration

Name             Origin             Length             Attributes
reset            0x0000000002000000 0x0000000000000020
SDRAM            0x0000000002000020 0x0000000001ffffe0
background_mem   0x0000000004000000 0x0000000000002580
pic_mem          0x0000000004004000 0x0000000000002000
*default*        0x0000000000000000 0xffffffffffffffff

Linker script and memory map

LOAD ../LT24_final_sw_bsp//obj/HAL/src/crt0.o
LOAD obj/default/demo/gui.o
LOAD obj/default/fonts/tahomabold_20.o
LOAD obj/default/fonts/tahomabold_32.o
LOAD obj/default/graphic_lib/ILI9341.o
LOAD obj/default/graphic_lib/geometry.o
LOAD obj/default/graphic_lib/simple_graphics.o
LOAD obj/default/graphic_lib/simple_text.o
LOAD obj/default/main.o
LOAD obj/default/terasic_lib/accelerometer_adxl345_spi.o
LOAD obj/default/terasic_lib/terasic_spi.o
LOAD obj/default/terasic_lib/touch_spi.o
LOAD c:/altera/15.0/nios2eds/bin/gnu/h-x86_64-mingw32/bin/../lib/gcc/nios2-elf/4.9.1/../../../../../H-x86_64-mingw32/nios2-elf/lib\libstdc++.a
LOAD c:/altera/15.0/nios2eds/bin/gnu/h-x86_64-mingw32/bin/../lib/gcc/nios2-elf/4.9.1/../../../../../H-x86_64-mingw32/nios2-elf/lib\libm.a
LOAD c:/altera/15.0/nios2eds/bin/gnu/h-x86_64-mingw32/bin/../lib/gcc/nios2-elf/4.9.1\libgcc.a
START GROUP
LOAD c:/altera/15.0/nios2eds/bin/gnu/h-x86_64-mingw32/bin/../lib/gcc/nios2-elf/4.9.1/../../../../../H-x86_64-mingw32/nios2-elf/lib\libc.a
LOAD c:/altera/15.0/nios2eds/bin/gnu/h-x86_64-mingw32/bin/../lib/gcc/nios2-elf/4.9.1\libgcc.a
LOAD ../LT24_final_sw_bsp/\libucosii_bsp.a
LOAD c:/altera/15.0/nios2eds/bin/gnu/h-x86_64-mingw32/bin/../lib/gcc/nios2-elf/4.9.1/../../../../../H-x86_64-mingw32/nios2-elf/lib\libm.a
END GROUP
LOAD c:/altera/15.0/nios2eds/bin/gnu/h-x86_64-mingw32/bin/../lib/gcc/nios2-elf/4.9.1\libgcc.a
                0x0000000002000000                __alt_mem_SDRAM = 0x2000000
                0x0000000004000000                __alt_mem_background_mem = 0x4000000
                0x0000000004004000                __alt_mem_pic_mem = 0x4004000

.entry          0x0000000002000000       0x20
 *(.entry)
 .entry         0x0000000002000000       0x20 ../LT24_final_sw_bsp//obj/HAL/src/crt0.o
                0x0000000002000000                __reset

.exceptions     0x0000000002000020      0x19c
                0x0000000002000020                PROVIDE (__ram_exceptions_start, ABSOLUTE (.))
                0x0000000002000020                . = ALIGN (0x20)
 *(.irq)
 *(.exceptions.entry.label)
 .exceptions.entry.label
                0x0000000002000020        0x0 ../LT24_final_sw_bsp/\libucosii_bsp.a(alt_irq_entry.o)
                0x0000000002000020                alt_irq_entry
 .exceptions.entry.label
                0x0000000002000020        0x0 ../LT24_final_sw_bsp/\libucosii_bsp.a(alt_exception_entry.o)
                0x0000000002000020                alt_exception
 *(.exceptions.entry.user)
 *(.exceptions.entry.ecc_fatal)
 *(.exceptions.entry)
 .exceptions.entry
                0x0000000002000020       0x54 ../LT24_final_sw_bsp/\libucosii_bsp.a(alt_exception_entry.o)
 *(.exceptions.irqtest.user)
 *(.exceptions.irqtest)
 .exceptions.irqtest
                0x0000000002000074       0x10 ../LT24_final_sw_bsp/\libucosii_bsp.a(alt_irq_entry.o)
 *(.exceptions.irqhandler.user)
 *(.exceptions.irqhandler)
 .exceptions.irqhandler
                0x0000000002000084        0x4 ../LT24_final_sw_bsp/\libucosii_bsp.a(alt_irq_entry.o)
 *(.exceptions.irqreturn.user)
 *(.exceptions.irqreturn)
 .exceptions.irqreturn
                0x0000000002000088        0x4 ../LT24_final_sw_bsp/\libucosii_bsp.a(alt_irq_entry.o)
 *(.exceptions.notirq.label)
 .exceptions.notirq.label
                0x000000000200008c        0x0 ../LT24_final_sw_bsp/\libucosii_bsp.a(alt_irq_entry.o)
 *(.exceptions.notirq.user)
 *(.exceptions.notirq)
 .exceptions.notirq
                0x000000000200008c        0x8 ../LT24_final_sw_bsp/\libucosii_bsp.a(alt_exception_entry.o)
 *(.exceptions.soft.user)
 *(.exceptions.soft)
 *(.exceptions.unknown.user)
 *(.exceptions.unknown)
 .exceptions.unknown
                0x0000000002000094        0x4 ../LT24_final_sw_bsp/\libucosii_bsp.a(alt_exception_entry.o)
 *(.exceptions.exit.label)
 .exceptions.exit.label
                0x0000000002000098        0x0 ../LT24_final_sw_bsp/\libucosii_bsp.a(alt_irq_entry.o)
 .exceptions.exit.label
                0x0000000002000098        0x0 ../LT24_final_sw_bsp/\libucosii_bsp.a(alt_exception_entry.o)
 *(.exceptions.exit.user)
 *(.exceptions.exit)
 .exceptions.exit
                0x0000000002000098       0x54 ../LT24_final_sw_bsp/\libucosii_bsp.a(alt_exception_entry.o)
 *(.exceptions)
 .exceptions    0x00000000020000ec       0xd0 ../LT24_final_sw_bsp/\libucosii_bsp.a(alt_irq_handler.o)
                0x00000000020000ec                alt_irq_handler
                0x00000000020001bc                PROVIDE (__ram_exceptions_end, ABSOLUTE (.))
                0x0000000002000020                PROVIDE (__flash_exceptions_start, LOADADDR (.exceptions))

.text           0x00000000020001bc    0x2037c
                0x00000000020001bc                PROVIDE (stext, ABSOLUTE (.))
 *(.interp)
 *(.hash)
 *(.dynsym)
 *(.dynstr)
 *(.gnu.version)
 *(.gnu.version_d)
 *(.gnu.version_r)
 *(.rel.init)
 *(.rela.init)
 *(.rel.text .rel.text.* .rel.gnu.linkonce.t.*)
 *(.rela.text .rela.text.* .rela.gnu.linkonce.t.*)
 *(.rel.fini)
 *(.rela.fini)
 *(.rel.rodata .rel.rodata.* .rel.gnu.linkonce.r.*)
 *(.rela.rodata .rela.rodata.* .rela.gnu.linkonce.r.*)
 *(.rel.data .rel.data.* .rel.gnu.linkonce.d.*)
 *(.rela.data .rela.data.* .rela.gnu.linkonce.d.*)
 *(.rel.tdata .rel.tdata.* .rel.gnu.linkonce.td.*)
 *(.rela.tdata .rela.tdata.* .rela.gnu.linkonce.td.*)
 *(.rel.tbss .rel.tbss.* .rel.gnu.linkonce.tb.*)
 *(.rela.tbss .rela.tbss.* .rela.gnu.linkonce.tb.*)
 *(.rel.ctors)
 *(.rela.ctors)
 *(.rel.dtors)
 *(.rela.dtors)
 *(.rel.got)
 *(.rela.got)
 *(.rel.sdata .rel.sdata.* .rel.gnu.linkonce.s.*)
 *(.rela.sdata .rela.sdata.* .rela.gnu.linkonce.s.*)
 *(.rel.sbss .rel.sbss.* .rel.gnu.linkonce.sb.*)
 *(.rela.sbss .rela.sbss.* .rela.gnu.linkonce.sb.*)
 *(.rel.sdata2 .rel.sdata2.* .rel.gnu.linkonce.s2.*)
 *(.rela.sdata2 .rela.sdata2.* .rela.gnu.linkonce.s2.*)
 *(.rel.sbss2 .rel.sbss2.* .rel.gnu.linkonce.sb2.*)
 *(.rela.sbss2 .rela.sbss2.* .rela.gnu.linkonce.sb2.*)
 *(.rel.bss .rel.bss.* .rel.gnu.linkonce.b.*)
 *(.rela.bss .rela.bss.* .rela.gnu.linkonce.b.*)
 *(.rel.plt)
 *(.rela.plt)
 *(.rel.dyn)
 *(.init)
 *(.plt)
 *(.text .stub .text.* .gnu.linkonce.t.*)
 .text          0x00000000020001bc       0x4c ../LT24_final_sw_bsp//obj/HAL/src/crt0.o
                0x00000000020001bc                _start
 .text          0x0000000002000208      0x928 obj/default/demo/gui.o
                0x0000000002000208                GUI_ShowWelcome
                0x00000000020002d8                GUI_ShowInfo
                0x0000000002000338                GUI_ShowTouchPoint
                0x0000000002000390                GUI_InitDraw
                0x00000000020004b4                GUI_Buttons_Draw
                0x00000000020005d8                GUI_CMD_Init
                0x00000000020006f4                GUI_CMD_Draw
                0x00000000020007ac                GUI_CMD_Lightning
                0x00000000020008d8                GUI_Jump_DrawBG
                0x0000000002000998                GUI_Jump_DrawStep
                0x0000000002000a14                GUI_CheckCMD
                0x0000000002000aa0                GUI_CheckGen
 .text          0x0000000002000b30        0x0 obj/default/fonts/tahomabold_20.o
 .text          0x0000000002000b30        0x0 obj/default/fonts/tahomabold_32.o
 .text          0x0000000002000b30      0xae8 obj/default/graphic_lib/ILI9341.o
                0x0000000002000b30                Delay_Ms
                0x0000000002000b7c                LCD_SetCursor
                0x0000000002000c30                LCD_Clear
                0x0000000002000cb0                LCD_DrawPoint
                0x0000000002000d1c                LCD_Init
                0x0000000002001388                LCD_Pattern_Horizon
                0x00000000020014c0                LCD_Pattern_Vertical
                0x00000000020015a0                Set_BUFFER_FLAG
                0x00000000020015dc                Clr_BUFFER_FLAG
 .text          0x0000000002001618      0x3f4 obj/default/graphic_lib/geometry.o
                0x0000000002001618                IsPtInRect
                0x000000000200169c                PtSet
                0x00000000020016dc                RectSet
                0x0000000002001738                RectInflate
                0x00000000020017c0                RectOffset
                0x0000000002001848                RectCopy
                0x00000000020018ac                RectWidth
                0x00000000020018e0                RectHeight
                0x0000000002001914                PtDistance
                0x00000000020019c8                PtCopy
 .text          0x0000000002001a0c     0x2bcc obj/default/graphic_lib/simple_graphics.o
                0x0000000002001a0c                vid_clean_screen
                0x0000000002001a68                vid_clean_usefull
                0x0000000002001ac4                vid_clean_buttons
                0x0000000002001b38                vid_draw_line
                0x0000000002001bfc                vid_draw_DR
                0x0000000002001c74                vid_draw_DL
                0x0000000002001cec                vid_draw_UR
                0x0000000002001d64                vid_draw_UL
                0x0000000002001ddc                vid_scroll_string_quit
                0x0000000002001e1c                vid_scroll_string_init
                0x0000000002001f70                vid_scroll_string
                0x00000000020022e0                vid_move_block
                0x00000000020023fc                vid_print_string
                0x0000000002002504                vid_draw_box
                0x000000000200264c                vid_draw_arrow
                0x0000000002002914                vid_print_char
                0x0000000002002a04                vid_set_pixel
                0x0000000002002aa0                vid_get_pixel
                0x0000000002002ae0                vid_paint_block
                0x0000000002002b74                vid_draw_horiz_line
                0x0000000002002bec                vid_merge_colors
                0x0000000002002c38                vid_color_convert24_16
                0x0000000002002cd8                vid_color_convert16_24
                0x0000000002002d44                vid_copy_line_to_frame_buffer
                0x0000000002002d88                vid_draw_sloped_line
                0x0000000002002ff0                vid_draw_circle
                0x000000000200312c                vid_draw_round_corner_box
                0x00000000020034c8                vid_round_corner_points
                0x0000000002003c00                max3
                0x0000000002003c54                min3
                0x0000000002003ca8                max_diff3
                0x0000000002003d0c                vid_put_pixel_in_span_map
                0x0000000002003e0c                vid_bres_scan_edges
                0x000000000200404c                vid_draw_triangle
                0x00000000020043c4                CopyImage16
                0x00000000020044a8                CropImage16
 .text          0x00000000020045d8      0x9f8 obj/default/graphic_lib/simple_text.o
                0x00000000020045d8                vid_print_string_alpha
                0x0000000002004834                seperate_color_channels
                0x000000000200497c                merge_color_channels
                0x0000000002004aac                read_from_frame
                0x0000000002004af0                alpha_blending
                0x0000000002004d3c                vid_print_char_alpha
                0x0000000002004ef0                vid_string_pixel_length_alpha
 .text          0x0000000002004fd0      0xb0c obj/default/main.o
                0x0000000002004fd0                task1
                0x0000000002005284                task2
                0x0000000002005578                task3
                0x00000000020059cc                main
 .text          0x0000000002005adc      0x2cc obj/default/terasic_lib/accelerometer_adxl345_spi.o
                0x0000000002005adc                ADXL345_SPI_Init
                0x0000000002005b9c                ADXL345_SPI_WaitDataReady
                0x0000000002005c34                ADXL345_SPI_IsDataReady
                0x0000000002005c98                ADXL345_SPI_XYZ_Read
                0x0000000002005d64                ADXL345_SPI_IdRead
 .text          0x0000000002005da8      0x34c obj/default/terasic_lib/terasic_spi.o
                0x0000000002005da8                SPI_Init
                0x0000000002005dfc                SPI_MultipleWrite
                0x0000000002005f18                SPI_Write
                0x0000000002005f6c                SPI_MultipleRead
                0x00000000020060a8                SPI_Read
 .text          0x00000000020060f4      0xa38 obj/default/terasic_lib/touch_spi.o
                0x00000000020060f4                Touch_Init
                0x0000000002006268                Touch_UnInit
                0x00000000020062d0                Touch_EmptyFifo
                0x0000000002006308                Touch_GetXY
                0x0000000002006450                touch_isr
                0x00000000020064c4                touch_empty_fifo
                0x00000000020064f4                touch_is_pen_pressed
                0x0000000002006534                touch_enable_penirq
                0x0000000002006694                touch_clear_input
                0x00000000020066c4                touch_get_xy
                0x00000000020069dc                touch_alarm_callback
                0x0000000002006a54                touch_xy_transform
 .text          0x0000000002006b2c      0x130 c:/altera/15.0/nios2eds/bin/gnu/h-x86_64-mingw32/bin/../lib/gcc/nios2-elf/4.9.1/../../../../../H-x86_64-mingw32/nios2-elf/lib\libm.a(lib_a-w_sqrt.o)
                0x0000000002006b2c                sqrt
 .text          0x0000000002006c5c      0x294 c:/altera/15.0/nios2eds/bin/gnu/h-x86_64-mingw32/bin/../lib/gcc/nios2-elf/4.9.1/../../../../../H-x86_64-mingw32/nios2-elf/lib\libm.a(lib_a-e_sqrt.o)
                0x0000000002006c5c                __ieee754_sqrt
 .text          0x0000000002006ef0       0x74 c:/altera/15.0/nios2eds/bin/gnu/h-x86_64-mingw32/bin/../lib/gcc/nios2-elf/4.9.1/../../../../../H-x86_64-mingw32/nios2-elf/lib\libm.a(lib_a-s_fpclassify.o)
                0x0000000002006ef0                __fpclassifyd
 .text          0x0000000002006f64        0x0 c:/altera/15.0/nios2eds/bin/gnu/h-x86_64-mingw32/bin/../lib/gcc/nios2-elf/4.9.1/../../../../../H-x86_64-mingw32/nios2-elf/lib\libm.a(lib_a-s_lib_ver.o)
 .text          0x0000000002006f64        0x8 c:/altera/15.0/nios2eds/bin/gnu/h-x86_64-mingw32/bin/../lib/gcc/nios2-elf/4.9.1/../../../../../H-x86_64-mingw32/nios2-elf/lib\libm.a(lib_a-s_matherr.o)
                0x0000000002006f64                matherr
 .text          0x0000000002006f6c      0x12c c:/altera/15.0/nios2eds/bin/gnu/h-x86_64-mingw32/bin/../lib/gcc/nios2-elf/4.9.1\libgcc.a(lib2-divmod.o)
                0x0000000002006fd8                __divsi3
                0x000000000200702c                __modsi3
                0x0000000002007088                __udivsi3
                0x0000000002007090                __umodsi3
 .text          0x0000000002007098      0x89c c:/altera/15.0/nios2eds/bin/gnu/h-x86_64-mingw32/bin/../lib/gcc/nios2-elf/4.9.1\libgcc.a(adddf3.o)
                0x0000000002007098                __adddf3
 .text          0x0000000002007934      0x8cc c:/altera/15.0/nios2eds/bin/gnu/h-x86_64-mingw32/bin/../lib/gcc/nios2-elf/4.9.1\libgcc.a(divdf3.o)
                0x0000000002007934                __divdf3
 .text          0x0000000002008200       0xe0 c:/altera/15.0/nios2eds/bin/gnu/h-x86_64-mingw32/bin/../lib/gcc/nios2-elf/4.9.1\libgcc.a(ledf2.o)
                0x0000000002008200                __ledf2
                0x0000000002008200                __ltdf2
 .text          0x00000000020082e0      0x724 c:/altera/15.0/nios2eds/bin/gnu/h-x86_64-mingw32/bin/../lib/gcc/nios2-elf/4.9.1\libgcc.a(muldf3.o)
                0x00000000020082e0                __muldf3
 .text          0x0000000002008a04      0x8d0 c:/altera/15.0/nios2eds/bin/gnu/h-x86_64-mingw32/bin/../lib/gcc/nios2-elf/4.9.1\libgcc.a(subdf3.o)
                0x0000000002008a04                __subdf3
 .text          0x00000000020092d4       0x88 c:/altera/15.0/nios2eds/bin/gnu/h-x86_64-mingw32/bin/../lib/gcc/nios2-elf/4.9.1\libgcc.a(fixdfsi.o)
                0x00000000020092d4                __fixdfsi
 .text          0x000000000200935c       0xd0 c:/altera/15.0/nios2eds/bin/gnu/h-x86_64-mingw32/bin/../lib/gcc/nios2-elf/4.9.1\libgcc.a(floatsidf.o)
                0x000000000200935c                __floatsidf
 .text          0x000000000200942c       0x64 c:/altera/15.0/nios2eds/bin/gnu/h-x86_64-mingw32/bin/../lib/gcc/nios2-elf/4.9.1\libgcc.a(_clzsi2.o)
                0x000000000200942c                __clzsi2
 .text          0x0000000002009490        0x0 c:/altera/15.0/nios2eds/bin/gnu/h-x86_64-mingw32/bin/../lib/gcc/nios2-elf/4.9.1\libgcc.a(_clz.o)
 .text          0x0000000002009490       0x10 c:/altera/15.0/nios2eds/bin/gnu/h-x86_64-mingw32/bin/../lib/gcc/nios2-elf/4.9.1/../../../../../H-x86_64-mingw32/nios2-elf/lib\libc.a(lib_a-errno.o)
                0x0000000002009490                __errno
 .text          0x00000000020094a0        0x0 c:/altera/15.0/nios2eds/bin/gnu/h-x86_64-mingw32/bin/../lib/gcc/nios2-elf/4.9.1/../../../../../H-x86_64-mingw32/nios2-elf/lib\libc.a(lib_a-impure.o)
 .text          0x00000000020094a0       0x28 c:/altera/15.0/nios2eds/bin/gnu/h-x86_64-mingw32/bin/../lib/gcc/nios2-elf/4.9.1/../../../../../H-x86_64-mingw32/nios2-elf/lib\libc.a(lib_a-malloc.o)
                0x00000000020094a0                malloc
                0x00000000020094b4                free
 .text          0x00000000020094c8      0x7a8 c:/altera/15.0/nios2eds/bin/gnu/h-x86_64-mingw32/bin/../lib/gcc/nios2-elf/4.9.1/../../../../../H-x86_64-mingw32/nios2-elf/lib\libc.a(lib_a-mallocr.o)
                0x00000000020094c8                _malloc_r
 .text          0x0000000002009c70      0x138 c:/altera/15.0/nios2eds/bin/gnu/h-x86_64-mingw32/bin/../lib/gcc/nios2-elf/4.9.1/../../../../../H-x86_64-mingw32/nios2-elf/lib\libc.a(lib_a-memcpy.o)
                0x0000000002009c70                memcpy
 .text          0x0000000002009da8      0x124 c:/altera/15.0/nios2eds/bin/gnu/h-x86_64-mingw32/bin/../lib/gcc/nios2-elf/4.9.1/../../../../../H-x86_64-mingw32/nios2-elf/lib\libc.a(lib_a-memset.o)
                0x0000000002009da8                memset
 .text          0x0000000002009ecc       0x68 c:/altera/15.0/nios2eds/bin/gnu/h-x86_64-mingw32/bin/../lib/gcc/nios2-elf/4.9.1/../../../../../H-x86_64-mingw32/nios2-elf/lib\libc.a(lib_a-printf.o)
                0x0000000002009ecc                _printf_r
                0x0000000002009ef8                printf
 .text          0x0000000002009f34       0xcc c:/altera/15.0/nios2eds/bin/gnu/h-x86_64-mingw32/bin/../lib/gcc/nios2-elf/4.9.1/../../../../../H-x86_64-mingw32/nios2-elf/lib\libc.a(lib_a-puts.o)
                0x0000000002009f34                _puts_r
                0x0000000002009fec                puts
 .text          0x000000000200a000       0x54 c:/altera/15.0/nios2eds/bin/gnu/h-x86_64-mingw32/bin/../lib/gcc/nios2-elf/4.9.1/../../../../../H-x86_64-mingw32/nios2-elf/lib\libc.a(lib_a-sbrkr.o)
                0x000000000200a000                _sbrk_r
 .text          0x000000000200a054       0x90 c:/altera/15.0/nios2eds/bin/gnu/h-x86_64-mingw32/bin/../lib/gcc/nios2-elf/4.9.1/../../../../../H-x86_64-mingw32/nios2-elf/lib\libc.a(lib_a-strcpy.o)
                0x000000000200a054                strcpy
 .text          0x000000000200a0e4       0x98 c:/altera/15.0/nios2eds/bin/gnu/h-x86_64-mingw32/bin/../lib/gcc/nios2-elf/4.9.1/../../../../../H-x86_64-mingw32/nios2-elf/lib\libc.a(lib_a-strlen.o)
                0x000000000200a0e4                strlen
 .text          0x000000000200a17c     0x2020 c:/altera/15.0/nios2eds/bin/gnu/h-x86_64-mingw32/bin/../lib/gcc/nios2-elf/4.9.1/../../../../../H-x86_64-mingw32/nios2-elf/lib\libc.a(lib_a-vfprintf.o)
                0x000000000200a17c                ___vfprintf_internal_r
                0x000000000200c178                __vfprintf_internal
 .text          0x000000000200c19c      0x130 c:/altera/15.0/nios2eds/bin/gnu/h-x86_64-mingw32/bin/../lib/gcc/nios2-elf/4.9.1/../../../../../H-x86_64-mingw32/nios2-elf/lib\libc.a(lib_a-wsetup.o)
                0x000000000200c19c                __swsetup_r
 .text          0x000000000200c2cc     0x1928 c:/altera/15.0/nios2eds/bin/gnu/h-x86_64-mingw32/bin/../lib/gcc/nios2-elf/4.9.1/../../../../../H-x86_64-mingw32/nios2-elf/lib\libc.a(lib_a-dtoa.o)
                0x000000000200c4cc                _dtoa_r
 .text          0x000000000200dbf4      0x258 c:/altera/15.0/nios2eds/bin/gnu/h-x86_64-mingw32/bin/../lib/gcc/nios2-elf/4.9.1/../../../../../H-x86_64-mingw32/nios2-elf/lib\libc.a(lib_a-fflush.o)
                0x000000000200dbf4                _fflush_r
                0x000000000200de1c                fflush
 .text          0x000000000200de4c      0x3a0 c:/altera/15.0/nios2eds/bin/gnu/h-x86_64-mingw32/bin/../lib/gcc/nios2-elf/4.9.1/../../../../../H-x86_64-mingw32/nios2-elf/lib\libc.a(lib_a-findfp.o)
                0x000000000200de5c                _cleanup_r
                0x000000000200e008                __sfmoreglue
                0x000000000200e06c                __sfp
                0x000000000200e184                _cleanup
                0x000000000200e19c                __sinit
                0x000000000200e1ac                __sfp_lock_acquire
                0x000000000200e1b0                __sfp_lock_release
                0x000000000200e1b4                __sinit_lock_acquire
                0x000000000200e1b8                __sinit_lock_release
                0x000000000200e1bc                __fp_lock_all
                0x000000000200e1d4                __fp_unlock_all
 .text          0x000000000200e1ec      0x414 c:/altera/15.0/nios2eds/bin/gnu/h-x86_64-mingw32/bin/../lib/gcc/nios2-elf/4.9.1/../../../../../H-x86_64-mingw32/nios2-elf/lib\libc.a(lib_a-freer.o)
                0x000000000200e1ec                _malloc_trim_r
                0x000000000200e310                _free_r
 .text          0x000000000200e600      0x4a4 c:/altera/15.0/nios2eds/bin/gnu/h-x86_64-mingw32/bin/../lib/gcc/nios2-elf/4.9.1/../../../../../H-x86_64-mingw32/nios2-elf/lib\libc.a(lib_a-fvwrite.o)
                0x000000000200e600                __sfvwrite_r
 .text          0x000000000200eaa4      0x170 c:/altera/15.0/nios2eds/bin/gnu/h-x86_64-mingw32/bin/../lib/gcc/nios2-elf/4.9.1/../../../../../H-x86_64-mingw32/nios2-elf/lib\libc.a(lib_a-fwalk.o)
                0x000000000200eaa4                _fwalk
                0x000000000200eb5c                _fwalk_reent
 .text          0x000000000200ec14        0x0 c:/altera/15.0/nios2eds/bin/gnu/h-x86_64-mingw32/bin/../lib/gcc/nios2-elf/4.9.1/../../../../../H-x86_64-mingw32/nios2-elf/lib\libc.a(lib_a-int_errno.o)
 .text          0x000000000200ec14       0xe0 c:/altera/15.0/nios2eds/bin/gnu/h-x86_64-mingw32/bin/../lib/gcc/nios2-elf/4.9.1/../../../../../H-x86_64-mingw32/nios2-elf/lib\libc.a(lib_a-locale.o)
                0x000000000200ec14                _setlocale_r
                0x000000000200ec90                __locale_charset
                0x000000000200ec9c                __locale_mb_cur_max
                0x000000000200ecac                __locale_msgcharset
                0x000000000200ecb8                __locale_cjk_lang
                0x000000000200ecc0                _localeconv_r
                0x000000000200eccc                setlocale
                0x000000000200ece8                localeconv
 .text          0x000000000200ecf4      0x1b8 c:/altera/15.0/nios2eds/bin/gnu/h-x86_64-mingw32/bin/../lib/gcc/nios2-elf/4.9.1/../../../../../H-x86_64-mingw32/nios2-elf/lib\libc.a(lib_a-makebuf.o)
                0x000000000200ecf4                __smakebuf_r
 .text          0x000000000200eeac       0xe8 c:/altera/15.0/nios2eds/bin/gnu/h-x86_64-mingw32/bin/../lib/gcc/nios2-elf/4.9.1/../../../../../H-x86_64-mingw32/nios2-elf/lib\libc.a(lib_a-memchr.o)
                0x000000000200eeac                memchr
 .text          0x000000000200ef94      0x15c c:/altera/15.0/nios2eds/bin/gnu/h-x86_64-mingw32/bin/../lib/gcc/nios2-elf/4.9.1/../../../../../H-x86_64-mingw32/nios2-elf/lib\libc.a(lib_a-memmove.o)
                0x000000000200ef94                memmove
 .text          0x000000000200f0f0      0xf8c c:/altera/15.0/nios2eds/bin/gnu/h-x86_64-mingw32/bin/../lib/gcc/nios2-elf/4.9.1/../../../../../H-x86_64-mingw32/nios2-elf/lib\libc.a(lib_a-mprec.o)
                0x000000000200f0f0                _Balloc
                0x000000000200f198                _Bfree
                0x000000000200f1c0                __multadd
                0x000000000200f2d4                __s2b
                0x000000000200f3d8                __hi0bits
                0x000000000200f440                __lo0bits
                0x000000000200f4f0                __i2b
                0x000000000200f52c                __multiply
                0x000000000200f728                __pow5mult
                0x000000000200f868                __lshift
                0x000000000200f9b0                __mcmp
                0x000000000200fa10                __mdiff
                0x000000000200fba8                __ulp
                0x000000000200fc08                __b2d
                0x000000000200fd24                __d2b
                0x000000000200fe60                __ratio
                0x000000000200ff04                _mprec_log10
                0x000000000200ff78                __copybits
                0x000000000200fff0                __any_on
 .text          0x000000000201007c      0x5a0 c:/altera/15.0/nios2eds/bin/gnu/h-x86_64-mingw32/bin/../lib/gcc/nios2-elf/4.9.1/../../../../../H-x86_64-mingw32/nios2-elf/lib\libc.a(lib_a-reallocr.o)
                0x000000000201007c                _realloc_r
 .text          0x000000000201061c      0x13c c:/altera/15.0/nios2eds/bin/gnu/h-x86_64-mingw32/bin/../lib/gcc/nios2-elf/4.9.1/../../../../../H-x86_64-mingw32/nios2-elf/lib\libc.a(lib_a-stdio.o)
                0x000000000201061c                __sread
                0x0000000002010670                __seofread
                0x0000000002010678                __swrite
                0x00000000020106f4                __sseek
                0x0000000002010750                __sclose
 .text          0x0000000002010758       0xa4 c:/altera/15.0/nios2eds/bin/gnu/h-x86_64-mingw32/bin/../lib/gcc/nios2-elf/4.9.1/../../../../../H-x86_64-mingw32/nios2-elf/lib\libc.a(lib_a-strcmp.o)
                0x0000000002010758                strcmp
 .text          0x00000000020107fc     0x1494 c:/altera/15.0/nios2eds/bin/gnu/h-x86_64-mingw32/bin/../lib/gcc/nios2-elf/4.9.1/../../../../../H-x86_64-mingw32/nios2-elf/lib\libc.a(lib_a-vfiprintf.o)
                0x00000000020108f8                __sprint_r
                0x0000000002010910                ___vfiprintf_internal_r
                0x0000000002011c6c                __vfiprintf_internal
 .text          0x0000000002011c90       0x5c c:/altera/15.0/nios2eds/bin/gnu/h-x86_64-mingw32/bin/../lib/gcc/nios2-elf/4.9.1/../../../../../H-x86_64-mingw32/nios2-elf/lib\libc.a(lib_a-writer.o)
                0x0000000002011c90                _write_r
 .text          0x0000000002011cec       0x54 c:/altera/15.0/nios2eds/bin/gnu/h-x86_64-mingw32/bin/../lib/gcc/nios2-elf/4.9.1/../../../../../H-x86_64-mingw32/nios2-elf/lib\libc.a(closer.o)
                0x0000000002011cec                _close_r
 .text          0x0000000002011d40       0xc4 c:/altera/15.0/nios2eds/bin/gnu/h-x86_64-mingw32/bin/../lib/gcc/nios2-elf/4.9.1/../../../../../H-x86_64-mingw32/nios2-elf/lib\libc.a(lib_a-callocr.o)
                0x0000000002011d40                _calloc_r
 .text          0x0000000002011e04      0x114 c:/altera/15.0/nios2eds/bin/gnu/h-x86_64-mingw32/bin/../lib/gcc/nios2-elf/4.9.1/../../../../../H-x86_64-mingw32/nios2-elf/lib\libc.a(lib_a-fclose.o)
                0x0000000002011e04                _fclose_r
                0x0000000002011f04                fclose
 .text          0x0000000002011f18      0x1dc c:/altera/15.0/nios2eds/bin/gnu/h-x86_64-mingw32/bin/../lib/gcc/nios2-elf/4.9.1/../../../../../H-x86_64-mingw32/nios2-elf/lib\libc.a(lib_a-fputwc.o)
                0x0000000002011f18                _fputwc_r
                0x000000000201209c                fputwc
 .text          0x00000000020120f4       0x58 c:/altera/15.0/nios2eds/bin/gnu/h-x86_64-mingw32/bin/../lib/gcc/nios2-elf/4.9.1/../../../../../H-x86_64-mingw32/nios2-elf/lib\libc.a(lib_a-fstatr.o)
                0x00000000020120f4                _fstat_r
 .text          0x000000000201214c       0x54 c:/altera/15.0/nios2eds/bin/gnu/h-x86_64-mingw32/bin/../lib/gcc/nios2-elf/4.9.1/../../../../../H-x86_64-mingw32/nios2-elf/lib\libc.a(lib_a-isattyr.o)
                0x000000000201214c                _isatty_r
 .text          0x00000000020121a0       0x5c c:/altera/15.0/nios2eds/bin/gnu/h-x86_64-mingw32/bin/../lib/gcc/nios2-elf/4.9.1/../../../../../H-x86_64-mingw32/nios2-elf/lib\libc.a(lib_a-lseekr.o)
                0x00000000020121a0                _lseek_r
 .text          0x00000000020121fc       0x5c c:/altera/15.0/nios2eds/bin/gnu/h-x86_64-mingw32/bin/../lib/gcc/nios2-elf/4.9.1/../../../../../H-x86_64-mingw32/nios2-elf/lib\libc.a(lib_a-readr.o)
                0x00000000020121fc                _read_r
 .text          0x0000000002012258      0x170 c:/altera/15.0/nios2eds/bin/gnu/h-x86_64-mingw32/bin/../lib/gcc/nios2-elf/4.9.1/../../../../../H-x86_64-mingw32/nios2-elf/lib\libc.a(lib_a-wbuf.o)
                0x0000000002012258                __swbuf_r
                0x00000000020123ac                __swbuf
 .text          0x00000000020123c8      0x174 c:/altera/15.0/nios2eds/bin/gnu/h-x86_64-mingw32/bin/../lib/gcc/nios2-elf/4.9.1/../../../../../H-x86_64-mingw32/nios2-elf/lib\libc.a(lib_a-wcrtomb.o)
                0x00000000020123c8                _wcrtomb_r
                0x0000000002012464                wcrtomb
 .text          0x000000000201253c       0x8c c:/altera/15.0/nios2eds/bin/gnu/h-x86_64-mingw32/bin/../lib/gcc/nios2-elf/4.9.1/../../../../../H-x86_64-mingw32/nios2-elf/lib\libc.a(lib_a-wctomb_r.o)
                0x000000000201253c                __ascii_wctomb
                0x000000000201256c                _wctomb_r
 .text          0x00000000020125c8      0x5c0 c:/altera/15.0/nios2eds/bin/gnu/h-x86_64-mingw32/bin/../lib/gcc/nios2-elf/4.9.1\libgcc.a(_udivdi3.o)
                0x00000000020125c8                __udivdi3
 .text          0x0000000002012b88      0x590 c:/altera/15.0/nios2eds/bin/gnu/h-x86_64-mingw32/bin/../lib/gcc/nios2-elf/4.9.1\libgcc.a(_umoddi3.o)
                0x0000000002012b88                __umoddi3
 .text          0x0000000002013118       0x84 c:/altera/15.0/nios2eds/bin/gnu/h-x86_64-mingw32/bin/../lib/gcc/nios2-elf/4.9.1\libgcc.a(eqdf2.o)
                0x0000000002013118                __nedf2
                0x0000000002013118                __eqdf2
 .text          0x000000000201319c       0xe0 c:/altera/15.0/nios2eds/bin/gnu/h-x86_64-mingw32/bin/../lib/gcc/nios2-elf/4.9.1\libgcc.a(gedf2.o)
                0x000000000201319c                __gedf2
                0x000000000201319c                __gtdf2
 .text          0x000000000201327c       0xa4 c:/altera/15.0/nios2eds/bin/gnu/h-x86_64-mingw32/bin/../lib/gcc/nios2-elf/4.9.1\libgcc.a(floatunsidf.o)
                0x000000000201327c                __floatunsidf
 .text          0x0000000002013320      0x140 ../LT24_final_sw_bsp/\libucosii_bsp.a(alt_alarm_start.o)
                0x0000000002013320                alt_alarm_start
 .text          0x0000000002013460      0x120 ../LT24_final_sw_bsp/\libucosii_bsp.a(alt_close.o)
                0x00000000020134b0                close
 .text          0x0000000002013580       0x2c ../LT24_final_sw_bsp/\libucosii_bsp.a(alt_dev.o)
 .text          0x00000000020135ac        0x0 ../LT24_final_sw_bsp/\libucosii_bsp.a(alt_errno.o)
 .text          0x00000000020135ac      0x100 ../LT24_final_sw_bsp/\libucosii_bsp.a(alt_fstat.o)
                0x00000000020135fc                fstat
 .text          0x00000000020136ac      0x1e0 ../LT24_final_sw_bsp/\libucosii_bsp.a(alt_iic.o)
                0x00000000020136ac                alt_ic_isr_register
                0x00000000020136fc                alt_ic_irq_enable
                0x000000000201379c                alt_ic_irq_disable
                0x0000000002013840                alt_ic_irq_enabled
 .text          0x000000000201388c       0xf0 ../LT24_final_sw_bsp/\libucosii_bsp.a(alt_iic_isr_register.o)
                0x000000000201388c                alt_iic_isr_register
 .text          0x000000000201397c        0x0 ../LT24_final_sw_bsp/\libucosii_bsp.a(alt_irq_entry.o)
 .text          0x000000000201397c        0x0 ../LT24_final_sw_bsp/\libucosii_bsp.a(alt_irq_handler.o)
 .text          0x000000000201397c        0x0 ../LT24_final_sw_bsp/\libucosii_bsp.a(alt_irq_vars.o)
 .text          0x000000000201397c       0xf4 ../LT24_final_sw_bsp/\libucosii_bsp.a(alt_isatty.o)
                0x00000000020139cc                isatty
 .text          0x0000000002013a70       0xe4 ../LT24_final_sw_bsp/\libucosii_bsp.a(alt_load.o)
                0x0000000002013ad4                alt_load
 .text          0x0000000002013b54      0x124 ../LT24_final_sw_bsp/\libucosii_bsp.a(alt_lseek.o)
                0x0000000002013ba4                lseek
 .text          0x0000000002013c78       0xd4 ../LT24_final_sw_bsp/\libucosii_bsp.a(alt_main.o)
                0x0000000002013c78                alt_main
 .text          0x0000000002013d4c      0x14c ../LT24_final_sw_bsp/\libucosii_bsp.a(alt_read.o)
                0x0000000002013d9c                read
 .text          0x0000000002013e98       0x60 ../LT24_final_sw_bsp/\libucosii_bsp.a(alt_release_fd.o)
                0x0000000002013e98                alt_release_fd
 .text          0x0000000002013ef8       0xb0 ../LT24_final_sw_bsp/\libucosii_bsp.a(alt_sbrk.o)
                0x0000000002013ef8                sbrk
 .text          0x0000000002013fa8      0x19c ../LT24_final_sw_bsp/\libucosii_bsp.a(alt_tick.o)
                0x0000000002013fa8                alt_alarm_stop
                0x0000000002014040                alt_tick
 .text          0x0000000002014144      0x124 ../LT24_final_sw_bsp/\libucosii_bsp.a(alt_usleep.o)
                0x0000000002014144                usleep
 .text          0x0000000002014268      0x148 ../LT24_final_sw_bsp/\libucosii_bsp.a(alt_write.o)
                0x00000000020142b8                write
 .text          0x00000000020143b0      0x11c ../LT24_final_sw_bsp/\libucosii_bsp.a(alt_env_lock.o)
                0x00000000020143b0                __env_lock
                0x0000000002014470                __env_unlock
 .text          0x00000000020144cc      0x1f0 ../LT24_final_sw_bsp/\libucosii_bsp.a(alt_malloc_lock.o)
                0x00000000020144cc                __malloc_lock
                0x00000000020145ec                __malloc_unlock
 .text          0x00000000020146bc     0x1fe0 ../LT24_final_sw_bsp/\libucosii_bsp.a(os_core.o)
                0x00000000020146bc                OSEventNameGet
                0x00000000020147dc                OSEventNameSet
                0x0000000002014918                OSEventPendMulti
                0x0000000002014f28                OSInit
                0x0000000002014f7c                OSIntEnter
                0x0000000002014ff8                OSIntExit
                0x00000000020150ec                OSSchedLock
                0x0000000002015174                OSSchedUnlock
                0x000000000201524c                OSStart
                0x00000000020152b8                OSStatInit
                0x0000000002015364                OSTimeTick
                0x0000000002015580                OSVersion
                0x00000000020155a0                OS_Dummy
                0x00000000020155bc                OS_EventTaskRdy
                0x0000000002015754                OS_EventTaskWait
                0x0000000002015860                OS_EventTaskWaitMulti
                0x00000000020159ac                OS_EventTaskRemove
                0x0000000002015a60                OS_EventTaskRemoveMulti
                0x0000000002015b5c                OS_EventWaitListInit
                0x0000000002015f20                OS_MemClr
                0x0000000002015f70                OS_MemCopy
                0x0000000002015fd4                OS_Sched
                0x0000000002016110                OS_StrCopy
                0x0000000002016184                OS_StrLen
                0x00000000020161d8                OS_TaskIdle
                0x0000000002016234                OS_TaskStat
                0x0000000002016300                OS_TaskStatStkChk
                0x00000000020163c8                OS_TCBInit
 .text          0x000000000201669c      0x18c ../LT24_final_sw_bsp/\libucosii_bsp.a(os_dbg.o)
                0x000000000201669c                OSDebugInit
 .text          0x0000000002016828     0x181c ../LT24_final_sw_bsp/\libucosii_bsp.a(os_flag.o)
                0x0000000002016828                OSFlagAccept
                0x0000000002016b30                OSFlagCreate
                0x0000000002016c58                OSFlagDel
                0x0000000002016ec8                OSFlagNameGet
                0x0000000002016ff8                OSFlagNameSet
                0x0000000002017148                OSFlagPend
                0x0000000002017738                OSFlagPendGetFlagsRdy
                0x00000000020177a0                OSFlagPost
                0x0000000002017b28                OSFlagQuery
                0x0000000002017db0                OS_FlagInit
                0x0000000002017fa4                OS_FlagUnlink
 .text          0x0000000002018044      0xb88 ../LT24_final_sw_bsp/\libucosii_bsp.a(os_mbox.o)
                0x0000000002018044                OSMboxAccept
                0x00000000020180dc                OSMboxCreate
                0x00000000020181d8                OSMboxDel
                0x0000000002018440                OSMboxPend
                0x00000000020186e4                OSMboxPendAbort
                0x0000000002018850                OSMboxPost
                0x0000000002018960                OSMboxPostOpt
                0x0000000002018abc                OSMboxQuery
 .text          0x0000000002018bcc      0x784 ../LT24_final_sw_bsp/\libucosii_bsp.a(os_mem.o)
                0x0000000002018bcc                OSMemCreate
                0x0000000002018dc0                OSMemGet
                0x0000000002018eb0                OSMemNameGet
                0x0000000002018fa8                OSMemNameSet
                0x00000000020190c0                OSMemPut
                0x0000000002019198                OSMemQuery
                0x0000000002019280                OS_MemInit
 .text          0x0000000002019350     0x129c ../LT24_final_sw_bsp/\libucosii_bsp.a(os_mutex.o)
                0x0000000002019350                OSMutexAccept
                0x0000000002019514                OSMutexCreate
                0x00000000020196fc                OSMutexDel
                0x0000000002019a20                OSMutexPend
                0x000000000201a078                OSMutexPost
                0x000000000201a2b0                OSMutexQuery
 .text          0x000000000201a5ec     0x1210 ../LT24_final_sw_bsp/\libucosii_bsp.a(os_q.o)
                0x000000000201a5ec                OSQAccept
                0x000000000201a72c                OSQCreate
                0x000000000201a928                OSQDel
                0x000000000201abf0                OSQFlush
                0x000000000201aca8                OSQPend
                0x000000000201afa4                OSQPendAbort
                0x000000000201b110                OSQPost
                0x000000000201b278                OSQPostFront
                0x000000000201b3e8                OSQPostOpt
                0x000000000201b5f4                OSQQuery
                0x000000000201b750                OS_QInit
 .text          0x000000000201b7fc      0xb08 ../LT24_final_sw_bsp/\libucosii_bsp.a(os_sem.o)
                0x000000000201b7fc                OSSemAccept
                0x000000000201b8ac                OSSemCreate
                0x000000000201b9ac                OSSemDel
                0x000000000201bc14                OSSemPend
                0x000000000201be7c                OSSemPendAbort
                0x000000000201bfe8                OSSemPost
                0x000000000201c0f8                OSSemQuery
                0x000000000201c208                OSSemSet
 .text          0x000000000201c304     0x18f4 ../LT24_final_sw_bsp/\libucosii_bsp.a(os_task.o)
                0x000000000201c304                OSTaskChangePrio
                0x000000000201c844                OSTaskCreate
                0x000000000201ca00                OSTaskCreateExt
                0x000000000201cbec                OSTaskDel
                0x000000000201cfcc                OSTaskDelReq
                0x000000000201d124                OSTaskNameGet
                0x000000000201d2cc                OSTaskNameSet
                0x000000000201d48c                OSTaskResume
                0x000000000201d684                OSTaskStkChk
                0x000000000201d84c                OSTaskSuspend
                0x000000000201da60                OSTaskQuery
                0x000000000201db8c                OS_TaskStkClr
 .text          0x000000000201dbf8      0x560 ../LT24_final_sw_bsp/\libucosii_bsp.a(os_time.o)
                0x000000000201dbf8                OSTimeDly
                0x000000000201dd40                OSTimeDlyHMSM
                0x000000000201dea0                OSTimeDlyResume
                0x000000000201e090                OSTimeGet
                0x000000000201e0f4                OSTimeSet
 .text          0x000000000201e158       0xcc ../LT24_final_sw_bsp/\libucosii_bsp.a(alt_sys_init.o)
                0x000000000201e190                alt_irq_init
                0x000000000201e1c4                alt_sys_init
 .text          0x000000000201e224      0x164 ../LT24_final_sw_bsp/\libucosii_bsp.a(altera_avalon_jtag_uart_fd.o)
                0x000000000201e224                altera_avalon_jtag_uart_read_fd
                0x000000000201e284                altera_avalon_jtag_uart_write_fd
                0x000000000201e2e4                altera_avalon_jtag_uart_close_fd
                0x000000000201e334                altera_avalon_jtag_uart_ioctl_fd
 .text          0x000000000201e388      0x568 ../LT24_final_sw_bsp/\libucosii_bsp.a(altera_avalon_jtag_uart_init.o)
                0x000000000201e388                altera_avalon_jtag_uart_init
                0x000000000201e888                altera_avalon_jtag_uart_close
 .text          0x000000000201e8f0       0xec ../LT24_final_sw_bsp/\libucosii_bsp.a(altera_avalon_jtag_uart_ioctl.o)
                0x000000000201e8f0                altera_avalon_jtag_uart_ioctl
 .text          0x000000000201e9dc      0x2b4 ../LT24_final_sw_bsp/\libucosii_bsp.a(altera_avalon_jtag_uart_read.o)
                0x000000000201e9dc                altera_avalon_jtag_uart_read
 .text          0x000000000201ec90      0x2c0 ../LT24_final_sw_bsp/\libucosii_bsp.a(altera_avalon_jtag_uart_write.o)
                0x000000000201ec90                altera_avalon_jtag_uart_write
 .text          0x000000000201ef50      0x204 ../LT24_final_sw_bsp/\libucosii_bsp.a(altera_avalon_spi.o)
                0x000000000201ef50                alt_avalon_spi_command
 .text          0x000000000201f154       0xfc ../LT24_final_sw_bsp/\libucosii_bsp.a(altera_avalon_timer_sc.o)
                0x000000000201f1c8                alt_avalon_timer_sc_init
 .text          0x000000000201f250      0x158 ../LT24_final_sw_bsp/\libucosii_bsp.a(alt_busy_sleep.o)
                0x000000000201f250                alt_busy_sleep
 .text          0x000000000201f3a8       0x44 ../LT24_final_sw_bsp/\libucosii_bsp.a(alt_dcache_flush_all.o)
                0x000000000201f3a8                alt_dcache_flush_all
 .text          0x000000000201f3ec       0xf4 ../LT24_final_sw_bsp/\libucosii_bsp.a(alt_dev_llist_insert.o)
                0x000000000201f43c                alt_dev_llist_insert
 .text          0x000000000201f4e0       0x5c ../LT24_final_sw_bsp/\libucosii_bsp.a(alt_do_ctors.o)
                0x000000000201f4e0                _do_ctors
 .text          0x000000000201f53c       0x5c ../LT24_final_sw_bsp/\libucosii_bsp.a(alt_do_dtors.o)
                0x000000000201f53c                _do_dtors
 .text          0x000000000201f598        0x0 ../LT24_final_sw_bsp/\libucosii_bsp.a(alt_exception_entry.o)
 .text          0x000000000201f598       0x30 ../LT24_final_sw_bsp/\libucosii_bsp.a(alt_icache_flush_all.o)
                0x000000000201f598                alt_icache_flush_all
 .text          0x000000000201f5c8      0x138 ../LT24_final_sw_bsp/\libucosii_bsp.a(alt_io_redirect.o)
                0x000000000201f688                alt_io_redirect
 .text          0x000000000201f700      0x274 ../LT24_final_sw_bsp/\libucosii_bsp.a(alt_open.o)
                0x000000000201f81c                open
 .text          0x000000000201f974       0x20 ../LT24_final_sw_bsp/\libucosii_bsp.a(altera_nios2_qsys_irq.o)
                0x000000000201f974                altera_nios2_qsys_irq_init
 .text          0x000000000201f994       0xd0 ../LT24_final_sw_bsp/\libucosii_bsp.a(os_cpu_a.o)
                0x000000000201f994                OSCtxSw
                0x000000000201f994                OSIntCtxSw
                0x000000000201fa20                OSStartHighRdy
                0x000000000201fa40                OSStartTsk
 .text          0x000000000201fa64      0x3fc ../LT24_final_sw_bsp/\libucosii_bsp.a(os_cpu_c.o)
                0x000000000201fa64                OSTaskStkInit
                0x000000000201fd58                OSTaskCreateHook
                0x000000000201fd78                OSTaskDelHook
                0x000000000201fd98                OSTaskSwHook
                0x000000000201fdb4                OSTaskStatHook
                0x000000000201fdd0                OSTimeTickHook
                0x000000000201fdec                OSInitHookBegin
                0x000000000201fe08                OSInitHookEnd
                0x000000000201fe24                OSTaskIdleHook
                0x000000000201fe40                OSTCBInitHook
 .text          0x000000000201fe60       0x90 ../LT24_final_sw_bsp/\libucosii_bsp.a(alt_find_dev.o)
                0x000000000201fe60                alt_find_dev
 .text          0x000000000201fef0      0x114 ../LT24_final_sw_bsp/\libucosii_bsp.a(alt_find_file.o)
                0x000000000201fef0                alt_find_file
 .text          0x0000000002020004       0xfc ../LT24_final_sw_bsp/\libucosii_bsp.a(alt_get_fd.o)
                0x0000000002020004                alt_get_fd
 .text          0x0000000002020100       0x8c ../LT24_final_sw_bsp/\libucosii_bsp.a(alt_icache_flush.o)
                0x0000000002020100                alt_icache_flush
 .text          0x000000000202018c       0x14 c:/altera/15.0/nios2eds/bin/gnu/h-x86_64-mingw32/bin/../lib/gcc/nios2-elf/4.9.1/../../../../../H-x86_64-mingw32/nios2-elf/lib\libc.a(lib_a-atexit.o)
                0x000000000202018c                atexit
 .text          0x00000000020201a0       0x38 c:/altera/15.0/nios2eds/bin/gnu/h-x86_64-mingw32/bin/../lib/gcc/nios2-elf/4.9.1/../../../../../H-x86_64-mingw32/nios2-elf/lib\libc.a(lib_a-exit.o)
                0x00000000020201a0                exit
 .text          0x00000000020201d8       0x7c c:/altera/15.0/nios2eds/bin/gnu/h-x86_64-mingw32/bin/../lib/gcc/nios2-elf/4.9.1/../../../../../H-x86_64-mingw32/nios2-elf/lib\libc.a(lib_a-memcmp.o)
                0x00000000020201d8                memcmp
 .text          0x0000000002020254      0x114 c:/altera/15.0/nios2eds/bin/gnu/h-x86_64-mingw32/bin/../lib/gcc/nios2-elf/4.9.1/../../../../../H-x86_64-mingw32/nios2-elf/lib\libc.a(lib_a-__atexit.o)
                0x0000000002020254                __register_exitproc
 .text          0x0000000002020368      0x194 c:/altera/15.0/nios2eds/bin/gnu/h-x86_64-mingw32/bin/../lib/gcc/nios2-elf/4.9.1/../../../../../H-x86_64-mingw32/nios2-elf/lib\libc.a(lib_a-__call_atexit.o)
                0x0000000002020368                __call_exitprocs
 .text          0x00000000020204fc       0x3c ../LT24_final_sw_bsp/\libucosii_bsp.a(alt_exit.o)
                0x00000000020204fc                _exit
 *(.gnu.warning.*)
 *(.fini)
                0x0000000002020538                PROVIDE (__etext, ABSOLUTE (.))
                0x0000000002020538                PROVIDE (_etext, ABSOLUTE (.))
                0x0000000002020538                PROVIDE (etext, ABSOLUTE (.))
 *(.eh_frame_hdr)
                0x0000000002020538                . = ALIGN (0x4)
                0x0000000002020538                PROVIDE (__preinit_array_start, ABSOLUTE (.))
 *(.preinit_array)
                0x0000000002020538                PROVIDE (__preinit_array_end, ABSOLUTE (.))
                0x0000000002020538                PROVIDE (__init_array_start, ABSOLUTE (.))
 *(.init_array)
                0x0000000002020538                PROVIDE (__init_array_end, ABSOLUTE (.))
                0x0000000002020538                PROVIDE (__fini_array_start, ABSOLUTE (.))
 *(.fini_array)
                0x0000000002020538                PROVIDE (__fini_array_end, ABSOLUTE (.))
 *(.eh_frame)
 *(.gcc_except_table .gcc_except_table.*)
 *(.dynamic)
                0x0000000002020538                PROVIDE (__CTOR_LIST__, ABSOLUTE (.))
 *(.ctors)
 *(SORT(.ctors.*))
                0x0000000002020538                PROVIDE (__CTOR_END__, ABSOLUTE (.))
                0x0000000002020538                PROVIDE (__DTOR_LIST__, ABSOLUTE (.))
 *(.dtors)
 *(SORT(.dtors.*))
                0x0000000002020538                PROVIDE (__DTOR_END__, ABSOLUTE (.))
 *(.jcr)
                0x0000000002020538                . = ALIGN (0x4)

.rodata         0x0000000002020538    0x1a3c4
                0x0000000002020538                PROVIDE (__ram_rodata_start, ABSOLUTE (.))
                0x0000000002020538                . = ALIGN (0x4)
 *(.rodata .rodata.* .gnu.linkonce.r.*)
 .rodata        0x0000000002020538       0x34 obj/default/demo/gui.o
 .rodata        0x000000000202056c     0x77f2 obj/default/fonts/tahomabold_20.o
 .rodata        0x0000000002027d5e    0x12520 obj/default/fonts/tahomabold_32.o
 *fill*         0x000000000203a27e        0x2 
 .rodata        0x000000000203a280       0x58 obj/default/graphic_lib/simple_graphics.o
 .rodata        0x000000000203a2d8       0x28 obj/default/graphic_lib/simple_text.o
 .rodata        0x000000000203a300      0x1d8 obj/default/main.o
 .rodata.str1.4
                0x000000000203a4d8        0x5 c:/altera/15.0/nios2eds/bin/gnu/h-x86_64-mingw32/bin/../lib/gcc/nios2-elf/4.9.1/../../../../../H-x86_64-mingw32/nios2-elf/lib\libm.a(lib_a-w_sqrt.o)
                                          0x8 (size before relaxing)
 .rodata        0x000000000203a4dd      0x100 c:/altera/15.0/nios2eds/bin/gnu/h-x86_64-mingw32/bin/../lib/gcc/nios2-elf/4.9.1\libgcc.a(_clz.o)
                0x000000000203a4dd                __clz_tab
 *fill*         0x000000000203a5dd        0x3 
 .rodata.str1.4
                0x000000000203a5e0        0x2 c:/altera/15.0/nios2eds/bin/gnu/h-x86_64-mingw32/bin/../lib/gcc/nios2-elf/4.9.1/../../../../../H-x86_64-mingw32/nios2-elf/lib\libc.a(lib_a-impure.o)
                                          0x4 (size before relaxing)
 *fill*         0x000000000203a5e2        0x2 
 .rodata.str1.4
                0x000000000203a5e4        0x2 c:/altera/15.0/nios2eds/bin/gnu/h-x86_64-mingw32/bin/../lib/gcc/nios2-elf/4.9.1/../../../../../H-x86_64-mingw32/nios2-elf/lib\libc.a(lib_a-puts.o)
                                          0x4 (size before relaxing)
 *fill*         0x000000000203a5e6        0x2 
 .rodata.str1.4
                0x000000000203a5e8       0x42 c:/altera/15.0/nios2eds/bin/gnu/h-x86_64-mingw32/bin/../lib/gcc/nios2-elf/4.9.1/../../../../../H-x86_64-mingw32/nios2-elf/lib\libc.a(lib_a-vfprintf.o)
                                         0x44 (size before relaxing)
 .rodata        0x000000000203a62a       0x20 c:/altera/15.0/nios2eds/bin/gnu/h-x86_64-mingw32/bin/../lib/gcc/nios2-elf/4.9.1/../../../../../H-x86_64-mingw32/nios2-elf/lib\libc.a(lib_a-vfprintf.o)
 *fill*         0x000000000203a64a        0x2 
 .rodata.str1.4
                0x000000000203a64c       0x10 c:/altera/15.0/nios2eds/bin/gnu/h-x86_64-mingw32/bin/../lib/gcc/nios2-elf/4.9.1/../../../../../H-x86_64-mingw32/nios2-elf/lib\libc.a(lib_a-dtoa.o)
                                         0x14 (size before relaxing)
 .rodata.str1.4
                0x000000000203a65c        0xc c:/altera/15.0/nios2eds/bin/gnu/h-x86_64-mingw32/bin/../lib/gcc/nios2-elf/4.9.1/../../../../../H-x86_64-mingw32/nios2-elf/lib\libc.a(lib_a-locale.o)
                                         0x14 (size before relaxing)
 .rodata        0x000000000203a668      0x124 c:/altera/15.0/nios2eds/bin/gnu/h-x86_64-mingw32/bin/../lib/gcc/nios2-elf/4.9.1/../../../../../H-x86_64-mingw32/nios2-elf/lib\libc.a(lib_a-mprec.o)
                0x000000000203a674                __mprec_tinytens
                0x000000000203a69c                __mprec_bigtens
                0x000000000203a6c4                __mprec_tens
 .rodata.str1.4
                0x0000000000000000       0x30 c:/altera/15.0/nios2eds/bin/gnu/h-x86_64-mingw32/bin/../lib/gcc/nios2-elf/4.9.1/../../../../../H-x86_64-mingw32/nios2-elf/lib\libc.a(lib_a-vfiprintf.o)
 .rodata        0x000000000203a78c       0x20 c:/altera/15.0/nios2eds/bin/gnu/h-x86_64-mingw32/bin/../lib/gcc/nios2-elf/4.9.1/../../../../../H-x86_64-mingw32/nios2-elf/lib\libc.a(lib_a-vfiprintf.o)
 .rodata        0x000000000203a7ac        0xc ../LT24_final_sw_bsp/\libucosii_bsp.a(alt_dev.o)
 .rodata        0x000000000203a7b8       0x10 ../LT24_final_sw_bsp/\libucosii_bsp.a(alt_main.o)
 .rodata        0x000000000203a7c8      0x120 ../LT24_final_sw_bsp/\libucosii_bsp.a(os_core.o)
                0x000000000203a7c8                OSUnMapTbl
 .rodata        0x000000000203a8e8       0x10 ../LT24_final_sw_bsp/\libucosii_bsp.a(alt_sys_init.o)
 .rodata        0x000000000203a8f8        0x4 ../LT24_final_sw_bsp/\libucosii_bsp.a(os_cpu_c.o)
 *(.rodata1)
                0x000000000203a8fc                . = ALIGN (0x4)
                0x000000000203a8fc                PROVIDE (__ram_rodata_end, ABSOLUTE (.))
                0x0000000002020538                PROVIDE (__flash_rodata_start, LOADADDR (.rodata))

.rwdata         0x000000000203a8fc     0x3744 load address 0x000000000203e040
                0x000000000203a8fc                PROVIDE (__ram_rwdata_start, ABSOLUTE (.))
                0x000000000203a8fc                . = ALIGN (0x4)
 *(.got.plt)
 *(.got)
 *(.data1)
 *(.data .data.* .gnu.linkonce.d.*)
 .data          0x000000000203a8fc        0x0 ../LT24_final_sw_bsp//obj/HAL/src/crt0.o
 .data          0x000000000203a8fc       0x14 obj/default/demo/gui.o
                0x000000000203a8fc                szPallete
 .data          0x000000000203a910      0xbc0 obj/default/fonts/tahomabold_20.o
                0x000000000203a910                tahomabold_20
 .data          0x000000000203b4d0      0xbc0 obj/default/fonts/tahomabold_32.o
                0x000000000203b4d0                tahomabold_32
 .data          0x000000000203c090        0x0 obj/default/graphic_lib/ILI9341.o
 .data          0x000000000203c090        0x0 obj/default/graphic_lib/geometry.o
 .data          0x000000000203c090      0x415 obj/default/graphic_lib/simple_graphics.o
                0x000000000203c090                cour10_font_array
 .data          0x000000000203c4a5        0x0 obj/default/graphic_lib/simple_text.o
 .data          0x000000000203c4a5        0x0 obj/default/main.o
 .data          0x000000000203c4a5        0x0 obj/default/terasic_lib/accelerometer_adxl345_spi.o
 .data          0x000000000203c4a5        0x0 obj/default/terasic_lib/terasic_spi.o
 .data          0x000000000203c4a5        0x0 obj/default/terasic_lib/touch_spi.o
 .data          0x000000000203c4a5        0x0 c:/altera/15.0/nios2eds/bin/gnu/h-x86_64-mingw32/bin/../lib/gcc/nios2-elf/4.9.1/../../../../../H-x86_64-mingw32/nios2-elf/lib\libm.a(lib_a-w_sqrt.o)
 .data          0x000000000203c4a5        0x0 c:/altera/15.0/nios2eds/bin/gnu/h-x86_64-mingw32/bin/../lib/gcc/nios2-elf/4.9.1/../../../../../H-x86_64-mingw32/nios2-elf/lib\libm.a(lib_a-e_sqrt.o)
 .data          0x000000000203c4a5        0x0 c:/altera/15.0/nios2eds/bin/gnu/h-x86_64-mingw32/bin/../lib/gcc/nios2-elf/4.9.1/../../../../../H-x86_64-mingw32/nios2-elf/lib\libm.a(lib_a-s_fpclassify.o)
 .data          0x000000000203c4a5        0x0 c:/altera/15.0/nios2eds/bin/gnu/h-x86_64-mingw32/bin/../lib/gcc/nios2-elf/4.9.1/../../../../../H-x86_64-mingw32/nios2-elf/lib\libm.a(lib_a-s_lib_ver.o)
 .data          0x000000000203c4a5        0x0 c:/altera/15.0/nios2eds/bin/gnu/h-x86_64-mingw32/bin/../lib/gcc/nios2-elf/4.9.1/../../../../../H-x86_64-mingw32/nios2-elf/lib\libm.a(lib_a-s_matherr.o)
 .data          0x000000000203c4a5        0x0 c:/altera/15.0/nios2eds/bin/gnu/h-x86_64-mingw32/bin/../lib/gcc/nios2-elf/4.9.1\libgcc.a(lib2-divmod.o)
 .data          0x000000000203c4a5        0x0 c:/altera/15.0/nios2eds/bin/gnu/h-x86_64-mingw32/bin/../lib/gcc/nios2-elf/4.9.1\libgcc.a(adddf3.o)
 .data          0x000000000203c4a5        0x0 c:/altera/15.0/nios2eds/bin/gnu/h-x86_64-mingw32/bin/../lib/gcc/nios2-elf/4.9.1\libgcc.a(divdf3.o)
 .data          0x000000000203c4a5        0x0 c:/altera/15.0/nios2eds/bin/gnu/h-x86_64-mingw32/bin/../lib/gcc/nios2-elf/4.9.1\libgcc.a(ledf2.o)
 .data          0x000000000203c4a5        0x0 c:/altera/15.0/nios2eds/bin/gnu/h-x86_64-mingw32/bin/../lib/gcc/nios2-elf/4.9.1\libgcc.a(muldf3.o)
 .data          0x000000000203c4a5        0x0 c:/altera/15.0/nios2eds/bin/gnu/h-x86_64-mingw32/bin/../lib/gcc/nios2-elf/4.9.1\libgcc.a(subdf3.o)
 .data          0x000000000203c4a5        0x0 c:/altera/15.0/nios2eds/bin/gnu/h-x86_64-mingw32/bin/../lib/gcc/nios2-elf/4.9.1\libgcc.a(fixdfsi.o)
 .data          0x000000000203c4a5        0x0 c:/altera/15.0/nios2eds/bin/gnu/h-x86_64-mingw32/bin/../lib/gcc/nios2-elf/4.9.1\libgcc.a(floatsidf.o)
 .data          0x000000000203c4a5        0x0 c:/altera/15.0/nios2eds/bin/gnu/h-x86_64-mingw32/bin/../lib/gcc/nios2-elf/4.9.1\libgcc.a(_clzsi2.o)
 .data          0x000000000203c4a5        0x0 c:/altera/15.0/nios2eds/bin/gnu/h-x86_64-mingw32/bin/../lib/gcc/nios2-elf/4.9.1\libgcc.a(_clz.o)
 .data          0x000000000203c4a5        0x0 c:/altera/15.0/nios2eds/bin/gnu/h-x86_64-mingw32/bin/../lib/gcc/nios2-elf/4.9.1/../../../../../H-x86_64-mingw32/nios2-elf/lib\libc.a(lib_a-errno.o)
 *fill*         0x000000000203c4a5        0x3 
 .data          0x000000000203c4a8      0x424 c:/altera/15.0/nios2eds/bin/gnu/h-x86_64-mingw32/bin/../lib/gcc/nios2-elf/4.9.1/../../../../../H-x86_64-mingw32/nios2-elf/lib\libc.a(lib_a-impure.o)
 .data          0x000000000203c8cc        0x0 c:/altera/15.0/nios2eds/bin/gnu/h-x86_64-mingw32/bin/../lib/gcc/nios2-elf/4.9.1/../../../../../H-x86_64-mingw32/nios2-elf/lib\libc.a(lib_a-malloc.o)
 .data          0x000000000203c8cc      0x408 c:/altera/15.0/nios2eds/bin/gnu/h-x86_64-mingw32/bin/../lib/gcc/nios2-elf/4.9.1/../../../../../H-x86_64-mingw32/nios2-elf/lib\libc.a(lib_a-mallocr.o)
                0x000000000203c8cc                __malloc_av_
 .data          0x000000000203ccd4        0x0 c:/altera/15.0/nios2eds/bin/gnu/h-x86_64-mingw32/bin/../lib/gcc/nios2-elf/4.9.1/../../../../../H-x86_64-mingw32/nios2-elf/lib\libc.a(lib_a-memcpy.o)
 .data          0x000000000203ccd4        0x0 c:/altera/15.0/nios2eds/bin/gnu/h-x86_64-mingw32/bin/../lib/gcc/nios2-elf/4.9.1/../../../../../H-x86_64-mingw32/nios2-elf/lib\libc.a(lib_a-memset.o)
 .data          0x000000000203ccd4        0x0 c:/altera/15.0/nios2eds/bin/gnu/h-x86_64-mingw32/bin/../lib/gcc/nios2-elf/4.9.1/../../../../../H-x86_64-mingw32/nios2-elf/lib\libc.a(lib_a-printf.o)
 .data          0x000000000203ccd4        0x0 c:/altera/15.0/nios2eds/bin/gnu/h-x86_64-mingw32/bin/../lib/gcc/nios2-elf/4.9.1/../../../../../H-x86_64-mingw32/nios2-elf/lib\libc.a(lib_a-puts.o)
 .data          0x000000000203ccd4        0x0 c:/altera/15.0/nios2eds/bin/gnu/h-x86_64-mingw32/bin/../lib/gcc/nios2-elf/4.9.1/../../../../../H-x86_64-mingw32/nios2-elf/lib\libc.a(lib_a-sbrkr.o)
 .data          0x000000000203ccd4        0x0 c:/altera/15.0/nios2eds/bin/gnu/h-x86_64-mingw32/bin/../lib/gcc/nios2-elf/4.9.1/../../../../../H-x86_64-mingw32/nios2-elf/lib\libc.a(lib_a-strcpy.o)
 .data          0x000000000203ccd4        0x0 c:/altera/15.0/nios2eds/bin/gnu/h-x86_64-mingw32/bin/../lib/gcc/nios2-elf/4.9.1/../../../../../H-x86_64-mingw32/nios2-elf/lib\libc.a(lib_a-strlen.o)
 .data          0x000000000203ccd4        0x0 c:/altera/15.0/nios2eds/bin/gnu/h-x86_64-mingw32/bin/../lib/gcc/nios2-elf/4.9.1/../../../../../H-x86_64-mingw32/nios2-elf/lib\libc.a(lib_a-vfprintf.o)
 .data          0x000000000203ccd4        0x0 c:/altera/15.0/nios2eds/bin/gnu/h-x86_64-mingw32/bin/../lib/gcc/nios2-elf/4.9.1/../../../../../H-x86_64-mingw32/nios2-elf/lib\libc.a(lib_a-wsetup.o)
 .data          0x000000000203ccd4        0x0 c:/altera/15.0/nios2eds/bin/gnu/h-x86_64-mingw32/bin/../lib/gcc/nios2-elf/4.9.1/../../../../../H-x86_64-mingw32/nios2-elf/lib\libc.a(lib_a-dtoa.o)
 .data          0x000000000203ccd4        0x0 c:/altera/15.0/nios2eds/bin/gnu/h-x86_64-mingw32/bin/../lib/gcc/nios2-elf/4.9.1/../../../../../H-x86_64-mingw32/nios2-elf/lib\libc.a(lib_a-fflush.o)
 .data          0x000000000203ccd4        0x0 c:/altera/15.0/nios2eds/bin/gnu/h-x86_64-mingw32/bin/../lib/gcc/nios2-elf/4.9.1/../../../../../H-x86_64-mingw32/nios2-elf/lib\libc.a(lib_a-findfp.o)
 .data          0x000000000203ccd4        0x0 c:/altera/15.0/nios2eds/bin/gnu/h-x86_64-mingw32/bin/../lib/gcc/nios2-elf/4.9.1/../../../../../H-x86_64-mingw32/nios2-elf/lib\libc.a(lib_a-freer.o)
 .data          0x000000000203ccd4        0x0 c:/altera/15.0/nios2eds/bin/gnu/h-x86_64-mingw32/bin/../lib/gcc/nios2-elf/4.9.1/../../../../../H-x86_64-mingw32/nios2-elf/lib\libc.a(lib_a-fvwrite.o)
 .data          0x000000000203ccd4        0x0 c:/altera/15.0/nios2eds/bin/gnu/h-x86_64-mingw32/bin/../lib/gcc/nios2-elf/4.9.1/../../../../../H-x86_64-mingw32/nios2-elf/lib\libc.a(lib_a-fwalk.o)
 .data          0x000000000203ccd4        0x0 c:/altera/15.0/nios2eds/bin/gnu/h-x86_64-mingw32/bin/../lib/gcc/nios2-elf/4.9.1/../../../../../H-x86_64-mingw32/nios2-elf/lib\libc.a(lib_a-int_errno.o)
 .data          0x000000000203ccd4       0x78 c:/altera/15.0/nios2eds/bin/gnu/h-x86_64-mingw32/bin/../lib/gcc/nios2-elf/4.9.1/../../../../../H-x86_64-mingw32/nios2-elf/lib\libc.a(lib_a-locale.o)
 .data          0x000000000203cd4c        0x0 c:/altera/15.0/nios2eds/bin/gnu/h-x86_64-mingw32/bin/../lib/gcc/nios2-elf/4.9.1/../../../../../H-x86_64-mingw32/nios2-elf/lib\libc.a(lib_a-makebuf.o)
 .data          0x000000000203cd4c        0x0 c:/altera/15.0/nios2eds/bin/gnu/h-x86_64-mingw32/bin/../lib/gcc/nios2-elf/4.9.1/../../../../../H-x86_64-mingw32/nios2-elf/lib\libc.a(lib_a-memchr.o)
 .data          0x000000000203cd4c        0x0 c:/altera/15.0/nios2eds/bin/gnu/h-x86_64-mingw32/bin/../lib/gcc/nios2-elf/4.9.1/../../../../../H-x86_64-mingw32/nios2-elf/lib\libc.a(lib_a-memmove.o)
 .data          0x000000000203cd4c        0x0 c:/altera/15.0/nios2eds/bin/gnu/h-x86_64-mingw32/bin/../lib/gcc/nios2-elf/4.9.1/../../../../../H-x86_64-mingw32/nios2-elf/lib\libc.a(lib_a-mprec.o)
 .data          0x000000000203cd4c        0x0 c:/altera/15.0/nios2eds/bin/gnu/h-x86_64-mingw32/bin/../lib/gcc/nios2-elf/4.9.1/../../../../../H-x86_64-mingw32/nios2-elf/lib\libc.a(lib_a-reallocr.o)
 .data          0x000000000203cd4c        0x0 c:/altera/15.0/nios2eds/bin/gnu/h-x86_64-mingw32/bin/../lib/gcc/nios2-elf/4.9.1/../../../../../H-x86_64-mingw32/nios2-elf/lib\libc.a(lib_a-stdio.o)
 .data          0x000000000203cd4c        0x0 c:/altera/15.0/nios2eds/bin/gnu/h-x86_64-mingw32/bin/../lib/gcc/nios2-elf/4.9.1/../../../../../H-x86_64-mingw32/nios2-elf/lib\libc.a(lib_a-strcmp.o)
 .data          0x000000000203cd4c        0x0 c:/altera/15.0/nios2eds/bin/gnu/h-x86_64-mingw32/bin/../lib/gcc/nios2-elf/4.9.1/../../../../../H-x86_64-mingw32/nios2-elf/lib\libc.a(lib_a-vfiprintf.o)
 .data          0x000000000203cd4c        0x0 c:/altera/15.0/nios2eds/bin/gnu/h-x86_64-mingw32/bin/../lib/gcc/nios2-elf/4.9.1/../../../../../H-x86_64-mingw32/nios2-elf/lib\libc.a(lib_a-writer.o)
 .data          0x000000000203cd4c        0x0 c:/altera/15.0/nios2eds/bin/gnu/h-x86_64-mingw32/bin/../lib/gcc/nios2-elf/4.9.1/../../../../../H-x86_64-mingw32/nios2-elf/lib\libc.a(closer.o)
 .data          0x000000000203cd4c        0x0 c:/altera/15.0/nios2eds/bin/gnu/h-x86_64-mingw32/bin/../lib/gcc/nios2-elf/4.9.1/../../../../../H-x86_64-mingw32/nios2-elf/lib\libc.a(lib_a-callocr.o)
 .data          0x000000000203cd4c        0x0 c:/altera/15.0/nios2eds/bin/gnu/h-x86_64-mingw32/bin/../lib/gcc/nios2-elf/4.9.1/../../../../../H-x86_64-mingw32/nios2-elf/lib\libc.a(lib_a-fclose.o)
 .data          0x000000000203cd4c        0x0 c:/altera/15.0/nios2eds/bin/gnu/h-x86_64-mingw32/bin/../lib/gcc/nios2-elf/4.9.1/../../../../../H-x86_64-mingw32/nios2-elf/lib\libc.a(lib_a-fputwc.o)
 .data          0x000000000203cd4c        0x0 c:/altera/15.0/nios2eds/bin/gnu/h-x86_64-mingw32/bin/../lib/gcc/nios2-elf/4.9.1/../../../../../H-x86_64-mingw32/nios2-elf/lib\libc.a(lib_a-fstatr.o)
 .data          0x000000000203cd4c        0x0 c:/altera/15.0/nios2eds/bin/gnu/h-x86_64-mingw32/bin/../lib/gcc/nios2-elf/4.9.1/../../../../../H-x86_64-mingw32/nios2-elf/lib\libc.a(lib_a-isattyr.o)
 .data          0x000000000203cd4c        0x0 c:/altera/15.0/nios2eds/bin/gnu/h-x86_64-mingw32/bin/../lib/gcc/nios2-elf/4.9.1/../../../../../H-x86_64-mingw32/nios2-elf/lib\libc.a(lib_a-lseekr.o)
 .data          0x000000000203cd4c        0x0 c:/altera/15.0/nios2eds/bin/gnu/h-x86_64-mingw32/bin/../lib/gcc/nios2-elf/4.9.1/../../../../../H-x86_64-mingw32/nios2-elf/lib\libc.a(lib_a-readr.o)
 .data          0x000000000203cd4c        0x0 c:/altera/15.0/nios2eds/bin/gnu/h-x86_64-mingw32/bin/../lib/gcc/nios2-elf/4.9.1/../../../../../H-x86_64-mingw32/nios2-elf/lib\libc.a(lib_a-wbuf.o)
 .data          0x000000000203cd4c        0x0 c:/altera/15.0/nios2eds/bin/gnu/h-x86_64-mingw32/bin/../lib/gcc/nios2-elf/4.9.1/../../../../../H-x86_64-mingw32/nios2-elf/lib\libc.a(lib_a-wcrtomb.o)
 .data          0x000000000203cd4c        0x0 c:/altera/15.0/nios2eds/bin/gnu/h-x86_64-mingw32/bin/../lib/gcc/nios2-elf/4.9.1/../../../../../H-x86_64-mingw32/nios2-elf/lib\libc.a(lib_a-wctomb_r.o)
 .data          0x000000000203cd4c        0x0 c:/altera/15.0/nios2eds/bin/gnu/h-x86_64-mingw32/bin/../lib/gcc/nios2-elf/4.9.1\libgcc.a(_udivdi3.o)
 .data          0x000000000203cd4c        0x0 c:/altera/15.0/nios2eds/bin/gnu/h-x86_64-mingw32/bin/../lib/gcc/nios2-elf/4.9.1\libgcc.a(_umoddi3.o)
 .data          0x000000000203cd4c        0x0 c:/altera/15.0/nios2eds/bin/gnu/h-x86_64-mingw32/bin/../lib/gcc/nios2-elf/4.9.1\libgcc.a(eqdf2.o)
 .data          0x000000000203cd4c        0x0 c:/altera/15.0/nios2eds/bin/gnu/h-x86_64-mingw32/bin/../lib/gcc/nios2-elf/4.9.1\libgcc.a(gedf2.o)
 .data          0x000000000203cd4c        0x0 c:/altera/15.0/nios2eds/bin/gnu/h-x86_64-mingw32/bin/../lib/gcc/nios2-elf/4.9.1\libgcc.a(floatunsidf.o)
 .data          0x000000000203cd4c        0x0 ../LT24_final_sw_bsp/\libucosii_bsp.a(alt_alarm_start.o)
 .data          0x000000000203cd4c        0x0 ../LT24_final_sw_bsp/\libucosii_bsp.a(alt_close.o)
 .data          0x000000000203cd4c      0x1a8 ../LT24_final_sw_bsp/\libucosii_bsp.a(alt_dev.o)
                0x000000000203cd4c                alt_dev_null
                0x000000000203cd74                alt_fd_list
 .data          0x000000000203cef4        0x0 ../LT24_final_sw_bsp/\libucosii_bsp.a(alt_errno.o)
 .data          0x000000000203cef4        0x0 ../LT24_final_sw_bsp/\libucosii_bsp.a(alt_fstat.o)
 .data          0x000000000203cef4        0x0 ../LT24_final_sw_bsp/\libucosii_bsp.a(alt_iic.o)
 .data          0x000000000203cef4        0x0 ../LT24_final_sw_bsp/\libucosii_bsp.a(alt_iic_isr_register.o)
 .data          0x000000000203cef4        0x0 ../LT24_final_sw_bsp/\libucosii_bsp.a(alt_irq_entry.o)
 .data          0x000000000203cef4        0x0 ../LT24_final_sw_bsp/\libucosii_bsp.a(alt_irq_handler.o)
 .data          0x000000000203cef4        0x0 ../LT24_final_sw_bsp/\libucosii_bsp.a(alt_irq_vars.o)
 .data          0x000000000203cef4        0x0 ../LT24_final_sw_bsp/\libucosii_bsp.a(alt_isatty.o)
 .data          0x000000000203cef4        0x0 ../LT24_final_sw_bsp/\libucosii_bsp.a(alt_load.o)
 .data          0x000000000203cef4        0x0 ../LT24_final_sw_bsp/\libucosii_bsp.a(alt_lseek.o)
 .data          0x000000000203cef4        0x0 ../LT24_final_sw_bsp/\libucosii_bsp.a(alt_main.o)
 .data          0x000000000203cef4        0x0 ../LT24_final_sw_bsp/\libucosii_bsp.a(alt_read.o)
 .data          0x000000000203cef4        0x0 ../LT24_final_sw_bsp/\libucosii_bsp.a(alt_release_fd.o)
 .data          0x000000000203cef4        0x0 ../LT24_final_sw_bsp/\libucosii_bsp.a(alt_sbrk.o)
 .data          0x000000000203cef4        0x0 ../LT24_final_sw_bsp/\libucosii_bsp.a(alt_tick.o)
 .data          0x000000000203cef4        0x0 ../LT24_final_sw_bsp/\libucosii_bsp.a(alt_usleep.o)
 .data          0x000000000203cef4        0x0 ../LT24_final_sw_bsp/\libucosii_bsp.a(alt_write.o)
 .data          0x000000000203cef4        0x0 ../LT24_final_sw_bsp/\libucosii_bsp.a(alt_env_lock.o)
 .data          0x000000000203cef4        0x0 ../LT24_final_sw_bsp/\libucosii_bsp.a(alt_malloc_lock.o)
 .data          0x000000000203cef4        0x0 ../LT24_final_sw_bsp/\libucosii_bsp.a(os_core.o)
 .data          0x000000000203cef4        0x0 ../LT24_final_sw_bsp/\libucosii_bsp.a(os_dbg.o)
 .data          0x000000000203cef4        0x0 ../LT24_final_sw_bsp/\libucosii_bsp.a(os_flag.o)
 .data          0x000000000203cef4        0x0 ../LT24_final_sw_bsp/\libucosii_bsp.a(os_mbox.o)
 .data          0x000000000203cef4        0x0 ../LT24_final_sw_bsp/\libucosii_bsp.a(os_mem.o)
 .data          0x000000000203cef4        0x0 ../LT24_final_sw_bsp/\libucosii_bsp.a(os_mutex.o)
 .data          0x000000000203cef4        0x0 ../LT24_final_sw_bsp/\libucosii_bsp.a(os_q.o)
 .data          0x000000000203cef4        0x0 ../LT24_final_sw_bsp/\libucosii_bsp.a(os_sem.o)
 .data          0x000000000203cef4        0x0 ../LT24_final_sw_bsp/\libucosii_bsp.a(os_task.o)
 .data          0x000000000203cef4        0x0 ../LT24_final_sw_bsp/\libucosii_bsp.a(os_time.o)
 .data          0x000000000203cef4     0x106c ../LT24_final_sw_bsp/\libucosii_bsp.a(alt_sys_init.o)
 .data          0x000000000203df60        0x0 ../LT24_final_sw_bsp/\libucosii_bsp.a(altera_avalon_jtag_uart_fd.o)
 .data          0x000000000203df60        0x0 ../LT24_final_sw_bsp/\libucosii_bsp.a(altera_avalon_jtag_uart_init.o)
 .data          0x000000000203df60        0x0 ../LT24_final_sw_bsp/\libucosii_bsp.a(altera_avalon_jtag_uart_ioctl.o)
 .data          0x000000000203df60        0x0 ../LT24_final_sw_bsp/\libucosii_bsp.a(altera_avalon_jtag_uart_read.o)
 .data          0x000000000203df60        0x0 ../LT24_final_sw_bsp/\libucosii_bsp.a(altera_avalon_jtag_uart_write.o)
 .data          0x000000000203df60        0x0 ../LT24_final_sw_bsp/\libucosii_bsp.a(altera_avalon_spi.o)
 .data          0x000000000203df60        0x0 ../LT24_final_sw_bsp/\libucosii_bsp.a(altera_avalon_timer_sc.o)
 .data          0x000000000203df60        0x0 ../LT24_final_sw_bsp/\libucosii_bsp.a(alt_busy_sleep.o)
 .data          0x000000000203df60        0x0 ../LT24_final_sw_bsp/\libucosii_bsp.a(alt_dcache_flush_all.o)
 .data          0x000000000203df60        0x0 ../LT24_final_sw_bsp/\libucosii_bsp.a(alt_dev_llist_insert.o)
 .data          0x000000000203df60        0x0 ../LT24_final_sw_bsp/\libucosii_bsp.a(alt_do_ctors.o)
 .data          0x000000000203df60        0x0 ../LT24_final_sw_bsp/\libucosii_bsp.a(alt_do_dtors.o)
 .data          0x000000000203df60        0x0 ../LT24_final_sw_bsp/\libucosii_bsp.a(alt_exception_entry.o)
 .data          0x000000000203df60        0x0 ../LT24_final_sw_bsp/\libucosii_bsp.a(alt_icache_flush_all.o)
 .data          0x000000000203df60        0x0 ../LT24_final_sw_bsp/\libucosii_bsp.a(alt_io_redirect.o)
 .data          0x000000000203df60        0x0 ../LT24_final_sw_bsp/\libucosii_bsp.a(alt_open.o)
 .data          0x000000000203df60        0x0 ../LT24_final_sw_bsp/\libucosii_bsp.a(altera_nios2_qsys_irq.o)
 .data          0x000000000203df60        0x0 ../LT24_final_sw_bsp/\libucosii_bsp.a(os_cpu_a.o)
 .data          0x000000000203df60        0x0 ../LT24_final_sw_bsp/\libucosii_bsp.a(os_cpu_c.o)
 .data          0x000000000203df60        0x0 ../LT24_final_sw_bsp/\libucosii_bsp.a(alt_find_dev.o)
 .data          0x000000000203df60        0x0 ../LT24_final_sw_bsp/\libucosii_bsp.a(alt_find_file.o)
 .data          0x000000000203df60        0x0 ../LT24_final_sw_bsp/\libucosii_bsp.a(alt_get_fd.o)
 .data          0x000000000203df60        0x0 ../LT24_final_sw_bsp/\libucosii_bsp.a(alt_icache_flush.o)
 .data          0x000000000203df60        0x0 c:/altera/15.0/nios2eds/bin/gnu/h-x86_64-mingw32/bin/../lib/gcc/nios2-elf/4.9.1/../../../../../H-x86_64-mingw32/nios2-elf/lib\libc.a(lib_a-atexit.o)
 .data          0x000000000203df60        0x0 c:/altera/15.0/nios2eds/bin/gnu/h-x86_64-mingw32/bin/../lib/gcc/nios2-elf/4.9.1/../../../../../H-x86_64-mingw32/nios2-elf/lib\libc.a(lib_a-exit.o)
 .data          0x000000000203df60        0x0 c:/altera/15.0/nios2eds/bin/gnu/h-x86_64-mingw32/bin/../lib/gcc/nios2-elf/4.9.1/../../../../../H-x86_64-mingw32/nios2-elf/lib\libc.a(lib_a-memcmp.o)
 .data          0x000000000203df60        0x0 c:/altera/15.0/nios2eds/bin/gnu/h-x86_64-mingw32/bin/../lib/gcc/nios2-elf/4.9.1/../../../../../H-x86_64-mingw32/nios2-elf/lib\libc.a(lib_a-__atexit.o)
 .data          0x000000000203df60        0x0 c:/altera/15.0/nios2eds/bin/gnu/h-x86_64-mingw32/bin/../lib/gcc/nios2-elf/4.9.1/../../../../../H-x86_64-mingw32/nios2-elf/lib\libc.a(lib_a-__call_atexit.o)
 .data          0x000000000203df60        0x0 ../LT24_final_sw_bsp/\libucosii_bsp.a(alt_exit.o)
                0x0000000002045f60                _gp = ABSOLUTE ((. + 0x8000))
                0x0000000002045f60                PROVIDE (gp, _gp)
 *(.rwdata .rwdata.*)
 *(.sdata .sdata.* .gnu.linkonce.s.*)
 .sdata         0x000000000203df60        0x4 obj/default/demo/gui.o
 .sdata         0x000000000203df64       0x1c obj/default/graphic_lib/simple_graphics.o
                0x000000000203df64                UA_xc
                0x000000000203df68                UA_yc
                0x000000000203df6c                UA_height
                0x000000000203df70                UA_width
                0x000000000203df74                UA_Awidth
                0x000000000203df78                UA_peak
                0x000000000203df7c                cour10_font
 .sdata         0x000000000203df80        0x4 c:/altera/15.0/nios2eds/bin/gnu/h-x86_64-mingw32/bin/../lib/gcc/nios2-elf/4.9.1/../../../../../H-x86_64-mingw32/nios2-elf/lib\libm.a(lib_a-s_lib_ver.o)
                0x000000000203df80                __fdlib_version
 .sdata         0x000000000203df84        0x8 c:/altera/15.0/nios2eds/bin/gnu/h-x86_64-mingw32/bin/../lib/gcc/nios2-elf/4.9.1/../../../../../H-x86_64-mingw32/nios2-elf/lib\libc.a(lib_a-impure.o)
                0x000000000203df84                _global_impure_ptr
                0x000000000203df88                _impure_ptr
 .sdata         0x000000000203df8c        0x8 c:/altera/15.0/nios2eds/bin/gnu/h-x86_64-mingw32/bin/../lib/gcc/nios2-elf/4.9.1/../../../../../H-x86_64-mingw32/nios2-elf/lib\libc.a(lib_a-mallocr.o)
                0x000000000203df8c                __malloc_sbrk_base
                0x000000000203df90                __malloc_trim_threshold
 .sdata         0x000000000203df94        0x4 c:/altera/15.0/nios2eds/bin/gnu/h-x86_64-mingw32/bin/../lib/gcc/nios2-elf/4.9.1/../../../../../H-x86_64-mingw32/nios2-elf/lib\libc.a(lib_a-locale.o)
                0x000000000203df94                __mb_cur_max
 .sdata         0x000000000203df98        0x4 c:/altera/15.0/nios2eds/bin/gnu/h-x86_64-mingw32/bin/../lib/gcc/nios2-elf/4.9.1/../../../../../H-x86_64-mingw32/nios2-elf/lib\libc.a(lib_a-wctomb_r.o)
                0x000000000203df98                __wctomb
 .sdata         0x000000000203df9c       0x14 ../LT24_final_sw_bsp/\libucosii_bsp.a(alt_dev.o)
                0x000000000203df9c                alt_fs_list
                0x000000000203dfa4                alt_dev_list
                0x000000000203dfac                alt_max_fd
 .sdata         0x000000000203dfb0        0x4 ../LT24_final_sw_bsp/\libucosii_bsp.a(alt_errno.o)
                0x000000000203dfb0                alt_errno
 .sdata         0x000000000203dfb4        0x4 ../LT24_final_sw_bsp/\libucosii_bsp.a(alt_irq_vars.o)
                0x000000000203dfb4                alt_priority_mask
 .sdata         0x000000000203dfb8        0x4 ../LT24_final_sw_bsp/\libucosii_bsp.a(alt_sbrk.o)
 .sdata         0x000000000203dfbc        0x8 ../LT24_final_sw_bsp/\libucosii_bsp.a(alt_tick.o)
                0x000000000203dfbc                alt_alarm_list
 .sdata         0x000000000203dfc4        0x4 ../LT24_final_sw_bsp/\libucosii_bsp.a(alt_env_lock.o)
 .sdata         0x000000000203dfc8        0x4 ../LT24_final_sw_bsp/\libucosii_bsp.a(alt_malloc_lock.o)
 .sdata         0x000000000203dfcc       0x74 ../LT24_final_sw_bsp/\libucosii_bsp.a(os_dbg.o)
                0x000000000203dfcc                OSDebugEn
                0x000000000203dfd0                OSEndiannessTest
                0x000000000203dfd4                OSEventEn
                0x000000000203dfd6                OSEventMax
                0x000000000203dfd8                OSEventNameSize
                0x000000000203dfda                OSEventSize
                0x000000000203dfdc                OSEventTblSize
                0x000000000203dfde                OSEventMultiEn
                0x000000000203dfe0                OSFlagEn
                0x000000000203dfe2                OSFlagGrpSize
                0x000000000203dfe4                OSFlagNodeSize
                0x000000000203dfe6                OSFlagWidth
                0x000000000203dfe8                OSFlagMax
                0x000000000203dfea                OSFlagNameSize
                0x000000000203dfec                OSLowestPrio
                0x000000000203dfee                OSMboxEn
                0x000000000203dff0                OSMemEn
                0x000000000203dff2                OSMemMax
                0x000000000203dff4                OSMemNameSize
                0x000000000203dff6                OSMemSize
                0x000000000203dff8                OSMemTblSize
                0x000000000203dffa                OSMutexEn
                0x000000000203dffc                OSPtrSize
                0x000000000203dffe                OSQEn
                0x000000000203e000                OSQMax
                0x000000000203e002                OSQSize
                0x000000000203e004                OSRdyTblSize
                0x000000000203e006                OSSemEn
                0x000000000203e008                OSStkWidth
                0x000000000203e00a                OSTaskCreateEn
                0x000000000203e00c                OSTaskCreateExtEn
                0x000000000203e00e                OSTaskDelEn
                0x000000000203e010                OSTaskIdleStkSize
                0x000000000203e012                OSTaskProfileEn
                0x000000000203e014                OSTaskMax
                0x000000000203e016                OSTaskNameSize
                0x000000000203e018                OSTaskStatEn
                0x000000000203e01a                OSTaskStatStkSize
                0x000000000203e01c                OSTaskStatStkChkEn
                0x000000000203e01e                OSTaskSwHookEn
                0x000000000203e020                OSTCBPrioTblMax
                0x000000000203e022                OSTCBSize
                0x000000000203e024                OSTicksPerSec
                0x000000000203e026                OSTimeTickHookEn
                0x000000000203e028                OSVersionNbr
                0x000000000203e02a                OSTmrEn
                0x000000000203e02c                OSTmrCfgMax
                0x000000000203e02e                OSTmrCfgNameSize
                0x000000000203e030                OSTmrCfgWheelSize
                0x000000000203e032                OSTmrCfgTicksPerSec
                0x000000000203e034                OSTmrSize
                0x000000000203e036                OSTmrTblSize
                0x000000000203e038                OSTmrWheelSize
                0x000000000203e03a                OSTmrWheelTblSize
                0x000000000203e03c                OSDataSize
 *(.sdata2 .sdata2.* .gnu.linkonce.s2.*)
                0x000000000203e040                . = ALIGN (0x4)
                0x000000000203e040                _edata = ABSOLUTE (.)
                0x000000000203e040                PROVIDE (edata, ABSOLUTE (.))
                0x000000000203e040                PROVIDE (__ram_rwdata_end, ABSOLUTE (.))
                0x000000000203e040                PROVIDE (__flash_rwdata_start, LOADADDR (.rwdata))

.bss            0x0000000002041784     0xf474
                0x0000000002041784                __bss_start = ABSOLUTE (.)
                0x0000000002041784                PROVIDE (__sbss_start, ABSOLUTE (.))
                0x0000000002041784                PROVIDE (___sbss_start, ABSOLUTE (.))
 *(.dynsbss)
 *(.sbss .sbss.* .gnu.linkonce.sb.*)
 .sbss          0x0000000002041784        0x4 obj/default/demo/gui.o
 .sbss          0x0000000002041788       0x15 obj/default/main.o
                0x0000000002041788                pTouch
                0x000000000204178c                MU_2
                0x0000000002041790                CommMbox
                0x0000000002041794                S_Mutex
                0x0000000002041798                Idle
                0x000000000204179c                MU_1
 *fill*         0x000000000204179d        0x3 
 .sbss          0x00000000020417a0        0xc c:/altera/15.0/nios2eds/bin/gnu/h-x86_64-mingw32/bin/../lib/gcc/nios2-elf/4.9.1/../../../../../H-x86_64-mingw32/nios2-elf/lib\libc.a(lib_a-mallocr.o)
                0x00000000020417a0                __malloc_max_total_mem
                0x00000000020417a4                __malloc_max_sbrked_mem
                0x00000000020417a8                __malloc_top_pad
 .sbss          0x00000000020417ac        0x4 c:/altera/15.0/nios2eds/bin/gnu/h-x86_64-mingw32/bin/../lib/gcc/nios2-elf/4.9.1/../../../../../H-x86_64-mingw32/nios2-elf/lib\libc.a(lib_a-int_errno.o)
                0x00000000020417ac                errno
 .sbss          0x00000000020417b0        0xc c:/altera/15.0/nios2eds/bin/gnu/h-x86_64-mingw32/bin/../lib/gcc/nios2-elf/4.9.1/../../../../../H-x86_64-mingw32/nios2-elf/lib\libc.a(lib_a-locale.o)
                0x00000000020417b0                _PathLocale
                0x00000000020417b4                __mlocale_changed
                0x00000000020417b8                __nlocale_changed
 .sbss          0x00000000020417bc        0x4 ../LT24_final_sw_bsp/\libucosii_bsp.a(alt_dev.o)
                0x00000000020417bc                alt_fd_list_lock
 .sbss          0x00000000020417c0        0x4 ../LT24_final_sw_bsp/\libucosii_bsp.a(alt_irq_vars.o)
                0x00000000020417c0                alt_irq_active
 .sbss          0x00000000020417c4        0xc ../LT24_final_sw_bsp/\libucosii_bsp.a(alt_main.o)
                0x00000000020417c4                alt_argc
                0x00000000020417c8                alt_argv
                0x00000000020417cc                alt_envp
 .sbss          0x00000000020417d0        0x8 ../LT24_final_sw_bsp/\libucosii_bsp.a(alt_tick.o)
                0x00000000020417d0                _alt_tick_rate
                0x00000000020417d4                _alt_nticks
 .sbss          0x00000000020417d8        0x8 ../LT24_final_sw_bsp/\libucosii_bsp.a(alt_env_lock.o)
                0x00000000020417dc                alt_envsem
 .sbss          0x00000000020417e0        0x8 ../LT24_final_sw_bsp/\libucosii_bsp.a(alt_malloc_lock.o)
                0x00000000020417e4                alt_heapsem
 .sbss          0x00000000020417e8       0x50 ../LT24_final_sw_bsp/\libucosii_bsp.a(os_core.o)
                0x00000000020417e8                OSLockNesting
                0x00000000020417e9                OSRunning
                0x00000000020417ec                OSIdleCtr
                0x00000000020417f0                OSPrioHighRdy
                0x00000000020417f1                OSPrioCur
                0x00000000020417f4                OSTCBList
                0x00000000020417f8                OSTickStepState
                0x00000000020417fc                OSCtxSwCtr
                0x0000000002041800                OSIdleCtrMax
                0x0000000002041804                OSTCBFreeList
                0x0000000002041808                OSCPUUsage
                0x0000000002041809                OSTaskCtr
                0x000000000204180c                OSMemFreeList
                0x0000000002041810                OSTCBHighRdy
                0x0000000002041814                OSQFreeList
                0x0000000002041818                OSRdyGrp
                0x0000000002041819                OSRdyTbl
                0x000000000204181c                OSEventFreeList
                0x0000000002041820                OSIntNesting
                0x0000000002041824                OSTCBCur
                0x0000000002041828                OSTime
                0x000000000204182c                OSFlagFreeList
                0x0000000002041830                OSStatRdy
                0x0000000002041834                OSIdleCtrRun
 *(.sbss2 .sbss2.* .gnu.linkonce.sb2.*)
 *(.scommon)
                0x0000000002041838                PROVIDE (__sbss_end, ABSOLUTE (.))
                0x0000000002041838                PROVIDE (___sbss_end, ABSOLUTE (.))
 *(.dynbss)
 *(.bss .bss.* .gnu.linkonce.b.*)
 .bss           0x0000000002041838        0x0 ../LT24_final_sw_bsp//obj/HAL/src/crt0.o
 .bss           0x0000000002041838        0x0 obj/default/demo/gui.o
 .bss           0x0000000002041838        0x0 obj/default/fonts/tahomabold_20.o
 .bss           0x0000000002041838        0x0 obj/default/fonts/tahomabold_32.o
 .bss           0x0000000002041838        0x0 obj/default/graphic_lib/ILI9341.o
 .bss           0x0000000002041838        0x0 obj/default/graphic_lib/geometry.o
 .bss           0x0000000002041838        0x0 obj/default/graphic_lib/simple_graphics.o
 .bss           0x0000000002041838        0x0 obj/default/graphic_lib/simple_text.o
 .bss           0x0000000002041838        0x0 obj/default/main.o
 .bss           0x0000000002041838        0x0 obj/default/terasic_lib/accelerometer_adxl345_spi.o
 .bss           0x0000000002041838        0x0 obj/default/terasic_lib/terasic_spi.o
 .bss           0x0000000002041838        0x0 obj/default/terasic_lib/touch_spi.o
 .bss           0x0000000002041838        0x0 c:/altera/15.0/nios2eds/bin/gnu/h-x86_64-mingw32/bin/../lib/gcc/nios2-elf/4.9.1/../../../../../H-x86_64-mingw32/nios2-elf/lib\libm.a(lib_a-w_sqrt.o)
 .bss           0x0000000002041838        0x0 c:/altera/15.0/nios2eds/bin/gnu/h-x86_64-mingw32/bin/../lib/gcc/nios2-elf/4.9.1/../../../../../H-x86_64-mingw32/nios2-elf/lib\libm.a(lib_a-e_sqrt.o)
 .bss           0x0000000002041838        0x0 c:/altera/15.0/nios2eds/bin/gnu/h-x86_64-mingw32/bin/../lib/gcc/nios2-elf/4.9.1/../../../../../H-x86_64-mingw32/nios2-elf/lib\libm.a(lib_a-s_fpclassify.o)
 .bss           0x0000000002041838        0x0 c:/altera/15.0/nios2eds/bin/gnu/h-x86_64-mingw32/bin/../lib/gcc/nios2-elf/4.9.1/../../../../../H-x86_64-mingw32/nios2-elf/lib\libm.a(lib_a-s_lib_ver.o)
 .bss           0x0000000002041838        0x0 c:/altera/15.0/nios2eds/bin/gnu/h-x86_64-mingw32/bin/../lib/gcc/nios2-elf/4.9.1/../../../../../H-x86_64-mingw32/nios2-elf/lib\libm.a(lib_a-s_matherr.o)
 .bss           0x0000000002041838        0x0 c:/altera/15.0/nios2eds/bin/gnu/h-x86_64-mingw32/bin/../lib/gcc/nios2-elf/4.9.1\libgcc.a(lib2-divmod.o)
 .bss           0x0000000002041838        0x0 c:/altera/15.0/nios2eds/bin/gnu/h-x86_64-mingw32/bin/../lib/gcc/nios2-elf/4.9.1\libgcc.a(adddf3.o)
 .bss           0x0000000002041838        0x0 c:/altera/15.0/nios2eds/bin/gnu/h-x86_64-mingw32/bin/../lib/gcc/nios2-elf/4.9.1\libgcc.a(divdf3.o)
 .bss           0x0000000002041838        0x0 c:/altera/15.0/nios2eds/bin/gnu/h-x86_64-mingw32/bin/../lib/gcc/nios2-elf/4.9.1\libgcc.a(ledf2.o)
 .bss           0x0000000002041838        0x0 c:/altera/15.0/nios2eds/bin/gnu/h-x86_64-mingw32/bin/../lib/gcc/nios2-elf/4.9.1\libgcc.a(muldf3.o)
 .bss           0x0000000002041838        0x0 c:/altera/15.0/nios2eds/bin/gnu/h-x86_64-mingw32/bin/../lib/gcc/nios2-elf/4.9.1\libgcc.a(subdf3.o)
 .bss           0x0000000002041838        0x0 c:/altera/15.0/nios2eds/bin/gnu/h-x86_64-mingw32/bin/../lib/gcc/nios2-elf/4.9.1\libgcc.a(fixdfsi.o)
 .bss           0x0000000002041838        0x0 c:/altera/15.0/nios2eds/bin/gnu/h-x86_64-mingw32/bin/../lib/gcc/nios2-elf/4.9.1\libgcc.a(floatsidf.o)
 .bss           0x0000000002041838        0x0 c:/altera/15.0/nios2eds/bin/gnu/h-x86_64-mingw32/bin/../lib/gcc/nios2-elf/4.9.1\libgcc.a(_clzsi2.o)
 .bss           0x0000000002041838        0x0 c:/altera/15.0/nios2eds/bin/gnu/h-x86_64-mingw32/bin/../lib/gcc/nios2-elf/4.9.1\libgcc.a(_clz.o)
 .bss           0x0000000002041838        0x0 c:/altera/15.0/nios2eds/bin/gnu/h-x86_64-mingw32/bin/../lib/gcc/nios2-elf/4.9.1/../../../../../H-x86_64-mingw32/nios2-elf/lib\libc.a(lib_a-errno.o)
 .bss           0x0000000002041838        0x0 c:/altera/15.0/nios2eds/bin/gnu/h-x86_64-mingw32/bin/../lib/gcc/nios2-elf/4.9.1/../../../../../H-x86_64-mingw32/nios2-elf/lib\libc.a(lib_a-impure.o)
 .bss           0x0000000002041838        0x0 c:/altera/15.0/nios2eds/bin/gnu/h-x86_64-mingw32/bin/../lib/gcc/nios2-elf/4.9.1/../../../../../H-x86_64-mingw32/nios2-elf/lib\libc.a(lib_a-malloc.o)
 .bss           0x0000000002041838       0x28 c:/altera/15.0/nios2eds/bin/gnu/h-x86_64-mingw32/bin/../lib/gcc/nios2-elf/4.9.1/../../../../../H-x86_64-mingw32/nios2-elf/lib\libc.a(lib_a-mallocr.o)
                0x0000000002041838                __malloc_current_mallinfo
 .bss           0x0000000002041860        0x0 c:/altera/15.0/nios2eds/bin/gnu/h-x86_64-mingw32/bin/../lib/gcc/nios2-elf/4.9.1/../../../../../H-x86_64-mingw32/nios2-elf/lib\libc.a(lib_a-memcpy.o)
 .bss           0x0000000002041860        0x0 c:/altera/15.0/nios2eds/bin/gnu/h-x86_64-mingw32/bin/../lib/gcc/nios2-elf/4.9.1/../../../../../H-x86_64-mingw32/nios2-elf/lib\libc.a(lib_a-memset.o)
 .bss           0x0000000002041860        0x0 c:/altera/15.0/nios2eds/bin/gnu/h-x86_64-mingw32/bin/../lib/gcc/nios2-elf/4.9.1/../../../../../H-x86_64-mingw32/nios2-elf/lib\libc.a(lib_a-printf.o)
 .bss           0x0000000002041860        0x0 c:/altera/15.0/nios2eds/bin/gnu/h-x86_64-mingw32/bin/../lib/gcc/nios2-elf/4.9.1/../../../../../H-x86_64-mingw32/nios2-elf/lib\libc.a(lib_a-puts.o)
 .bss           0x0000000002041860        0x0 c:/altera/15.0/nios2eds/bin/gnu/h-x86_64-mingw32/bin/../lib/gcc/nios2-elf/4.9.1/../../../../../H-x86_64-mingw32/nios2-elf/lib\libc.a(lib_a-sbrkr.o)
 .bss           0x0000000002041860        0x0 c:/altera/15.0/nios2eds/bin/gnu/h-x86_64-mingw32/bin/../lib/gcc/nios2-elf/4.9.1/../../../../../H-x86_64-mingw32/nios2-elf/lib\libc.a(lib_a-strcpy.o)
 .bss           0x0000000002041860        0x0 c:/altera/15.0/nios2eds/bin/gnu/h-x86_64-mingw32/bin/../lib/gcc/nios2-elf/4.9.1/../../../../../H-x86_64-mingw32/nios2-elf/lib\libc.a(lib_a-strlen.o)
 .bss           0x0000000002041860        0x0 c:/altera/15.0/nios2eds/bin/gnu/h-x86_64-mingw32/bin/../lib/gcc/nios2-elf/4.9.1/../../../../../H-x86_64-mingw32/nios2-elf/lib\libc.a(lib_a-vfprintf.o)
 .bss           0x0000000002041860        0x0 c:/altera/15.0/nios2eds/bin/gnu/h-x86_64-mingw32/bin/../lib/gcc/nios2-elf/4.9.1/../../../../../H-x86_64-mingw32/nios2-elf/lib\libc.a(lib_a-wsetup.o)
 .bss           0x0000000002041860        0x0 c:/altera/15.0/nios2eds/bin/gnu/h-x86_64-mingw32/bin/../lib/gcc/nios2-elf/4.9.1/../../../../../H-x86_64-mingw32/nios2-elf/lib\libc.a(lib_a-dtoa.o)
 .bss           0x0000000002041860        0x0 c:/altera/15.0/nios2eds/bin/gnu/h-x86_64-mingw32/bin/../lib/gcc/nios2-elf/4.9.1/../../../../../H-x86_64-mingw32/nios2-elf/lib\libc.a(lib_a-fflush.o)
 .bss           0x0000000002041860        0x0 c:/altera/15.0/nios2eds/bin/gnu/h-x86_64-mingw32/bin/../lib/gcc/nios2-elf/4.9.1/../../../../../H-x86_64-mingw32/nios2-elf/lib\libc.a(lib_a-findfp.o)
 .bss           0x0000000002041860        0x0 c:/altera/15.0/nios2eds/bin/gnu/h-x86_64-mingw32/bin/../lib/gcc/nios2-elf/4.9.1/../../../../../H-x86_64-mingw32/nios2-elf/lib\libc.a(lib_a-freer.o)
 .bss           0x0000000002041860        0x0 c:/altera/15.0/nios2eds/bin/gnu/h-x86_64-mingw32/bin/../lib/gcc/nios2-elf/4.9.1/../../../../../H-x86_64-mingw32/nios2-elf/lib\libc.a(lib_a-fvwrite.o)
 .bss           0x0000000002041860        0x0 c:/altera/15.0/nios2eds/bin/gnu/h-x86_64-mingw32/bin/../lib/gcc/nios2-elf/4.9.1/../../../../../H-x86_64-mingw32/nios2-elf/lib\libc.a(lib_a-fwalk.o)