Archive member included to satisfy reference by file (symbol)

c:/altera/15.0/nios2eds/bin/gnu/h-x86_64-mingw32/bin/../lib/gcc/nios2-elf/4.9.1/../../../../../H-x86_64-mingw32/nios2-elf/lib\libm.a(lib_a-w_sqrt.o)
                              obj/default/graphic_lib/geometry.o (sqrt)
c:/altera/15.0/nios2eds/bin/gnu/h-x86_64-mingw32/bin/../lib/gcc/nios2-elf/4.9.1/../../../../../H-x86_64-mingw32/nios2-elf/lib\libm.a(lib_a-e_sqrt.o)
                              c:/altera/15.0/nios2eds/bin/gnu/h-x86_64-mingw32/bin/../lib/gcc/nios2-elf/4.9.1/../../../../../H-x86_64-mingw32/nios2-elf/lib\libm.a(lib_a-w_sqrt.o) (__ieee754_sqrt)
c:/altera/15.0/nios2eds/bin/gnu/h-x86_64-mingw32/bin/../lib/gcc/nios2-elf/4.9.1/../../../../../H-x86_64-mingw32/nios2-elf/lib\libm.a(lib_a-s_fpclassify.o)
                              c:/altera/15.0/nios2eds/bin/gnu/h-x86_64-mingw32/bin/../lib/gcc/nios2-elf/4.9.1/../../../../../H-x86_64-mingw32/nios2-elf/lib\libm.a(lib_a-w_sqrt.o) (__fpclassifyd)
c:/altera/15.0/nios2eds/bin/gnu/h-x86_64-mingw32/bin/../lib/gcc/nios2-elf/4.9.1/../../../../../H-x86_64-mingw32/nios2-elf/lib\libm.a(lib_a-s_lib_ver.o)
                              c:/altera/15.0/nios2eds/bin/gnu/h-x86_64-mingw32/bin/../lib/gcc/nios2-elf/4.9.1/../../../../../H-x86_64-mingw32/nios2-elf/lib\libm.a(lib_a-w_sqrt.o) (__fdlib_version)
c:/altera/15.0/nios2eds/bin/gnu/h-x86_64-mingw32/bin/../lib/gcc/nios2-elf/4.9.1/../../../../../H-x86_64-mingw32/nios2-elf/lib\libm.a(lib_a-s_matherr.o)
                              c:/altera/15.0/nios2eds/bin/gnu/h-x86_64-mingw32/bin/../lib/gcc/nios2-elf/4.9.1/../../../../../H-x86_64-mingw32/nios2-elf/lib\libm.a(lib_a-w_sqrt.o) (matherr)
c:/altera/15.0/nios2eds/bin/gnu/h-x86_64-mingw32/bin/../lib/gcc/nios2-elf/4.9.1\libgcc.a(lib2-divmod.o)
                              obj/default/demo/gui.o (__divsi3)
c:/altera/15.0/nios2eds/bin/gnu/h-x86_64-mingw32/bin/../lib/gcc/nios2-elf/4.9.1\libgcc.a(adddf3.o)
                              c:/altera/15.0/nios2eds/bin/gnu/h-x86_64-mingw32/bin/../lib/gcc/nios2-elf/4.9.1/../../../../../H-x86_64-mingw32/nios2-elf/lib\libm.a(lib_a-e_sqrt.o) (__adddf3)
c:/altera/15.0/nios2eds/bin/gnu/h-x86_64-mingw32/bin/../lib/gcc/nios2-elf/4.9.1\libgcc.a(divdf3.o)
                              c:/altera/15.0/nios2eds/bin/gnu/h-x86_64-mingw32/bin/../lib/gcc/nios2-elf/4.9.1/../../../../../H-x86_64-mingw32/nios2-elf/lib\libm.a(lib_a-w_sqrt.o) (__divdf3)
c:/altera/15.0/nios2eds/bin/gnu/h-x86_64-mingw32/bin/../lib/gcc/nios2-elf/4.9.1\libgcc.a(ledf2.o)
                              c:/altera/15.0/nios2eds/bin/gnu/h-x86_64-mingw32/bin/../lib/gcc/nios2-elf/4.9.1/../../../../../H-x86_64-mingw32/nios2-elf/lib\libm.a(lib_a-w_sqrt.o) (__ltdf2)
c:/altera/15.0/nios2eds/bin/gnu/h-x86_64-mingw32/bin/../lib/gcc/nios2-elf/4.9.1\libgcc.a(muldf3.o)
                              c:/altera/15.0/nios2eds/bin/gnu/h-x86_64-mingw32/bin/../lib/gcc/nios2-elf/4.9.1/../../../../../H-x86_64-mingw32/nios2-elf/lib\libm.a(lib_a-e_sqrt.o) (__muldf3)
c:/altera/15.0/nios2eds/bin/gnu/h-x86_64-mingw32/bin/../lib/gcc/nios2-elf/4.9.1\libgcc.a(subdf3.o)
                              c:/altera/15.0/nios2eds/bin/gnu/h-x86_64-mingw32/bin/../lib/gcc/nios2-elf/4.9.1/../../../../../H-x86_64-mingw32/nios2-elf/lib\libm.a(lib_a-e_sqrt.o) (__subdf3)
c:/altera/15.0/nios2eds/bin/gnu/h-x86_64-mingw32/bin/../lib/gcc/nios2-elf/4.9.1\libgcc.a(fixdfsi.o)
                              obj/default/graphic_lib/geometry.o (__fixdfsi)
c:/altera/15.0/nios2eds/bin/gnu/h-x86_64-mingw32/bin/../lib/gcc/nios2-elf/4.9.1\libgcc.a(floatsidf.o)
                              obj/default/graphic_lib/geometry.o (__floatsidf)
c:/altera/15.0/nios2eds/bin/gnu/h-x86_64-mingw32/bin/../lib/gcc/nios2-elf/4.9.1\libgcc.a(_clzsi2.o)
                              c:/altera/15.0/nios2eds/bin/gnu/h-x86_64-mingw32/bin/../lib/gcc/nios2-elf/4.9.1\libgcc.a(adddf3.o) (__clzsi2)
c:/altera/15.0/nios2eds/bin/gnu/h-x86_64-mingw32/bin/../lib/gcc/nios2-elf/4.9.1\libgcc.a(_clz.o)
                              c:/altera/15.0/nios2eds/bin/gnu/h-x86_64-mingw32/bin/../lib/gcc/nios2-elf/4.9.1\libgcc.a(_clzsi2.o) (__clz_tab)
c:/altera/15.0/nios2eds/bin/gnu/h-x86_64-mingw32/bin/../lib/gcc/nios2-elf/4.9.1/../../../../../H-x86_64-mingw32/nios2-elf/lib\libc.a(lib_a-errno.o)
                              c:/altera/15.0/nios2eds/bin/gnu/h-x86_64-mingw32/bin/../lib/gcc/nios2-elf/4.9.1/../../../../../H-x86_64-mingw32/nios2-elf/lib\libm.a(lib_a-w_sqrt.o) (__errno)
c:/altera/15.0/nios2eds/bin/gnu/h-x86_64-mingw32/bin/../lib/gcc/nios2-elf/4.9.1/../../../../../H-x86_64-mingw32/nios2-elf/lib\libc.a(lib_a-impure.o)
                              c:/altera/15.0/nios2eds/bin/gnu/h-x86_64-mingw32/bin/../lib/gcc/nios2-elf/4.9.1/../../../../../H-x86_64-mingw32/nios2-elf/lib\libc.a(lib_a-errno.o) (_impure_ptr)
c:/altera/15.0/nios2eds/bin/gnu/h-x86_64-mingw32/bin/../lib/gcc/nios2-elf/4.9.1/../../../../../H-x86_64-mingw32/nios2-elf/lib\libc.a(lib_a-malloc.o)
[...]
Memory Configuration

Name             Origin             Length             Attributes
reset            0x0000000002000000 0x0000000000000020
SDRAM            0x0000000002000020 0x0000000001ffffe0
background_mem   0x0000000004000000 0x0000000000002580
pic_mem          0x0000000004004000 0x0000000000002000
*default*        0x0000000000000000 0xffffffffffffffff

Linker script and memory map

LOAD ../LT24_final_sw_bsp//obj/HAL/src/crt0.o
LOAD obj/default/demo/gui.o
LOAD obj/default/fonts/tahomabold_20.o
LOAD obj/default/fonts/tahomabold_32.o
LOAD obj/default/graphic_lib/ILI9341.o
LOAD obj/default/graphic_lib/geometry.o
LOAD obj/default/graphic_lib/simple_graphics.o
LOAD obj/default/graphic_lib/simple_text.o
LOAD obj/default/main.o
LOAD obj/default/terasic_lib/accelerometer_adxl345_spi.o
LOAD obj/default/terasic_lib/terasic_spi.o
LOAD obj/default/terasic_lib/touch_spi.o
LOAD c:/altera/15.0/nios2eds/bin/gnu/h-x86_64-mingw32/bin/../lib/gcc/nios2-elf/4.9.1/../../../../../H-x86_64-mingw32/nios2-elf/lib\libstdc++.a
LOAD c:/altera/15.0/nios2eds/bin/gnu/h-x86_64-mingw32/bin/../lib/gcc/nios2-elf/4.9.1/../../../../../H-x86_64-mingw32/nios2-elf/lib\libm.a
LOAD c:/altera/15.0/nios2eds/bin/gnu/h-x86_64-mingw32/bin/../lib/gcc/nios2-elf/4.9.1\libgcc.a
START GROUP
LOAD c:/altera/15.0/nios2eds/bin/gnu/h-x86_64-mingw32/bin/../lib/gcc/nios2-elf/4.9.1/../../../../../H-x86_64-mingw32/nios2-elf/lib\libc.a
LOAD c:/altera/15.0/nios2eds/bin/gnu/h-x86_64-mingw32/bin/../lib/gcc/nios2-elf/4.9.1\libgcc.a
LOAD ../LT24_final_sw_bsp/\libucosii_bsp.a
LOAD c:/altera/15.0/nios2eds/bin/gnu/h-x86_64-mingw32/bin/../lib/gcc/nios2-elf/4.9.1/../../../../../H-x86_64-mingw32/nios2-elf/lib\libm.a
END GROUP
LOAD c:/altera/15.0/nios2eds/bin/gnu/h-x86_64-mingw32/bin/../lib/gcc/nios2-elf/4.9.1\libgcc.a
                0x0000000002000000                __alt_mem_SDRAM = 0x2000000
                0x0000000004000000                __alt_mem_background_mem = 0x4000000
                0x0000000004004000                __alt_mem_pic_mem = 0x4004000

.entry          0x0000000002000000       0x20
 *(.entry)
 .entry         0x0000000002000000       0x20 ../LT24_final_sw_bsp//obj/HAL/src/crt0.o
                0x0000000002000000                __reset

.exceptions     0x0000000002000020      0x19c
                0x0000000002000020                PROVIDE (__ram_exceptions_start, ABSOLUTE (.))
                0x0000000002000020                . = ALIGN (0x20)
 *(.irq)
 *(.exceptions.entry.label)
 .exceptions.entry.label
                0x0000000002000020        0x0 ../LT24_final_sw_bsp/\libucosii_bsp.a(alt_irq_entry.o)
                0x0000000002000020                alt_irq_entry
 .exceptions.entry.label
                0x0000000002000020        0x0 ../LT24_final_sw_bsp/\libucosii_bsp.a(alt_exception_entry.o)
                0x0000000002000020                alt_exception
 *(.exceptions.entry.user)
 *(.exceptions.entry.ecc_fatal)
 *(.exceptions.entry)
 .exceptions.entry
                0x0000000002000020       0x54 ../LT24_final_sw_bsp/\libucosii_bsp.a(alt_exception_entry.o)
 *(.exceptions.irqtest.user)
 *(.exceptions.irqtest)
 .exceptions.irqtest
                0x0000000002000074       0x10 ../LT24_final_sw_bsp/\libucosii_bsp.a(alt_irq_entry.o)
 *(.exceptions.irqhandler.user)
 *(.exceptions.irqhandler)
 .exceptions.irqhandler
                0x0000000002000084        0x4 ../LT24_final_sw_bsp/\libucosii_bsp.a(alt_irq_entry.o)
 *(.exceptions.irqreturn.user)
 *(.exceptions.irqreturn)
 .exceptions.irqreturn
                0x0000000002000088        0x4 ../LT24_final_sw_bsp/\libucosii_bsp.a(alt_irq_entry.o)
 *(.exceptions.notirq.label)
 .exceptions.notirq.label
                0x000000000200008c        0x0 ../LT24_final_sw_bsp/\libucosii_bsp.a(alt_irq_entry.o)
 *(.exceptions.notirq.user)
 *(.exceptions.notirq)
 .exceptions.notirq
                0x000000000200008c        0x8 ../LT24_final_sw_bsp/\libucosii_bsp.a(alt_exception_entry.o)
 *(.exceptions.soft.user)
 *(.exceptions.soft)
 *(.exceptions.unknown.user)
 *(.exceptions.unknown)
 .exceptions.unknown
                0x0000000002000094        0x4 ../LT24_final_sw_bsp/\libucosii_bsp.a(alt_exception_entry.o)
 *(.exceptions.exit.label)
 .exceptions.exit.label
                0x0000000002000098        0x0 ../LT24_final_sw_bsp/\libucosii_bsp.a(alt_irq_entry.o)
 .exceptions.exit.label
                0x0000000002000098        0x0 ../LT24_final_sw_bsp/\libucosii_bsp.a(alt_exception_entry.o)
 *(.exceptions.exit.user)
 *(.exceptions.exit)
 .exceptions.exit
                0x0000000002000098       0x54 ../LT24_final_sw_bsp/\libucosii_bsp.a(alt_exception_entry.o)
 *(.exceptions)
 .exceptions    0x00000000020000ec       0xd0 ../LT24_final_sw_bsp/\libucosii_bsp.a(alt_irq_handler.o)
                0x00000000020000ec                alt_irq_handler
                0x00000000020001bc                PROVIDE (__ram_exceptions_end, ABSOLUTE (.))
                0x0000000002000020                PROVIDE (__flash_exceptions_start, LOADADDR (.exceptions))

.text           0x00000000020001bc    0x20410
                0x00000000020001bc                PROVIDE (stext, ABSOLUTE (.))
 *(.interp)
 *(.hash)
 *(.dynsym)
 *(.dynstr)
 *(.gnu.version)
 *(.gnu.version_d)
 *(.gnu.version_r)
 *(.rel.init)
 *(.rela.init)
 *(.rel.text .rel.text.* .rel.gnu.linkonce.t.*)
 *(.rela.text .rela.text.* .rela.gnu.linkonce.t.*)
 *(.rel.fini)
 *(.rela.fini)
 *(.rel.rodata .rel.rodata.* .rel.gnu.linkonce.r.*)
 *(.rela.rodata .rela.rodata.* .rela.gnu.linkonce.r.*)
 *(.rel.data .rel.data.* .rel.gnu.linkonce.d.*)
 *(.rela.data .rela.data.* .rela.gnu.linkonce.d.*)
 *(.rel.tdata .rel.tdata.* .rel.gnu.linkonce.td.*)
 *(.rela.tdata .rela.tdata.* .rela.gnu.linkonce.td.*)
 *(.rel.tbss .rel.tbss.* .rel.gnu.linkonce.tb.*)
 *(.rela.tbss .rela.tbss.* .rela.gnu.linkonce.tb.*)
 *(.rel.ctors)
 *(.rela.ctors)
 *(.rel.dtors)
 *(.rela.dtors)
 *(.rel.got)
 *(.rela.got)
 *(.rel.sdata .rel.sdata.* .rel.gnu.linkonce.s.*)
 *(.rela.sdata .rela.sdata.* .rela.gnu.linkonce.s.*)
 *(.rel.sbss .rel.sbss.* .rel.gnu.linkonce.sb.*)
 *(.rela.sbss .rela.sbss.* .rela.gnu.linkonce.sb.*)
 *(.rel.sdata2 .rel.sdata2.* .rel.gnu.linkonce.s2.*)
 *(.rela.sdata2 .rela.sdata2.* .rela.gnu.linkonce.s2.*)
 *(.rel.sbss2 .rel.sbss2.* .rel.gnu.linkonce.sb2.*)
 *(.rela.sbss2 .rela.sbss2.* .rela.gnu.linkonce.sb2.*)
 *(.rel.bss .rel.bss.* .rel.gnu.linkonce.b.*)
 *(.rela.bss .rela.bss.* .rela.gnu.linkonce.b.*)
 *(.rel.plt)
 *(.rela.plt)
 *(.rel.dyn)
 *(.init)
 *(.plt)
 *(.text .stub .text.* .gnu.linkonce.t.*)
 .text          0x00000000020001bc       0x4c ../LT24_final_sw_bsp//obj/HAL/src/crt0.o
                0x00000000020001bc                _start
 .text          0x0000000002000208      0x928 obj/default/demo/gui.o
                0x0000000002000208                GUI_ShowWelcome
                0x00000000020002d8                GUI_ShowInfo
                0x0000000002000338                GUI_ShowTouchPoint
                0x0000000002000390                GUI_InitDraw
                0x00000000020004b4                GUI_Buttons_Draw
                0x00000000020005d8                GUI_CMD_Init
                0x00000000020006f4                GUI_CMD_Draw
                0x00000000020007ac                GUI_CMD_Lightning
                0x00000000020008d8                GUI_Jump_DrawBG
                0x0000000002000998                GUI_Jump_DrawStep
                0x0000000002000a14                GUI_CheckCMD
                0x0000000002000aa0                GUI_CheckGen
 .text          0x0000000002000b30        0x0 obj/default/fonts/tahomabold_20.o
 .text          0x0000000002000b30        0x0 obj/default/fonts/tahomabold_32.o
 .text          0x0000000002000b30      0xae8 obj/default/graphic_lib/ILI9341.o
                0x0000000002000b30                Delay_Ms
                0x0000000002000b7c                LCD_SetCursor
                0x0000000002000c30                LCD_Clear
                0x0000000002000cb0                LCD_DrawPoint
                0x0000000002000d1c                LCD_Init
                0x0000000002001388                LCD_Pattern_Horizon
                0x00000000020014c0                LCD_Pattern_Vertical
                0x00000000020015a0                Set_BUFFER_FLAG
                0x00000000020015dc                Clr_BUFFER_FLAG
 .text          0x0000000002001618      0x3f4 obj/default/graphic_lib/geometry.o
                0x0000000002001618                IsPtInRect
                0x000000000200169c                PtSet
                0x00000000020016dc                RectSet
                0x0000000002001738                RectInflate
                0x00000000020017c0                RectOffset
                0x0000000002001848                RectCopy
                0x00000000020018ac                RectWidth
                0x00000000020018e0                RectHeight
                0x0000000002001914                PtDistance
                0x00000000020019c8                PtCopy
 .text          0x0000000002001a0c     0x2bcc obj/default/graphic_lib/simple_graphics.o
                0x0000000002001a0c                vid_clean_screen
                0x0000000002001a68                vid_clean_usefull
                0x0000000002001ac4                vid_clean_buttons
                0x0000000002001b38                vid_draw_line
                0x0000000002001bfc                vid_draw_DR
                0x0000000002001c74                vid_draw_DL
                0x0000000002001cec                vid_draw_UR
                0x0000000002001d64                vid_draw_UL
                0x0000000002001ddc                vid_scroll_string_quit
                0x0000000002001e1c                vid_scroll_string_init
                0x0000000002001f70                vid_scroll_string
                0x00000000020022e0                vid_move_block
                0x00000000020023fc                vid_print_string
                0x0000000002002504                vid_draw_box
                0x000000000200264c                vid_draw_arrow
                0x0000000002002914                vid_print_char
                0x0000000002002a04                vid_set_pixel
                0x0000000002002aa0                vid_get_pixel
                0x0000000002002ae0                vid_paint_block
                0x0000000002002b74                vid_draw_horiz_line
                0x0000000002002bec                vid_merge_colors
                0x0000000002002c38                vid_color_convert24_16
                0x0000000002002cd8                vid_color_convert16_24
                0x0000000002002d44                vid_copy_line_to_frame_buffer
                0x0000000002002d88                vid_draw_sloped_line
                0x0000000002002ff0                vid_draw_circle
                0x000000000200312c                vid_draw_round_corner_box
                0x00000000020034c8                vid_round_corner_points
                0x0000000002003c00                max3
                0x0000000002003c54                min3
                0x0000000002003ca8                max_diff3
                0x0000000002003d0c                vid_put_pixel_in_span_map
                0x0000000002003e0c                vid_bres_scan_edges
                0x000000000200404c                vid_draw_triangle
                0x00000000020043c4                CopyImage16
                0x00000000020044a8                CropImage16
 .text          0x00000000020045d8      0x9f8 obj/default/graphic_lib/simple_text.o
                0x00000000020045d8                vid_print_string_alpha
                0x0000000002004834                seperate_color_channels
                0x000000000200497c                merge_color_channels
                0x0000000002004aac                read_from_frame
                0x0000000002004af0                alpha_blending
                0x0000000002004d3c                vid_print_char_alpha
                0x0000000002004ef0                vid_string_pixel_length_alpha
 .text          0x0000000002004fd0      0xba0 obj/default/main.o
                0x0000000002004fd0                task1
                0x0000000002005284                task2
                0x0000000002005578                task3
                0x0000000002005a60                main
 .text          0x0000000002005b70      0x2cc obj/default/terasic_lib/accelerometer_adxl345_spi.o
                0x0000000002005b70                ADXL345_SPI_Init
                0x0000000002005c30                ADXL345_SPI_WaitDataReady
                0x0000000002005cc8                ADXL345_SPI_IsDataReady
                0x0000000002005d2c                ADXL345_SPI_XYZ_Read
                0x0000000002005df8                ADXL345_SPI_IdRead
 .text          0x0000000002005e3c      0x34c obj/default/terasic_lib/terasic_spi.o
                0x0000000002005e3c                SPI_Init
                0x0000000002005e90                SPI_MultipleWrite
                0x0000000002005fac                SPI_Write
                0x0000000002006000                SPI_MultipleRead
                0x000000000200613c                SPI_Read
 .text          0x0000000002006188      0xa38 obj/default/terasic_lib/touch_spi.o
                0x0000000002006188                Touch_Init
                0x00000000020062fc                Touch_UnInit
                0x0000000002006364                Touch_EmptyFifo
                0x000000000200639c                Touch_GetXY
                0x00000000020064e4                touch_isr
                0x0000000002006558                touch_empty_fifo
                0x0000000002006588                touch_is_pen_pressed
                0x00000000020065c8                touch_enable_penirq
                0x0000000002006728                touch_clear_input
                0x0000000002006758                touch_get_xy
                0x0000000002006a70                touch_alarm_callback
                0x0000000002006ae8                touch_xy_transform
 .text          0x0000000002006bc0      0x130 c:/altera/15.0/nios2eds/bin/gnu/h-x86_64-mingw32/bin/../lib/gcc/nios2-elf/4.9.1/../../../../../H-x86_64-mingw32/nios2-elf/lib\libm.a(lib_a-w_sqrt.o)
                0x0000000002006bc0                sqrt
 .text          0x0000000002006cf0      0x294 c:/altera/15.0/nios2eds/bin/gnu/h-x86_64-mingw32/bin/../lib/gcc/nios2-elf/4.9.1/../../../../../H-x86_64-mingw32/nios2-elf/lib\libm.a(lib_a-e_sqrt.o)
                0x0000000002006cf0                __ieee754_sqrt
 .text          0x0000000002006f84       0x74 c:/altera/15.0/nios2eds/bin/gnu/h-x86_64-mingw32/bin/../lib/gcc/nios2-elf/4.9.1/../../../../../H-x86_64-mingw32/nios2-elf/lib\libm.a(lib_a-s_fpclassify.o)
                0x0000000002006f84                __fpclassifyd
 .text          0x0000000002006ff8        0x0 c:/altera/15.0/nios2eds/bin/gnu/h-x86_64-mingw32/bin/../lib/gcc/nios2-elf/4.9.1/../../../../../H-x86_64-mingw32/nios2-elf/lib\libm.a(lib_a-s_lib_ver.o)
 .text          0x0000000002006ff8        0x8 c:/altera/15.0/nios2eds/bin/gnu/h-x86_64-mingw32/bin/../lib/gcc/nios2-elf/4.9.1/../../../../../H-x86_64-mingw32/nios2-elf/lib\libm.a(lib_a-s_matherr.o)
                0x0000000002006ff8                matherr
 .text          0x0000000002007000      0x12c c:/altera/15.0/nios2eds/bin/gnu/h-x86_64-mingw32/bin/../lib/gcc/nios2-elf/4.9.1\libgcc.a(lib2-divmod.o)
                0x000000000200706c                __divsi3
                0x00000000020070c0                __modsi3
                0x000000000200711c                __udivsi3
                0x0000000002007124                __umodsi3
 .text          0x000000000200712c      0x89c c:/altera/15.0/nios2eds/bin/gnu/h-x86_64-mingw32/bin/../lib/gcc/nios2-elf/4.9.1\libgcc.a(adddf3.o)
                0x000000000200712c                __adddf3
 .text          0x00000000020079c8      0x8cc c:/altera/15.0/nios2eds/bin/gnu/h-x86_64-mingw32/bin/../lib/gcc/nios2-elf/4.9.1\libgcc.a(divdf3.o)
                0x00000000020079c8                __divdf3
 .text          0x0000000002008294       0xe0 c:/altera/15.0/nios2eds/bin/gnu/h-x86_64-mingw32/bin/../lib/gcc/nios2-elf/4.9.1\libgcc.a(ledf2.o)
                0x0000000002008294                __ledf2
                0x0000000002008294                __ltdf2
 .text          0x0000000002008374      0x724 c:/altera/15.0/nios2eds/bin/gnu/h-x86_64-mingw32/bin/../lib/gcc/nios2-elf/4.9.1\libgcc.a(muldf3.o)
                0x0000000002008374                __muldf3
 .text          0x0000000002008a98      0x8d0 c:/altera/15.0/nios2eds/bin/gnu/h-x86_64-mingw32/bin/../lib/gcc/nios2-elf/4.9.1\libgcc.a(subdf3.o)
                0x0000000002008a98                __subdf3
 .text          0x0000000002009368       0x88 c:/altera/15.0/nios2eds/bin/gnu/h-x86_64-mingw32/bin/../lib/gcc/nios2-elf/4.9.1\libgcc.a(fixdfsi.o)
                0x0000000002009368                __fixdfsi
 .text          0x00000000020093f0       0xd0 c:/altera/15.0/nios2eds/bin/gnu/h-x86_64-mingw32/bin/../lib/gcc/nios2-elf/4.9.1\libgcc.a(floatsidf.o)
                0x00000000020093f0                __floatsidf
 .text          0x00000000020094c0       0x64 c:/altera/15.0/nios2eds/bin/gnu/h-x86_64-mingw32/bin/../lib/gcc/nios2-elf/4.9.1\libgcc.a(_clzsi2.o)
                0x00000000020094c0                __clzsi2
 .text          0x0000000002009524        0x0 c:/altera/15.0/nios2eds/bin/gnu/h-x86_64-mingw32/bin/../lib/gcc/nios2-elf/4.9.1\libgcc.a(_clz.o)
 .text          0x0000000002009524       0x10 c:/altera/15.0/nios2eds/bin/gnu/h-x86_64-mingw32/bin/../lib/gcc/nios2-elf/4.9.1/../../../../../H-x86_64-mingw32/nios2-elf/lib\libc.a(lib_a-errno.o)
                0x0000000002009524                __errno
 .text          0x0000000002009534        0x0 c:/altera/15.0/nios2eds/bin/gnu/h-x86_64-mingw32/bin/../lib/gcc/nios2-elf/4.9.1/../../../../../H-x86_64-mingw32/nios2-elf/lib\libc.a(lib_a-impure.o)
 .text          0x0000000002009534       0x28 c:/altera/15.0/nios2eds/bin/gnu/h-x86_64-mingw32/bin/../lib/gcc/nios2-elf/4.9.1/../../../../../H-x86_64-mingw32/nios2-elf/lib\libc.a(lib_a-malloc.o)
                0x0000000002009534                malloc
                0x0000000002009548                free
 .text          0x000000000200955c      0x7a8 c:/altera/15.0/nios2eds/bin/gnu/h-x86_64-mingw32/bin/../lib/gcc/nios2-elf/4.9.1/../../../../../H-x86_64-mingw32/nios2-elf/lib\libc.a(lib_a-mallocr.o)
                0x000000000200955c                _malloc_r
 .text          0x0000000002009d04      0x138 c:/altera/15.0/nios2eds/bin/gnu/h-x86_64-mingw32/bin/../lib/gcc/nios2-elf/4.9.1/../../../../../H-x86_64-mingw32/nios2-elf/lib\libc.a(lib_a-memcpy.o)
                0x0000000002009d04                memcpy
 .text          0x0000000002009e3c      0x124 c:/altera/15.0/nios2eds/bin/gnu/h-x86_64-mingw32/bin/../lib/gcc/nios2-elf/4.9.1/../../../../../H-x86_64-mingw32/nios2-elf/lib\libc.a(lib_a-memset.o)
                0x0000000002009e3c                memset
 .text          0x0000000002009f60       0x68 c:/altera/15.0/nios2eds/bin/gnu/h-x86_64-mingw32/bin/../lib/gcc/nios2-elf/4.9.1/../../../../../H-x86_64-mingw32/nios2-elf/lib\libc.a(lib_a-printf.o)
                0x0000000002009f60                _printf_r
                0x0000000002009f8c                printf
 .text          0x0000000002009fc8       0xcc c:/altera/15.0/nios2eds/bin/gnu/h-x86_64-mingw32/bin/../lib/gcc/nios2-elf/4.9.1/../../../../../H-x86_64-mingw32/nios2-elf/lib\libc.a(lib_a-puts.o)
                0x0000000002009fc8                _puts_r
                0x000000000200a080                puts
 .text          0x000000000200a094       0x54 c:/altera/15.0/nios2eds/bin/gnu/h-x86_64-mingw32/bin/../lib/gcc/nios2-elf/4.9.1/../../../../../H-x86_64-mingw32/nios2-elf/lib\libc.a(lib_a-sbrkr.o)
                0x000000000200a094                _sbrk_r
 .text          0x000000000200a0e8       0x90 c:/altera/15.0/nios2eds/bin/gnu/h-x86_64-mingw32/bin/../lib/gcc/nios2-elf/4.9.1/../../../../../H-x86_64-mingw32/nios2-elf/lib\libc.a(lib_a-strcpy.o)
                0x000000000200a0e8                strcpy
 .text          0x000000000200a178       0x98 c:/altera/15.0/nios2eds/bin/gnu/h-x86_64-mingw32/bin/../lib/gcc/nios2-elf/4.9.1/../../../../../H-x86_64-mingw32/nios2-elf/lib\libc.a(lib_a-strlen.o)
                0x000000000200a178                strlen
 .text          0x000000000200a210     0x2020 c:/altera/15.0/nios2eds/bin/gnu/h-x86_64-mingw32/bin/../lib/gcc/nios2-elf/4.9.1/../../../../../H-x86_64-mingw32/nios2-elf/lib\libc.a(lib_a-vfprintf.o)
                0x000000000200a210                ___vfprintf_internal_r
                0x000000000200c20c                __vfprintf_internal
 .text          0x000000000200c230      0x130 c:/altera/15.0/nios2eds/bin/gnu/h-x86_64-mingw32/bin/../lib/gcc/nios2-elf/4.9.1/../../../../../H-x86_64-mingw32/nios2-elf/lib\libc.a(lib_a-wsetup.o)
                0x000000000200c230                __swsetup_r
 .text          0x000000000200c360     0x1928 c:/altera/15.0/nios2eds/bin/gnu/h-x86_64-mingw32/bin/../lib/gcc/nios2-elf/4.9.1/../../../../../H-x86_64-mingw32/nios2-elf/lib\libc.a(lib_a-dtoa.o)
                0x000000000200c560                _dtoa_r
 .text          0x000000000200dc88      0x258 c:/altera/15.0/nios2eds/bin/gnu/h-x86_64-mingw32/bin/../lib/gcc/nios2-elf/4.9.1/../../../../../H-x86_64-mingw32/nios2-elf/lib\libc.a(lib_a-fflush.o)
                0x000000000200dc88                _fflush_r
                0x000000000200deb0                fflush
 .text          0x000000000200dee0      0x3a0 c:/altera/15.0/nios2eds/bin/gnu/h-x86_64-mingw32/bin/../lib/gcc/nios2-elf/4.9.1/../../../../../H-x86_64-mingw32/nios2-elf/lib\libc.a(lib_a-findfp.o)
                0x000000000200def0                _cleanup_r
                0x000000000200e09c                __sfmoreglue
                0x000000000200e100                __sfp
                0x000000000200e218                _cleanup
                0x000000000200e230                __sinit
                0x000000000200e240                __sfp_lock_acquire
                0x000000000200e244                __sfp_lock_release
                0x000000000200e248                __sinit_lock_acquire
                0x000000000200e24c                __sinit_lock_release
                0x000000000200e250                __fp_lock_all
                0x000000000200e268                __fp_unlock_all
 .text          0x000000000200e280      0x414 c:/altera/15.0/nios2eds/bin/gnu/h-x86_64-mingw32/bin/../lib/gcc/nios2-elf/4.9.1/../../../../../H-x86_64-mingw32/nios2-elf/lib\libc.a(lib_a-freer.o)
                0x000000000200e280                _malloc_trim_r
                0x000000000200e3a4                _free_r
 .text          0x000000000200e694      0x4a4 c:/altera/15.0/nios2eds/bin/gnu/h-x86_64-mingw32/bin/../lib/gcc/nios2-elf/4.9.1/../../../../../H-x86_64-mingw32/nios2-elf/lib\libc.a(lib_a-fvwrite.o)
                0x000000000200e694                __sfvwrite_r
 .text          0x000000000200eb38      0x170 c:/altera/15.0/nios2eds/bin/gnu/h-x86_64-mingw32/bin/../lib/gcc/nios2-elf/4.9.1/../../../../../H-x86_64-mingw32/nios2-elf/lib\libc.a(lib_a-fwalk.o)
                0x000000000200eb38                _fwalk
                0x000000000200ebf0                _fwalk_reent
 .text          0x000000000200eca8        0x0 c:/altera/15.0/nios2eds/bin/gnu/h-x86_64-mingw32/bin/../lib/gcc/nios2-elf/4.9.1/../../../../../H-x86_64-mingw32/nios2-elf/lib\libc.a(lib_a-int_errno.o)
 .text          0x000000000200eca8       0xe0 c:/altera/15.0/nios2eds/bin/gnu/h-x86_64-mingw32/bin/../lib/gcc/nios2-elf/4.9.1/../../../../../H-x86_64-mingw32/nios2-elf/lib\libc.a(lib_a-locale.o)
                0x000000000200eca8                _setlocale_r
                0x000000000200ed24                __locale_charset
                0x000000000200ed30                __locale_mb_cur_max
                0x000000000200ed40                __locale_msgcharset
                0x000000000200ed4c                __locale_cjk_lang
                0x000000000200ed54                _localeconv_r
                0x000000000200ed60                setlocale
                0x000000000200ed7c                localeconv
 .text          0x000000000200ed88      0x1b8 c:/altera/15.0/nios2eds/bin/gnu/h-x86_64-mingw32/bin/../lib/gcc/nios2-elf/4.9.1/../../../../../H-x86_64-mingw32/nios2-elf/lib\libc.a(lib_a-makebuf.o)
                0x000000000200ed88                __smakebuf_r
 .text          0x000000000200ef40       0xe8 c:/altera/15.0/nios2eds/bin/gnu/h-x86_64-mingw32/bin/../lib/gcc/nios2-elf/4.9.1/../../../../../H-x86_64-mingw32/nios2-elf/lib\libc.a(lib_a-memchr.o)
                0x000000000200ef40                memchr
 .text          0x000000000200f028      0x15c c:/altera/15.0/nios2eds/bin/gnu/h-x86_64-mingw32/bin/../lib/gcc/nios2-elf/4.9.1/../../../../../H-x86_64-mingw32/nios2-elf/lib\libc.a(lib_a-memmove.o)
                0x000000000200f028                memmove
 .text          0x000000000200f184      0xf8c c:/altera/15.0/nios2eds/bin/gnu/h-x86_64-mingw32/bin/../lib/gcc/nios2-elf/4.9.1/../../../../../H-x86_64-mingw32/nios2-elf/lib\libc.a(lib_a-mprec.o)
                0x000000000200f184                _Balloc
                0x000000000200f22c                _Bfree
                0x000000000200f254                __multadd
                0x000000000200f368                __s2b
                0x000000000200f46c                __hi0bits
                0x000000000200f4d4                __lo0bits
                0x000000000200f584                __i2b
                0x000000000200f5c0                __multiply
                0x000000000200f7bc                __pow5mult
                0x000000000200f8fc                __lshift
                0x000000000200fa44                __mcmp
                0x000000000200faa4                __mdiff
                0x000000000200fc3c                __ulp
                0x000000000200fc9c                __b2d
                0x000000000200fdb8                __d2b
                0x000000000200fef4                __ratio
                0x000000000200ff98                _mprec_log10
                0x000000000201000c                __copybits
                0x0000000002010084                __any_on
 .text          0x0000000002010110      0x5a0 c:/altera/15.0/nios2eds/bin/gnu/h-x86_64-mingw32/bin/../lib/gcc/nios2-elf/4.9.1/../../../../../H-x86_64-mingw32/nios2-elf/lib\libc.a(lib_a-reallocr.o)
                0x0000000002010110                _realloc_r
 .text          0x00000000020106b0      0x13c c:/altera/15.0/nios2eds/bin/gnu/h-x86_64-mingw32/bin/../lib/gcc/nios2-elf/4.9.1/../../../../../H-x86_64-mingw32/nios2-elf/lib\libc.a(lib_a-stdio.o)
                0x00000000020106b0                __sread
                0x0000000002010704                __seofread
                0x000000000201070c                __swrite
                0x0000000002010788                __sseek
                0x00000000020107e4                __sclose
 .text          0x00000000020107ec       0xa4 c:/altera/15.0/nios2eds/bin/gnu/h-x86_64-mingw32/bin/../lib/gcc/nios2-elf/4.9.1/../../../../../H-x86_64-mingw32/nios2-elf/lib\libc.a(lib_a-strcmp.o)
                0x00000000020107ec                strcmp
 .text          0x0000000002010890     0x1494 c:/altera/15.0/nios2eds/bin/gnu/h-x86_64-mingw32/bin/../lib/gcc/nios2-elf/4.9.1/../../../../../H-x86_64-mingw32/nios2-elf/lib\libc.a(lib_a-vfiprintf.o)
                0x000000000201098c                __sprint_r
                0x00000000020109a4                ___vfiprintf_internal_r
                0x0000000002011d00                __vfiprintf_internal
 .text          0x0000000002011d24       0x5c c:/altera/15.0/nios2eds/bin/gnu/h-x86_64-mingw32/bin/../lib/gcc/nios2-elf/4.9.1/../../../../../H-x86_64-mingw32/nios2-elf/lib\libc.a(lib_a-writer.o)
                0x0000000002011d24                _write_r
 .text          0x0000000002011d80       0x54 c:/altera/15.0/nios2eds/bin/gnu/h-x86_64-mingw32/bin/../lib/gcc/nios2-elf/4.9.1/../../../../../H-x86_64-mingw32/nios2-elf/lib\libc.a(closer.o)
                0x0000000002011d80                _close_r
 .text          0x0000000002011dd4       0xc4 c:/altera/15.0/nios2eds/bin/gnu/h-x86_64-mingw32/bin/../lib/gcc/nios2-elf/4.9.1/../../../../../H-x86_64-mingw32/nios2-elf/lib\libc.a(lib_a-callocr.o)
                0x0000000002011dd4                _calloc_r
 .text          0x0000000002011e98      0x114 c:/altera/15.0/nios2eds/bin/gnu/h-x86_64-mingw32/bin/../lib/gcc/nios2-elf/4.9.1/../../../../../H-x86_64-mingw32/nios2-elf/lib\libc.a(lib_a-fclose.o)
                0x0000000002011e98                _fclose_r
                0x0000000002011f98                fclose
 .text          0x0000000002011fac      0x1dc c:/altera/15.0/nios2eds/bin/gnu/h-x86_64-mingw32/bin/../lib/gcc/nios2-elf/4.9.1/../../../../../H-x86_64-mingw32/nios2-elf/lib\libc.a(lib_a-fputwc.o)
                0x0000000002011fac                _fputwc_r
                0x0000000002012130                fputwc
 .text          0x0000000002012188       0x58 c:/altera/15.0/nios2eds/bin/gnu/h-x86_64-mingw32/bin/../lib/gcc/nios2-elf/4.9.1/../../../../../H-x86_64-mingw32/nios2-elf/lib\libc.a(lib_a-fstatr.o)
                0x0000000002012188                _fstat_r
 .text          0x00000000020121e0       0x54 c:/altera/15.0/nios2eds/bin/gnu/h-x86_64-mingw32/bin/../lib/gcc/nios2-elf/4.9.1/../../../../../H-x86_64-mingw32/nios2-elf/lib\libc.a(lib_a-isattyr.o)
                0x00000000020121e0                _isatty_r
 .text          0x0000000002012234       0x5c c:/altera/15.0/nios2eds/bin/gnu/h-x86_64-mingw32/bin/../lib/gcc/nios2-elf/4.9.1/../../../../../H-x86_64-mingw32/nios2-elf/lib\libc.a(lib_a-lseekr.o)
                0x0000000002012234                _lseek_r
 .text          0x0000000002012290       0x5c c:/altera/15.0/nios2eds/bin/gnu/h-x86_64-mingw32/bin/../lib/gcc/nios2-elf/4.9.1/../../../../../H-x86_64-mingw32/nios2-elf/lib\libc.a(lib_a-readr.o)
                0x0000000002012290                _read_r
 .text          0x00000000020122ec      0x170 c:/altera/15.0/nios2eds/bin/gnu/h-x86_64-mingw32/bin/../lib/gcc/nios2-elf/4.9.1/../../../../../H-x86_64-mingw32/nios2-elf/lib\libc.a(lib_a-wbuf.o)
                0x00000000020122ec                __swbuf_r
                0x0000000002012440                __swbuf
 .text          0x000000000201245c      0x174 c:/altera/15.0/nios2eds/bin/gnu/h-x86_64-mingw32/bin/../lib/gcc/nios2-elf/4.9.1/../../../../../H-x86_64-mingw32/nios2-elf/lib\libc.a(lib_a-wcrtomb.o)
                0x000000000201245c                _wcrtomb_r
                0x00000000020124f8                wcrtomb
 .text          0x00000000020125d0       0x8c c:/altera/15.0/nios2eds/bin/gnu/h-x86_64-mingw32/bin/../lib/gcc/nios2-elf/4.9.1/../../../../../H-x86_64-mingw32/nios2-elf/lib\libc.a(lib_a-wctomb_r.o)
                0x00000000020125d0                __ascii_wctomb
                0x0000000002012600                _wctomb_r
 .text          0x000000000201265c      0x5c0 c:/altera/15.0/nios2eds/bin/gnu/h-x86_64-mingw32/bin/../lib/gcc/nios2-elf/4.9.1\libgcc.a(_udivdi3.o)
                0x000000000201265c                __udivdi3
 .text          0x0000000002012c1c      0x590 c:/altera/15.0/nios2eds/bin/gnu/h-x86_64-mingw32/bin/../lib/gcc/nios2-elf/4.9.1\libgcc.a(_umoddi3.o)
                0x0000000002012c1c                __umoddi3
 .text          0x00000000020131ac       0x84 c:/altera/15.0/nios2eds/bin/gnu/h-x86_64-mingw32/bin/../lib/gcc/nios2-elf/4.9.1\libgcc.a(eqdf2.o)
                0x00000000020131ac                __nedf2
                0x00000000020131ac                __eqdf2
 .text          0x0000000002013230       0xe0 c:/altera/15.0/nios2eds/bin/gnu/h-x86_64-mingw32/bin/../lib/gcc/nios2-elf/4.9.1\libgcc.a(gedf2.o)
                0x0000000002013230                __gedf2
                0x0000000002013230                __gtdf2
 .text          0x0000000002013310       0xa4 c:/altera/15.0/nios2eds/bin/gnu/h-x86_64-mingw32/bin/../lib/gcc/nios2-elf/4.9.1\libgcc.a(floatunsidf.o)
                0x0000000002013310                __floatunsidf
 .text          0x00000000020133b4      0x140 ../LT24_final_sw_bsp/\libucosii_bsp.a(alt_alarm_start.o)
                0x00000000020133b4                alt_alarm_start
 .text          0x00000000020134f4      0x120 ../LT24_final_sw_bsp/\libucosii_bsp.a(alt_close.o)
                0x0000000002013544                close
 .text          0x0000000002013614       0x2c ../LT24_final_sw_bsp/\libucosii_bsp.a(alt_dev.o)
 .text          0x0000000002013640        0x0 ../LT24_final_sw_bsp/\libucosii_bsp.a(alt_errno.o)
 .text          0x0000000002013640      0x100 ../LT24_final_sw_bsp/\libucosii_bsp.a(alt_fstat.o)
                0x0000000002013690                fstat
 .text          0x0000000002013740      0x1e0 ../LT24_final_sw_bsp/\libucosii_bsp.a(alt_iic.o)
                0x0000000002013740                alt_ic_isr_register
                0x0000000002013790                alt_ic_irq_enable
                0x0000000002013830                alt_ic_irq_disable
                0x00000000020138d4                alt_ic_irq_enabled
 .text          0x0000000002013920       0xf0 ../LT24_final_sw_bsp/\libucosii_bsp.a(alt_iic_isr_register.o)
                0x0000000002013920                alt_iic_isr_register
 .text          0x0000000002013a10        0x0 ../LT24_final_sw_bsp/\libucosii_bsp.a(alt_irq_entry.o)
 .text          0x0000000002013a10        0x0 ../LT24_final_sw_bsp/\libucosii_bsp.a(alt_irq_handler.o)
 .text          0x0000000002013a10        0x0 ../LT24_final_sw_bsp/\libucosii_bsp.a(alt_irq_vars.o)
 .text          0x0000000002013a10       0xf4 ../LT24_final_sw_bsp/\libucosii_bsp.a(alt_isatty.o)
                0x0000000002013a60                isatty
 .text          0x0000000002013b04       0xe4 ../LT24_final_sw_bsp/\libucosii_bsp.a(alt_load.o)
                0x0000000002013b68                alt_load
 .text          0x0000000002013be8      0x124 ../LT24_final_sw_bsp/\libucosii_bsp.a(alt_lseek.o)
                0x0000000002013c38                lseek
 .text          0x0000000002013d0c       0xd4 ../LT24_final_sw_bsp/\libucosii_bsp.a(alt_main.o)
                0x0000000002013d0c                alt_main
 .text          0x0000000002013de0      0x14c ../LT24_final_sw_bsp/\libucosii_bsp.a(alt_read.o)
                0x0000000002013e30                read
 .text          0x0000000002013f2c       0x60 ../LT24_final_sw_bsp/\libucosii_bsp.a(alt_release_fd.o)
                0x0000000002013f2c                alt_release_fd
 .text          0x0000000002013f8c       0xb0 ../LT24_final_sw_bsp/\libucosii_bsp.a(alt_sbrk.o)
                0x0000000002013f8c                sbrk
 .text          0x000000000201403c      0x19c ../LT24_final_sw_bsp/\libucosii_bsp.a(alt_tick.o)
                0x000000000201403c                alt_alarm_stop
                0x00000000020140d4                alt_tick
 .text          0x00000000020141d8      0x124 ../LT24_final_sw_bsp/\libucosii_bsp.a(alt_usleep.o)
                0x00000000020141d8                usleep
 .text          0x00000000020142fc      0x148 ../LT24_final_sw_bsp/\libucosii_bsp.a(alt_write.o)
                0x000000000201434c                write
 .text          0x0000000002014444      0x11c ../LT24_final_sw_bsp/\libucosii_bsp.a(alt_env_lock.o)
                0x0000000002014444                __env_lock
                0x0000000002014504                __env_unlock
 .text          0x0000000002014560      0x1f0 ../LT24_final_sw_bsp/\libucosii_bsp.a(alt_malloc_lock.o)
                0x0000000002014560                __malloc_lock
                0x0000000002014680                __malloc_unlock
 .text          0x0000000002014750     0x1fe0 ../LT24_final_sw_bsp/\libucosii_bsp.a(os_core.o)
                0x0000000002014750                OSEventNameGet
                0x0000000002014870                OSEventNameSet
                0x00000000020149ac                OSEventPendMulti
                0x0000000002014fbc                OSInit
                0x0000000002015010                OSIntEnter
                0x000000000201508c                OSIntExit
                0x0000000002015180                OSSchedLock
                0x0000000002015208                OSSchedUnlock
                0x00000000020152e0                OSStart
                0x000000000201534c                OSStatInit
                0x00000000020153f8                OSTimeTick
                0x0000000002015614                OSVersion
                0x0000000002015634                OS_Dummy
                0x0000000002015650                OS_EventTaskRdy
                0x00000000020157e8                OS_EventTaskWait
                0x00000000020158f4                OS_EventTaskWaitMulti
                0x0000000002015a40                OS_EventTaskRemove
                0x0000000002015af4                OS_EventTaskRemoveMulti
                0x0000000002015bf0                OS_EventWaitListInit
                0x0000000002015fb4                OS_MemClr
                0x0000000002016004                OS_MemCopy
                0x0000000002016068                OS_Sched
                0x00000000020161a4                OS_StrCopy
                0x0000000002016218                OS_StrLen
                0x000000000201626c                OS_TaskIdle
                0x00000000020162c8                OS_TaskStat
                0x0000000002016394                OS_TaskStatStkChk
                0x000000000201645c                OS_TCBInit
 .text          0x0000000002016730      0x18c ../LT24_final_sw_bsp/\libucosii_bsp.a(os_dbg.o)
                0x0000000002016730                OSDebugInit
 .text          0x00000000020168bc     0x181c ../LT24_final_sw_bsp/\libucosii_bsp.a(os_flag.o)
                0x00000000020168bc                OSFlagAccept
                0x0000000002016bc4                OSFlagCreate
                0x0000000002016cec                OSFlagDel
                0x0000000002016f5c                OSFlagNameGet
                0x000000000201708c                OSFlagNameSet
                0x00000000020171dc                OSFlagPend
                0x00000000020177cc                OSFlagPendGetFlagsRdy
                0x0000000002017834                OSFlagPost
                0x0000000002017bbc                OSFlagQuery
                0x0000000002017e44                OS_FlagInit
                0x0000000002018038                OS_FlagUnlink
 .text          0x00000000020180d8      0xb88 ../LT24_final_sw_bsp/\libucosii_bsp.a(os_mbox.o)
                0x00000000020180d8                OSMboxAccept
                0x0000000002018170                OSMboxCreate
                0x000000000201826c                OSMboxDel
                0x00000000020184d4                OSMboxPend
                0x0000000002018778                OSMboxPendAbort
                0x00000000020188e4                OSMboxPost
                0x00000000020189f4                OSMboxPostOpt
                0x0000000002018b50                OSMboxQuery
 .text          0x0000000002018c60      0x784 ../LT24_final_sw_bsp/\libucosii_bsp.a(os_mem.o)
                0x0000000002018c60                OSMemCreate
                0x0000000002018e54                OSMemGet
                0x0000000002018f44                OSMemNameGet
                0x000000000201903c                OSMemNameSet
                0x0000000002019154                OSMemPut
                0x000000000201922c                OSMemQuery
                0x0000000002019314                OS_MemInit
 .text          0x00000000020193e4     0x129c ../LT24_final_sw_bsp/\libucosii_bsp.a(os_mutex.o)
                0x00000000020193e4                OSMutexAccept
                0x00000000020195a8                OSMutexCreate
                0x0000000002019790                OSMutexDel
                0x0000000002019ab4                OSMutexPend
                0x000000000201a10c                OSMutexPost
                0x000000000201a344                OSMutexQuery
 .text          0x000000000201a680     0x1210 ../LT24_final_sw_bsp/\libucosii_bsp.a(os_q.o)
                0x000000000201a680                OSQAccept
                0x000000000201a7c0                OSQCreate
                0x000000000201a9bc                OSQDel
                0x000000000201ac84                OSQFlush
                0x000000000201ad3c                OSQPend
                0x000000000201b038                OSQPendAbort
                0x000000000201b1a4                OSQPost
                0x000000000201b30c                OSQPostFront
                0x000000000201b47c                OSQPostOpt
                0x000000000201b688                OSQQuery
                0x000000000201b7e4                OS_QInit
 .text          0x000000000201b890      0xb08 ../LT24_final_sw_bsp/\libucosii_bsp.a(os_sem.o)
                0x000000000201b890                OSSemAccept
                0x000000000201b940                OSSemCreate
                0x000000000201ba40                OSSemDel
                0x000000000201bca8                OSSemPend
                0x000000000201bf10                OSSemPendAbort
                0x000000000201c07c                OSSemPost
                0x000000000201c18c                OSSemQuery
                0x000000000201c29c                OSSemSet
 .text          0x000000000201c398     0x18f4 ../LT24_final_sw_bsp/\libucosii_bsp.a(os_task.o)
                0x000000000201c398                OSTaskChangePrio
                0x000000000201c8d8                OSTaskCreate
                0x000000000201ca94                OSTaskCreateExt
                0x000000000201cc80                OSTaskDel
                0x000000000201d060                OSTaskDelReq
                0x000000000201d1b8                OSTaskNameGet
                0x000000000201d360                OSTaskNameSet
                0x000000000201d520                OSTaskResume
                0x000000000201d718                OSTaskStkChk
                0x000000000201d8e0                OSTaskSuspend
                0x000000000201daf4                OSTaskQuery
                0x000000000201dc20                OS_TaskStkClr
 .text          0x000000000201dc8c      0x560 ../LT24_final_sw_bsp/\libucosii_bsp.a(os_time.o)
                0x000000000201dc8c                OSTimeDly
                0x000000000201ddd4                OSTimeDlyHMSM
                0x000000000201df34                OSTimeDlyResume
                0x000000000201e124                OSTimeGet
                0x000000000201e188                OSTimeSet
 .text          0x000000000201e1ec       0xcc ../LT24_final_sw_bsp/\libucosii_bsp.a(alt_sys_init.o)
                0x000000000201e224                alt_irq_init
                0x000000000201e258                alt_sys_init
 .text          0x000000000201e2b8      0x164 ../LT24_final_sw_bsp/\libucosii_bsp.a(altera_avalon_jtag_uart_fd.o)
                0x000000000201e2b8                altera_avalon_jtag_uart_read_fd
                0x000000000201e318                altera_avalon_jtag_uart_write_fd
                0x000000000201e378                altera_avalon_jtag_uart_close_fd
                0x000000000201e3c8                altera_avalon_jtag_uart_ioctl_fd
 .text          0x000000000201e41c      0x568 ../LT24_final_sw_bsp/\libucosii_bsp.a(altera_avalon_jtag_uart_init.o)
                0x000000000201e41c                altera_avalon_jtag_uart_init
                0x000000000201e91c                altera_avalon_jtag_uart_close
 .text          0x000000000201e984       0xec ../LT24_final_sw_bsp/\libucosii_bsp.a(altera_avalon_jtag_uart_ioctl.o)
                0x000000000201e984                altera_avalon_jtag_uart_ioctl
 .text          0x000000000201ea70      0x2b4 ../LT24_final_sw_bsp/\libucosii_bsp.a(altera_avalon_jtag_uart_read.o)
                0x000000000201ea70                altera_avalon_jtag_uart_read
 .text          0x000000000201ed24      0x2c0 ../LT24_final_sw_bsp/\libucosii_bsp.a(altera_avalon_jtag_uart_write.o)
                0x000000000201ed24                altera_avalon_jtag_uart_write
 .text          0x000000000201efe4      0x204 ../LT24_final_sw_bsp/\libucosii_bsp.a(altera_avalon_spi.o)
                0x000000000201efe4                alt_avalon_spi_command
 .text          0x000000000201f1e8       0xfc ../LT24_final_sw_bsp/\libucosii_bsp.a(altera_avalon_timer_sc.o)
                0x000000000201f25c                alt_avalon_timer_sc_init
 .text          0x000000000201f2e4      0x158 ../LT24_final_sw_bsp/\libucosii_bsp.a(alt_busy_sleep.o)
                0x000000000201f2e4                alt_busy_sleep
 .text          0x000000000201f43c       0x44 ../LT24_final_sw_bsp/\libucosii_bsp.a(alt_dcache_flush_all.o)
                0x000000000201f43c                alt_dcache_flush_all
 .text          0x000000000201f480       0xf4 ../LT24_final_sw_bsp/\libucosii_bsp.a(alt_dev_llist_insert.o)
                0x000000000201f4d0                alt_dev_llist_insert
 .text          0x000000000201f574       0x5c ../LT24_final_sw_bsp/\libucosii_bsp.a(alt_do_ctors.o)
                0x000000000201f574                _do_ctors
 .text          0x000000000201f5d0       0x5c ../LT24_final_sw_bsp/\libucosii_bsp.a(alt_do_dtors.o)
                0x000000000201f5d0                _do_dtors
 .text          0x000000000201f62c        0x0 ../LT24_final_sw_bsp/\libucosii_bsp.a(alt_exception_entry.o)
 .text          0x000000000201f62c       0x30 ../LT24_final_sw_bsp/\libucosii_bsp.a(alt_icache_flush_all.o)
                0x000000000201f62c                alt_icache_flush_all
 .text          0x000000000201f65c      0x138 ../LT24_final_sw_bsp/\libucosii_bsp.a(alt_io_redirect.o)
                0x000000000201f71c                alt_io_redirect
 .text          0x000000000201f794      0x274 ../LT24_final_sw_bsp/\libucosii_bsp.a(alt_open.o)
                0x000000000201f8b0                open
 .text          0x000000000201fa08       0x20 ../LT24_final_sw_bsp/\libucosii_bsp.a(altera_nios2_qsys_irq.o)
                0x000000000201fa08                altera_nios2_qsys_irq_init
 .text          0x000000000201fa28       0xd0 ../LT24_final_sw_bsp/\libucosii_bsp.a(os_cpu_a.o)
                0x000000000201fa28                OSCtxSw
                0x000000000201fa28                OSIntCtxSw
                0x000000000201fab4                OSStartHighRdy
                0x000000000201fad4                OSStartTsk
 .text          0x000000000201faf8      0x3fc ../LT24_final_sw_bsp/\libucosii_bsp.a(os_cpu_c.o)
                0x000000000201faf8                OSTaskStkInit
                0x000000000201fdec                OSTaskCreateHook
                0x000000000201fe0c                OSTaskDelHook
                0x000000000201fe2c                OSTaskSwHook
                0x000000000201fe48                OSTaskStatHook
                0x000000000201fe64                OSTimeTickHook
                0x000000000201fe80                OSInitHookBegin
                0x000000000201fe9c                OSInitHookEnd
                0x000000000201feb8                OSTaskIdleHook
                0x000000000201fed4                OSTCBInitHook
 .text          0x000000000201fef4       0x90 ../LT24_final_sw_bsp/\libucosii_bsp.a(alt_find_dev.o)
                0x000000000201fef4                alt_find_dev
 .text          0x000000000201ff84      0x114 ../LT24_final_sw_bsp/\libucosii_bsp.a(alt_find_file.o)
                0x000000000201ff84                alt_find_file
 .text          0x0000000002020098       0xfc ../LT24_final_sw_bsp/\libucosii_bsp.a(alt_get_fd.o)
                0x0000000002020098                alt_get_fd
 .text          0x0000000002020194       0x8c ../LT24_final_sw_bsp/\libucosii_bsp.a(alt_icache_flush.o)
                0x0000000002020194                alt_icache_flush
 .text          0x0000000002020220       0x14 c:/altera/15.0/nios2eds/bin/gnu/h-x86_64-mingw32/bin/../lib/gcc/nios2-elf/4.9.1/../../../../../H-x86_64-mingw32/nios2-elf/lib\libc.a(lib_a-atexit.o)
                0x0000000002020220                atexit
 .text          0x0000000002020234       0x38 c:/altera/15.0/nios2eds/bin/gnu/h-x86_64-mingw32/bin/../lib/gcc/nios2-elf/4.9.1/../../../../../H-x86_64-mingw32/nios2-elf/lib\libc.a(lib_a-exit.o)
                0x0000000002020234                exit
 .text          0x000000000202026c       0x7c c:/altera/15.0/nios2eds/bin/gnu/h-x86_64-mingw32/bin/../lib/gcc/nios2-elf/4.9.1/../../../../../H-x86_64-mingw32/nios2-elf/lib\libc.a(lib_a-memcmp.o)
                0x000000000202026c                memcmp
 .text          0x00000000020202e8      0x114 c:/altera/15.0/nios2eds/bin/gnu/h-x86_64-mingw32/bin/../lib/gcc/nios2-elf/4.9.1/../../../../../H-x86_64-mingw32/nios2-elf/lib\libc.a(lib_a-__atexit.o)
                0x00000000020202e8                __register_exitproc
 .text          0x00000000020203fc      0x194 c:/altera/15.0/nios2eds/bin/gnu/h-x86_64-mingw32/bin/../lib/gcc/nios2-elf/4.9.1/../../../../../H-x86_64-mingw32/nios2-elf/lib\libc.a(lib_a-__call_atexit.o)
                0x00000000020203fc                __call_exitprocs
 .text          0x0000000002020590       0x3c ../LT24_final_sw_bsp/\libucosii_bsp.a(alt_exit.o)
                0x0000000002020590                _exit
 *(.gnu.warning.*)
 *(.fini)
                0x00000000020205cc                PROVIDE (__etext, ABSOLUTE (.))
                0x00000000020205cc                PROVIDE (_etext, ABSOLUTE (.))
                0x00000000020205cc                PROVIDE (etext, ABSOLUTE (.))
 *(.eh_frame_hdr)
                0x00000000020205cc                . = ALIGN (0x4)
                0x00000000020205cc                PROVIDE (__preinit_array_start, ABSOLUTE (.))
 *(.preinit_array)
                0x00000000020205cc                PROVIDE (__preinit_array_end, ABSOLUTE (.))
                0x00000000020205cc                PROVIDE (__init_array_start, ABSOLUTE (.))
 *(.init_array)
                0x00000000020205cc                PROVIDE (__init_array_end, ABSOLUTE (.))
                0x00000000020205cc                PROVIDE (__fini_array_start, ABSOLUTE (.))
 *(.fini_array)
                0x00000000020205cc                PROVIDE (__fini_array_end, ABSOLUTE (.))
 *(.eh_frame)
 *(.gcc_except_table .gcc_except_table.*)
 *(.dynamic)
                0x00000000020205cc                PROVIDE (__CTOR_LIST__, ABSOLUTE (.))
 *(.ctors)
 *(SORT(.ctors.*))
                0x00000000020205cc                PROVIDE (__CTOR_END__, ABSOLUTE (.))
                0x00000000020205cc                PROVIDE (__DTOR_LIST__, ABSOLUTE (.))
 *(.dtors)
 *(SORT(.dtors.*))
                0x00000000020205cc                PROVIDE (__DTOR_END__, ABSOLUTE (.))
 *(.jcr)
                0x00000000020205cc                . = ALIGN (0x4)

.rodata         0x00000000020205cc    0x1a3d8
                0x00000000020205cc                PROVIDE (__ram_rodata_start, ABSOLUTE (.))
                0x00000000020205cc                . = ALIGN (0x4)
 *(.rodata .rodata.* .gnu.linkonce.r.*)
 .rodata        0x00000000020205cc       0x34 obj/default/demo/gui.o
 .rodata        0x0000000002020600     0x77f2 obj/default/fonts/tahomabold_20.o
 .rodata        0x0000000002027df2    0x12520 obj/default/fonts/tahomabold_32.o
 *fill*         0x000000000203a312        0x2 
 .rodata        0x000000000203a314       0x58 obj/default/graphic_lib/simple_graphics.o
 .rodata        0x000000000203a36c       0x28 obj/default/graphic_lib/simple_text.o
 .rodata        0x000000000203a394      0x1ec obj/default/main.o
 .rodata.str1.4
                0x000000000203a580        0x5 c:/altera/15.0/nios2eds/bin/gnu/h-x86_64-mingw32/bin/../lib/gcc/nios2-elf/4.9.1/../../../../../H-x86_64-mingw32/nios2-elf/lib\libm.a(lib_a-w_sqrt.o)
                                          0x8 (size before relaxing)
 .rodata        0x000000000203a585      0x100 c:/altera/15.0/nios2eds/bin/gnu/h-x86_64-mingw32/bin/../lib/gcc/nios2-elf/4.9.1\libgcc.a(_clz.o)
                0x000000000203a585                __clz_tab
 *fill*         0x000000000203a685        0x3 
 .rodata.str1.4
                0x000000000203a688        0x2 c:/altera/15.0/nios2eds/bin/gnu/h-x86_64-mingw32/bin/../lib/gcc/nios2-elf/4.9.1/../../../../../H-x86_64-mingw32/nios2-elf/lib\libc.a(lib_a-impure.o)
                                          0x4 (size before relaxing)
 *fill*         0x000000000203a68a        0x2 
 .rodata.str1.4
                0x000000000203a68c        0x2 c:/altera/15.0/nios2eds/bin/gnu/h-x86_64-mingw32/bin/../lib/gcc/nios2-elf/4.9.1/../../../../../H-x86_64-mingw32/nios2-elf/lib\libc.a(lib_a-puts.o)
                                          0x4 (size before relaxing)
 *fill*         0x000000000203a68e        0x2 
 .rodata.str1.4
                0x000000000203a690       0x42 c:/altera/15.0/nios2eds/bin/gnu/h-x86_64-mingw32/bin/../lib/gcc/nios2-elf/4.9.1/../../../../../H-x86_64-mingw32/nios2-elf/lib\libc.a(lib_a-vfprintf.o)
                                         0x44 (size before relaxing)
 .rodata        0x000000000203a6d2       0x20 c:/altera/15.0/nios2eds/bin/gnu/h-x86_64-mingw32/bin/../lib/gcc/nios2-elf/4.9.1/../../../../../H-x86_64-mingw32/nios2-elf/lib\libc.a(lib_a-vfprintf.o)
 *fill*         0x000000000203a6f2        0x2 
 .rodata.str1.4
                0x000000000203a6f4       0x10 c:/altera/15.0/nios2eds/bin/gnu/h-x86_64-mingw32/bin/../lib/gcc/nios2-elf/4.9.1/../../../../../H-x86_64-mingw32/nios2-elf/lib\libc.a(lib_a-dtoa.o)
                                         0x14 (size before relaxing)
 .rodata.str1.4
                0x000000000203a704        0xc c:/altera/15.0/nios2eds/bin/gnu/h-x86_64-mingw32/bin/../lib/gcc/nios2-elf/4.9.1/../../../../../H-x86_64-mingw32/nios2-elf/lib\libc.a(lib_a-locale.o)
                                         0x14 (size before relaxing)
 .rodata        0x000000000203a710      0x124 c:/altera/15.0/nios2eds/bin/gnu/h-x86_64-mingw32/bin/../lib/gcc/nios2-elf/4.9.1/../../../../../H-x86_64-mingw32/nios2-elf/lib\libc.a(lib_a-mprec.o)
                0x000000000203a71c                __mprec_tinytens
                0x000000000203a744                __mprec_bigtens
                0x000000000203a76c                __mprec_tens
 .rodata.str1.4
                0x0000000000000000       0x30 c:/altera/15.0/nios2eds/bin/gnu/h-x86_64-mingw32/bin/../lib/gcc/nios2-elf/4.9.1/../../../../../H-x86_64-mingw32/nios2-elf/lib\libc.a(lib_a-vfiprintf.o)
 .rodata        0x000000000203a834       0x20 c:/altera/15.0/nios2eds/bin/gnu/h-x86_64-mingw32/bin/../lib/gcc/nios2-elf/4.9.1/../../../../../H-x86_64-mingw32/nios2-elf/lib\libc.a(lib_a-vfiprintf.o)
 .rodata        0x000000000203a854        0xc ../LT24_final_sw_bsp/\libucosii_bsp.a(alt_dev.o)
 .rodata        0x000000000203a860       0x10 ../LT24_final_sw_bsp/\libucosii_bsp.a(alt_main.o)
 .rodata        0x000000000203a870      0x120 ../LT24_final_sw_bsp/\libucosii_bsp.a(os_core.o)
                0x000000000203a870                OSUnMapTbl
 .rodata        0x000000000203a990       0x10 ../LT24_final_sw_bsp/\libucosii_bsp.a(alt_sys_init.o)
 .rodata        0x000000000203a9a0        0x4 ../LT24_final_sw_bsp/\libucosii_bsp.a(os_cpu_c.o)
 *(.rodata1)
                0x000000000203a9a4                . = ALIGN (0x4)
                0x000000000203a9a4                PROVIDE (__ram_rodata_end, ABSOLUTE (.))
                0x00000000020205cc                PROVIDE (__flash_rodata_start, LOADADDR (.rodata))

.rwdata         0x000000000203a9a4     0x3744 load address 0x000000000203e0e8
                0x000000000203a9a4                PROVIDE (__ram_rwdata_start, ABSOLUTE (.))
                0x000000000203a9a4                . = ALIGN (0x4)
 *(.got.plt)
 *(.got)
 *(.data1)
 *(.data .data.* .gnu.linkonce.d.*)
 .data          0x000000000203a9a4        0x0 ../LT24_final_sw_bsp//obj/HAL/src/crt0.o
 .data          0x000000000203a9a4       0x14 obj/default/demo/gui.o
                0x000000000203a9a4                szPallete
 .data          0x000000000203a9b8      0xbc0 obj/default/fonts/tahomabold_20.o
                0x000000000203a9b8                tahomabold_20
 .data          0x000000000203b578      0xbc0 obj/default/fonts/tahomabold_32.o
                0x000000000203b578                tahomabold_32
 .data          0x000000000203c138        0x0 obj/default/graphic_lib/ILI9341.o
 .data          0x000000000203c138        0x0 obj/default/graphic_lib/geometry.o
 .data          0x000000000203c138      0x415 obj/default/graphic_lib/simple_graphics.o
                0x000000000203c138                cour10_font_array
 .data          0x000000000203c54d        0x0 obj/default/graphic_lib/simple_text.o
 .data          0x000000000203c54d        0x0 obj/default/main.o
 .data          0x000000000203c54d        0x0 obj/default/terasic_lib/accelerometer_adxl345_spi.o
 .data          0x000000000203c54d        0x0 obj/default/terasic_lib/terasic_spi.o
 .data          0x000000000203c54d        0x0 obj/default/terasic_lib/touch_spi.o
 .data          0x000000000203c54d        0x0 c:/altera/15.0/nios2eds/bin/gnu/h-x86_64-mingw32/bin/../lib/gcc/nios2-elf/4.9.1/../../../../../H-x86_64-mingw32/nios2-elf/lib\libm.a(lib_a-w_sqrt.o)
 .data          0x000000000203c54d        0x0 c:/altera/15.0/nios2eds/bin/gnu/h-x86_64-mingw32/bin/../lib/gcc/nios2-elf/4.9.1/../../../../../H-x86_64-mingw32/nios2-elf/lib\libm.a(lib_a-e_sqrt.o)
 .data          0x000000000203c54d        0x0 c:/altera/15.0/nios2eds/bin/gnu/h-x86_64-mingw32/bin/../lib/gcc/nios2-elf/4.9.1/../../../../../H-x86_64-mingw32/nios2-elf/lib\libm.a(lib_a-s_fpclassify.o)
 .data          0x000000000203c54d        0x0 c:/altera/15.0/nios2eds/bin/gnu/h-x86_64-mingw32/bin/../lib/gcc/nios2-elf/4.9.1/../../../../../H-x86_64-mingw32/nios2-elf/lib\libm.a(lib_a-s_lib_ver.o)
 .data          0x000000000203c54d        0x0 c:/altera/15.0/nios2eds/bin/gnu/h-x86_64-mingw32/bin/../lib/gcc/nios2-elf/4.9.1/../../../../../H-x86_64-mingw32/nios2-elf/lib\libm.a(lib_a-s_matherr.o)
 .data          0x000000000203c54d        0x0 c:/altera/15.0/nios2eds/bin/gnu/h-x86_64-mingw32/bin/../lib/gcc/nios2-elf/4.9.1\libgcc.a(lib2-divmod.o)
 .data          0x000000000203c54d        0x0 c:/altera/15.0/nios2eds/bin/gnu/h-x86_64-mingw32/bin/../lib/gcc/nios2-elf/4.9.1\libgcc.a(adddf3.o)
 .data          0x000000000203c54d        0x0 c:/altera/15.0/nios2eds/bin/gnu/h-x86_64-mingw32/bin/../lib/gcc/nios2-elf/4.9.1\libgcc.a(divdf3.o)
 .data          0x000000000203c54d        0x0 c:/altera/15.0/nios2eds/bin/gnu/h-x86_64-mingw32/bin/../lib/gcc/nios2-elf/4.9.1\libgcc.a(ledf2.o)
 .data          0x000000000203c54d        0x0 c:/altera/15.0/nios2eds/bin/gnu/h-x86_64-mingw32/bin/../lib/gcc/nios2-elf/4.9.1\libgcc.a(muldf3.o)
 .data          0x000000000203c54d        0x0 c:/altera/15.0/nios2eds/bin/gnu/h-x86_64-mingw32/bin/../lib/gcc/nios2-elf/4.9.1\libgcc.a(subdf3.o)
 .data          0x000000000203c54d        0x0 c:/altera/15.0/nios2eds/bin/gnu/h-x86_64-mingw32/bin/../lib/gcc/nios2-elf/4.9.1\libgcc.a(fixdfsi.o)
 .data          0x000000000203c54d        0x0 c:/altera/15.0/nios2eds/bin/gnu/h-x86_64-mingw32/bin/../lib/gcc/nios2-elf/4.9.1\libgcc.a(floatsidf.o)
 .data          0x000000000203c54d        0x0 c:/altera/15.0/nios2eds/bin/gnu/h-x86_64-mingw32/bin/../lib/gcc/nios2-elf/4.9.1\libgcc.a(_clzsi2.o)
 .data          0x000000000203c54d        0x0 c:/altera/15.0/nios2eds/bin/gnu/h-x86_64-mingw32/bin/../lib/gcc/nios2-elf/4.9.1\libgcc.a(_clz.o)
 .data          0x000000000203c54d        0x0 c:/altera/15.0/nios2eds/bin/gnu/h-x86_64-mingw32/bin/../lib/gcc/nios2-elf/4.9.1/../../../../../H-x86_64-mingw32/nios2-elf/lib\libc.a(lib_a-errno.o)
 *fill*         0x000000000203c54d        0x3 
 .data          0x000000000203c550      0x424 c:/altera/15.0/nios2eds/bin/gnu/h-x86_64-mingw32/bin/../lib/gcc/nios2-elf/4.9.1/../../../../../H-x86_64-mingw32/nios2-elf/lib\libc.a(lib_a-impure.o)
 .data          0x000000000203c974        0x0 c:/altera/15.0/nios2eds/bin/gnu/h-x86_64-mingw32/bin/../lib/gcc/nios2-elf/4.9.1/../../../../../H-x86_64-mingw32/nios2-elf/lib\libc.a(lib_a-malloc.o)
 .data          0x000000000203c974      0x408 c:/altera/15.0/nios2eds/bin/gnu/h-x86_64-mingw32/bin/../lib/gcc/nios2-elf/4.9.1/../../../../../H-x86_64-mingw32/nios2-elf/lib\libc.a(lib_a-mallocr.o)
                0x000000000203c974                __malloc_av_
 .data          0x000000000203cd7c        0x0 c:/altera/15.0/nios2eds/bin/gnu/h-x86_64-mingw32/bin/../lib/gcc/nios2-elf/4.9.1/../../../../../H-x86_64-mingw32/nios2-elf/lib\libc.a(lib_a-memcpy.o)
 .data          0x000000000203cd7c        0x0 c:/altera/15.0/nios2eds/bin/gnu/h-x86_64-mingw32/bin/../lib/gcc/nios2-elf/4.9.1/../../../../../H-x86_64-mingw32/nios2-elf/lib\libc.a(lib_a-memset.o)
 .data          0x000000000203cd7c        0x0 c:/altera/15.0/nios2eds/bin/gnu/h-x86_64-mingw32/bin/../lib/gcc/nios2-elf/4.9.1/../../../../../H-x86_64-mingw32/nios2-elf/lib\libc.a(lib_a-printf.o)
 .data          0x000000000203cd7c        0x0 c:/altera/15.0/nios2eds/bin/gnu/h-x86_64-mingw32/bin/../lib/gcc/nios2-elf/4.9.1/../../../../../H-x86_64-mingw32/nios2-elf/lib\libc.a(lib_a-puts.o)
 .data          0x000000000203cd7c        0x0 c:/altera/15.0/nios2eds/bin/gnu/h-x86_64-mingw32/bin/../lib/gcc/nios2-elf/4.9.1/../../../../../H-x86_64-mingw32/nios2-elf/lib\libc.a(lib_a-sbrkr.o)
 .data          0x000000000203cd7c        0x0 c:/altera/15.0/nios2eds/bin/gnu/h-x86_64-mingw32/bin/../lib/gcc/nios2-elf/4.9.1/../../../../../H-x86_64-mingw32/nios2-elf/lib\libc.a(lib_a-strcpy.o)
 .data          0x000000000203cd7c        0x0 c:/altera/15.0/nios2eds/bin/gnu/h-x86_64-mingw32/bin/../lib/gcc/nios2-elf/4.9.1/../../../../../H-x86_64-mingw32/nios2-elf/lib\libc.a(lib_a-strlen.o)
 .data          0x000000000203cd7c        0x0 c:/altera/15.0/nios2eds/bin/gnu/h-x86_64-mingw32/bin/../lib/gcc/nios2-elf/4.9.1/../../../../../H-x86_64-mingw32/nios2-elf/lib\libc.a(lib_a-vfprintf.o)
 .data          0x000000000203cd7c        0x0 c:/altera/15.0/nios2eds/bin/gnu/h-x86_64-mingw32/bin/../lib/gcc/nios2-elf/4.9.1/../../../../../H-x86_64-mingw32/nios2-elf/lib\libc.a(lib_a-wsetup.o)
 .data          0x000000000203cd7c        0x0 c:/altera/15.0/nios2eds/bin/gnu/h-x86_64-mingw32/bin/../lib/gcc/nios2-elf/4.9.1/../../../../../H-x86_64-mingw32/nios2-elf/lib\libc.a(lib_a-dtoa.o)
 .data          0x000000000203cd7c        0x0 c:/altera/15.0/nios2eds/bin/gnu/h-x86_64-mingw32/bin/../lib/gcc/nios2-elf/4.9.1/../../../../../H-x86_64-mingw32/nios2-elf/lib\libc.a(lib_a-fflush.o)
 .data          0x000000000203cd7c        0x0 c:/altera/15.0/nios2eds/bin/gnu/h-x86_64-mingw32/bin/../lib/gcc/nios2-elf/4.9.1/../../../../../H-x86_64-mingw32/nios2-elf/lib\libc.a(lib_a-findfp.o)
 .data          0x000000000203cd7c        0x0 c:/altera/15.0/nios2eds/bin/gnu/h-x86_64-mingw32/bin/../lib/gcc/nios2-elf/4.9.1/../../../../../H-x86_64-mingw32/nios2-elf/lib\libc.a(lib_a-freer.o)
 .data          0x000000000203cd7c        0x0 c:/altera/15.0/nios2eds/bin/gnu/h-x86_64-mingw32/bin/../lib/gcc/nios2-elf/4.9.1/../../../../../H-x86_64-mingw32/nios2-elf/lib\libc.a(lib_a-fvwrite.o)
 .data          0x000000000203cd7c        0x0 c:/altera/15.0/nios2eds/bin/gnu/h-x86_64-mingw32/bin/../lib/gcc/nios2-elf/4.9.1/../../../../../H-x86_64-mingw32/nios2-elf/lib\libc.a(lib_a-fwalk.o)
 .data          0x000000000203cd7c        0x0 c:/altera/15.0/nios2eds/bin/gnu/h-x86_64-mingw32/bin/../lib/gcc/nios2-elf/4.9.1/../../../../../H-x86_64-mingw32/nios2-elf/lib\libc.a(lib_a-int_errno.o)
 .data          0x000000000203cd7c       0x78 c:/altera/15.0/nios2eds/bin/gnu/h-x86_64-mingw32/bin/../lib/gcc/nios2-elf/4.9.1/../../../../../H-x86_64-mingw32/nios2-elf/lib\libc.a(lib_a-locale.o)
 .data          0x000000000203cdf4        0x0 c:/altera/15.0/nios2eds/bin/gnu/h-x86_64-mingw32/bin/../lib/gcc/nios2-elf/4.9.1/../../../../../H-x86_64-mingw32/nios2-elf/lib\libc.a(lib_a-makebuf.o)
 .data          0x000000000203cdf4        0x0 c:/altera/15.0/nios2eds/bin/gnu/h-x86_64-mingw32/bin/../lib/gcc/nios2-elf/4.9.1/../../../../../H-x86_64-mingw32/nios2-elf/lib\libc.a(lib_a-memchr.o)
 .data          0x000000000203cdf4        0x0 c:/altera/15.0/nios2eds/bin/gnu/h-x86_64-mingw32/bin/../lib/gcc/nios2-elf/4.9.1/../../../../../H-x86_64-mingw32/nios2-elf/lib\libc.a(lib_a-memmove.o)
 .data          0x000000000203cdf4        0x0 c:/altera/15.0/nios2eds/bin/gnu/h-x86_64-mingw32/bin/../lib/gcc/nios2-elf/4.9.1/../../../../../H-x86_64-mingw32/nios2-elf/lib\libc.a(lib_a-mprec.o)
 .data          0x000000000203cdf4        0x0 c:/altera/15.0/nios2eds/bin/gnu/h-x86_64-mingw32/bin/../lib/gcc/nios2-elf/4.9.1/../../../../../H-x86_64-mingw32/nios2-elf/lib\libc.a(lib_a-reallocr.o)
 .data          0x000000000203cdf4        0x0 c:/altera/15.0/nios2eds/bin/gnu/h-x86_64-mingw32/bin/../lib/gcc/nios2-elf/4.9.1/../../../../../H-x86_64-mingw32/nios2-elf/lib\libc.a(lib_a-stdio.o)
 .data          0x000000000203cdf4        0x0 c:/altera/15.0/nios2eds/bin/gnu/h-x86_64-mingw32/bin/../lib/gcc/nios2-elf/4.9.1/../../../../../H-x86_64-mingw32/nios2-elf/lib\libc.a(lib_a-strcmp.o)
 .data          0x000000000203cdf4        0x0 c:/altera/15.0/nios2eds/bin/gnu/h-x86_64-mingw32/bin/../lib/gcc/nios2-elf/4.9.1/../../../../../H-x86_64-mingw32/nios2-elf/lib\libc.a(lib_a-vfiprintf.o)
 .data          0x000000000203cdf4        0x0 c:/altera/15.0/nios2eds/bin/gnu/h-x86_64-mingw32/bin/../lib/gcc/nios2-elf/4.9.1/../../../../../H-x86_64-mingw32/nios2-elf/lib\libc.a(lib_a-writer.o)
 .data          0x000000000203cdf4        0x0 c:/altera/15.0/nios2eds/bin/gnu/h-x86_64-mingw32/bin/../lib/gcc/nios2-elf/4.9.1/../../../../../H-x86_64-mingw32/nios2-elf/lib\libc.a(closer.o)
 .data          0x000000000203cdf4        0x0 c:/altera/15.0/nios2eds/bin/gnu/h-x86_64-mingw32/bin/../lib/gcc/nios2-elf/4.9.1/../../../../../H-x86_64-mingw32/nios2-elf/lib\libc.a(lib_a-callocr.o)
 .data          0x000000000203cdf4        0x0 c:/altera/15.0/nios2eds/bin/gnu/h-x86_64-mingw32/bin/../lib/gcc/nios2-elf/4.9.1/../../../../../H-x86_64-mingw32/nios2-elf/lib\libc.a(lib_a-fclose.o)
 .data          0x000000000203cdf4        0x0 c:/altera/15.0/nios2eds/bin/gnu/h-x86_64-mingw32/bin/../lib/gcc/nios2-elf/4.9.1/../../../../../H-x86_64-mingw32/nios2-elf/lib\libc.a(lib_a-fputwc.o)
 .data          0x000000000203cdf4        0x0 c:/altera/15.0/nios2eds/bin/gnu/h-x86_64-mingw32/bin/../lib/gcc/nios2-elf/4.9.1/../../../../../H-x86_64-mingw32/nios2-elf/lib\libc.a(lib_a-fstatr.o)
 .data          0x000000000203cdf4        0x0 c:/altera/15.0/nios2eds/bin/gnu/h-x86_64-mingw32/bin/../lib/gcc/nios2-elf/4.9.1/../../../../../H-x86_64-mingw32/nios2-elf/lib\libc.a(lib_a-isattyr.o)
 .data          0x000000000203cdf4        0x0 c:/altera/15.0/nios2eds/bin/gnu/h-x86_64-mingw32/bin/../lib/gcc/nios2-elf/4.9.1/../../../../../H-x86_64-mingw32/nios2-elf/lib\libc.a(lib_a-lseekr.o)
 .data          0x000000000203cdf4        0x0 c:/altera/15.0/nios2eds/bin/gnu/h-x86_64-mingw32/bin/../lib/gcc/nios2-elf/4.9.1/../../../../../H-x86_64-mingw32/nios2-elf/lib\libc.a(lib_a-readr.o)
 .data          0x000000000203cdf4        0x0 c:/altera/15.0/nios2eds/bin/gnu/h-x86_64-mingw32/bin/../lib/gcc/nios2-elf/4.9.1/../../../../../H-x86_64-mingw32/nios2-elf/lib\libc.a(lib_a-wbuf.o)
 .data          0x000000000203cdf4        0x0 c:/altera/15.0/nios2eds/bin/gnu/h-x86_64-mingw32/bin/../lib/gcc/nios2-elf/4.9.1/../../../../../H-x86_64-mingw32/nios2-elf/lib\libc.a(lib_a-wcrtomb.o)
 .data          0x000000000203cdf4        0x0 c:/altera/15.0/nios2eds/bin/gnu/h-x86_64-mingw32/bin/../lib/gcc/nios2-elf/4.9.1/../../../../../H-x86_64-mingw32/nios2-elf/lib\libc.a(lib_a-wctomb_r.o)
 .data          0x000000000203cdf4        0x0 c:/altera/15.0/nios2eds/bin/gnu/h-x86_64-mingw32/bin/../lib/gcc/nios2-elf/4.9.1\libgcc.a(_udivdi3.o)
 .data          0x000000000203cdf4        0x0 c:/altera/15.0/nios2eds/bin/gnu/h-x86_64-mingw32/bin/../lib/gcc/nios2-elf/4.9.1\libgcc.a(_umoddi3.o)
 .data          0x000000000203cdf4        0x0 c:/altera/15.0/nios2eds/bin/gnu/h-x86_64-mingw32/bin/../lib/gcc/nios2-elf/4.9.1\libgcc.a(eqdf2.o)
 .data          0x000000000203cdf4        0x0 c:/altera/15.0/nios2eds/bin/gnu/h-x86_64-mingw32/bin/../lib/gcc/nios2-elf/4.9.1\libgcc.a(gedf2.o)
 .data          0x000000000203cdf4        0x0 c:/altera/15.0/nios2eds/bin/gnu/h-x86_64-mingw32/bin/../lib/gcc/nios2-elf/4.9.1\libgcc.a(floatunsidf.o)
 .data          0x000000000203cdf4        0x0 ../LT24_final_sw_bsp/\libucosii_bsp.a(alt_alarm_start.o)
 .data          0x000000000203cdf4        0x0 ../LT24_final_sw_bsp/\libucosii_bsp.a(alt_close.o)
 .data          0x000000000203cdf4      0x1a8 ../LT24_final_sw_bsp/\libucosii_bsp.a(alt_dev.o)
                0x000000000203cdf4                alt_dev_null
                0x000000000203ce1c                alt_fd_list
 .data          0x000000000203cf9c        0x0 ../LT24_final_sw_bsp/\libucosii_bsp.a(alt_errno.o)
 .data          0x000000000203cf9c        0x0 ../LT24_final_sw_bsp/\libucosii_bsp.a(alt_fstat.o)
 .data          0x000000000203cf9c        0x0 ../LT24_final_sw_bsp/\libucosii_bsp.a(alt_iic.o)
 .data          0x000000000203cf9c        0x0 ../LT24_final_sw_bsp/\libucosii_bsp.a(alt_iic_isr_register.o)
 .data          0x000000000203cf9c        0x0 ../LT24_final_sw_bsp/\libucosii_bsp.a(alt_irq_entry.o)
 .data          0x000000000203cf9c        0x0 ../LT24_final_sw_bsp/\libucosii_bsp.a(alt_irq_handler.o)
 .data          0x000000000203cf9c        0x0 ../LT24_final_sw_bsp/\libucosii_bsp.a(alt_irq_vars.o)
 .data          0x000000000203cf9c        0x0 ../LT24_final_sw_bsp/\libucosii_bsp.a(alt_isatty.o)
 .data          0x000000000203cf9c        0x0 ../LT24_final_sw_bsp/\libucosii_bsp.a(alt_load.o)
 .data          0x000000000203cf9c        0x0 ../LT24_final_sw_bsp/\libucosii_bsp.a(alt_lseek.o)
 .data          0x000000000203cf9c        0x0 ../LT24_final_sw_bsp/\libucosii_bsp.a(alt_main.o)
 .data          0x000000000203cf9c        0x0 ../LT24_final_sw_bsp/\libucosii_bsp.a(alt_read.o)
 .data          0x000000000203cf9c        0x0 ../LT24_final_sw_bsp/\libucosii_bsp.a(alt_release_fd.o)
 .data          0x000000000203cf9c        0x0 ../LT24_final_sw_bsp/\libucosii_bsp.a(alt_sbrk.o)
 .data          0x000000000203cf9c        0x0 ../LT24_final_sw_bsp/\libucosii_bsp.a(alt_tick.o)
 .data          0x000000000203cf9c        0x0 ../LT24_final_sw_bsp/\libucosii_bsp.a(alt_usleep.o)
 .data          0x000000000203cf9c        0x0 ../LT24_final_sw_bsp/\libucosii_bsp.a(alt_write.o)
 .data          0x000000000203cf9c        0x0 ../LT24_final_sw_bsp/\libucosii_bsp.a(alt_env_lock.o)
 .data          0x000000000203cf9c        0x0 ../LT24_final_sw_bsp/\libucosii_bsp.a(alt_malloc_lock.o)
 .data          0x000000000203cf9c        0x0 ../LT24_final_sw_bsp/\libucosii_bsp.a(os_core.o)
 .data          0x000000000203cf9c        0x0 ../LT24_final_sw_bsp/\libucosii_bsp.a(os_dbg.o)
 .data          0x000000000203cf9c        0x0 ../LT24_final_sw_bsp/\libucosii_bsp.a(os_flag.o)
 .data          0x000000000203cf9c        0x0 ../LT24_final_sw_bsp/\libucosii_bsp.a(os_mbox.o)
 .data          0x000000000203cf9c        0x0 ../LT24_final_sw_bsp/\libucosii_bsp.a(os_mem.o)
 .data          0x000000000203cf9c        0x0 ../LT24_final_sw_bsp/\libucosii_bsp.a(os_mutex.o)
 .data          0x000000000203cf9c        0x0 ../LT24_final_sw_bsp/\libucosii_bsp.a(os_q.o)
 .data          0x000000000203cf9c        0x0 ../LT24_final_sw_bsp/\libucosii_bsp.a(os_sem.o)
 .data          0x000000000203cf9c        0x0 ../LT24_final_sw_bsp/\libucosii_bsp.a(os_task.o)
 .data          0x000000000203cf9c        0x0 ../LT24_final_sw_bsp/\libucosii_bsp.a(os_time.o)
 .data          0x000000000203cf9c     0x106c ../LT24_final_sw_bsp/\libucosii_bsp.a(alt_sys_init.o)
 .data          0x000000000203e008        0x0 ../LT24_final_sw_bsp/\libucosii_bsp.a(altera_avalon_jtag_uart_fd.o)
 .data          0x000000000203e008        0x0 ../LT24_final_sw_bsp/\libucosii_bsp.a(altera_avalon_jtag_uart_init.o)
 .data          0x000000000203e008        0x0 ../LT24_final_sw_bsp/\libucosii_bsp.a(altera_avalon_jtag_uart_ioctl.o)
 .data          0x000000000203e008        0x0 ../LT24_final_sw_bsp/\libucosii_bsp.a(altera_avalon_jtag_uart_read.o)
 .data          0x000000000203e008        0x0 ../LT24_final_sw_bsp/\libucosii_bsp.a(altera_avalon_jtag_uart_write.o)
 .data          0x000000000203e008        0x0 ../LT24_final_sw_bsp/\libucosii_bsp.a(altera_avalon_spi.o)
 .data          0x000000000203e008        0x0 ../LT24_final_sw_bsp/\libucosii_bsp.a(altera_avalon_timer_sc.o)
 .data          0x000000000203e008        0x0 ../LT24_final_sw_bsp/\libucosii_bsp.a(alt_busy_sleep.o)
 .data          0x000000000203e008        0x0 ../LT24_final_sw_bsp/\libucosii_bsp.a(alt_dcache_flush_all.o)
 .data          0x000000000203e008        0x0 ../LT24_final_sw_bsp/\libucosii_bsp.a(alt_dev_llist_insert.o)
 .data          0x000000000203e008        0x0 ../LT24_final_sw_bsp/\libucosii_bsp.a(alt_do_ctors.o)
 .data          0x000000000203e008        0x0 ../LT24_final_sw_bsp/\libucosii_bsp.a(alt_do_dtors.o)
 .data          0x000000000203e008        0x0 ../LT24_final_sw_bsp/\libucosii_bsp.a(alt_exception_entry.o)
 .data          0x000000000203e008        0x0 ../LT24_final_sw_bsp/\libucosii_bsp.a(alt_icache_flush_all.o)
 .data          0x000000000203e008        0x0 ../LT24_final_sw_bsp/\libucosii_bsp.a(alt_io_redirect.o)
 .data          0x000000000203e008        0x0 ../LT24_final_sw_bsp/\libucosii_bsp.a(alt_open.o)
 .data          0x000000000203e008        0x0 ../LT24_final_sw_bsp/\libucosii_bsp.a(altera_nios2_qsys_irq.o)
 .data          0x000000000203e008        0x0 ../LT24_final_sw_bsp/\libucosii_bsp.a(os_cpu_a.o)
 .data          0x000000000203e008        0x0 ../LT24_final_sw_bsp/\libucosii_bsp.a(os_cpu_c.o)
 .data          0x000000000203e008        0x0 ../LT24_final_sw_bsp/\libucosii_bsp.a(alt_find_dev.o)
 .data          0x000000000203e008        0x0 ../LT24_final_sw_bsp/\libucosii_bsp.a(alt_find_file.o)
 .data          0x000000000203e008        0x0 ../LT24_final_sw_bsp/\libucosii_bsp.a(alt_get_fd.o)
 .data          0x000000000203e008        0x0 ../LT24_final_sw_bsp/\libucosii_bsp.a(alt_icache_flush.o)
 .data          0x000000000203e008        0x0 c:/altera/15.0/nios2eds/bin/gnu/h-x86_64-mingw32/bin/../lib/gcc/nios2-elf/4.9.1/../../../../../H-x86_64-mingw32/nios2-elf/lib\libc.a(lib_a-atexit.o)
 .data          0x000000000203e008        0x0 c:/altera/15.0/nios2eds/bin/gnu/h-x86_64-mingw32/bin/../lib/gcc/nios2-elf/4.9.1/../../../../../H-x86_64-mingw32/nios2-elf/lib\libc.a(lib_a-exit.o)
 .data          0x000000000203e008        0x0 c:/altera/15.0/nios2eds/bin/gnu/h-x86_64-mingw32/bin/../lib/gcc/nios2-elf/4.9.1/../../../../../H-x86_64-mingw32/nios2-elf/lib\libc.a(lib_a-memcmp.o)
 .data          0x000000000203e008        0x0 c:/altera/15.0/nios2eds/bin/gnu/h-x86_64-mingw32/bin/../lib/gcc/nios2-elf/4.9.1/../../../../../H-x86_64-mingw32/nios2-elf/lib\libc.a(lib_a-__atexit.o)
 .data          0x000000000203e008        0x0 c:/altera/15.0/nios2eds/bin/gnu/h-x86_64-mingw32/bin/../lib/gcc/nios2-elf/4.9.1/../../../../../H-x86_64-mingw32/nios2-elf/lib\libc.a(lib_a-__call_atexit.o)
 .data          0x000000000203e008        0x0 ../LT24_final_sw_bsp/\libucosii_bsp.a(alt_exit.o)
                0x0000000002046008                _gp = ABSOLUTE ((. + 0x8000))
                0x0000000002046008                PROVIDE (gp, _gp)
 *(.rwdata .rwdata.*)
 *(.sdata .sdata.* .gnu.linkonce.s.*)
 .sdata         0x000000000203e008        0x4 obj/default/demo/gui.o
 .sdata         0x000000000203e00c       0x1c obj/default/graphic_lib/simple_graphics.o
                0x000000000203e00c                UA_xc
                0x000000000203e010                UA_yc
                0x000000000203e014                UA_height
                0x000000000203e018                UA_width
                0x000000000203e01c                UA_Awidth
                0x000000000203e020                UA_peak
                0x000000000203e024                cour10_font
 .sdata         0x000000000203e028        0x4 c:/altera/15.0/nios2eds/bin/gnu/h-x86_64-mingw32/bin/../lib/gcc/nios2-elf/4.9.1/../../../../../H-x86_64-mingw32/nios2-elf/lib\libm.a(lib_a-s_lib_ver.o)
                0x000000000203e028                __fdlib_version
 .sdata         0x000000000203e02c        0x8 c:/altera/15.0/nios2eds/bin/gnu/h-x86_64-mingw32/bin/../lib/gcc/nios2-elf/4.9.1/../../../../../H-x86_64-mingw32/nios2-elf/lib\libc.a(lib_a-impure.o)
                0x000000000203e02c                _global_impure_ptr
                0x000000000203e030                _impure_ptr
 .sdata         0x000000000203e034        0x8 c:/altera/15.0/nios2eds/bin/gnu/h-x86_64-mingw32/bin/../lib/gcc/nios2-elf/4.9.1/../../../../../H-x86_64-mingw32/nios2-elf/lib\libc.a(lib_a-mallocr.o)
                0x000000000203e034                __malloc_sbrk_base
                0x000000000203e038                __malloc_trim_threshold
 .sdata         0x000000000203e03c        0x4 c:/altera/15.0/nios2eds/bin/gnu/h-x86_64-mingw32/bin/../lib/gcc/nios2-elf/4.9.1/../../../../../H-x86_64-mingw32/nios2-elf/lib\libc.a(lib_a-locale.o)
                0x000000000203e03c                __mb_cur_max
 .sdata         0x000000000203e040        0x4 c:/altera/15.0/nios2eds/bin/gnu/h-x86_64-mingw32/bin/../lib/gcc/nios2-elf/4.9.1/../../../../../H-x86_64-mingw32/nios2-elf/lib\libc.a(lib_a-wctomb_r.o)
                0x000000000203e040                __wctomb
 .sdata         0x000000000203e044       0x14 ../LT24_final_sw_bsp/\libucosii_bsp.a(alt_dev.o)
                0x000000000203e044                alt_fs_list
                0x000000000203e04c                alt_dev_list
                0x000000000203e054                alt_max_fd
 .sdata         0x000000000203e058        0x4 ../LT24_final_sw_bsp/\libucosii_bsp.a(alt_errno.o)
                0x000000000203e058                alt_errno
 .sdata         0x000000000203e05c        0x4 ../LT24_final_sw_bsp/\libucosii_bsp.a(alt_irq_vars.o)
                0x000000000203e05c                alt_priority_mask
 .sdata         0x000000000203e060        0x4 ../LT24_final_sw_bsp/\libucosii_bsp.a(alt_sbrk.o)
 .sdata         0x000000000203e064        0x8 ../LT24_final_sw_bsp/\libucosii_bsp.a(alt_tick.o)
                0x000000000203e064                alt_alarm_list
 .sdata         0x000000000203e06c        0x4 ../LT24_final_sw_bsp/\libucosii_bsp.a(alt_env_lock.o)
 .sdata         0x000000000203e070        0x4 ../LT24_final_sw_bsp/\libucosii_bsp.a(alt_malloc_lock.o)
 .sdata         0x000000000203e074       0x74 ../LT24_final_sw_bsp/\libucosii_bsp.a(os_dbg.o)
                0x000000000203e074                OSDebugEn
                0x000000000203e078                OSEndiannessTest
                0x000000000203e07c                OSEventEn
                0x000000000203e07e                OSEventMax
                0x000000000203e080                OSEventNameSize
                0x000000000203e082                OSEventSize
                0x000000000203e084                OSEventTblSize
                0x000000000203e086                OSEventMultiEn
                0x000000000203e088                OSFlagEn
                0x000000000203e08a                OSFlagGrpSize
                0x000000000203e08c                OSFlagNodeSize
                0x000000000203e08e                OSFlagWidth
                0x000000000203e090                OSFlagMax
                0x000000000203e092                OSFlagNameSize
                0x000000000203e094                OSLowestPrio
                0x000000000203e096                OSMboxEn
                0x000000000203e098                OSMemEn
                0x000000000203e09a                OSMemMax
                0x000000000203e09c                OSMemNameSize
                0x000000000203e09e                OSMemSize
                0x000000000203e0a0                OSMemTblSize
                0x000000000203e0a2                OSMutexEn
                0x000000000203e0a4                OSPtrSize
                0x000000000203e0a6                OSQEn
                0x000000000203e0a8                OSQMax
                0x000000000203e0aa                OSQSize
                0x000000000203e0ac                OSRdyTblSize
                0x000000000203e0ae                OSSemEn
                0x000000000203e0b0                OSStkWidth
                0x000000000203e0b2                OSTaskCreateEn
                0x000000000203e0b4                OSTaskCreateExtEn
                0x000000000203e0b6                OSTaskDelEn
                0x000000000203e0b8                OSTaskIdleStkSize
                0x000000000203e0ba                OSTaskProfileEn
                0x000000000203e0bc                OSTaskMax
                0x000000000203e0be                OSTaskNameSize
                0x000000000203e0c0                OSTaskStatEn
                0x000000000203e0c2                OSTaskStatStkSize
                0x000000000203e0c4                OSTaskStatStkChkEn
                0x000000000203e0c6                OSTaskSwHookEn
                0x000000000203e0c8                OSTCBPrioTblMax
                0x000000000203e0ca                OSTCBSize
                0x000000000203e0cc                OSTicksPerSec
                0x000000000203e0ce                OSTimeTickHookEn
                0x000000000203e0d0                OSVersionNbr
                0x000000000203e0d2                OSTmrEn
                0x000000000203e0d4                OSTmrCfgMax
                0x000000000203e0d6                OSTmrCfgNameSize
                0x000000000203e0d8                OSTmrCfgWheelSize
                0x000000000203e0da                OSTmrCfgTicksPerSec
                0x000000000203e0dc                OSTmrSize
                0x000000000203e0de                OSTmrTblSize
                0x000000000203e0e0                OSTmrWheelSize
                0x000000000203e0e2                OSTmrWheelTblSize
                0x000000000203e0e4                OSDataSize
 *(.sdata2 .sdata2.* .gnu.linkonce.s2.*)
                0x000000000203e0e8                . = ALIGN (0x4)
                0x000000000203e0e8                _edata = ABSOLUTE (.)
                0x000000000203e0e8                PROVIDE (edata, ABSOLUTE (.))
                0x000000000203e0e8                PROVIDE (__ram_rwdata_end, ABSOLUTE (.))
                0x000000000203e0e8                PROVIDE (__flash_rwdata_start, LOADADDR (.rwdata))

.bss            0x000000000204182c     0xf474
                0x000000000204182c                __bss_start = ABSOLUTE (.)
                0x000000000204182c                PROVIDE (__sbss_start, ABSOLUTE (.))
                0x000000000204182c                PROVIDE (___sbss_start, ABSOLUTE (.))
 *(.dynsbss)
 *(.sbss .sbss.* .gnu.linkonce.sb.*)
 .sbss          0x000000000204182c        0x4 obj/default/demo/gui.o
 .sbss          0x0000000002041830       0x15 obj/default/main.o
                0x0000000002041830                pTouch
                0x0000000002041834                MU_2
                0x0000000002041838                CommMbox
                0x000000000204183c                S_Mutex
                0x0000000002041840                Idle
                0x0000000002041844                MU_1
 *fill*         0x0000000002041845        0x3 
 .sbss          0x0000000002041848        0xc c:/altera/15.0/nios2eds/bin/gnu/h-x86_64-mingw32/bin/../lib/gcc/nios2-elf/4.9.1/../../../../../H-x86_64-mingw32/nios2-elf/lib\libc.a(lib_a-mallocr.o)
                0x0000000002041848                __malloc_max_total_mem
                0x000000000204184c                __malloc_max_sbrked_mem
                0x0000000002041850                __malloc_top_pad
 .sbss          0x0000000002041854        0x4 c:/altera/15.0/nios2eds/bin/gnu/h-x86_64-mingw32/bin/../lib/gcc/nios2-elf/4.9.1/../../../../../H-x86_64-mingw32/nios2-elf/lib\libc.a(lib_a-int_errno.o)
                0x0000000002041854                errno
 .sbss          0x0000000002041858        0xc c:/altera/15.0/nios2eds/bin/gnu/h-x86_64-mingw32/bin/../lib/gcc/nios2-elf/4.9.1/../../../../../H-x86_64-mingw32/nios2-elf/lib\libc.a(lib_a-locale.o)
                0x0000000002041858                _PathLocale
                0x000000000204185c                __mlocale_changed
                0x0000000002041860                __nlocale_changed
 .sbss          0x0000000002041864        0x4 ../LT24_final_sw_bsp/\libucosii_bsp.a(alt_dev.o)
                0x0000000002041864                alt_fd_list_lock
 .sbss          0x0000000002041868        0x4 ../LT24_final_sw_bsp/\libucosii_bsp.a(alt_irq_vars.o)
                0x0000000002041868                alt_irq_active
 .sbss          0x000000000204186c        0xc ../LT24_final_sw_bsp/\libucosii_bsp.a(alt_main.o)
                0x000000000204186c                alt_argc
                0x0000000002041870                alt_argv
                0x0000000002041874                alt_envp
 .sbss          0x0000000002041878        0x8 ../LT24_final_sw_bsp/\libucosii_bsp.a(alt_tick.o)
                0x0000000002041878                _alt_tick_rate
                0x000000000204187c                _alt_nticks
 .sbss          0x0000000002041880        0x8 ../LT24_final_sw_bsp/\libucosii_bsp.a(alt_env_lock.o)
                0x0000000002041884                alt_envsem
 .sbss          0x0000000002041888        0x8 ../LT24_final_sw_bsp/\libucosii_bsp.a(alt_malloc_lock.o)
                0x000000000204188c                alt_heapsem
 .sbss          0x0000000002041890       0x50 ../LT24_final_sw_bsp/\libucosii_bsp.a(os_core.o)
                0x0000000002041890                OSLockNesting
                0x0000000002041891                OSRunning
                0x0000000002041894                OSIdleCtr
                0x0000000002041898                OSPrioHighRdy
                0x0000000002041899                OSPrioCur
                0x000000000204189c                OSTCBList
                0x00000000020418a0                OSTickStepState
                0x00000000020418a4                OSCtxSwCtr
                0x00000000020418a8                OSIdleCtrMax
                0x00000000020418ac                OSTCBFreeList
                0x00000000020418b0                OSCPUUsage
                0x00000000020418b1                OSTaskCtr
                0x00000000020418b4                OSMemFreeList
                0x00000000020418b8                OSTCBHighRdy
                0x00000000020418bc                OSQFreeList
                0x00000000020418c0                OSRdyGrp
                0x00000000020418c1                OSRdyTbl
                0x00000000020418c4                OSEventFreeList
                0x00000000020418c8                OSIntNesting
                0x00000000020418cc                OSTCBCur
                0x00000000020418d0                OSTime
                0x00000000020418d4                OSFlagFreeList
                0x00000000020418d8                OSStatRdy
                0x00000000020418dc                OSIdleCtrRun
 *(.sbss2 .sbss2.* .gnu.linkonce.sb2.*)
 *(.scommon)
                0x00000000020418e0                PROVIDE (__sbss_end, ABSOLUTE (.))
                0x00000000020418e0                PROVIDE (___sbss_end, ABSOLUTE (.))
 *(.dynbss)
 *(.bss .bss.* .gnu.linkonce.b.*)
 .bss           0x00000000020418e0        0x0 ../LT24_final_sw_bsp//obj/HAL/src/crt0.o
 .bss           0x00000000020418e0        0x0 obj/default/demo/gui.o
 .bss           0x00000000020418e0        0x0 obj/default/fonts/tahomabold_20.o
 .bss           0x00000000020418e0        0x0 obj/default/fonts/tahomabold_32.o
 .bss           0x00000000020418e0        0x0 obj/default/graphic_lib/ILI9341.o
 .bss           0x00000000020418e0        0x0 obj/default/graphic_lib/geometry.o
 .bss           0x00000000020418e0        0x0 obj/default/graphic_lib/simple_graphics.o
 .bss           0x00000000020418e0        0x0 obj/default/graphic_lib/simple_text.o
 .bss           0x00000000020418e0        0x0 obj/default/main.o
 .bss           0x00000000020418e0        0x0 obj/default/terasic_lib/accelerometer_adxl345_spi.o
 .bss           0x00000000020418e0        0x0 obj/default/terasic_lib/terasic_spi.o
 .bss           0x00000000020418e0        0x0 obj/default/terasic_lib/touch_spi.o
 .bss           0x00000000020418e0        0x0 c:/altera/15.0/nios2eds/bin/gnu/h-x86_64-mingw32/bin/../lib/gcc/nios2-elf/4.9.1/../../../../../H-x86_64-mingw32/nios2-elf/lib\libm.a(lib_a-w_sqrt.o)
 .bss           0x00000000020418e0        0x0 c:/altera/15.0/nios2eds/bin/gnu/h-x86_64-mingw32/bin/../lib/gcc/nios2-elf/4.9.1/../../../../../H-x86_64-mingw32/nios2-elf/lib\libm.a(lib_a-e_sqrt.o)
 .bss           0x00000000020418e0        0x0 c:/altera/15.0/nios2eds/bin/gnu/h-x86_64-mingw32/bin/../lib/gcc/nios2-elf/4.9.1/../../../../../H-x86_64-mingw32/nios2-elf/lib\libm.a(lib_a-s_fpclassify.o)
 .bss           0x00000000020418e0        0x0 c:/altera/15.0/nios2eds/bin/gnu/h-x86_64-mingw32/bin/../lib/gcc/nios2-elf/4.9.1/../../../../../H-x86_64-mingw32/nios2-elf/lib\libm.a(lib_a-s_lib_ver.o)
 .bss           0x00000000020418e0        0x0 c:/altera/15.0/nios2eds/bin/gnu/h-x86_64-mingw32/bin/../lib/gcc/nios2-elf/4.9.1/../../../../../H-x86_64-mingw32/nios2-elf/lib\libm.a(lib_a-s_matherr.o)
 .bss           0x00000000020418e0        0x0 c:/altera/15.0/nios2eds/bin/gnu/h-x86_64-mingw32/bin/../lib/gcc/nios2-elf/4.9.1\libgcc.a(lib2-divmod.o)
 .bss           0x00000000020418e0        0x0 c:/altera/15.0/nios2eds/bin/gnu/h-x86_64-mingw32/bin/../lib/gcc/nios2-elf/4.9.1\libgcc.a(adddf3.o)
 .bss           0x00000000020418e0        0x0 c:/altera/15.0/nios2eds/bin/gnu/h-x86_64-mingw32/bin/../lib/gcc/nios2-elf/4.9.1\libgcc.a(divdf3.o)
 .bss           0x00000000020418e0        0x0 c:/altera/15.0/nios2eds/bin/gnu/h-x86_64-mingw32/bin/../lib/gcc/nios2-elf/4.9.1\libgcc.a(ledf2.o)
 .bss           0x00000000020418e0        0x0 c:/altera/15.0/nios2eds/bin/gnu/h-x86_64-mingw32/bin/../lib/gcc/nios2-elf/4.9.1\libgcc.a(muldf3.o)
 .bss           0x00000000020418e0        0x0 c:/altera/15.0/nios2eds/bin/gnu/h-x86_64-mingw32/bin/../lib/gcc/nios2-elf/4.9.1\libgcc.a(subdf3.o)
 .bss           0x00000000020418e0        0x0 c:/altera/15.0/nios2eds/bin/gnu/h-x86_64-mingw32/bin/../lib/gcc/nios2-elf/4.9.1\libgcc.a(fixdfsi.o)
 .bss           0x00000000020418e0        0x0 c:/altera/15.0/nios2eds/bin/gnu/h-x86_64-mingw32/bin/../lib/gcc/nios2-elf/4.9.1\libgcc.a(floatsidf.o)
 .bss           0x00000000020418e0        0x0 c:/altera/15.0/nios2eds/bin/gnu/h-x86_64-mingw32/bin/../lib/gcc/nios2-elf/4.9.1\libgcc.a(_clzsi2.o)
 .bss           0x00000000020418e0        0x0 c:/altera/15.0/nios2eds/bin/gnu/h-x86_64-mingw32/bin/../lib/gcc/nios2-elf/4.9.1\libgcc.a(_clz.o)
 .bss           0x00000000020418e0        0x0 c:/altera/15.0/nios2eds/bin/gnu/h-x86_64-mingw32/bin/../lib/gcc/nios2-elf/4.9.1/../../../../../H-x86_64-mingw32/nios2-elf/lib\libc.a(lib_a-errno.o)
 .bss           0x00000000020418e0        0x0 c:/altera/15.0/nios2eds/bin/gnu/h-x86_64-mingw32/bin/../lib/gcc/nios2-elf/4.9.1/../../../../../H-x86_64-mingw32/nios2-elf/lib\libc.a(lib_a-impure.o)
 .bss           0x00000000020418e0        0x0 c:/altera/15.0/nios2eds/bin/gnu/h-x86_64-mingw32/bin/../lib/gcc/nios2-elf/4.9.1/../../../../../H-x86_64-mingw32/nios2-elf/lib\libc.a(lib_a-malloc.o)
 .bss           0x00000000020418e0       0x28 c:/altera/15.0/nios2eds/bin/gnu/h-x86_64-mingw32/bin/../lib/gcc/nios2-elf/4.9.1/../../../../../H-x86_64-mingw32/nios2-elf/lib\libc.a(lib_a-mallocr.o)
                0x00000000020418e0                __malloc_current_mallinfo
 .bss           0x0000000002041908        0x0 c:/altera/15.0/nios2eds/bin/gnu/h-x86_64-mingw32/bin/../lib/gcc/nios2-elf/4.9.1/../../../../../H-x86_64-mingw32/nios2-elf/lib\libc.a(lib_a-memcpy.o)
 .bss           0x0000000002041908        0x0 c:/altera/15.0/nios2eds/bin/gnu/h-x86_64-mingw32/bin/../lib/gcc/nios2-elf/4.9.1/../../../../../H-x86_64-mingw32/nios2-elf/lib\libc.a(lib_a-memset.o)
 .bss           0x0000000002041908        0x0 c:/altera/15.0/nios2eds/bin/gnu/h-x86_64-mingw32/bin/../lib/gcc/nios2-elf/4.9.1/../../../../../H-x86_64-mingw32/nios2-elf/lib\libc.a(lib_a-printf.o)
 .bss           0x0000000002041908        0x0 c:/altera/15.0/nios2eds/bin/gnu/h-x86_64-mingw32/bin/../lib/gcc/nios2-elf/4.9.1/../../../../../H-x86_64-mingw32/nios2-elf/lib\libc.a(lib_a-puts.o)
 .bss           0x0000000002041908        0x0 c:/altera/15.0/nios2eds/bin/gnu/h-x86_64-mingw32/bin/../lib/gcc/nios2-elf/4.9.1/../../../../../H-x86_64-mingw32/nios2-elf/lib\libc.a(lib_a-sbrkr.o)
 .bss           0x0000000002041908        0x0 c:/altera/15.0/nios2eds/bin/gnu/h-x86_64-mingw32/bin/../lib/gcc/nios2-elf/4.9.1/../../../../../H-x86_64-mingw32/nios2-elf/lib\libc.a(lib_a-strcpy.o)
 .bss           0x0000000002041908        0x0 c:/altera/15.0/nios2eds/bin/gnu/h-x86_64-mingw32/bin/../lib/gcc/nios2-elf/4.9.1/../../../../../H-x86_64-mingw32/nios2-elf/lib\libc.a(lib_a-strlen.o)
 .bss           0x0000000002041908        0x0 c:/altera/15.0/nios2eds/bin/gnu/h-x86_64-mingw32/bin/../lib/gcc/nios2-elf/4.9.1/../../../../../H-x86_64-mingw32/nios2-elf/lib\libc.a(lib_a-vfprintf.o)
 .bss           0x0000000002041908        0x0 c:/altera/15.0/nios2eds/bin/gnu/h-x86_64-mingw32/bin/../lib/gcc/nios2-elf/4.9.1/../../../../../H-x86_64-mingw32/nios2-elf/lib\libc.a(lib_a-wsetup.o)
 .bss           0x0000000002041908        0x0 c:/altera/15.0/nios2eds/bin/gnu/h-x86_64-mingw32/bin/../lib/gcc/nios2-elf/4.9.1/../../../../../H-x86_64-mingw32/nios2-elf/lib\libc.a(lib_a-dtoa.o)
 .bss           0x0000000002041908        0x0 c:/altera/15.0/nios2eds/bin/gnu/h-x86_64-mingw32/bin/../lib/gcc/nios2-elf/4.9.1/../../../../../H-x86_64-mingw32/nios2-elf/lib\libc.a(lib_a-fflush.o)
 .bss           0x0000000002041908        0x0 c:/altera/15.0/nios2eds/bin/gnu/h-x86_64-mingw32/bin/../lib/gcc/nios2-elf/4.9.1/../../../../../H-x86_64-mingw32/nios2-elf/lib\libc.a(lib_a-findfp.o)
 .bss           0x0000000002041908        0x0 c:/altera/15.0/nios2eds/bin/gnu/h-x86_64-mingw32/bin/../lib/gcc/nios2-elf/4.9.1/../../../../../H-x86_64-mingw32/nios2-elf/lib\libc.a(lib_a-freer.o)
 .bss           0x0000000002041908        0x0 c:/altera/15.0/nios2eds/bin/gnu/h-x86_64-mingw32/bin/../lib/gcc/nios2-elf/4.9.1/../../../../../H-x86_64-mingw32/nios2-elf/lib\libc.a(lib_a-fvwrite.o)
 .bss           0x0000000002041908        0x0 c:/altera/15.0/nios2eds/bin/gnu/h-x86_64-mingw32/bin/../lib/gcc/nios2-elf/4.9.1/../../../../../H-x86_64-mingw32/nios2-elf/lib\libc.a(lib_a-fwalk.o)