Archive member included to satisfy reference by file (symbol)

c:/altera/15.0/nios2eds/bin/gnu/h-x86_64-mingw32/bin/../lib/gcc/nios2-elf/4.9.1/../../../../../H-x86_64-mingw32/nios2-elf/lib\libm.a(lib_a-w_sqrt.o)
                              obj/default/graphic_lib/geometry.o (sqrt)
c:/altera/15.0/nios2eds/bin/gnu/h-x86_64-mingw32/bin/../lib/gcc/nios2-elf/4.9.1/../../../../../H-x86_64-mingw32/nios2-elf/lib\libm.a(lib_a-e_sqrt.o)
                              c:/altera/15.0/nios2eds/bin/gnu/h-x86_64-mingw32/bin/../lib/gcc/nios2-elf/4.9.1/../../../../../H-x86_64-mingw32/nios2-elf/lib\libm.a(lib_a-w_sqrt.o) (__ieee754_sqrt)
c:/altera/15.0/nios2eds/bin/gnu/h-x86_64-mingw32/bin/../lib/gcc/nios2-elf/4.9.1/../../../../../H-x86_64-mingw32/nios2-elf/lib\libm.a(lib_a-s_fpclassify.o)
                              c:/altera/15.0/nios2eds/bin/gnu/h-x86_64-mingw32/bin/../lib/gcc/nios2-elf/4.9.1/../../../../../H-x86_64-mingw32/nios2-elf/lib\libm.a(lib_a-w_sqrt.o) (__fpclassifyd)
c:/altera/15.0/nios2eds/bin/gnu/h-x86_64-mingw32/bin/../lib/gcc/nios2-elf/4.9.1/../../../../../H-x86_64-mingw32/nios2-elf/lib\libm.a(lib_a-s_lib_ver.o)
                              c:/altera/15.0/nios2eds/bin/gnu/h-x86_64-mingw32/bin/../lib/gcc/nios2-elf/4.9.1/../../../../../H-x86_64-mingw32/nios2-elf/lib\libm.a(lib_a-w_sqrt.o) (__fdlib_version)
c:/altera/15.0/nios2eds/bin/gnu/h-x86_64-mingw32/bin/../lib/gcc/nios2-elf/4.9.1/../../../../../H-x86_64-mingw32/nios2-elf/lib\libm.a(lib_a-s_matherr.o)
                              c:/altera/15.0/nios2eds/bin/gnu/h-x86_64-mingw32/bin/../lib/gcc/nios2-elf/4.9.1/../../../../../H-x86_64-mingw32/nios2-elf/lib\libm.a(lib_a-w_sqrt.o) (matherr)
c:/altera/15.0/nios2eds/bin/gnu/h-x86_64-mingw32/bin/../lib/gcc/nios2-elf/4.9.1\libgcc.a(lib2-divmod.o)
                              obj/default/demo/gui.o (__divsi3)
c:/altera/15.0/nios2eds/bin/gnu/h-x86_64-mingw32/bin/../lib/gcc/nios2-elf/4.9.1\libgcc.a(adddf3.o)
                              c:/altera/15.0/nios2eds/bin/gnu/h-x86_64-mingw32/bin/../lib/gcc/nios2-elf/4.9.1/../../../../../H-x86_64-mingw32/nios2-elf/lib\libm.a(lib_a-e_sqrt.o) (__adddf3)
c:/altera/15.0/nios2eds/bin/gnu/h-x86_64-mingw32/bin/../lib/gcc/nios2-elf/4.9.1\libgcc.a(divdf3.o)
                              c:/altera/15.0/nios2eds/bin/gnu/h-x86_64-mingw32/bin/../lib/gcc/nios2-elf/4.9.1/../../../../../H-x86_64-mingw32/nios2-elf/lib\libm.a(lib_a-w_sqrt.o) (__divdf3)
c:/altera/15.0/nios2eds/bin/gnu/h-x86_64-mingw32/bin/../lib/gcc/nios2-elf/4.9.1\libgcc.a(ledf2.o)
                              c:/altera/15.0/nios2eds/bin/gnu/h-x86_64-mingw32/bin/../lib/gcc/nios2-elf/4.9.1/../../../../../H-x86_64-mingw32/nios2-elf/lib\libm.a(lib_a-w_sqrt.o) (__ltdf2)
c:/altera/15.0/nios2eds/bin/gnu/h-x86_64-mingw32/bin/../lib/gcc/nios2-elf/4.9.1\libgcc.a(muldf3.o)
                              c:/altera/15.0/nios2eds/bin/gnu/h-x86_64-mingw32/bin/../lib/gcc/nios2-elf/4.9.1/../../../../../H-x86_64-mingw32/nios2-elf/lib\libm.a(lib_a-e_sqrt.o) (__muldf3)
c:/altera/15.0/nios2eds/bin/gnu/h-x86_64-mingw32/bin/../lib/gcc/nios2-elf/4.9.1\libgcc.a(subdf3.o)
                              c:/altera/15.0/nios2eds/bin/gnu/h-x86_64-mingw32/bin/../lib/gcc/nios2-elf/4.9.1/../../../../../H-x86_64-mingw32/nios2-elf/lib\libm.a(lib_a-e_sqrt.o) (__subdf3)
c:/altera/15.0/nios2eds/bin/gnu/h-x86_64-mingw32/bin/../lib/gcc/nios2-elf/4.9.1\libgcc.a(fixdfsi.o)
                              obj/default/graphic_lib/geometry.o (__fixdfsi)
c:/altera/15.0/nios2eds/bin/gnu/h-x86_64-mingw32/bin/../lib/gcc/nios2-elf/4.9.1\libgcc.a(floatsidf.o)
                              obj/default/graphic_lib/geometry.o (__floatsidf)
c:/altera/15.0/nios2eds/bin/gnu/h-x86_64-mingw32/bin/../lib/gcc/nios2-elf/4.9.1\libgcc.a(_clzsi2.o)
                              c:/altera/15.0/nios2eds/bin/gnu/h-x86_64-mingw32/bin/../lib/gcc/nios2-elf/4.9.1\libgcc.a(adddf3.o) (__clzsi2)
c:/altera/15.0/nios2eds/bin/gnu/h-x86_64-mingw32/bin/../lib/gcc/nios2-elf/4.9.1\libgcc.a(_clz.o)
                              c:/altera/15.0/nios2eds/bin/gnu/h-x86_64-mingw32/bin/../lib/gcc/nios2-elf/4.9.1\libgcc.a(_clzsi2.o) (__clz_tab)
c:/altera/15.0/nios2eds/bin/gnu/h-x86_64-mingw32/bin/../lib/gcc/nios2-elf/4.9.1/../../../../../H-x86_64-mingw32/nios2-elf/lib\libc.a(lib_a-errno.o)
                              c:/altera/15.0/nios2eds/bin/gnu/h-x86_64-mingw32/bin/../lib/gcc/nios2-elf/4.9.1/../../../../../H-x86_64-mingw32/nios2-elf/lib\libm.a(lib_a-w_sqrt.o) (__errno)
c:/altera/15.0/nios2eds/bin/gnu/h-x86_64-mingw32/bin/../lib/gcc/nios2-elf/4.9.1/../../../../../H-x86_64-mingw32/nios2-elf/lib\libc.a(lib_a-impure.o)
                              c:/altera/15.0/nios2eds/bin/gnu/h-x86_64-mingw32/bin/../lib/gcc/nios2-elf/4.9.1/../../../../../H-x86_64-mingw32/nios2-elf/lib\libc.a(lib_a-errno.o) (_impure_ptr)
c:/altera/15.0/nios2eds/bin/gnu/h-x86_64-mingw32/bin/../lib/gcc/nios2-elf/4.9.1/../../../../../H-x86_64-mingw32/nios2-elf/lib\libc.a(lib_a-malloc.o)
[...]
Memory Configuration

Name             Origin             Length             Attributes
reset            0x0000000002000000 0x0000000000000020
SDRAM            0x0000000002000020 0x0000000001ffffe0
background_mem   0x0000000004000000 0x0000000000002580
pic_mem          0x0000000004004000 0x0000000000002000
*default*        0x0000000000000000 0xffffffffffffffff

Linker script and memory map

LOAD ../LT24_final_sw_bsp//obj/HAL/src/crt0.o
LOAD obj/default/demo/gui.o
LOAD obj/default/fonts/tahomabold_20.o
LOAD obj/default/fonts/tahomabold_32.o
LOAD obj/default/graphic_lib/ILI9341.o
LOAD obj/default/graphic_lib/geometry.o
LOAD obj/default/graphic_lib/simple_graphics.o
LOAD obj/default/graphic_lib/simple_text.o
LOAD obj/default/main.o
LOAD obj/default/terasic_lib/accelerometer_adxl345_spi.o
LOAD obj/default/terasic_lib/terasic_spi.o
LOAD obj/default/terasic_lib/touch_spi.o
LOAD c:/altera/15.0/nios2eds/bin/gnu/h-x86_64-mingw32/bin/../lib/gcc/nios2-elf/4.9.1/../../../../../H-x86_64-mingw32/nios2-elf/lib\libstdc++.a
LOAD c:/altera/15.0/nios2eds/bin/gnu/h-x86_64-mingw32/bin/../lib/gcc/nios2-elf/4.9.1/../../../../../H-x86_64-mingw32/nios2-elf/lib\libm.a
LOAD c:/altera/15.0/nios2eds/bin/gnu/h-x86_64-mingw32/bin/../lib/gcc/nios2-elf/4.9.1\libgcc.a
START GROUP
LOAD c:/altera/15.0/nios2eds/bin/gnu/h-x86_64-mingw32/bin/../lib/gcc/nios2-elf/4.9.1/../../../../../H-x86_64-mingw32/nios2-elf/lib\libc.a
LOAD c:/altera/15.0/nios2eds/bin/gnu/h-x86_64-mingw32/bin/../lib/gcc/nios2-elf/4.9.1\libgcc.a
LOAD ../LT24_final_sw_bsp/\libucosii_bsp.a
LOAD c:/altera/15.0/nios2eds/bin/gnu/h-x86_64-mingw32/bin/../lib/gcc/nios2-elf/4.9.1/../../../../../H-x86_64-mingw32/nios2-elf/lib\libm.a
END GROUP
LOAD c:/altera/15.0/nios2eds/bin/gnu/h-x86_64-mingw32/bin/../lib/gcc/nios2-elf/4.9.1\libgcc.a
                0x0000000002000000                __alt_mem_SDRAM = 0x2000000
                0x0000000004000000                __alt_mem_background_mem = 0x4000000
                0x0000000004004000                __alt_mem_pic_mem = 0x4004000

.entry          0x0000000002000000       0x20
 *(.entry)
 .entry         0x0000000002000000       0x20 ../LT24_final_sw_bsp//obj/HAL/src/crt0.o
                0x0000000002000000                __reset

.exceptions     0x0000000002000020      0x19c
                0x0000000002000020                PROVIDE (__ram_exceptions_start, ABSOLUTE (.))
                0x0000000002000020                . = ALIGN (0x20)
 *(.irq)
 *(.exceptions.entry.label)
 .exceptions.entry.label
                0x0000000002000020        0x0 ../LT24_final_sw_bsp/\libucosii_bsp.a(alt_irq_entry.o)
                0x0000000002000020                alt_irq_entry
 .exceptions.entry.label
                0x0000000002000020        0x0 ../LT24_final_sw_bsp/\libucosii_bsp.a(alt_exception_entry.o)
                0x0000000002000020                alt_exception
 *(.exceptions.entry.user)
 *(.exceptions.entry.ecc_fatal)
 *(.exceptions.entry)
 .exceptions.entry
                0x0000000002000020       0x54 ../LT24_final_sw_bsp/\libucosii_bsp.a(alt_exception_entry.o)
 *(.exceptions.irqtest.user)
 *(.exceptions.irqtest)
 .exceptions.irqtest
                0x0000000002000074       0x10 ../LT24_final_sw_bsp/\libucosii_bsp.a(alt_irq_entry.o)
 *(.exceptions.irqhandler.user)
 *(.exceptions.irqhandler)
 .exceptions.irqhandler
                0x0000000002000084        0x4 ../LT24_final_sw_bsp/\libucosii_bsp.a(alt_irq_entry.o)
 *(.exceptions.irqreturn.user)
 *(.exceptions.irqreturn)
 .exceptions.irqreturn
                0x0000000002000088        0x4 ../LT24_final_sw_bsp/\libucosii_bsp.a(alt_irq_entry.o)
 *(.exceptions.notirq.label)
 .exceptions.notirq.label
                0x000000000200008c        0x0 ../LT24_final_sw_bsp/\libucosii_bsp.a(alt_irq_entry.o)
 *(.exceptions.notirq.user)
 *(.exceptions.notirq)
 .exceptions.notirq
                0x000000000200008c        0x8 ../LT24_final_sw_bsp/\libucosii_bsp.a(alt_exception_entry.o)
 *(.exceptions.soft.user)
 *(.exceptions.soft)
 *(.exceptions.unknown.user)
 *(.exceptions.unknown)
 .exceptions.unknown
                0x0000000002000094        0x4 ../LT24_final_sw_bsp/\libucosii_bsp.a(alt_exception_entry.o)
 *(.exceptions.exit.label)
 .exceptions.exit.label
                0x0000000002000098        0x0 ../LT24_final_sw_bsp/\libucosii_bsp.a(alt_irq_entry.o)
 .exceptions.exit.label
                0x0000000002000098        0x0 ../LT24_final_sw_bsp/\libucosii_bsp.a(alt_exception_entry.o)
 *(.exceptions.exit.user)
 *(.exceptions.exit)
 .exceptions.exit
                0x0000000002000098       0x54 ../LT24_final_sw_bsp/\libucosii_bsp.a(alt_exception_entry.o)
 *(.exceptions)
 .exceptions    0x00000000020000ec       0xd0 ../LT24_final_sw_bsp/\libucosii_bsp.a(alt_irq_handler.o)
                0x00000000020000ec                alt_irq_handler
                0x00000000020001bc                PROVIDE (__ram_exceptions_end, ABSOLUTE (.))
                0x0000000002000020                PROVIDE (__flash_exceptions_start, LOADADDR (.exceptions))

.text           0x00000000020001bc    0x20360
                0x00000000020001bc                PROVIDE (stext, ABSOLUTE (.))
 *(.interp)
 *(.hash)
 *(.dynsym)
 *(.dynstr)
 *(.gnu.version)
 *(.gnu.version_d)
 *(.gnu.version_r)
 *(.rel.init)
 *(.rela.init)
 *(.rel.text .rel.text.* .rel.gnu.linkonce.t.*)
 *(.rela.text .rela.text.* .rela.gnu.linkonce.t.*)
 *(.rel.fini)
 *(.rela.fini)
 *(.rel.rodata .rel.rodata.* .rel.gnu.linkonce.r.*)
 *(.rela.rodata .rela.rodata.* .rela.gnu.linkonce.r.*)
 *(.rel.data .rel.data.* .rel.gnu.linkonce.d.*)
 *(.rela.data .rela.data.* .rela.gnu.linkonce.d.*)
 *(.rel.tdata .rel.tdata.* .rel.gnu.linkonce.td.*)
 *(.rela.tdata .rela.tdata.* .rela.gnu.linkonce.td.*)
 *(.rel.tbss .rel.tbss.* .rel.gnu.linkonce.tb.*)
 *(.rela.tbss .rela.tbss.* .rela.gnu.linkonce.tb.*)
 *(.rel.ctors)
 *(.rela.ctors)
 *(.rel.dtors)
 *(.rela.dtors)
 *(.rel.got)
 *(.rela.got)
 *(.rel.sdata .rel.sdata.* .rel.gnu.linkonce.s.*)
 *(.rela.sdata .rela.sdata.* .rela.gnu.linkonce.s.*)
 *(.rel.sbss .rel.sbss.* .rel.gnu.linkonce.sb.*)
 *(.rela.sbss .rela.sbss.* .rela.gnu.linkonce.sb.*)
 *(.rel.sdata2 .rel.sdata2.* .rel.gnu.linkonce.s2.*)
 *(.rela.sdata2 .rela.sdata2.* .rela.gnu.linkonce.s2.*)
 *(.rel.sbss2 .rel.sbss2.* .rel.gnu.linkonce.sb2.*)
 *(.rela.sbss2 .rela.sbss2.* .rela.gnu.linkonce.sb2.*)
 *(.rel.bss .rel.bss.* .rel.gnu.linkonce.b.*)
 *(.rela.bss .rela.bss.* .rela.gnu.linkonce.b.*)
 *(.rel.plt)
 *(.rela.plt)
 *(.rel.dyn)
 *(.init)
 *(.plt)
 *(.text .stub .text.* .gnu.linkonce.t.*)
 .text          0x00000000020001bc       0x4c ../LT24_final_sw_bsp//obj/HAL/src/crt0.o
                0x00000000020001bc                _start
 .text          0x0000000002000208      0x928 obj/default/demo/gui.o
                0x0000000002000208                GUI_ShowWelcome
                0x00000000020002d8                GUI_ShowInfo
                0x0000000002000338                GUI_ShowTouchPoint
                0x0000000002000390                GUI_InitDraw
                0x00000000020004b4                GUI_Buttons_Draw
                0x00000000020005d8                GUI_CMD_Init
                0x00000000020006f4                GUI_CMD_Draw
                0x00000000020007ac                GUI_CMD_Lightning
                0x00000000020008d8                GUI_Jump_DrawBG
                0x0000000002000998                GUI_Jump_DrawStep
                0x0000000002000a14                GUI_CheckCMD
                0x0000000002000aa0                GUI_CheckGen
 .text          0x0000000002000b30        0x0 obj/default/fonts/tahomabold_20.o
 .text          0x0000000002000b30        0x0 obj/default/fonts/tahomabold_32.o
 .text          0x0000000002000b30      0xae8 obj/default/graphic_lib/ILI9341.o
                0x0000000002000b30                Delay_Ms
                0x0000000002000b7c                LCD_SetCursor
                0x0000000002000c30                LCD_Clear
                0x0000000002000cb0                LCD_DrawPoint
                0x0000000002000d1c                LCD_Init
                0x0000000002001388                LCD_Pattern_Horizon
                0x00000000020014c0                LCD_Pattern_Vertical
                0x00000000020015a0                Set_BUFFER_FLAG
                0x00000000020015dc                Clr_BUFFER_FLAG
 .text          0x0000000002001618      0x3f4 obj/default/graphic_lib/geometry.o
                0x0000000002001618                IsPtInRect
                0x000000000200169c                PtSet
                0x00000000020016dc                RectSet
                0x0000000002001738                RectInflate
                0x00000000020017c0                RectOffset
                0x0000000002001848                RectCopy
                0x00000000020018ac                RectWidth
                0x00000000020018e0                RectHeight
                0x0000000002001914                PtDistance
                0x00000000020019c8                PtCopy
 .text          0x0000000002001a0c     0x2bcc obj/default/graphic_lib/simple_graphics.o
                0x0000000002001a0c                vid_clean_screen
                0x0000000002001a68                vid_clean_usefull
                0x0000000002001ac4                vid_clean_buttons
                0x0000000002001b38                vid_draw_line
                0x0000000002001bfc                vid_draw_DR
                0x0000000002001c74                vid_draw_DL
                0x0000000002001cec                vid_draw_UR
                0x0000000002001d64                vid_draw_UL
                0x0000000002001ddc                vid_scroll_string_quit
                0x0000000002001e1c                vid_scroll_string_init
                0x0000000002001f70                vid_scroll_string
                0x00000000020022e0                vid_move_block
                0x00000000020023fc                vid_print_string
                0x0000000002002504                vid_draw_box
                0x000000000200264c                vid_draw_arrow
                0x0000000002002914                vid_print_char
                0x0000000002002a04                vid_set_pixel
                0x0000000002002aa0                vid_get_pixel
                0x0000000002002ae0                vid_paint_block
                0x0000000002002b74                vid_draw_horiz_line
                0x0000000002002bec                vid_merge_colors
                0x0000000002002c38                vid_color_convert24_16
                0x0000000002002cd8                vid_color_convert16_24
                0x0000000002002d44                vid_copy_line_to_frame_buffer
                0x0000000002002d88                vid_draw_sloped_line
                0x0000000002002ff0                vid_draw_circle
                0x000000000200312c                vid_draw_round_corner_box
                0x00000000020034c8                vid_round_corner_points
                0x0000000002003c00                max3
                0x0000000002003c54                min3
                0x0000000002003ca8                max_diff3
                0x0000000002003d0c                vid_put_pixel_in_span_map
                0x0000000002003e0c                vid_bres_scan_edges
                0x000000000200404c                vid_draw_triangle
                0x00000000020043c4                CopyImage16
                0x00000000020044a8                CropImage16
 .text          0x00000000020045d8      0x9f8 obj/default/graphic_lib/simple_text.o
                0x00000000020045d8                vid_print_string_alpha
                0x0000000002004834                seperate_color_channels
                0x000000000200497c                merge_color_channels
                0x0000000002004aac                read_from_frame
                0x0000000002004af0                alpha_blending
                0x0000000002004d3c                vid_print_char_alpha
                0x0000000002004ef0                vid_string_pixel_length_alpha
 .text          0x0000000002004fd0      0xaf0 obj/default/main.o
                0x0000000002004fd0                task1
                0x0000000002005284                task2
                0x000000000200555c                task3
                0x00000000020059b0                main
 .text          0x0000000002005ac0      0x2cc obj/default/terasic_lib/accelerometer_adxl345_spi.o
                0x0000000002005ac0                ADXL345_SPI_Init
                0x0000000002005b80                ADXL345_SPI_WaitDataReady
                0x0000000002005c18                ADXL345_SPI_IsDataReady
                0x0000000002005c7c                ADXL345_SPI_XYZ_Read
                0x0000000002005d48                ADXL345_SPI_IdRead
 .text          0x0000000002005d8c      0x34c obj/default/terasic_lib/terasic_spi.o
                0x0000000002005d8c                SPI_Init
                0x0000000002005de0                SPI_MultipleWrite
                0x0000000002005efc                SPI_Write
                0x0000000002005f50                SPI_MultipleRead
                0x000000000200608c                SPI_Read
 .text          0x00000000020060d8      0xa38 obj/default/terasic_lib/touch_spi.o
                0x00000000020060d8                Touch_Init
                0x000000000200624c                Touch_UnInit
                0x00000000020062b4                Touch_EmptyFifo
                0x00000000020062ec                Touch_GetXY
                0x0000000002006434                touch_isr
                0x00000000020064a8                touch_empty_fifo
                0x00000000020064d8                touch_is_pen_pressed
                0x0000000002006518                touch_enable_penirq
                0x0000000002006678                touch_clear_input
                0x00000000020066a8                touch_get_xy
                0x00000000020069c0                touch_alarm_callback
                0x0000000002006a38                touch_xy_transform
 .text          0x0000000002006b10      0x130 c:/altera/15.0/nios2eds/bin/gnu/h-x86_64-mingw32/bin/../lib/gcc/nios2-elf/4.9.1/../../../../../H-x86_64-mingw32/nios2-elf/lib\libm.a(lib_a-w_sqrt.o)
                0x0000000002006b10                sqrt
 .text          0x0000000002006c40      0x294 c:/altera/15.0/nios2eds/bin/gnu/h-x86_64-mingw32/bin/../lib/gcc/nios2-elf/4.9.1/../../../../../H-x86_64-mingw32/nios2-elf/lib\libm.a(lib_a-e_sqrt.o)
                0x0000000002006c40                __ieee754_sqrt
 .text          0x0000000002006ed4       0x74 c:/altera/15.0/nios2eds/bin/gnu/h-x86_64-mingw32/bin/../lib/gcc/nios2-elf/4.9.1/../../../../../H-x86_64-mingw32/nios2-elf/lib\libm.a(lib_a-s_fpclassify.o)
                0x0000000002006ed4                __fpclassifyd
 .text          0x0000000002006f48        0x0 c:/altera/15.0/nios2eds/bin/gnu/h-x86_64-mingw32/bin/../lib/gcc/nios2-elf/4.9.1/../../../../../H-x86_64-mingw32/nios2-elf/lib\libm.a(lib_a-s_lib_ver.o)
 .text          0x0000000002006f48        0x8 c:/altera/15.0/nios2eds/bin/gnu/h-x86_64-mingw32/bin/../lib/gcc/nios2-elf/4.9.1/../../../../../H-x86_64-mingw32/nios2-elf/lib\libm.a(lib_a-s_matherr.o)
                0x0000000002006f48                matherr
 .text          0x0000000002006f50      0x12c c:/altera/15.0/nios2eds/bin/gnu/h-x86_64-mingw32/bin/../lib/gcc/nios2-elf/4.9.1\libgcc.a(lib2-divmod.o)
                0x0000000002006fbc                __divsi3
                0x0000000002007010                __modsi3
                0x000000000200706c                __udivsi3
                0x0000000002007074                __umodsi3
 .text          0x000000000200707c      0x89c c:/altera/15.0/nios2eds/bin/gnu/h-x86_64-mingw32/bin/../lib/gcc/nios2-elf/4.9.1\libgcc.a(adddf3.o)
                0x000000000200707c                __adddf3
 .text          0x0000000002007918      0x8cc c:/altera/15.0/nios2eds/bin/gnu/h-x86_64-mingw32/bin/../lib/gcc/nios2-elf/4.9.1\libgcc.a(divdf3.o)
                0x0000000002007918                __divdf3
 .text          0x00000000020081e4       0xe0 c:/altera/15.0/nios2eds/bin/gnu/h-x86_64-mingw32/bin/../lib/gcc/nios2-elf/4.9.1\libgcc.a(ledf2.o)
                0x00000000020081e4                __ledf2
                0x00000000020081e4                __ltdf2
 .text          0x00000000020082c4      0x724 c:/altera/15.0/nios2eds/bin/gnu/h-x86_64-mingw32/bin/../lib/gcc/nios2-elf/4.9.1\libgcc.a(muldf3.o)
                0x00000000020082c4                __muldf3
 .text          0x00000000020089e8      0x8d0 c:/altera/15.0/nios2eds/bin/gnu/h-x86_64-mingw32/bin/../lib/gcc/nios2-elf/4.9.1\libgcc.a(subdf3.o)
                0x00000000020089e8                __subdf3
 .text          0x00000000020092b8       0x88 c:/altera/15.0/nios2eds/bin/gnu/h-x86_64-mingw32/bin/../lib/gcc/nios2-elf/4.9.1\libgcc.a(fixdfsi.o)
                0x00000000020092b8                __fixdfsi
 .text          0x0000000002009340       0xd0 c:/altera/15.0/nios2eds/bin/gnu/h-x86_64-mingw32/bin/../lib/gcc/nios2-elf/4.9.1\libgcc.a(floatsidf.o)
                0x0000000002009340                __floatsidf
 .text          0x0000000002009410       0x64 c:/altera/15.0/nios2eds/bin/gnu/h-x86_64-mingw32/bin/../lib/gcc/nios2-elf/4.9.1\libgcc.a(_clzsi2.o)
                0x0000000002009410                __clzsi2
 .text          0x0000000002009474        0x0 c:/altera/15.0/nios2eds/bin/gnu/h-x86_64-mingw32/bin/../lib/gcc/nios2-elf/4.9.1\libgcc.a(_clz.o)
 .text          0x0000000002009474       0x10 c:/altera/15.0/nios2eds/bin/gnu/h-x86_64-mingw32/bin/../lib/gcc/nios2-elf/4.9.1/../../../../../H-x86_64-mingw32/nios2-elf/lib\libc.a(lib_a-errno.o)
                0x0000000002009474                __errno
 .text          0x0000000002009484        0x0 c:/altera/15.0/nios2eds/bin/gnu/h-x86_64-mingw32/bin/../lib/gcc/nios2-elf/4.9.1/../../../../../H-x86_64-mingw32/nios2-elf/lib\libc.a(lib_a-impure.o)
 .text          0x0000000002009484       0x28 c:/altera/15.0/nios2eds/bin/gnu/h-x86_64-mingw32/bin/../lib/gcc/nios2-elf/4.9.1/../../../../../H-x86_64-mingw32/nios2-elf/lib\libc.a(lib_a-malloc.o)
                0x0000000002009484                malloc
                0x0000000002009498                free
 .text          0x00000000020094ac      0x7a8 c:/altera/15.0/nios2eds/bin/gnu/h-x86_64-mingw32/bin/../lib/gcc/nios2-elf/4.9.1/../../../../../H-x86_64-mingw32/nios2-elf/lib\libc.a(lib_a-mallocr.o)
                0x00000000020094ac                _malloc_r
 .text          0x0000000002009c54      0x138 c:/altera/15.0/nios2eds/bin/gnu/h-x86_64-mingw32/bin/../lib/gcc/nios2-elf/4.9.1/../../../../../H-x86_64-mingw32/nios2-elf/lib\libc.a(lib_a-memcpy.o)
                0x0000000002009c54                memcpy
 .text          0x0000000002009d8c      0x124 c:/altera/15.0/nios2eds/bin/gnu/h-x86_64-mingw32/bin/../lib/gcc/nios2-elf/4.9.1/../../../../../H-x86_64-mingw32/nios2-elf/lib\libc.a(lib_a-memset.o)
                0x0000000002009d8c                memset
 .text          0x0000000002009eb0       0x68 c:/altera/15.0/nios2eds/bin/gnu/h-x86_64-mingw32/bin/../lib/gcc/nios2-elf/4.9.1/../../../../../H-x86_64-mingw32/nios2-elf/lib\libc.a(lib_a-printf.o)
                0x0000000002009eb0                _printf_r
                0x0000000002009edc                printf
 .text          0x0000000002009f18       0xcc c:/altera/15.0/nios2eds/bin/gnu/h-x86_64-mingw32/bin/../lib/gcc/nios2-elf/4.9.1/../../../../../H-x86_64-mingw32/nios2-elf/lib\libc.a(lib_a-puts.o)
                0x0000000002009f18                _puts_r
                0x0000000002009fd0                puts
 .text          0x0000000002009fe4       0x54 c:/altera/15.0/nios2eds/bin/gnu/h-x86_64-mingw32/bin/../lib/gcc/nios2-elf/4.9.1/../../../../../H-x86_64-mingw32/nios2-elf/lib\libc.a(lib_a-sbrkr.o)
                0x0000000002009fe4                _sbrk_r
 .text          0x000000000200a038       0x90 c:/altera/15.0/nios2eds/bin/gnu/h-x86_64-mingw32/bin/../lib/gcc/nios2-elf/4.9.1/../../../../../H-x86_64-mingw32/nios2-elf/lib\libc.a(lib_a-strcpy.o)
                0x000000000200a038                strcpy
 .text          0x000000000200a0c8       0x98 c:/altera/15.0/nios2eds/bin/gnu/h-x86_64-mingw32/bin/../lib/gcc/nios2-elf/4.9.1/../../../../../H-x86_64-mingw32/nios2-elf/lib\libc.a(lib_a-strlen.o)
                0x000000000200a0c8                strlen
 .text          0x000000000200a160     0x2020 c:/altera/15.0/nios2eds/bin/gnu/h-x86_64-mingw32/bin/../lib/gcc/nios2-elf/4.9.1/../../../../../H-x86_64-mingw32/nios2-elf/lib\libc.a(lib_a-vfprintf.o)
                0x000000000200a160                ___vfprintf_internal_r
                0x000000000200c15c                __vfprintf_internal
 .text          0x000000000200c180      0x130 c:/altera/15.0/nios2eds/bin/gnu/h-x86_64-mingw32/bin/../lib/gcc/nios2-elf/4.9.1/../../../../../H-x86_64-mingw32/nios2-elf/lib\libc.a(lib_a-wsetup.o)
                0x000000000200c180                __swsetup_r
 .text          0x000000000200c2b0     0x1928 c:/altera/15.0/nios2eds/bin/gnu/h-x86_64-mingw32/bin/../lib/gcc/nios2-elf/4.9.1/../../../../../H-x86_64-mingw32/nios2-elf/lib\libc.a(lib_a-dtoa.o)
                0x000000000200c4b0                _dtoa_r
 .text          0x000000000200dbd8      0x258 c:/altera/15.0/nios2eds/bin/gnu/h-x86_64-mingw32/bin/../lib/gcc/nios2-elf/4.9.1/../../../../../H-x86_64-mingw32/nios2-elf/lib\libc.a(lib_a-fflush.o)
                0x000000000200dbd8                _fflush_r
                0x000000000200de00                fflush
 .text          0x000000000200de30      0x3a0 c:/altera/15.0/nios2eds/bin/gnu/h-x86_64-mingw32/bin/../lib/gcc/nios2-elf/4.9.1/../../../../../H-x86_64-mingw32/nios2-elf/lib\libc.a(lib_a-findfp.o)
                0x000000000200de40                _cleanup_r
                0x000000000200dfec                __sfmoreglue
                0x000000000200e050                __sfp
                0x000000000200e168                _cleanup
                0x000000000200e180                __sinit
                0x000000000200e190                __sfp_lock_acquire
                0x000000000200e194                __sfp_lock_release
                0x000000000200e198                __sinit_lock_acquire
                0x000000000200e19c                __sinit_lock_release
                0x000000000200e1a0                __fp_lock_all
                0x000000000200e1b8                __fp_unlock_all
 .text          0x000000000200e1d0      0x414 c:/altera/15.0/nios2eds/bin/gnu/h-x86_64-mingw32/bin/../lib/gcc/nios2-elf/4.9.1/../../../../../H-x86_64-mingw32/nios2-elf/lib\libc.a(lib_a-freer.o)
                0x000000000200e1d0                _malloc_trim_r
                0x000000000200e2f4                _free_r
 .text          0x000000000200e5e4      0x4a4 c:/altera/15.0/nios2eds/bin/gnu/h-x86_64-mingw32/bin/../lib/gcc/nios2-elf/4.9.1/../../../../../H-x86_64-mingw32/nios2-elf/lib\libc.a(lib_a-fvwrite.o)
                0x000000000200e5e4                __sfvwrite_r
 .text          0x000000000200ea88      0x170 c:/altera/15.0/nios2eds/bin/gnu/h-x86_64-mingw32/bin/../lib/gcc/nios2-elf/4.9.1/../../../../../H-x86_64-mingw32/nios2-elf/lib\libc.a(lib_a-fwalk.o)
                0x000000000200ea88                _fwalk
                0x000000000200eb40                _fwalk_reent
 .text          0x000000000200ebf8        0x0 c:/altera/15.0/nios2eds/bin/gnu/h-x86_64-mingw32/bin/../lib/gcc/nios2-elf/4.9.1/../../../../../H-x86_64-mingw32/nios2-elf/lib\libc.a(lib_a-int_errno.o)
 .text          0x000000000200ebf8       0xe0 c:/altera/15.0/nios2eds/bin/gnu/h-x86_64-mingw32/bin/../lib/gcc/nios2-elf/4.9.1/../../../../../H-x86_64-mingw32/nios2-elf/lib\libc.a(lib_a-locale.o)
                0x000000000200ebf8                _setlocale_r
                0x000000000200ec74                __locale_charset
                0x000000000200ec80                __locale_mb_cur_max
                0x000000000200ec90                __locale_msgcharset
                0x000000000200ec9c                __locale_cjk_lang
                0x000000000200eca4                _localeconv_r
                0x000000000200ecb0                setlocale
                0x000000000200eccc                localeconv
 .text          0x000000000200ecd8      0x1b8 c:/altera/15.0/nios2eds/bin/gnu/h-x86_64-mingw32/bin/../lib/gcc/nios2-elf/4.9.1/../../../../../H-x86_64-mingw32/nios2-elf/lib\libc.a(lib_a-makebuf.o)
                0x000000000200ecd8                __smakebuf_r
 .text          0x000000000200ee90       0xe8 c:/altera/15.0/nios2eds/bin/gnu/h-x86_64-mingw32/bin/../lib/gcc/nios2-elf/4.9.1/../../../../../H-x86_64-mingw32/nios2-elf/lib\libc.a(lib_a-memchr.o)
                0x000000000200ee90                memchr
 .text          0x000000000200ef78      0x15c c:/altera/15.0/nios2eds/bin/gnu/h-x86_64-mingw32/bin/../lib/gcc/nios2-elf/4.9.1/../../../../../H-x86_64-mingw32/nios2-elf/lib\libc.a(lib_a-memmove.o)
                0x000000000200ef78                memmove
 .text          0x000000000200f0d4      0xf8c c:/altera/15.0/nios2eds/bin/gnu/h-x86_64-mingw32/bin/../lib/gcc/nios2-elf/4.9.1/../../../../../H-x86_64-mingw32/nios2-elf/lib\libc.a(lib_a-mprec.o)
                0x000000000200f0d4                _Balloc
                0x000000000200f17c                _Bfree
                0x000000000200f1a4                __multadd
                0x000000000200f2b8                __s2b
                0x000000000200f3bc                __hi0bits
                0x000000000200f424                __lo0bits
                0x000000000200f4d4                __i2b
                0x000000000200f510                __multiply
                0x000000000200f70c                __pow5mult
                0x000000000200f84c                __lshift
                0x000000000200f994                __mcmp
                0x000000000200f9f4                __mdiff
                0x000000000200fb8c                __ulp
                0x000000000200fbec                __b2d
                0x000000000200fd08                __d2b
                0x000000000200fe44                __ratio
                0x000000000200fee8                _mprec_log10
                0x000000000200ff5c                __copybits
                0x000000000200ffd4                __any_on
 .text          0x0000000002010060      0x5a0 c:/altera/15.0/nios2eds/bin/gnu/h-x86_64-mingw32/bin/../lib/gcc/nios2-elf/4.9.1/../../../../../H-x86_64-mingw32/nios2-elf/lib\libc.a(lib_a-reallocr.o)
                0x0000000002010060                _realloc_r
 .text          0x0000000002010600      0x13c c:/altera/15.0/nios2eds/bin/gnu/h-x86_64-mingw32/bin/../lib/gcc/nios2-elf/4.9.1/../../../../../H-x86_64-mingw32/nios2-elf/lib\libc.a(lib_a-stdio.o)
                0x0000000002010600                __sread
                0x0000000002010654                __seofread
                0x000000000201065c                __swrite
                0x00000000020106d8                __sseek
                0x0000000002010734                __sclose
 .text          0x000000000201073c       0xa4 c:/altera/15.0/nios2eds/bin/gnu/h-x86_64-mingw32/bin/../lib/gcc/nios2-elf/4.9.1/../../../../../H-x86_64-mingw32/nios2-elf/lib\libc.a(lib_a-strcmp.o)
                0x000000000201073c                strcmp
 .text          0x00000000020107e0     0x1494 c:/altera/15.0/nios2eds/bin/gnu/h-x86_64-mingw32/bin/../lib/gcc/nios2-elf/4.9.1/../../../../../H-x86_64-mingw32/nios2-elf/lib\libc.a(lib_a-vfiprintf.o)
                0x00000000020108dc                __sprint_r
                0x00000000020108f4                ___vfiprintf_internal_r
                0x0000000002011c50                __vfiprintf_internal
 .text          0x0000000002011c74       0x5c c:/altera/15.0/nios2eds/bin/gnu/h-x86_64-mingw32/bin/../lib/gcc/nios2-elf/4.9.1/../../../../../H-x86_64-mingw32/nios2-elf/lib\libc.a(lib_a-writer.o)
                0x0000000002011c74                _write_r
 .text          0x0000000002011cd0       0x54 c:/altera/15.0/nios2eds/bin/gnu/h-x86_64-mingw32/bin/../lib/gcc/nios2-elf/4.9.1/../../../../../H-x86_64-mingw32/nios2-elf/lib\libc.a(closer.o)
                0x0000000002011cd0                _close_r
 .text          0x0000000002011d24       0xc4 c:/altera/15.0/nios2eds/bin/gnu/h-x86_64-mingw32/bin/../lib/gcc/nios2-elf/4.9.1/../../../../../H-x86_64-mingw32/nios2-elf/lib\libc.a(lib_a-callocr.o)
                0x0000000002011d24                _calloc_r
 .text          0x0000000002011de8      0x114 c:/altera/15.0/nios2eds/bin/gnu/h-x86_64-mingw32/bin/../lib/gcc/nios2-elf/4.9.1/../../../../../H-x86_64-mingw32/nios2-elf/lib\libc.a(lib_a-fclose.o)
                0x0000000002011de8                _fclose_r
                0x0000000002011ee8                fclose
 .text          0x0000000002011efc      0x1dc c:/altera/15.0/nios2eds/bin/gnu/h-x86_64-mingw32/bin/../lib/gcc/nios2-elf/4.9.1/../../../../../H-x86_64-mingw32/nios2-elf/lib\libc.a(lib_a-fputwc.o)
                0x0000000002011efc                _fputwc_r
                0x0000000002012080                fputwc
 .text          0x00000000020120d8       0x58 c:/altera/15.0/nios2eds/bin/gnu/h-x86_64-mingw32/bin/../lib/gcc/nios2-elf/4.9.1/../../../../../H-x86_64-mingw32/nios2-elf/lib\libc.a(lib_a-fstatr.o)
                0x00000000020120d8                _fstat_r
 .text          0x0000000002012130       0x54 c:/altera/15.0/nios2eds/bin/gnu/h-x86_64-mingw32/bin/../lib/gcc/nios2-elf/4.9.1/../../../../../H-x86_64-mingw32/nios2-elf/lib\libc.a(lib_a-isattyr.o)
                0x0000000002012130                _isatty_r
 .text          0x0000000002012184       0x5c c:/altera/15.0/nios2eds/bin/gnu/h-x86_64-mingw32/bin/../lib/gcc/nios2-elf/4.9.1/../../../../../H-x86_64-mingw32/nios2-elf/lib\libc.a(lib_a-lseekr.o)
                0x0000000002012184                _lseek_r
 .text          0x00000000020121e0       0x5c c:/altera/15.0/nios2eds/bin/gnu/h-x86_64-mingw32/bin/../lib/gcc/nios2-elf/4.9.1/../../../../../H-x86_64-mingw32/nios2-elf/lib\libc.a(lib_a-readr.o)
                0x00000000020121e0                _read_r
 .text          0x000000000201223c      0x170 c:/altera/15.0/nios2eds/bin/gnu/h-x86_64-mingw32/bin/../lib/gcc/nios2-elf/4.9.1/../../../../../H-x86_64-mingw32/nios2-elf/lib\libc.a(lib_a-wbuf.o)
                0x000000000201223c                __swbuf_r
                0x0000000002012390                __swbuf
 .text          0x00000000020123ac      0x174 c:/altera/15.0/nios2eds/bin/gnu/h-x86_64-mingw32/bin/../lib/gcc/nios2-elf/4.9.1/../../../../../H-x86_64-mingw32/nios2-elf/lib\libc.a(lib_a-wcrtomb.o)
                0x00000000020123ac                _wcrtomb_r
                0x0000000002012448                wcrtomb
 .text          0x0000000002012520       0x8c c:/altera/15.0/nios2eds/bin/gnu/h-x86_64-mingw32/bin/../lib/gcc/nios2-elf/4.9.1/../../../../../H-x86_64-mingw32/nios2-elf/lib\libc.a(lib_a-wctomb_r.o)
                0x0000000002012520                __ascii_wctomb
                0x0000000002012550                _wctomb_r
 .text          0x00000000020125ac      0x5c0 c:/altera/15.0/nios2eds/bin/gnu/h-x86_64-mingw32/bin/../lib/gcc/nios2-elf/4.9.1\libgcc.a(_udivdi3.o)
                0x00000000020125ac                __udivdi3
 .text          0x0000000002012b6c      0x590 c:/altera/15.0/nios2eds/bin/gnu/h-x86_64-mingw32/bin/../lib/gcc/nios2-elf/4.9.1\libgcc.a(_umoddi3.o)
                0x0000000002012b6c                __umoddi3
 .text          0x00000000020130fc       0x84 c:/altera/15.0/nios2eds/bin/gnu/h-x86_64-mingw32/bin/../lib/gcc/nios2-elf/4.9.1\libgcc.a(eqdf2.o)
                0x00000000020130fc                __nedf2
                0x00000000020130fc                __eqdf2
 .text          0x0000000002013180       0xe0 c:/altera/15.0/nios2eds/bin/gnu/h-x86_64-mingw32/bin/../lib/gcc/nios2-elf/4.9.1\libgcc.a(gedf2.o)
                0x0000000002013180                __gedf2
                0x0000000002013180                __gtdf2
 .text          0x0000000002013260       0xa4 c:/altera/15.0/nios2eds/bin/gnu/h-x86_64-mingw32/bin/../lib/gcc/nios2-elf/4.9.1\libgcc.a(floatunsidf.o)
                0x0000000002013260                __floatunsidf
 .text          0x0000000002013304      0x140 ../LT24_final_sw_bsp/\libucosii_bsp.a(alt_alarm_start.o)
                0x0000000002013304                alt_alarm_start
 .text          0x0000000002013444      0x120 ../LT24_final_sw_bsp/\libucosii_bsp.a(alt_close.o)
                0x0000000002013494                close
 .text          0x0000000002013564       0x2c ../LT24_final_sw_bsp/\libucosii_bsp.a(alt_dev.o)
 .text          0x0000000002013590        0x0 ../LT24_final_sw_bsp/\libucosii_bsp.a(alt_errno.o)
 .text          0x0000000002013590      0x100 ../LT24_final_sw_bsp/\libucosii_bsp.a(alt_fstat.o)
                0x00000000020135e0                fstat
 .text          0x0000000002013690      0x1e0 ../LT24_final_sw_bsp/\libucosii_bsp.a(alt_iic.o)
                0x0000000002013690                alt_ic_isr_register
                0x00000000020136e0                alt_ic_irq_enable
                0x0000000002013780                alt_ic_irq_disable
                0x0000000002013824                alt_ic_irq_enabled
 .text          0x0000000002013870       0xf0 ../LT24_final_sw_bsp/\libucosii_bsp.a(alt_iic_isr_register.o)
                0x0000000002013870                alt_iic_isr_register
 .text          0x0000000002013960        0x0 ../LT24_final_sw_bsp/\libucosii_bsp.a(alt_irq_entry.o)
 .text          0x0000000002013960        0x0 ../LT24_final_sw_bsp/\libucosii_bsp.a(alt_irq_handler.o)
 .text          0x0000000002013960        0x0 ../LT24_final_sw_bsp/\libucosii_bsp.a(alt_irq_vars.o)
 .text          0x0000000002013960       0xf4 ../LT24_final_sw_bsp/\libucosii_bsp.a(alt_isatty.o)
                0x00000000020139b0                isatty
 .text          0x0000000002013a54       0xe4 ../LT24_final_sw_bsp/\libucosii_bsp.a(alt_load.o)
                0x0000000002013ab8                alt_load
 .text          0x0000000002013b38      0x124 ../LT24_final_sw_bsp/\libucosii_bsp.a(alt_lseek.o)
                0x0000000002013b88                lseek
 .text          0x0000000002013c5c       0xd4 ../LT24_final_sw_bsp/\libucosii_bsp.a(alt_main.o)
                0x0000000002013c5c                alt_main
 .text          0x0000000002013d30      0x14c ../LT24_final_sw_bsp/\libucosii_bsp.a(alt_read.o)
                0x0000000002013d80                read
 .text          0x0000000002013e7c       0x60 ../LT24_final_sw_bsp/\libucosii_bsp.a(alt_release_fd.o)
                0x0000000002013e7c                alt_release_fd
 .text          0x0000000002013edc       0xb0 ../LT24_final_sw_bsp/\libucosii_bsp.a(alt_sbrk.o)
                0x0000000002013edc                sbrk
 .text          0x0000000002013f8c      0x19c ../LT24_final_sw_bsp/\libucosii_bsp.a(alt_tick.o)
                0x0000000002013f8c                alt_alarm_stop
                0x0000000002014024                alt_tick
 .text          0x0000000002014128      0x124 ../LT24_final_sw_bsp/\libucosii_bsp.a(alt_usleep.o)
                0x0000000002014128                usleep
 .text          0x000000000201424c      0x148 ../LT24_final_sw_bsp/\libucosii_bsp.a(alt_write.o)
                0x000000000201429c                write
 .text          0x0000000002014394      0x11c ../LT24_final_sw_bsp/\libucosii_bsp.a(alt_env_lock.o)
                0x0000000002014394                __env_lock
                0x0000000002014454                __env_unlock
 .text          0x00000000020144b0      0x1f0 ../LT24_final_sw_bsp/\libucosii_bsp.a(alt_malloc_lock.o)
                0x00000000020144b0                __malloc_lock
                0x00000000020145d0                __malloc_unlock
 .text          0x00000000020146a0     0x1fe0 ../LT24_final_sw_bsp/\libucosii_bsp.a(os_core.o)
                0x00000000020146a0                OSEventNameGet
                0x00000000020147c0                OSEventNameSet
                0x00000000020148fc                OSEventPendMulti
                0x0000000002014f0c                OSInit
                0x0000000002014f60                OSIntEnter
                0x0000000002014fdc                OSIntExit
                0x00000000020150d0                OSSchedLock
                0x0000000002015158                OSSchedUnlock
                0x0000000002015230                OSStart
                0x000000000201529c                OSStatInit
                0x0000000002015348                OSTimeTick
                0x0000000002015564                OSVersion
                0x0000000002015584                OS_Dummy
                0x00000000020155a0                OS_EventTaskRdy
                0x0000000002015738                OS_EventTaskWait
                0x0000000002015844                OS_EventTaskWaitMulti
                0x0000000002015990                OS_EventTaskRemove
                0x0000000002015a44                OS_EventTaskRemoveMulti
                0x0000000002015b40                OS_EventWaitListInit
                0x0000000002015f04                OS_MemClr
                0x0000000002015f54                OS_MemCopy
                0x0000000002015fb8                OS_Sched
                0x00000000020160f4                OS_StrCopy
                0x0000000002016168                OS_StrLen
                0x00000000020161bc                OS_TaskIdle
                0x0000000002016218                OS_TaskStat
                0x00000000020162e4                OS_TaskStatStkChk
                0x00000000020163ac                OS_TCBInit
 .text          0x0000000002016680      0x18c ../LT24_final_sw_bsp/\libucosii_bsp.a(os_dbg.o)
                0x0000000002016680                OSDebugInit
 .text          0x000000000201680c     0x181c ../LT24_final_sw_bsp/\libucosii_bsp.a(os_flag.o)
                0x000000000201680c                OSFlagAccept
                0x0000000002016b14                OSFlagCreate
                0x0000000002016c3c                OSFlagDel
                0x0000000002016eac                OSFlagNameGet
                0x0000000002016fdc                OSFlagNameSet
                0x000000000201712c                OSFlagPend
                0x000000000201771c                OSFlagPendGetFlagsRdy
                0x0000000002017784                OSFlagPost
                0x0000000002017b0c                OSFlagQuery
                0x0000000002017d94                OS_FlagInit
                0x0000000002017f88                OS_FlagUnlink
 .text          0x0000000002018028      0xb88 ../LT24_final_sw_bsp/\libucosii_bsp.a(os_mbox.o)
                0x0000000002018028                OSMboxAccept
                0x00000000020180c0                OSMboxCreate
                0x00000000020181bc                OSMboxDel
                0x0000000002018424                OSMboxPend
                0x00000000020186c8                OSMboxPendAbort
                0x0000000002018834                OSMboxPost
                0x0000000002018944                OSMboxPostOpt
                0x0000000002018aa0                OSMboxQuery
 .text          0x0000000002018bb0      0x784 ../LT24_final_sw_bsp/\libucosii_bsp.a(os_mem.o)
                0x0000000002018bb0                OSMemCreate
                0x0000000002018da4                OSMemGet
                0x0000000002018e94                OSMemNameGet
                0x0000000002018f8c                OSMemNameSet
                0x00000000020190a4                OSMemPut
                0x000000000201917c                OSMemQuery
                0x0000000002019264                OS_MemInit
 .text          0x0000000002019334     0x129c ../LT24_final_sw_bsp/\libucosii_bsp.a(os_mutex.o)
                0x0000000002019334                OSMutexAccept
                0x00000000020194f8                OSMutexCreate
                0x00000000020196e0                OSMutexDel
                0x0000000002019a04                OSMutexPend
                0x000000000201a05c                OSMutexPost
                0x000000000201a294                OSMutexQuery
 .text          0x000000000201a5d0     0x1210 ../LT24_final_sw_bsp/\libucosii_bsp.a(os_q.o)
                0x000000000201a5d0                OSQAccept
                0x000000000201a710                OSQCreate
                0x000000000201a90c                OSQDel
                0x000000000201abd4                OSQFlush
                0x000000000201ac8c                OSQPend
                0x000000000201af88                OSQPendAbort
                0x000000000201b0f4                OSQPost
                0x000000000201b25c                OSQPostFront
                0x000000000201b3cc                OSQPostOpt
                0x000000000201b5d8                OSQQuery
                0x000000000201b734                OS_QInit
 .text          0x000000000201b7e0      0xb08 ../LT24_final_sw_bsp/\libucosii_bsp.a(os_sem.o)
                0x000000000201b7e0                OSSemAccept
                0x000000000201b890                OSSemCreate
                0x000000000201b990                OSSemDel
                0x000000000201bbf8                OSSemPend
                0x000000000201be60                OSSemPendAbort
                0x000000000201bfcc                OSSemPost
                0x000000000201c0dc                OSSemQuery
                0x000000000201c1ec                OSSemSet
 .text          0x000000000201c2e8     0x18f4 ../LT24_final_sw_bsp/\libucosii_bsp.a(os_task.o)
                0x000000000201c2e8                OSTaskChangePrio
                0x000000000201c828                OSTaskCreate
                0x000000000201c9e4                OSTaskCreateExt
                0x000000000201cbd0                OSTaskDel
                0x000000000201cfb0                OSTaskDelReq
                0x000000000201d108                OSTaskNameGet
                0x000000000201d2b0                OSTaskNameSet
                0x000000000201d470                OSTaskResume
                0x000000000201d668                OSTaskStkChk
                0x000000000201d830                OSTaskSuspend
                0x000000000201da44                OSTaskQuery
                0x000000000201db70                OS_TaskStkClr
 .text          0x000000000201dbdc      0x560 ../LT24_final_sw_bsp/\libucosii_bsp.a(os_time.o)
                0x000000000201dbdc                OSTimeDly
                0x000000000201dd24                OSTimeDlyHMSM
                0x000000000201de84                OSTimeDlyResume
                0x000000000201e074                OSTimeGet
                0x000000000201e0d8                OSTimeSet
 .text          0x000000000201e13c       0xcc ../LT24_final_sw_bsp/\libucosii_bsp.a(alt_sys_init.o)
                0x000000000201e174                alt_irq_init
                0x000000000201e1a8                alt_sys_init
 .text          0x000000000201e208      0x164 ../LT24_final_sw_bsp/\libucosii_bsp.a(altera_avalon_jtag_uart_fd.o)
                0x000000000201e208                altera_avalon_jtag_uart_read_fd
                0x000000000201e268                altera_avalon_jtag_uart_write_fd
                0x000000000201e2c8                altera_avalon_jtag_uart_close_fd
                0x000000000201e318                altera_avalon_jtag_uart_ioctl_fd
 .text          0x000000000201e36c      0x568 ../LT24_final_sw_bsp/\libucosii_bsp.a(altera_avalon_jtag_uart_init.o)
                0x000000000201e36c                altera_avalon_jtag_uart_init
                0x000000000201e86c                altera_avalon_jtag_uart_close
 .text          0x000000000201e8d4       0xec ../LT24_final_sw_bsp/\libucosii_bsp.a(altera_avalon_jtag_uart_ioctl.o)
                0x000000000201e8d4                altera_avalon_jtag_uart_ioctl
 .text          0x000000000201e9c0      0x2b4 ../LT24_final_sw_bsp/\libucosii_bsp.a(altera_avalon_jtag_uart_read.o)
                0x000000000201e9c0                altera_avalon_jtag_uart_read
 .text          0x000000000201ec74      0x2c0 ../LT24_final_sw_bsp/\libucosii_bsp.a(altera_avalon_jtag_uart_write.o)
                0x000000000201ec74                altera_avalon_jtag_uart_write
 .text          0x000000000201ef34      0x204 ../LT24_final_sw_bsp/\libucosii_bsp.a(altera_avalon_spi.o)
                0x000000000201ef34                alt_avalon_spi_command
 .text          0x000000000201f138       0xfc ../LT24_final_sw_bsp/\libucosii_bsp.a(altera_avalon_timer_sc.o)
                0x000000000201f1ac                alt_avalon_timer_sc_init
 .text          0x000000000201f234      0x158 ../LT24_final_sw_bsp/\libucosii_bsp.a(alt_busy_sleep.o)
                0x000000000201f234                alt_busy_sleep
 .text          0x000000000201f38c       0x44 ../LT24_final_sw_bsp/\libucosii_bsp.a(alt_dcache_flush_all.o)
                0x000000000201f38c                alt_dcache_flush_all
 .text          0x000000000201f3d0       0xf4 ../LT24_final_sw_bsp/\libucosii_bsp.a(alt_dev_llist_insert.o)
                0x000000000201f420                alt_dev_llist_insert
 .text          0x000000000201f4c4       0x5c ../LT24_final_sw_bsp/\libucosii_bsp.a(alt_do_ctors.o)
                0x000000000201f4c4                _do_ctors
 .text          0x000000000201f520       0x5c ../LT24_final_sw_bsp/\libucosii_bsp.a(alt_do_dtors.o)
                0x000000000201f520                _do_dtors
 .text          0x000000000201f57c        0x0 ../LT24_final_sw_bsp/\libucosii_bsp.a(alt_exception_entry.o)
 .text          0x000000000201f57c       0x30 ../LT24_final_sw_bsp/\libucosii_bsp.a(alt_icache_flush_all.o)
                0x000000000201f57c                alt_icache_flush_all
 .text          0x000000000201f5ac      0x138 ../LT24_final_sw_bsp/\libucosii_bsp.a(alt_io_redirect.o)
                0x000000000201f66c                alt_io_redirect
 .text          0x000000000201f6e4      0x274 ../LT24_final_sw_bsp/\libucosii_bsp.a(alt_open.o)
                0x000000000201f800                open
 .text          0x000000000201f958       0x20 ../LT24_final_sw_bsp/\libucosii_bsp.a(altera_nios2_qsys_irq.o)
                0x000000000201f958                altera_nios2_qsys_irq_init
 .text          0x000000000201f978       0xd0 ../LT24_final_sw_bsp/\libucosii_bsp.a(os_cpu_a.o)
                0x000000000201f978                OSCtxSw
                0x000000000201f978                OSIntCtxSw
                0x000000000201fa04                OSStartHighRdy
                0x000000000201fa24                OSStartTsk
 .text          0x000000000201fa48      0x3fc ../LT24_final_sw_bsp/\libucosii_bsp.a(os_cpu_c.o)
                0x000000000201fa48                OSTaskStkInit
                0x000000000201fd3c                OSTaskCreateHook
                0x000000000201fd5c                OSTaskDelHook
                0x000000000201fd7c                OSTaskSwHook
                0x000000000201fd98                OSTaskStatHook
                0x000000000201fdb4                OSTimeTickHook
                0x000000000201fdd0                OSInitHookBegin
                0x000000000201fdec                OSInitHookEnd
                0x000000000201fe08                OSTaskIdleHook
                0x000000000201fe24                OSTCBInitHook
 .text          0x000000000201fe44       0x90 ../LT24_final_sw_bsp/\libucosii_bsp.a(alt_find_dev.o)
                0x000000000201fe44                alt_find_dev
 .text          0x000000000201fed4      0x114 ../LT24_final_sw_bsp/\libucosii_bsp.a(alt_find_file.o)
                0x000000000201fed4                alt_find_file
 .text          0x000000000201ffe8       0xfc ../LT24_final_sw_bsp/\libucosii_bsp.a(alt_get_fd.o)
                0x000000000201ffe8                alt_get_fd
 .text          0x00000000020200e4       0x8c ../LT24_final_sw_bsp/\libucosii_bsp.a(alt_icache_flush.o)
                0x00000000020200e4                alt_icache_flush
 .text          0x0000000002020170       0x14 c:/altera/15.0/nios2eds/bin/gnu/h-x86_64-mingw32/bin/../lib/gcc/nios2-elf/4.9.1/../../../../../H-x86_64-mingw32/nios2-elf/lib\libc.a(lib_a-atexit.o)
                0x0000000002020170                atexit
 .text          0x0000000002020184       0x38 c:/altera/15.0/nios2eds/bin/gnu/h-x86_64-mingw32/bin/../lib/gcc/nios2-elf/4.9.1/../../../../../H-x86_64-mingw32/nios2-elf/lib\libc.a(lib_a-exit.o)
                0x0000000002020184                exit
 .text          0x00000000020201bc       0x7c c:/altera/15.0/nios2eds/bin/gnu/h-x86_64-mingw32/bin/../lib/gcc/nios2-elf/4.9.1/../../../../../H-x86_64-mingw32/nios2-elf/lib\libc.a(lib_a-memcmp.o)
                0x00000000020201bc                memcmp
 .text          0x0000000002020238      0x114 c:/altera/15.0/nios2eds/bin/gnu/h-x86_64-mingw32/bin/../lib/gcc/nios2-elf/4.9.1/../../../../../H-x86_64-mingw32/nios2-elf/lib\libc.a(lib_a-__atexit.o)
                0x0000000002020238                __register_exitproc
 .text          0x000000000202034c      0x194 c:/altera/15.0/nios2eds/bin/gnu/h-x86_64-mingw32/bin/../lib/gcc/nios2-elf/4.9.1/../../../../../H-x86_64-mingw32/nios2-elf/lib\libc.a(lib_a-__call_atexit.o)
                0x000000000202034c                __call_exitprocs
 .text          0x00000000020204e0       0x3c ../LT24_final_sw_bsp/\libucosii_bsp.a(alt_exit.o)
                0x00000000020204e0                _exit
 *(.gnu.warning.*)
 *(.fini)
                0x000000000202051c                PROVIDE (__etext, ABSOLUTE (.))
                0x000000000202051c                PROVIDE (_etext, ABSOLUTE (.))
                0x000000000202051c                PROVIDE (etext, ABSOLUTE (.))
 *(.eh_frame_hdr)
                0x000000000202051c                . = ALIGN (0x4)
                0x000000000202051c                PROVIDE (__preinit_array_start, ABSOLUTE (.))
 *(.preinit_array)
                0x000000000202051c                PROVIDE (__preinit_array_end, ABSOLUTE (.))
                0x000000000202051c                PROVIDE (__init_array_start, ABSOLUTE (.))
 *(.init_array)
                0x000000000202051c                PROVIDE (__init_array_end, ABSOLUTE (.))
                0x000000000202051c                PROVIDE (__fini_array_start, ABSOLUTE (.))
 *(.fini_array)
                0x000000000202051c                PROVIDE (__fini_array_end, ABSOLUTE (.))
 *(.eh_frame)
 *(.gcc_except_table .gcc_except_table.*)
 *(.dynamic)
                0x000000000202051c                PROVIDE (__CTOR_LIST__, ABSOLUTE (.))
 *(.ctors)
 *(SORT(.ctors.*))
                0x000000000202051c                PROVIDE (__CTOR_END__, ABSOLUTE (.))
                0x000000000202051c                PROVIDE (__DTOR_LIST__, ABSOLUTE (.))
 *(.dtors)
 *(SORT(.dtors.*))
                0x000000000202051c                PROVIDE (__DTOR_END__, ABSOLUTE (.))
 *(.jcr)
                0x000000000202051c                . = ALIGN (0x4)

.rodata         0x000000000202051c    0x1a3c4
                0x000000000202051c                PROVIDE (__ram_rodata_start, ABSOLUTE (.))
                0x000000000202051c                . = ALIGN (0x4)
 *(.rodata .rodata.* .gnu.linkonce.r.*)
 .rodata        0x000000000202051c       0x34 obj/default/demo/gui.o
 .rodata        0x0000000002020550     0x77f2 obj/default/fonts/tahomabold_20.o
 .rodata        0x0000000002027d42    0x12520 obj/default/fonts/tahomabold_32.o
 *fill*         0x000000000203a262        0x2 
 .rodata        0x000000000203a264       0x58 obj/default/graphic_lib/simple_graphics.o
 .rodata        0x000000000203a2bc       0x28 obj/default/graphic_lib/simple_text.o
 .rodata        0x000000000203a2e4      0x1d8 obj/default/main.o
 .rodata.str1.4
                0x000000000203a4bc        0x5 c:/altera/15.0/nios2eds/bin/gnu/h-x86_64-mingw32/bin/../lib/gcc/nios2-elf/4.9.1/../../../../../H-x86_64-mingw32/nios2-elf/lib\libm.a(lib_a-w_sqrt.o)
                                          0x8 (size before relaxing)
 .rodata        0x000000000203a4c1      0x100 c:/altera/15.0/nios2eds/bin/gnu/h-x86_64-mingw32/bin/../lib/gcc/nios2-elf/4.9.1\libgcc.a(_clz.o)
                0x000000000203a4c1                __clz_tab
 *fill*         0x000000000203a5c1        0x3 
 .rodata.str1.4
                0x000000000203a5c4        0x2 c:/altera/15.0/nios2eds/bin/gnu/h-x86_64-mingw32/bin/../lib/gcc/nios2-elf/4.9.1/../../../../../H-x86_64-mingw32/nios2-elf/lib\libc.a(lib_a-impure.o)
                                          0x4 (size before relaxing)
 *fill*         0x000000000203a5c6        0x2 
 .rodata.str1.4
                0x000000000203a5c8        0x2 c:/altera/15.0/nios2eds/bin/gnu/h-x86_64-mingw32/bin/../lib/gcc/nios2-elf/4.9.1/../../../../../H-x86_64-mingw32/nios2-elf/lib\libc.a(lib_a-puts.o)
                                          0x4 (size before relaxing)
 *fill*         0x000000000203a5ca        0x2 
 .rodata.str1.4
                0x000000000203a5cc       0x42 c:/altera/15.0/nios2eds/bin/gnu/h-x86_64-mingw32/bin/../lib/gcc/nios2-elf/4.9.1/../../../../../H-x86_64-mingw32/nios2-elf/lib\libc.a(lib_a-vfprintf.o)
                                         0x44 (size before relaxing)
 .rodata        0x000000000203a60e       0x20 c:/altera/15.0/nios2eds/bin/gnu/h-x86_64-mingw32/bin/../lib/gcc/nios2-elf/4.9.1/../../../../../H-x86_64-mingw32/nios2-elf/lib\libc.a(lib_a-vfprintf.o)
 *fill*         0x000000000203a62e        0x2 
 .rodata.str1.4
                0x000000000203a630       0x10 c:/altera/15.0/nios2eds/bin/gnu/h-x86_64-mingw32/bin/../lib/gcc/nios2-elf/4.9.1/../../../../../H-x86_64-mingw32/nios2-elf/lib\libc.a(lib_a-dtoa.o)
                                         0x14 (size before relaxing)
 .rodata.str1.4
                0x000000000203a640        0xc c:/altera/15.0/nios2eds/bin/gnu/h-x86_64-mingw32/bin/../lib/gcc/nios2-elf/4.9.1/../../../../../H-x86_64-mingw32/nios2-elf/lib\libc.a(lib_a-locale.o)
                                         0x14 (size before relaxing)
 .rodata        0x000000000203a64c      0x124 c:/altera/15.0/nios2eds/bin/gnu/h-x86_64-mingw32/bin/../lib/gcc/nios2-elf/4.9.1/../../../../../H-x86_64-mingw32/nios2-elf/lib\libc.a(lib_a-mprec.o)
                0x000000000203a658                __mprec_tinytens
                0x000000000203a680                __mprec_bigtens
                0x000000000203a6a8                __mprec_tens
 .rodata.str1.4
                0x0000000000000000       0x30 c:/altera/15.0/nios2eds/bin/gnu/h-x86_64-mingw32/bin/../lib/gcc/nios2-elf/4.9.1/../../../../../H-x86_64-mingw32/nios2-elf/lib\libc.a(lib_a-vfiprintf.o)
 .rodata        0x000000000203a770       0x20 c:/altera/15.0/nios2eds/bin/gnu/h-x86_64-mingw32/bin/../lib/gcc/nios2-elf/4.9.1/../../../../../H-x86_64-mingw32/nios2-elf/lib\libc.a(lib_a-vfiprintf.o)
 .rodata        0x000000000203a790        0xc ../LT24_final_sw_bsp/\libucosii_bsp.a(alt_dev.o)
 .rodata        0x000000000203a79c       0x10 ../LT24_final_sw_bsp/\libucosii_bsp.a(alt_main.o)
 .rodata        0x000000000203a7ac      0x120 ../LT24_final_sw_bsp/\libucosii_bsp.a(os_core.o)
                0x000000000203a7ac                OSUnMapTbl
 .rodata        0x000000000203a8cc       0x10 ../LT24_final_sw_bsp/\libucosii_bsp.a(alt_sys_init.o)
 .rodata        0x000000000203a8dc        0x4 ../LT24_final_sw_bsp/\libucosii_bsp.a(os_cpu_c.o)
 *(.rodata1)
                0x000000000203a8e0                . = ALIGN (0x4)
                0x000000000203a8e0                PROVIDE (__ram_rodata_end, ABSOLUTE (.))
                0x000000000202051c                PROVIDE (__flash_rodata_start, LOADADDR (.rodata))

.rwdata         0x000000000203a8e0     0x3744 load address 0x000000000203e024
                0x000000000203a8e0                PROVIDE (__ram_rwdata_start, ABSOLUTE (.))
                0x000000000203a8e0                . = ALIGN (0x4)
 *(.got.plt)
 *(.got)
 *(.data1)
 *(.data .data.* .gnu.linkonce.d.*)
 .data          0x000000000203a8e0        0x0 ../LT24_final_sw_bsp//obj/HAL/src/crt0.o
 .data          0x000000000203a8e0       0x14 obj/default/demo/gui.o
                0x000000000203a8e0                szPallete
 .data          0x000000000203a8f4      0xbc0 obj/default/fonts/tahomabold_20.o
                0x000000000203a8f4                tahomabold_20
 .data          0x000000000203b4b4      0xbc0 obj/default/fonts/tahomabold_32.o
                0x000000000203b4b4                tahomabold_32
 .data          0x000000000203c074        0x0 obj/default/graphic_lib/ILI9341.o
 .data          0x000000000203c074        0x0 obj/default/graphic_lib/geometry.o
 .data          0x000000000203c074      0x415 obj/default/graphic_lib/simple_graphics.o
                0x000000000203c074                cour10_font_array
 .data          0x000000000203c489        0x0 obj/default/graphic_lib/simple_text.o
 .data          0x000000000203c489        0x0 obj/default/main.o
 .data          0x000000000203c489        0x0 obj/default/terasic_lib/accelerometer_adxl345_spi.o
 .data          0x000000000203c489        0x0 obj/default/terasic_lib/terasic_spi.o
 .data          0x000000000203c489        0x0 obj/default/terasic_lib/touch_spi.o
 .data          0x000000000203c489        0x0 c:/altera/15.0/nios2eds/bin/gnu/h-x86_64-mingw32/bin/../lib/gcc/nios2-elf/4.9.1/../../../../../H-x86_64-mingw32/nios2-elf/lib\libm.a(lib_a-w_sqrt.o)
 .data          0x000000000203c489        0x0 c:/altera/15.0/nios2eds/bin/gnu/h-x86_64-mingw32/bin/../lib/gcc/nios2-elf/4.9.1/../../../../../H-x86_64-mingw32/nios2-elf/lib\libm.a(lib_a-e_sqrt.o)
 .data          0x000000000203c489        0x0 c:/altera/15.0/nios2eds/bin/gnu/h-x86_64-mingw32/bin/../lib/gcc/nios2-elf/4.9.1/../../../../../H-x86_64-mingw32/nios2-elf/lib\libm.a(lib_a-s_fpclassify.o)
 .data          0x000000000203c489        0x0 c:/altera/15.0/nios2eds/bin/gnu/h-x86_64-mingw32/bin/../lib/gcc/nios2-elf/4.9.1/../../../../../H-x86_64-mingw32/nios2-elf/lib\libm.a(lib_a-s_lib_ver.o)
 .data          0x000000000203c489        0x0 c:/altera/15.0/nios2eds/bin/gnu/h-x86_64-mingw32/bin/../lib/gcc/nios2-elf/4.9.1/../../../../../H-x86_64-mingw32/nios2-elf/lib\libm.a(lib_a-s_matherr.o)
 .data          0x000000000203c489        0x0 c:/altera/15.0/nios2eds/bin/gnu/h-x86_64-mingw32/bin/../lib/gcc/nios2-elf/4.9.1\libgcc.a(lib2-divmod.o)
 .data          0x000000000203c489        0x0 c:/altera/15.0/nios2eds/bin/gnu/h-x86_64-mingw32/bin/../lib/gcc/nios2-elf/4.9.1\libgcc.a(adddf3.o)
 .data          0x000000000203c489        0x0 c:/altera/15.0/nios2eds/bin/gnu/h-x86_64-mingw32/bin/../lib/gcc/nios2-elf/4.9.1\libgcc.a(divdf3.o)
 .data          0x000000000203c489        0x0 c:/altera/15.0/nios2eds/bin/gnu/h-x86_64-mingw32/bin/../lib/gcc/nios2-elf/4.9.1\libgcc.a(ledf2.o)
 .data          0x000000000203c489        0x0 c:/altera/15.0/nios2eds/bin/gnu/h-x86_64-mingw32/bin/../lib/gcc/nios2-elf/4.9.1\libgcc.a(muldf3.o)
 .data          0x000000000203c489        0x0 c:/altera/15.0/nios2eds/bin/gnu/h-x86_64-mingw32/bin/../lib/gcc/nios2-elf/4.9.1\libgcc.a(subdf3.o)
 .data          0x000000000203c489        0x0 c:/altera/15.0/nios2eds/bin/gnu/h-x86_64-mingw32/bin/../lib/gcc/nios2-elf/4.9.1\libgcc.a(fixdfsi.o)
 .data          0x000000000203c489        0x0 c:/altera/15.0/nios2eds/bin/gnu/h-x86_64-mingw32/bin/../lib/gcc/nios2-elf/4.9.1\libgcc.a(floatsidf.o)
 .data          0x000000000203c489        0x0 c:/altera/15.0/nios2eds/bin/gnu/h-x86_64-mingw32/bin/../lib/gcc/nios2-elf/4.9.1\libgcc.a(_clzsi2.o)
 .data          0x000000000203c489        0x0 c:/altera/15.0/nios2eds/bin/gnu/h-x86_64-mingw32/bin/../lib/gcc/nios2-elf/4.9.1\libgcc.a(_clz.o)
 .data          0x000000000203c489        0x0 c:/altera/15.0/nios2eds/bin/gnu/h-x86_64-mingw32/bin/../lib/gcc/nios2-elf/4.9.1/../../../../../H-x86_64-mingw32/nios2-elf/lib\libc.a(lib_a-errno.o)
 *fill*         0x000000000203c489        0x3 
 .data          0x000000000203c48c      0x424 c:/altera/15.0/nios2eds/bin/gnu/h-x86_64-mingw32/bin/../lib/gcc/nios2-elf/4.9.1/../../../../../H-x86_64-mingw32/nios2-elf/lib\libc.a(lib_a-impure.o)
 .data          0x000000000203c8b0        0x0 c:/altera/15.0/nios2eds/bin/gnu/h-x86_64-mingw32/bin/../lib/gcc/nios2-elf/4.9.1/../../../../../H-x86_64-mingw32/nios2-elf/lib\libc.a(lib_a-malloc.o)
 .data          0x000000000203c8b0      0x408 c:/altera/15.0/nios2eds/bin/gnu/h-x86_64-mingw32/bin/../lib/gcc/nios2-elf/4.9.1/../../../../../H-x86_64-mingw32/nios2-elf/lib\libc.a(lib_a-mallocr.o)
                0x000000000203c8b0                __malloc_av_
 .data          0x000000000203ccb8        0x0 c:/altera/15.0/nios2eds/bin/gnu/h-x86_64-mingw32/bin/../lib/gcc/nios2-elf/4.9.1/../../../../../H-x86_64-mingw32/nios2-elf/lib\libc.a(lib_a-memcpy.o)
 .data          0x000000000203ccb8        0x0 c:/altera/15.0/nios2eds/bin/gnu/h-x86_64-mingw32/bin/../lib/gcc/nios2-elf/4.9.1/../../../../../H-x86_64-mingw32/nios2-elf/lib\libc.a(lib_a-memset.o)
 .data          0x000000000203ccb8        0x0 c:/altera/15.0/nios2eds/bin/gnu/h-x86_64-mingw32/bin/../lib/gcc/nios2-elf/4.9.1/../../../../../H-x86_64-mingw32/nios2-elf/lib\libc.a(lib_a-printf.o)
 .data          0x000000000203ccb8        0x0 c:/altera/15.0/nios2eds/bin/gnu/h-x86_64-mingw32/bin/../lib/gcc/nios2-elf/4.9.1/../../../../../H-x86_64-mingw32/nios2-elf/lib\libc.a(lib_a-puts.o)
 .data          0x000000000203ccb8        0x0 c:/altera/15.0/nios2eds/bin/gnu/h-x86_64-mingw32/bin/../lib/gcc/nios2-elf/4.9.1/../../../../../H-x86_64-mingw32/nios2-elf/lib\libc.a(lib_a-sbrkr.o)
 .data          0x000000000203ccb8        0x0 c:/altera/15.0/nios2eds/bin/gnu/h-x86_64-mingw32/bin/../lib/gcc/nios2-elf/4.9.1/../../../../../H-x86_64-mingw32/nios2-elf/lib\libc.a(lib_a-strcpy.o)
 .data          0x000000000203ccb8        0x0 c:/altera/15.0/nios2eds/bin/gnu/h-x86_64-mingw32/bin/../lib/gcc/nios2-elf/4.9.1/../../../../../H-x86_64-mingw32/nios2-elf/lib\libc.a(lib_a-strlen.o)
 .data          0x000000000203ccb8        0x0 c:/altera/15.0/nios2eds/bin/gnu/h-x86_64-mingw32/bin/../lib/gcc/nios2-elf/4.9.1/../../../../../H-x86_64-mingw32/nios2-elf/lib\libc.a(lib_a-vfprintf.o)
 .data          0x000000000203ccb8        0x0 c:/altera/15.0/nios2eds/bin/gnu/h-x86_64-mingw32/bin/../lib/gcc/nios2-elf/4.9.1/../../../../../H-x86_64-mingw32/nios2-elf/lib\libc.a(lib_a-wsetup.o)
 .data          0x000000000203ccb8        0x0 c:/altera/15.0/nios2eds/bin/gnu/h-x86_64-mingw32/bin/../lib/gcc/nios2-elf/4.9.1/../../../../../H-x86_64-mingw32/nios2-elf/lib\libc.a(lib_a-dtoa.o)
 .data          0x000000000203ccb8        0x0 c:/altera/15.0/nios2eds/bin/gnu/h-x86_64-mingw32/bin/../lib/gcc/nios2-elf/4.9.1/../../../../../H-x86_64-mingw32/nios2-elf/lib\libc.a(lib_a-fflush.o)
 .data          0x000000000203ccb8        0x0 c:/altera/15.0/nios2eds/bin/gnu/h-x86_64-mingw32/bin/../lib/gcc/nios2-elf/4.9.1/../../../../../H-x86_64-mingw32/nios2-elf/lib\libc.a(lib_a-findfp.o)
 .data          0x000000000203ccb8        0x0 c:/altera/15.0/nios2eds/bin/gnu/h-x86_64-mingw32/bin/../lib/gcc/nios2-elf/4.9.1/../../../../../H-x86_64-mingw32/nios2-elf/lib\libc.a(lib_a-freer.o)
 .data          0x000000000203ccb8        0x0 c:/altera/15.0/nios2eds/bin/gnu/h-x86_64-mingw32/bin/../lib/gcc/nios2-elf/4.9.1/../../../../../H-x86_64-mingw32/nios2-elf/lib\libc.a(lib_a-fvwrite.o)
 .data          0x000000000203ccb8        0x0 c:/altera/15.0/nios2eds/bin/gnu/h-x86_64-mingw32/bin/../lib/gcc/nios2-elf/4.9.1/../../../../../H-x86_64-mingw32/nios2-elf/lib\libc.a(lib_a-fwalk.o)
 .data          0x000000000203ccb8        0x0 c:/altera/15.0/nios2eds/bin/gnu/h-x86_64-mingw32/bin/../lib/gcc/nios2-elf/4.9.1/../../../../../H-x86_64-mingw32/nios2-elf/lib\libc.a(lib_a-int_errno.o)
 .data          0x000000000203ccb8       0x78 c:/altera/15.0/nios2eds/bin/gnu/h-x86_64-mingw32/bin/../lib/gcc/nios2-elf/4.9.1/../../../../../H-x86_64-mingw32/nios2-elf/lib\libc.a(lib_a-locale.o)
 .data          0x000000000203cd30        0x0 c:/altera/15.0/nios2eds/bin/gnu/h-x86_64-mingw32/bin/../lib/gcc/nios2-elf/4.9.1/../../../../../H-x86_64-mingw32/nios2-elf/lib\libc.a(lib_a-makebuf.o)
 .data          0x000000000203cd30        0x0 c:/altera/15.0/nios2eds/bin/gnu/h-x86_64-mingw32/bin/../lib/gcc/nios2-elf/4.9.1/../../../../../H-x86_64-mingw32/nios2-elf/lib\libc.a(lib_a-memchr.o)
 .data          0x000000000203cd30        0x0 c:/altera/15.0/nios2eds/bin/gnu/h-x86_64-mingw32/bin/../lib/gcc/nios2-elf/4.9.1/../../../../../H-x86_64-mingw32/nios2-elf/lib\libc.a(lib_a-memmove.o)
 .data          0x000000000203cd30        0x0 c:/altera/15.0/nios2eds/bin/gnu/h-x86_64-mingw32/bin/../lib/gcc/nios2-elf/4.9.1/../../../../../H-x86_64-mingw32/nios2-elf/lib\libc.a(lib_a-mprec.o)
 .data          0x000000000203cd30        0x0 c:/altera/15.0/nios2eds/bin/gnu/h-x86_64-mingw32/bin/../lib/gcc/nios2-elf/4.9.1/../../../../../H-x86_64-mingw32/nios2-elf/lib\libc.a(lib_a-reallocr.o)
 .data          0x000000000203cd30        0x0 c:/altera/15.0/nios2eds/bin/gnu/h-x86_64-mingw32/bin/../lib/gcc/nios2-elf/4.9.1/../../../../../H-x86_64-mingw32/nios2-elf/lib\libc.a(lib_a-stdio.o)
 .data          0x000000000203cd30        0x0 c:/altera/15.0/nios2eds/bin/gnu/h-x86_64-mingw32/bin/../lib/gcc/nios2-elf/4.9.1/../../../../../H-x86_64-mingw32/nios2-elf/lib\libc.a(lib_a-strcmp.o)
 .data          0x000000000203cd30        0x0 c:/altera/15.0/nios2eds/bin/gnu/h-x86_64-mingw32/bin/../lib/gcc/nios2-elf/4.9.1/../../../../../H-x86_64-mingw32/nios2-elf/lib\libc.a(lib_a-vfiprintf.o)
 .data          0x000000000203cd30        0x0 c:/altera/15.0/nios2eds/bin/gnu/h-x86_64-mingw32/bin/../lib/gcc/nios2-elf/4.9.1/../../../../../H-x86_64-mingw32/nios2-elf/lib\libc.a(lib_a-writer.o)
 .data          0x000000000203cd30        0x0 c:/altera/15.0/nios2eds/bin/gnu/h-x86_64-mingw32/bin/../lib/gcc/nios2-elf/4.9.1/../../../../../H-x86_64-mingw32/nios2-elf/lib\libc.a(closer.o)
 .data          0x000000000203cd30        0x0 c:/altera/15.0/nios2eds/bin/gnu/h-x86_64-mingw32/bin/../lib/gcc/nios2-elf/4.9.1/../../../../../H-x86_64-mingw32/nios2-elf/lib\libc.a(lib_a-callocr.o)
 .data          0x000000000203cd30        0x0 c:/altera/15.0/nios2eds/bin/gnu/h-x86_64-mingw32/bin/../lib/gcc/nios2-elf/4.9.1/../../../../../H-x86_64-mingw32/nios2-elf/lib\libc.a(lib_a-fclose.o)
 .data          0x000000000203cd30        0x0 c:/altera/15.0/nios2eds/bin/gnu/h-x86_64-mingw32/bin/../lib/gcc/nios2-elf/4.9.1/../../../../../H-x86_64-mingw32/nios2-elf/lib\libc.a(lib_a-fputwc.o)
 .data          0x000000000203cd30        0x0 c:/altera/15.0/nios2eds/bin/gnu/h-x86_64-mingw32/bin/../lib/gcc/nios2-elf/4.9.1/../../../../../H-x86_64-mingw32/nios2-elf/lib\libc.a(lib_a-fstatr.o)
 .data          0x000000000203cd30        0x0 c:/altera/15.0/nios2eds/bin/gnu/h-x86_64-mingw32/bin/../lib/gcc/nios2-elf/4.9.1/../../../../../H-x86_64-mingw32/nios2-elf/lib\libc.a(lib_a-isattyr.o)
 .data          0x000000000203cd30        0x0 c:/altera/15.0/nios2eds/bin/gnu/h-x86_64-mingw32/bin/../lib/gcc/nios2-elf/4.9.1/../../../../../H-x86_64-mingw32/nios2-elf/lib\libc.a(lib_a-lseekr.o)
 .data          0x000000000203cd30        0x0 c:/altera/15.0/nios2eds/bin/gnu/h-x86_64-mingw32/bin/../lib/gcc/nios2-elf/4.9.1/../../../../../H-x86_64-mingw32/nios2-elf/lib\libc.a(lib_a-readr.o)
 .data          0x000000000203cd30        0x0 c:/altera/15.0/nios2eds/bin/gnu/h-x86_64-mingw32/bin/../lib/gcc/nios2-elf/4.9.1/../../../../../H-x86_64-mingw32/nios2-elf/lib\libc.a(lib_a-wbuf.o)
 .data          0x000000000203cd30        0x0 c:/altera/15.0/nios2eds/bin/gnu/h-x86_64-mingw32/bin/../lib/gcc/nios2-elf/4.9.1/../../../../../H-x86_64-mingw32/nios2-elf/lib\libc.a(lib_a-wcrtomb.o)
 .data          0x000000000203cd30        0x0 c:/altera/15.0/nios2eds/bin/gnu/h-x86_64-mingw32/bin/../lib/gcc/nios2-elf/4.9.1/../../../../../H-x86_64-mingw32/nios2-elf/lib\libc.a(lib_a-wctomb_r.o)
 .data          0x000000000203cd30        0x0 c:/altera/15.0/nios2eds/bin/gnu/h-x86_64-mingw32/bin/../lib/gcc/nios2-elf/4.9.1\libgcc.a(_udivdi3.o)
 .data          0x000000000203cd30        0x0 c:/altera/15.0/nios2eds/bin/gnu/h-x86_64-mingw32/bin/../lib/gcc/nios2-elf/4.9.1\libgcc.a(_umoddi3.o)
 .data          0x000000000203cd30        0x0 c:/altera/15.0/nios2eds/bin/gnu/h-x86_64-mingw32/bin/../lib/gcc/nios2-elf/4.9.1\libgcc.a(eqdf2.o)
 .data          0x000000000203cd30        0x0 c:/altera/15.0/nios2eds/bin/gnu/h-x86_64-mingw32/bin/../lib/gcc/nios2-elf/4.9.1\libgcc.a(gedf2.o)
 .data          0x000000000203cd30        0x0 c:/altera/15.0/nios2eds/bin/gnu/h-x86_64-mingw32/bin/../lib/gcc/nios2-elf/4.9.1\libgcc.a(floatunsidf.o)
 .data          0x000000000203cd30        0x0 ../LT24_final_sw_bsp/\libucosii_bsp.a(alt_alarm_start.o)
 .data          0x000000000203cd30        0x0 ../LT24_final_sw_bsp/\libucosii_bsp.a(alt_close.o)
 .data          0x000000000203cd30      0x1a8 ../LT24_final_sw_bsp/\libucosii_bsp.a(alt_dev.o)
                0x000000000203cd30                alt_dev_null
                0x000000000203cd58                alt_fd_list
 .data          0x000000000203ced8        0x0 ../LT24_final_sw_bsp/\libucosii_bsp.a(alt_errno.o)
 .data          0x000000000203ced8        0x0 ../LT24_final_sw_bsp/\libucosii_bsp.a(alt_fstat.o)
 .data          0x000000000203ced8        0x0 ../LT24_final_sw_bsp/\libucosii_bsp.a(alt_iic.o)
 .data          0x000000000203ced8        0x0 ../LT24_final_sw_bsp/\libucosii_bsp.a(alt_iic_isr_register.o)
 .data          0x000000000203ced8        0x0 ../LT24_final_sw_bsp/\libucosii_bsp.a(alt_irq_entry.o)
 .data          0x000000000203ced8        0x0 ../LT24_final_sw_bsp/\libucosii_bsp.a(alt_irq_handler.o)
 .data          0x000000000203ced8        0x0 ../LT24_final_sw_bsp/\libucosii_bsp.a(alt_irq_vars.o)
 .data          0x000000000203ced8        0x0 ../LT24_final_sw_bsp/\libucosii_bsp.a(alt_isatty.o)
 .data          0x000000000203ced8        0x0 ../LT24_final_sw_bsp/\libucosii_bsp.a(alt_load.o)
 .data          0x000000000203ced8        0x0 ../LT24_final_sw_bsp/\libucosii_bsp.a(alt_lseek.o)
 .data          0x000000000203ced8        0x0 ../LT24_final_sw_bsp/\libucosii_bsp.a(alt_main.o)
 .data          0x000000000203ced8        0x0 ../LT24_final_sw_bsp/\libucosii_bsp.a(alt_read.o)
 .data          0x000000000203ced8        0x0 ../LT24_final_sw_bsp/\libucosii_bsp.a(alt_release_fd.o)
 .data          0x000000000203ced8        0x0 ../LT24_final_sw_bsp/\libucosii_bsp.a(alt_sbrk.o)
 .data          0x000000000203ced8        0x0 ../LT24_final_sw_bsp/\libucosii_bsp.a(alt_tick.o)
 .data          0x000000000203ced8        0x0 ../LT24_final_sw_bsp/\libucosii_bsp.a(alt_usleep.o)
 .data          0x000000000203ced8        0x0 ../LT24_final_sw_bsp/\libucosii_bsp.a(alt_write.o)
 .data          0x000000000203ced8        0x0 ../LT24_final_sw_bsp/\libucosii_bsp.a(alt_env_lock.o)
 .data          0x000000000203ced8        0x0 ../LT24_final_sw_bsp/\libucosii_bsp.a(alt_malloc_lock.o)
 .data          0x000000000203ced8        0x0 ../LT24_final_sw_bsp/\libucosii_bsp.a(os_core.o)
 .data          0x000000000203ced8        0x0 ../LT24_final_sw_bsp/\libucosii_bsp.a(os_dbg.o)
 .data          0x000000000203ced8        0x0 ../LT24_final_sw_bsp/\libucosii_bsp.a(os_flag.o)
 .data          0x000000000203ced8        0x0 ../LT24_final_sw_bsp/\libucosii_bsp.a(os_mbox.o)
 .data          0x000000000203ced8        0x0 ../LT24_final_sw_bsp/\libucosii_bsp.a(os_mem.o)
 .data          0x000000000203ced8        0x0 ../LT24_final_sw_bsp/\libucosii_bsp.a(os_mutex.o)
 .data          0x000000000203ced8        0x0 ../LT24_final_sw_bsp/\libucosii_bsp.a(os_q.o)
 .data          0x000000000203ced8        0x0 ../LT24_final_sw_bsp/\libucosii_bsp.a(os_sem.o)
 .data          0x000000000203ced8        0x0 ../LT24_final_sw_bsp/\libucosii_bsp.a(os_task.o)
 .data          0x000000000203ced8        0x0 ../LT24_final_sw_bsp/\libucosii_bsp.a(os_time.o)
 .data          0x000000000203ced8     0x106c ../LT24_final_sw_bsp/\libucosii_bsp.a(alt_sys_init.o)
 .data          0x000000000203df44        0x0 ../LT24_final_sw_bsp/\libucosii_bsp.a(altera_avalon_jtag_uart_fd.o)
 .data          0x000000000203df44        0x0 ../LT24_final_sw_bsp/\libucosii_bsp.a(altera_avalon_jtag_uart_init.o)
 .data          0x000000000203df44        0x0 ../LT24_final_sw_bsp/\libucosii_bsp.a(altera_avalon_jtag_uart_ioctl.o)
 .data          0x000000000203df44        0x0 ../LT24_final_sw_bsp/\libucosii_bsp.a(altera_avalon_jtag_uart_read.o)
 .data          0x000000000203df44        0x0 ../LT24_final_sw_bsp/\libucosii_bsp.a(altera_avalon_jtag_uart_write.o)
 .data          0x000000000203df44        0x0 ../LT24_final_sw_bsp/\libucosii_bsp.a(altera_avalon_spi.o)
 .data          0x000000000203df44        0x0 ../LT24_final_sw_bsp/\libucosii_bsp.a(altera_avalon_timer_sc.o)
 .data          0x000000000203df44        0x0 ../LT24_final_sw_bsp/\libucosii_bsp.a(alt_busy_sleep.o)
 .data          0x000000000203df44        0x0 ../LT24_final_sw_bsp/\libucosii_bsp.a(alt_dcache_flush_all.o)
 .data          0x000000000203df44        0x0 ../LT24_final_sw_bsp/\libucosii_bsp.a(alt_dev_llist_insert.o)
 .data          0x000000000203df44        0x0 ../LT24_final_sw_bsp/\libucosii_bsp.a(alt_do_ctors.o)
 .data          0x000000000203df44        0x0 ../LT24_final_sw_bsp/\libucosii_bsp.a(alt_do_dtors.o)
 .data          0x000000000203df44        0x0 ../LT24_final_sw_bsp/\libucosii_bsp.a(alt_exception_entry.o)
 .data          0x000000000203df44        0x0 ../LT24_final_sw_bsp/\libucosii_bsp.a(alt_icache_flush_all.o)
 .data          0x000000000203df44        0x0 ../LT24_final_sw_bsp/\libucosii_bsp.a(alt_io_redirect.o)
 .data          0x000000000203df44        0x0 ../LT24_final_sw_bsp/\libucosii_bsp.a(alt_open.o)
 .data          0x000000000203df44        0x0 ../LT24_final_sw_bsp/\libucosii_bsp.a(altera_nios2_qsys_irq.o)
 .data          0x000000000203df44        0x0 ../LT24_final_sw_bsp/\libucosii_bsp.a(os_cpu_a.o)
 .data          0x000000000203df44        0x0 ../LT24_final_sw_bsp/\libucosii_bsp.a(os_cpu_c.o)
 .data          0x000000000203df44        0x0 ../LT24_final_sw_bsp/\libucosii_bsp.a(alt_find_dev.o)
 .data          0x000000000203df44        0x0 ../LT24_final_sw_bsp/\libucosii_bsp.a(alt_find_file.o)
 .data          0x000000000203df44        0x0 ../LT24_final_sw_bsp/\libucosii_bsp.a(alt_get_fd.o)
 .data          0x000000000203df44        0x0 ../LT24_final_sw_bsp/\libucosii_bsp.a(alt_icache_flush.o)
 .data          0x000000000203df44        0x0 c:/altera/15.0/nios2eds/bin/gnu/h-x86_64-mingw32/bin/../lib/gcc/nios2-elf/4.9.1/../../../../../H-x86_64-mingw32/nios2-elf/lib\libc.a(lib_a-atexit.o)
 .data          0x000000000203df44        0x0 c:/altera/15.0/nios2eds/bin/gnu/h-x86_64-mingw32/bin/../lib/gcc/nios2-elf/4.9.1/../../../../../H-x86_64-mingw32/nios2-elf/lib\libc.a(lib_a-exit.o)
 .data          0x000000000203df44        0x0 c:/altera/15.0/nios2eds/bin/gnu/h-x86_64-mingw32/bin/../lib/gcc/nios2-elf/4.9.1/../../../../../H-x86_64-mingw32/nios2-elf/lib\libc.a(lib_a-memcmp.o)
 .data          0x000000000203df44        0x0 c:/altera/15.0/nios2eds/bin/gnu/h-x86_64-mingw32/bin/../lib/gcc/nios2-elf/4.9.1/../../../../../H-x86_64-mingw32/nios2-elf/lib\libc.a(lib_a-__atexit.o)
 .data          0x000000000203df44        0x0 c:/altera/15.0/nios2eds/bin/gnu/h-x86_64-mingw32/bin/../lib/gcc/nios2-elf/4.9.1/../../../../../H-x86_64-mingw32/nios2-elf/lib\libc.a(lib_a-__call_atexit.o)
 .data          0x000000000203df44        0x0 ../LT24_final_sw_bsp/\libucosii_bsp.a(alt_exit.o)
                0x0000000002045f44                _gp = ABSOLUTE ((. + 0x8000))
                0x0000000002045f44                PROVIDE (gp, _gp)
 *(.rwdata .rwdata.*)
 *(.sdata .sdata.* .gnu.linkonce.s.*)
 .sdata         0x000000000203df44        0x4 obj/default/demo/gui.o
 .sdata         0x000000000203df48       0x1c obj/default/graphic_lib/simple_graphics.o
                0x000000000203df48                UA_xc
                0x000000000203df4c                UA_yc
                0x000000000203df50                UA_height
                0x000000000203df54                UA_width
                0x000000000203df58                UA_Awidth
                0x000000000203df5c                UA_peak
                0x000000000203df60                cour10_font
 .sdata         0x000000000203df64        0x4 c:/altera/15.0/nios2eds/bin/gnu/h-x86_64-mingw32/bin/../lib/gcc/nios2-elf/4.9.1/../../../../../H-x86_64-mingw32/nios2-elf/lib\libm.a(lib_a-s_lib_ver.o)
                0x000000000203df64                __fdlib_version
 .sdata         0x000000000203df68        0x8 c:/altera/15.0/nios2eds/bin/gnu/h-x86_64-mingw32/bin/../lib/gcc/nios2-elf/4.9.1/../../../../../H-x86_64-mingw32/nios2-elf/lib\libc.a(lib_a-impure.o)
                0x000000000203df68                _global_impure_ptr
                0x000000000203df6c                _impure_ptr
 .sdata         0x000000000203df70        0x8 c:/altera/15.0/nios2eds/bin/gnu/h-x86_64-mingw32/bin/../lib/gcc/nios2-elf/4.9.1/../../../../../H-x86_64-mingw32/nios2-elf/lib\libc.a(lib_a-mallocr.o)
                0x000000000203df70                __malloc_sbrk_base
                0x000000000203df74                __malloc_trim_threshold
 .sdata         0x000000000203df78        0x4 c:/altera/15.0/nios2eds/bin/gnu/h-x86_64-mingw32/bin/../lib/gcc/nios2-elf/4.9.1/../../../../../H-x86_64-mingw32/nios2-elf/lib\libc.a(lib_a-locale.o)
                0x000000000203df78                __mb_cur_max
 .sdata         0x000000000203df7c        0x4 c:/altera/15.0/nios2eds/bin/gnu/h-x86_64-mingw32/bin/../lib/gcc/nios2-elf/4.9.1/../../../../../H-x86_64-mingw32/nios2-elf/lib\libc.a(lib_a-wctomb_r.o)
                0x000000000203df7c                __wctomb
 .sdata         0x000000000203df80       0x14 ../LT24_final_sw_bsp/\libucosii_bsp.a(alt_dev.o)
                0x000000000203df80                alt_fs_list
                0x000000000203df88                alt_dev_list
                0x000000000203df90                alt_max_fd
 .sdata         0x000000000203df94        0x4 ../LT24_final_sw_bsp/\libucosii_bsp.a(alt_errno.o)
                0x000000000203df94                alt_errno
 .sdata         0x000000000203df98        0x4 ../LT24_final_sw_bsp/\libucosii_bsp.a(alt_irq_vars.o)
                0x000000000203df98                alt_priority_mask
 .sdata         0x000000000203df9c        0x4 ../LT24_final_sw_bsp/\libucosii_bsp.a(alt_sbrk.o)
 .sdata         0x000000000203dfa0        0x8 ../LT24_final_sw_bsp/\libucosii_bsp.a(alt_tick.o)
                0x000000000203dfa0                alt_alarm_list
 .sdata         0x000000000203dfa8        0x4 ../LT24_final_sw_bsp/\libucosii_bsp.a(alt_env_lock.o)
 .sdata         0x000000000203dfac        0x4 ../LT24_final_sw_bsp/\libucosii_bsp.a(alt_malloc_lock.o)
 .sdata         0x000000000203dfb0       0x74 ../LT24_final_sw_bsp/\libucosii_bsp.a(os_dbg.o)
                0x000000000203dfb0                OSDebugEn
                0x000000000203dfb4                OSEndiannessTest
                0x000000000203dfb8                OSEventEn
                0x000000000203dfba                OSEventMax
                0x000000000203dfbc                OSEventNameSize
                0x000000000203dfbe                OSEventSize
                0x000000000203dfc0                OSEventTblSize
                0x000000000203dfc2                OSEventMultiEn
                0x000000000203dfc4                OSFlagEn
                0x000000000203dfc6                OSFlagGrpSize
                0x000000000203dfc8                OSFlagNodeSize
                0x000000000203dfca                OSFlagWidth
                0x000000000203dfcc                OSFlagMax
                0x000000000203dfce                OSFlagNameSize
                0x000000000203dfd0                OSLowestPrio
                0x000000000203dfd2                OSMboxEn
                0x000000000203dfd4                OSMemEn
                0x000000000203dfd6                OSMemMax
                0x000000000203dfd8                OSMemNameSize
                0x000000000203dfda                OSMemSize
                0x000000000203dfdc                OSMemTblSize
                0x000000000203dfde                OSMutexEn
                0x000000000203dfe0                OSPtrSize
                0x000000000203dfe2                OSQEn
                0x000000000203dfe4                OSQMax
                0x000000000203dfe6                OSQSize
                0x000000000203dfe8                OSRdyTblSize
                0x000000000203dfea                OSSemEn
                0x000000000203dfec                OSStkWidth
                0x000000000203dfee                OSTaskCreateEn
                0x000000000203dff0                OSTaskCreateExtEn
                0x000000000203dff2                OSTaskDelEn
                0x000000000203dff4                OSTaskIdleStkSize
                0x000000000203dff6                OSTaskProfileEn
                0x000000000203dff8                OSTaskMax
                0x000000000203dffa                OSTaskNameSize
                0x000000000203dffc                OSTaskStatEn
                0x000000000203dffe                OSTaskStatStkSize
                0x000000000203e000                OSTaskStatStkChkEn
                0x000000000203e002                OSTaskSwHookEn
                0x000000000203e004                OSTCBPrioTblMax
                0x000000000203e006                OSTCBSize
                0x000000000203e008                OSTicksPerSec
                0x000000000203e00a                OSTimeTickHookEn
                0x000000000203e00c                OSVersionNbr
                0x000000000203e00e                OSTmrEn
                0x000000000203e010                OSTmrCfgMax
                0x000000000203e012                OSTmrCfgNameSize
                0x000000000203e014                OSTmrCfgWheelSize
                0x000000000203e016                OSTmrCfgTicksPerSec
                0x000000000203e018                OSTmrSize
                0x000000000203e01a                OSTmrTblSize
                0x000000000203e01c                OSTmrWheelSize
                0x000000000203e01e                OSTmrWheelTblSize
                0x000000000203e020                OSDataSize
 *(.sdata2 .sdata2.* .gnu.linkonce.s2.*)
                0x000000000203e024                . = ALIGN (0x4)
                0x000000000203e024                _edata = ABSOLUTE (.)
                0x000000000203e024                PROVIDE (edata, ABSOLUTE (.))
                0x000000000203e024                PROVIDE (__ram_rwdata_end, ABSOLUTE (.))
                0x000000000203e024                PROVIDE (__flash_rwdata_start, LOADADDR (.rwdata))

.bss            0x0000000002041768     0xf474
                0x0000000002041768                __bss_start = ABSOLUTE (.)
                0x0000000002041768                PROVIDE (__sbss_start, ABSOLUTE (.))
                0x0000000002041768                PROVIDE (___sbss_start, ABSOLUTE (.))
 *(.dynsbss)
 *(.sbss .sbss.* .gnu.linkonce.sb.*)
 .sbss          0x0000000002041768        0x4 obj/default/demo/gui.o
 .sbss          0x000000000204176c       0x15 obj/default/main.o
                0x000000000204176c                pTouch
                0x0000000002041770                MU_2
                0x0000000002041774                CommMbox
                0x0000000002041778                S_Mutex
                0x000000000204177c                Idle
                0x0000000002041780                MU_1
 *fill*         0x0000000002041781        0x3 
 .sbss          0x0000000002041784        0xc c:/altera/15.0/nios2eds/bin/gnu/h-x86_64-mingw32/bin/../lib/gcc/nios2-elf/4.9.1/../../../../../H-x86_64-mingw32/nios2-elf/lib\libc.a(lib_a-mallocr.o)
                0x0000000002041784                __malloc_max_total_mem
                0x0000000002041788                __malloc_max_sbrked_mem
                0x000000000204178c                __malloc_top_pad
 .sbss          0x0000000002041790        0x4 c:/altera/15.0/nios2eds/bin/gnu/h-x86_64-mingw32/bin/../lib/gcc/nios2-elf/4.9.1/../../../../../H-x86_64-mingw32/nios2-elf/lib\libc.a(lib_a-int_errno.o)
                0x0000000002041790                errno
 .sbss          0x0000000002041794        0xc c:/altera/15.0/nios2eds/bin/gnu/h-x86_64-mingw32/bin/../lib/gcc/nios2-elf/4.9.1/../../../../../H-x86_64-mingw32/nios2-elf/lib\libc.a(lib_a-locale.o)
                0x0000000002041794                _PathLocale
                0x0000000002041798                __mlocale_changed
                0x000000000204179c                __nlocale_changed
 .sbss          0x00000000020417a0        0x4 ../LT24_final_sw_bsp/\libucosii_bsp.a(alt_dev.o)
                0x00000000020417a0                alt_fd_list_lock
 .sbss          0x00000000020417a4        0x4 ../LT24_final_sw_bsp/\libucosii_bsp.a(alt_irq_vars.o)
                0x00000000020417a4                alt_irq_active
 .sbss          0x00000000020417a8        0xc ../LT24_final_sw_bsp/\libucosii_bsp.a(alt_main.o)
                0x00000000020417a8                alt_argc
                0x00000000020417ac                alt_argv
                0x00000000020417b0                alt_envp
 .sbss          0x00000000020417b4        0x8 ../LT24_final_sw_bsp/\libucosii_bsp.a(alt_tick.o)
                0x00000000020417b4                _alt_tick_rate
                0x00000000020417b8                _alt_nticks
 .sbss          0x00000000020417bc        0x8 ../LT24_final_sw_bsp/\libucosii_bsp.a(alt_env_lock.o)
                0x00000000020417c0                alt_envsem
 .sbss          0x00000000020417c4        0x8 ../LT24_final_sw_bsp/\libucosii_bsp.a(alt_malloc_lock.o)
                0x00000000020417c8                alt_heapsem
 .sbss          0x00000000020417cc       0x50 ../LT24_final_sw_bsp/\libucosii_bsp.a(os_core.o)
                0x00000000020417cc                OSLockNesting
                0x00000000020417cd                OSRunning
                0x00000000020417d0                OSIdleCtr
                0x00000000020417d4                OSPrioHighRdy
                0x00000000020417d5                OSPrioCur
                0x00000000020417d8                OSTCBList
                0x00000000020417dc                OSTickStepState
                0x00000000020417e0                OSCtxSwCtr
                0x00000000020417e4                OSIdleCtrMax
                0x00000000020417e8                OSTCBFreeList
                0x00000000020417ec                OSCPUUsage
                0x00000000020417ed                OSTaskCtr
                0x00000000020417f0                OSMemFreeList
                0x00000000020417f4                OSTCBHighRdy
                0x00000000020417f8                OSQFreeList
                0x00000000020417fc                OSRdyGrp
                0x00000000020417fd                OSRdyTbl
                0x0000000002041800                OSEventFreeList
                0x0000000002041804                OSIntNesting
                0x0000000002041808                OSTCBCur
                0x000000000204180c                OSTime
                0x0000000002041810                OSFlagFreeList
                0x0000000002041814                OSStatRdy
                0x0000000002041818                OSIdleCtrRun
 *(.sbss2 .sbss2.* .gnu.linkonce.sb2.*)
 *(.scommon)
                0x000000000204181c                PROVIDE (__sbss_end, ABSOLUTE (.))
                0x000000000204181c                PROVIDE (___sbss_end, ABSOLUTE (.))
 *(.dynbss)
 *(.bss .bss.* .gnu.linkonce.b.*)
 .bss           0x000000000204181c        0x0 ../LT24_final_sw_bsp//obj/HAL/src/crt0.o
 .bss           0x000000000204181c        0x0 obj/default/demo/gui.o
 .bss           0x000000000204181c        0x0 obj/default/fonts/tahomabold_20.o
 .bss           0x000000000204181c        0x0 obj/default/fonts/tahomabold_32.o
 .bss           0x000000000204181c        0x0 obj/default/graphic_lib/ILI9341.o
 .bss           0x000000000204181c        0x0 obj/default/graphic_lib/geometry.o
 .bss           0x000000000204181c        0x0 obj/default/graphic_lib/simple_graphics.o
 .bss           0x000000000204181c        0x0 obj/default/graphic_lib/simple_text.o
 .bss           0x000000000204181c        0x0 obj/default/main.o
 .bss           0x000000000204181c        0x0 obj/default/terasic_lib/accelerometer_adxl345_spi.o
 .bss           0x000000000204181c        0x0 obj/default/terasic_lib/terasic_spi.o
 .bss           0x000000000204181c        0x0 obj/default/terasic_lib/touch_spi.o
 .bss           0x000000000204181c        0x0 c:/altera/15.0/nios2eds/bin/gnu/h-x86_64-mingw32/bin/../lib/gcc/nios2-elf/4.9.1/../../../../../H-x86_64-mingw32/nios2-elf/lib\libm.a(lib_a-w_sqrt.o)
 .bss           0x000000000204181c        0x0 c:/altera/15.0/nios2eds/bin/gnu/h-x86_64-mingw32/bin/../lib/gcc/nios2-elf/4.9.1/../../../../../H-x86_64-mingw32/nios2-elf/lib\libm.a(lib_a-e_sqrt.o)
 .bss           0x000000000204181c        0x0 c:/altera/15.0/nios2eds/bin/gnu/h-x86_64-mingw32/bin/../lib/gcc/nios2-elf/4.9.1/../../../../../H-x86_64-mingw32/nios2-elf/lib\libm.a(lib_a-s_fpclassify.o)
 .bss           0x000000000204181c        0x0 c:/altera/15.0/nios2eds/bin/gnu/h-x86_64-mingw32/bin/../lib/gcc/nios2-elf/4.9.1/../../../../../H-x86_64-mingw32/nios2-elf/lib\libm.a(lib_a-s_lib_ver.o)
 .bss           0x000000000204181c        0x0 c:/altera/15.0/nios2eds/bin/gnu/h-x86_64-mingw32/bin/../lib/gcc/nios2-elf/4.9.1/../../../../../H-x86_64-mingw32/nios2-elf/lib\libm.a(lib_a-s_matherr.o)
 .bss           0x000000000204181c        0x0 c:/altera/15.0/nios2eds/bin/gnu/h-x86_64-mingw32/bin/../lib/gcc/nios2-elf/4.9.1\libgcc.a(lib2-divmod.o)
 .bss           0x000000000204181c        0x0 c:/altera/15.0/nios2eds/bin/gnu/h-x86_64-mingw32/bin/../lib/gcc/nios2-elf/4.9.1\libgcc.a(adddf3.o)
 .bss           0x000000000204181c        0x0 c:/altera/15.0/nios2eds/bin/gnu/h-x86_64-mingw32/bin/../lib/gcc/nios2-elf/4.9.1\libgcc.a(divdf3.o)
 .bss           0x000000000204181c        0x0 c:/altera/15.0/nios2eds/bin/gnu/h-x86_64-mingw32/bin/../lib/gcc/nios2-elf/4.9.1\libgcc.a(ledf2.o)
 .bss           0x000000000204181c        0x0 c:/altera/15.0/nios2eds/bin/gnu/h-x86_64-mingw32/bin/../lib/gcc/nios2-elf/4.9.1\libgcc.a(muldf3.o)
 .bss           0x000000000204181c        0x0 c:/altera/15.0/nios2eds/bin/gnu/h-x86_64-mingw32/bin/../lib/gcc/nios2-elf/4.9.1\libgcc.a(subdf3.o)
 .bss           0x000000000204181c        0x0 c:/altera/15.0/nios2eds/bin/gnu/h-x86_64-mingw32/bin/../lib/gcc/nios2-elf/4.9.1\libgcc.a(fixdfsi.o)
 .bss           0x000000000204181c        0x0 c:/altera/15.0/nios2eds/bin/gnu/h-x86_64-mingw32/bin/../lib/gcc/nios2-elf/4.9.1\libgcc.a(floatsidf.o)
 .bss           0x000000000204181c        0x0 c:/altera/15.0/nios2eds/bin/gnu/h-x86_64-mingw32/bin/../lib/gcc/nios2-elf/4.9.1\libgcc.a(_clzsi2.o)
 .bss           0x000000000204181c        0x0 c:/altera/15.0/nios2eds/bin/gnu/h-x86_64-mingw32/bin/../lib/gcc/nios2-elf/4.9.1\libgcc.a(_clz.o)
 .bss           0x000000000204181c        0x0 c:/altera/15.0/nios2eds/bin/gnu/h-x86_64-mingw32/bin/../lib/gcc/nios2-elf/4.9.1/../../../../../H-x86_64-mingw32/nios2-elf/lib\libc.a(lib_a-errno.o)
 .bss           0x000000000204181c        0x0 c:/altera/15.0/nios2eds/bin/gnu/h-x86_64-mingw32/bin/../lib/gcc/nios2-elf/4.9.1/../../../../../H-x86_64-mingw32/nios2-elf/lib\libc.a(lib_a-impure.o)
 .bss           0x000000000204181c        0x0 c:/altera/15.0/nios2eds/bin/gnu/h-x86_64-mingw32/bin/../lib/gcc/nios2-elf/4.9.1/../../../../../H-x86_64-mingw32/nios2-elf/lib\libc.a(lib_a-malloc.o)
 .bss           0x000000000204181c       0x28 c:/altera/15.0/nios2eds/bin/gnu/h-x86_64-mingw32/bin/../lib/gcc/nios2-elf/4.9.1/../../../../../H-x86_64-mingw32/nios2-elf/lib\libc.a(lib_a-mallocr.o)
                0x000000000204181c                __malloc_current_mallinfo
 .bss           0x0000000002041844        0x0 c:/altera/15.0/nios2eds/bin/gnu/h-x86_64-mingw32/bin/../lib/gcc/nios2-elf/4.9.1/../../../../../H-x86_64-mingw32/nios2-elf/lib\libc.a(lib_a-memcpy.o)
 .bss           0x0000000002041844        0x0 c:/altera/15.0/nios2eds/bin/gnu/h-x86_64-mingw32/bin/../lib/gcc/nios2-elf/4.9.1/../../../../../H-x86_64-mingw32/nios2-elf/lib\libc.a(lib_a-memset.o)
 .bss           0x0000000002041844        0x0 c:/altera/15.0/nios2eds/bin/gnu/h-x86_64-mingw32/bin/../lib/gcc/nios2-elf/4.9.1/../../../../../H-x86_64-mingw32/nios2-elf/lib\libc.a(lib_a-printf.o)
 .bss           0x0000000002041844        0x0 c:/altera/15.0/nios2eds/bin/gnu/h-x86_64-mingw32/bin/../lib/gcc/nios2-elf/4.9.1/../../../../../H-x86_64-mingw32/nios2-elf/lib\libc.a(lib_a-puts.o)
 .bss           0x0000000002041844        0x0 c:/altera/15.0/nios2eds/bin/gnu/h-x86_64-mingw32/bin/../lib/gcc/nios2-elf/4.9.1/../../../../../H-x86_64-mingw32/nios2-elf/lib\libc.a(lib_a-sbrkr.o)
 .bss           0x0000000002041844        0x0 c:/altera/15.0/nios2eds/bin/gnu/h-x86_64-mingw32/bin/../lib/gcc/nios2-elf/4.9.1/../../../../../H-x86_64-mingw32/nios2-elf/lib\libc.a(lib_a-strcpy.o)
 .bss           0x0000000002041844        0x0 c:/altera/15.0/nios2eds/bin/gnu/h-x86_64-mingw32/bin/../lib/gcc/nios2-elf/4.9.1/../../../../../H-x86_64-mingw32/nios2-elf/lib\libc.a(lib_a-strlen.o)
 .bss           0x0000000002041844        0x0 c:/altera/15.0/nios2eds/bin/gnu/h-x86_64-mingw32/bin/../lib/gcc/nios2-elf/4.9.1/../../../../../H-x86_64-mingw32/nios2-elf/lib\libc.a(lib_a-vfprintf.o)
 .bss           0x0000000002041844        0x0 c:/altera/15.0/nios2eds/bin/gnu/h-x86_64-mingw32/bin/../lib/gcc/nios2-elf/4.9.1/../../../../../H-x86_64-mingw32/nios2-elf/lib\libc.a(lib_a-wsetup.o)
 .bss           0x0000000002041844        0x0 c:/altera/15.0/nios2eds/bin/gnu/h-x86_64-mingw32/bin/../lib/gcc/nios2-elf/4.9.1/../../../../../H-x86_64-mingw32/nios2-elf/lib\libc.a(lib_a-dtoa.o)
 .bss           0x0000000002041844        0x0 c:/altera/15.0/nios2eds/bin/gnu/h-x86_64-mingw32/bin/../lib/gcc/nios2-elf/4.9.1/../../../../../H-x86_64-mingw32/nios2-elf/lib\libc.a(lib_a-fflush.o)
 .bss           0x0000000002041844        0x0 c:/altera/15.0/nios2eds/bin/gnu/h-x86_64-mingw32/bin/../lib/gcc/nios2-elf/4.9.1/../../../../../H-x86_64-mingw32/nios2-elf/lib\libc.a(lib_a-findfp.o)
 .bss           0x0000000002041844        0x0 c:/altera/15.0/nios2eds/bin/gnu/h-x86_64-mingw32/bin/../lib/gcc/nios2-elf/4.9.1/../../../../../H-x86_64-mingw32/nios2-elf/lib\libc.a(lib_a-freer.o)
 .bss           0x0000000002041844        0x0 c:/altera/15.0/nios2eds/bin/gnu/h-x86_64-mingw32/bin/../lib/gcc/nios2-elf/4.9.1/../../../../../H-x86_64-mingw32/nios2-elf/lib\libc.a(lib_a-fvwrite.o)
 .bss           0x0000000002041844        0x0 c:/altera/15.0/nios2eds/bin/gnu/h-x86_64-mingw32/bin/../lib/gcc/nios2-elf/4.9.1/../../../../../H-x86_64-mingw32/nios2-elf/lib\libc.a(lib_a-fwalk.o)